Archive member included to satisfy reference by file (symbol)

c:/sem2/rtes/gcc-arm-none-eabi-5_4-2016q3/bin/../lib/gcc/arm-none-eabi/5.4.1/../../../../arm-none-eabi/lib/armv7e-m/fpu\libc.a(lib_a-exit.o)
                              c:/sem2/rtes/gcc-arm-none-eabi-5_4-2016q3/bin/../lib/gcc/arm-none-eabi/5.4.1/../../../../arm-none-eabi/lib/armv7e-m/fpu/crt0.o (exit)
c:/sem2/rtes/gcc-arm-none-eabi-5_4-2016q3/bin/../lib/gcc/arm-none-eabi/5.4.1/../../../../arm-none-eabi/lib/armv7e-m/fpu\libc.a(lib_a-impure.o)
                              c:/sem2/rtes/gcc-arm-none-eabi-5_4-2016q3/bin/../lib/gcc/arm-none-eabi/5.4.1/../../../../arm-none-eabi/lib/armv7e-m/fpu\libc.a(lib_a-exit.o) (_global_impure_ptr)
c:/sem2/rtes/gcc-arm-none-eabi-5_4-2016q3/bin/../lib/gcc/arm-none-eabi/5.4.1/../../../../arm-none-eabi/lib/armv7e-m/fpu\libc.a(lib_a-init.o)
                              c:/sem2/rtes/gcc-arm-none-eabi-5_4-2016q3/bin/../lib/gcc/arm-none-eabi/5.4.1/../../../../arm-none-eabi/lib/armv7e-m/fpu/crt0.o (__libc_init_array)
c:/sem2/rtes/gcc-arm-none-eabi-5_4-2016q3/bin/../lib/gcc/arm-none-eabi/5.4.1/../../../../arm-none-eabi/lib/armv7e-m/fpu\libc.a(lib_a-memset.o)
                              c:/sem2/rtes/gcc-arm-none-eabi-5_4-2016q3/bin/../lib/gcc/arm-none-eabi/5.4.1/../../../../arm-none-eabi/lib/armv7e-m/fpu/crt0.o (memset)
c:/sem2/rtes/gcc-arm-none-eabi-5_4-2016q3/bin/../lib/gcc/arm-none-eabi/5.4.1/../../../../arm-none-eabi/lib/armv7e-m/fpu\libc.a(lib_a-__call_atexit.o)
                              c:/sem2/rtes/gcc-arm-none-eabi-5_4-2016q3/bin/../lib/gcc/arm-none-eabi/5.4.1/../../../../arm-none-eabi/lib/armv7e-m/fpu\libc.a(lib_a-exit.o) (__call_exitprocs)
c:/sem2/rtes/gcc-arm-none-eabi-5_4-2016q3/bin/../lib/gcc/arm-none-eabi/5.4.1/../../../../arm-none-eabi/lib/armv7e-m/fpu\libc.a(lib_a-atexit.o)
                              c:/sem2/rtes/gcc-arm-none-eabi-5_4-2016q3/bin/../lib/gcc/arm-none-eabi/5.4.1/../../../../arm-none-eabi/lib/armv7e-m/fpu\libc.a(lib_a-__call_atexit.o) (atexit)
c:/sem2/rtes/gcc-arm-none-eabi-5_4-2016q3/bin/../lib/gcc/arm-none-eabi/5.4.1/../../../../arm-none-eabi/lib/armv7e-m/fpu\libc.a(lib_a-fini.o)
                              c:/sem2/rtes/gcc-arm-none-eabi-5_4-2016q3/bin/../lib/gcc/arm-none-eabi/5.4.1/../../../../arm-none-eabi/lib/armv7e-m/fpu\libc.a(lib_a-__call_atexit.o) (__libc_fini_array)
c:/sem2/rtes/gcc-arm-none-eabi-5_4-2016q3/bin/../lib/gcc/arm-none-eabi/5.4.1/../../../../arm-none-eabi/lib/armv7e-m/fpu\libc.a(lib_a-__atexit.o)
                              c:/sem2/rtes/gcc-arm-none-eabi-5_4-2016q3/bin/../lib/gcc/arm-none-eabi/5.4.1/../../../../arm-none-eabi/lib/armv7e-m/fpu\libc.a(lib_a-atexit.o) (__register_exitproc)
c:/sem2/rtes/gcc-arm-none-eabi-5_4-2016q3/bin/../lib/gcc/arm-none-eabi/5.4.1/armv7e-m/fpu\libgcc.a(_arm_addsubdf3.o)
                              user_source/hal_interface/sensor_hal.o (__aeabi_ui2d)
c:/sem2/rtes/gcc-arm-none-eabi-5_4-2016q3/bin/../lib/gcc/arm-none-eabi/5.4.1/armv7e-m/fpu\libgcc.a(_arm_muldivdf3.o)
                              user_source/hal_interface/sensor_hal.o (__aeabi_dmul)
c:/sem2/rtes/gcc-arm-none-eabi-5_4-2016q3/bin/../lib/gcc/arm-none-eabi/5.4.1/armv7e-m/fpu\libgcc.a(_arm_cmpdf2.o)
                              user_source/hal_interface/sensor_hal.o (__aeabi_dcmplt)
c:/sem2/rtes/gcc-arm-none-eabi-5_4-2016q3/bin/../lib/gcc/arm-none-eabi/5.4.1/../../../../arm-none-eabi/lib/armv7e-m/fpu\libnosys.a(_exit.o)
                              c:/sem2/rtes/gcc-arm-none-eabi-5_4-2016q3/bin/../lib/gcc/arm-none-eabi/5.4.1/../../../../arm-none-eabi/lib/armv7e-m/fpu\libc.a(lib_a-exit.o) (_exit)

Allocating common symbols
Common symbol       size              file

timWheels_init      0x40              user_source/hal_interface/pwm_hal.o
timWheels_conf      0x1c              user_source/hal_interface/pwm_hal.o
tim_conf_vec        0x48              user_source/hal_interface/sensor_hal.o
right_triggered     0x4               demo6.o
UartHandle          0x70              user_source/hal_interface/uart_hal.o
uwTick              0x4               ../../arctic_awesomeness/arch/stm32/f3/src/stm32f3xx_hal.o
pFlash              0x20              ../../arctic_awesomeness/arch/stm32/f3/src/stm32f3xx_hal_flash.o
tim_init_vec        0xc0              user_source/hal_interface/sensor_hal.o
state               0x1               demo6.o
echosPins           0x6               demo6.o
left_triggered      0x4               demo6.o
extiRet             0x3               demo6.o
front_triggered     0x4               demo6.o
distances           0x10              demo6.o
motorState          0x1               demo6.o
TimHandle           0x40              ../../arctic_awesomeness/arch/stm32/f3/src/stm32f3xx_hal_timebase_tim.o
triggerPins         0x6               demo6.o

Discarded input sections

 .text          0x00000000        0x0 c:/sem2/rtes/gcc-arm-none-eabi-5_4-2016q3/bin/../lib/gcc/arm-none-eabi/5.4.1/armv7e-m/fpu/crti.o
[...]
Memory Configuration

Name             Origin             Length             Attributes
FLASH            0x08000000         0x00040000         xr
RAM              0x20000000         0x0000a000         xrw
CCMRAM           0x10000000         0x00002000         rw
*default*        0x00000000         0xffffffff

Linker script and memory map

LOAD c:/sem2/rtes/gcc-arm-none-eabi-5_4-2016q3/bin/../lib/gcc/arm-none-eabi/5.4.1/armv7e-m/fpu/crti.o
LOAD c:/sem2/rtes/gcc-arm-none-eabi-5_4-2016q3/bin/../lib/gcc/arm-none-eabi/5.4.1/armv7e-m/fpu/crtbegin.o
LOAD c:/sem2/rtes/gcc-arm-none-eabi-5_4-2016q3/bin/../lib/gcc/arm-none-eabi/5.4.1/../../../../arm-none-eabi/lib/armv7e-m/fpu/crt0.o
                0x2000a000                _estack = 0x2000a000
                0x00000f00                _Min_Heap_Size = 0xf00
                0x00000f00                _Min_Stack_Size = 0xf00

.isr_vector     0x08000000      0x188
                0x08000000                . = ALIGN (0x4)
 *(.isr_vector)
 .isr_vector    0x08000000      0x188 ../../arctic_awesomeness/arch/stm32/f3/src/CMSIS/startup_stm32f303xc.o
                0x08000000                g_pfnVectors
                0x08000188                . = ALIGN (0x4)

.text           0x08000188     0x58e0
                0x08000188                . = ALIGN (0x4)
 *(.text)
 .text          0x08000188       0x5c c:/sem2/rtes/gcc-arm-none-eabi-5_4-2016q3/bin/../lib/gcc/arm-none-eabi/5.4.1/armv7e-m/fpu/crtbegin.o
 .text          0x080001e4       0x10 ../../arctic_awesomeness/arch/stm32/f3/src/stm32f3xx_hal_msp.o
                0x080001e4                HAL_MspInit
                0x080001e8                HAL_MspDeInit
                0x080001ec                HAL_PPP_MspInit
                0x080001f0                HAL_PPP_MspDeInit
 .text          0x080001f4       0xc0 ../../arctic_awesomeness/arch/stm32/f3/src/stm32f3xx_hal_timebase_tim.o
                0x080001f4                HAL_InitTick
                0x0800027c                HAL_SuspendTick
                0x08000290                HAL_ResumeTick
                0x080002a4                HAL_TIM_PeriodElapsedCallback
                0x080002a8                TIM6_DAC_IRQHandler
 .text          0x080002b4      0x158 ../../arctic_awesomeness/arch/stm32/f3/src/stm32f3xx_hal.o
                0x080002bc                HAL_DeInit
                0x0800030c                HAL_Init
                0x08000330                HAL_IncTick
                0x08000340                HAL_GetTick
                0x0800034c                HAL_Delay
                0x08000388                HAL_GetHalVersion
                0x08000390                HAL_GetREVID
                0x0800039c                HAL_GetDEVID
                0x080003ac                HAL_DBGMCU_EnableDBGSleepMode
                0x080003bc                HAL_DBGMCU_DisableDBGSleepMode
                0x080003cc                HAL_DBGMCU_EnableDBGStopMode
                0x080003dc                HAL_DBGMCU_DisableDBGStopMode
                0x080003ec                HAL_DBGMCU_EnableDBGStandbyMode
                0x080003fc                HAL_DBGMCU_DisableDBGStandbyMode
 .text          0x0800040c     0x2160 ../../arctic_awesomeness/arch/stm32/f3/src/stm32f3xx_hal_tim.o
                0x080004c4                HAL_TIM_Base_MspDeInit
                0x080004c8                HAL_TIM_Base_DeInit
                0x08000504                HAL_TIM_Base_Start
                0x08000524                HAL_TIM_Base_Stop
                0x08000554                HAL_TIM_Base_Start_IT
                0x0800056c                HAL_TIM_Base_Stop_IT
                0x08000598                HAL_TIM_Base_Start_DMA
                0x080005f4                HAL_TIM_Base_Stop_DMA
                0x08000624                HAL_TIM_OC_MspInit
                0x08000628                HAL_TIM_OC_MspDeInit
                0x0800062c                HAL_TIM_OC_DeInit
                0x08000668                HAL_TIM_OC_Stop
                0x080006f4                HAL_TIM_PWM_MspDeInit
                0x080006f8                HAL_TIM_PWM_DeInit
                0x08000734                HAL_TIM_PWM_Start
                0x08000794                HAL_TIM_OC_Start
                0x08000798                HAL_TIM_PWM_Stop
                0x08000824                HAL_TIM_PWM_Start_IT
                0x080008cc                HAL_TIM_OC_Start_IT
                0x080008d0                HAL_TIM_PWM_Stop_IT
                0x080009a0                HAL_TIM_OC_Stop_IT
                0x080009a4                HAL_TIM_PWM_Start_DMA
                0x08000ad4                HAL_TIM_OC_Start_DMA
                0x08000ad8                HAL_TIM_PWM_Stop_DMA
                0x08000bac                HAL_TIM_OC_Stop_DMA
                0x08000bb0                HAL_TIM_IC_MspInit
                0x08000bb4                HAL_TIM_IC_MspDeInit
                0x08000bb8                HAL_TIM_IC_DeInit
                0x08000bf4                HAL_TIM_IC_Start
                0x08000c18                HAL_TIM_IC_Stop
                0x08000c4c                HAL_TIM_IC_Start_IT
                0x08000cb4                HAL_TIM_IC_Stop_IT
                0x08000d30                HAL_TIM_IC_Start_DMA
                0x08000e14                HAL_TIM_IC_Stop_DMA
                0x08000e9c                HAL_TIM_OnePulse_MspInit
                0x08000ea0                HAL_TIM_OnePulse_MspDeInit
                0x08000ea4                HAL_TIM_OnePulse_DeInit
                0x08000ee0                HAL_TIM_OnePulse_Start
                0x08000f40                HAL_TIM_OnePulse_Stop
                0x08000fc8                HAL_TIM_OnePulse_Start_IT
                0x08001038                HAL_TIM_OnePulse_Stop_IT
                0x080010d0                HAL_TIM_Encoder_MspInit
                0x080010d4                HAL_TIM_Encoder_MspDeInit
                0x080010d8                HAL_TIM_Encoder_DeInit
                0x08001114                HAL_TIM_Encoder_Start
                0x08001160                HAL_TIM_Encoder_Stop
                0x080011b4                HAL_TIM_Encoder_Start_IT
                0x08001234                HAL_TIM_Encoder_Stop_IT
                0x080012b4                HAL_TIM_Encoder_Start_DMA
                0x080013fc                HAL_TIM_Encoder_Stop_DMA
                0x0800147c                HAL_TIM_DMABurst_WriteStart
                0x08001560                HAL_TIM_DMABurst_ReadStart
                0x08001644                HAL_TIM_DMABurst_ReadStop
                0x080016bc                HAL_TIM_DMABurst_WriteStop
                0x080016c0                HAL_TIM_GenerateEvent
                0x080017b8                HAL_TIM_ConfigClockSource
                0x08001948                HAL_TIM_ConfigTI1Input
                0x08001958                HAL_TIM_SlaveConfigSynchronization
                0x08001998                HAL_TIM_SlaveConfigSynchronization_IT
                0x080019d8                HAL_TIM_ReadCapturedValue
                0x08001a4c                HAL_TIM_OC_DelayElapsedCallback
                0x08001a50                HAL_TIM_IC_CaptureCallback
                0x08001a54                TIM_DMACaptureCplt
                0x08001aa0                HAL_TIM_PWM_PulseFinishedCallback
                0x08001aa4                TIM_DMADelayPulseCplt
                0x08001af0                HAL_TIM_TriggerCallback
                0x08001af4                HAL_TIM_IRQHandler
                0x08001c58                HAL_TIM_ErrorCallback
                0x08001c5c                TIM_DMAError
                0x08001c6c                HAL_TIM_Base_GetState
                0x08001c74                HAL_TIM_OC_GetState
                0x08001c7c                HAL_TIM_PWM_GetState
                0x08001c84                HAL_TIM_IC_GetState
                0x08001c8c                HAL_TIM_OnePulse_GetState
                0x08001c94                HAL_TIM_Encoder_GetState
                0x08001c9c                TIM_Base_SetConfig
                0x08001d74                HAL_TIM_Base_Init
                0x08001dac                HAL_TIM_OC_Init
                0x08001de4                HAL_TIM_PWM_Init
                0x08001e1c                HAL_TIM_IC_Init
                0x08001e54                HAL_TIM_OnePulse_Init
                0x08001e9c                HAL_TIM_Encoder_Init
                0x08001f48                TIM_OC1_SetConfig
                0x08001fc8                TIM_OC2_SetConfig
                0x0800204c                TIM_OC3_SetConfig
                0x080020cc                TIM_OC4_SetConfig
                0x08002270                TIM_TI1_SetConfig
                0x080022d8                HAL_TIM_IC_ConfigChannel
                0x08002410                HAL_TIM_OnePulse_ConfigChannel
                0x08002534                TIM_ETR_SetConfig
                0x0800254c                TIM_CCxChannelCmd
 .text          0x0800256c      0x2b0 ../../arctic_awesomeness/arch/stm32/f3/src/stm32f3xx_hal_cortex.o
                0x0800256c                HAL_NVIC_SetPriorityGrouping
                0x08002590                HAL_NVIC_SetPriority
                0x08002600                HAL_NVIC_EnableIRQ
                0x08002618                HAL_NVIC_DisableIRQ
                0x08002634                HAL_NVIC_SystemReset
                0x08002658                HAL_SYSTICK_Config
                0x0800268c                HAL_MPU_Disable
                0x080026a8                HAL_MPU_Enable
                0x080026c4                HAL_MPU_ConfigRegion
                0x08002718                HAL_NVIC_GetPriorityGrouping
                0x08002728                HAL_NVIC_GetPriority
                0x08002788                HAL_NVIC_SetPendingIRQ
                0x080027a4                HAL_NVIC_GetPendingIRQ
                0x080027c0                HAL_NVIC_ClearPendingIRQ
                0x080027dc                HAL_NVIC_GetActive
                0x080027f8                HAL_SYSTICK_CLKSourceConfig
                0x08002810                HAL_SYSTICK_Callback
                0x08002814                HAL_SYSTICK_IRQHandler
 .text          0x0800281c      0x490 ../../arctic_awesomeness/arch/stm32/f3/src/stm32f3xx_hal_dma.o
                0x0800281c                HAL_DMA_Init
                0x080028ac                HAL_DMA_DeInit
                0x08002920                HAL_DMA_Start
                0x08002984                HAL_DMA_Start_IT
                0x08002a08                HAL_DMA_Abort
                0x08002a3c                HAL_DMA_Abort_IT
                0x08002a84                HAL_DMA_PollForTransfer
                0x08002b58                HAL_DMA_IRQHandler
                0x08002bf0                HAL_DMA_RegisterCallback
                0x08002c44                HAL_DMA_UnRegisterCallback
                0x08002ca0                HAL_DMA_GetState
                0x08002ca8                HAL_DMA_GetError
 .text          0x08002cac      0xc84 ../../arctic_awesomeness/arch/stm32/f3/src/stm32f3xx_hal_tim_ex.o
                0x08002d8c                HAL_TIMEx_HallSensor_MspInit
                0x08002d90                HAL_TIMEx_HallSensor_Init
                0x08002e48                HAL_TIMEx_HallSensor_MspDeInit
                0x08002e4c                HAL_TIMEx_HallSensor_DeInit
                0x08002e88                HAL_TIMEx_HallSensor_Start
                0x08002ea4                HAL_TIMEx_HallSensor_Stop
                0x08002ed4                HAL_TIMEx_HallSensor_Start_IT
                0x08002ef8                HAL_TIMEx_HallSensor_Stop_IT
                0x08002f30                HAL_TIMEx_HallSensor_Start_DMA
                0x08002f9c                HAL_TIMEx_HallSensor_Stop_DMA
                0x08002fd4                HAL_TIMEx_PWMN_Start
                0x08003000                HAL_TIMEx_OCN_Start
                0x08003004                HAL_TIMEx_PWMN_Start_IT
                0x0800307c                HAL_TIMEx_OCN_Start_IT
                0x08003080                HAL_TIMEx_PWMN_Stop_IT
                0x08003128                HAL_TIMEx_OCN_Stop_IT
                0x0800312c                HAL_TIMEx_PWMN_Start_DMA
                0x0800322c                HAL_TIMEx_OCN_Start_DMA
                0x08003230                HAL_TIMEx_PWMN_Stop_DMA
                0x080032d4                HAL_TIMEx_OCN_Stop_DMA
                0x080032d8                HAL_TIMEx_OnePulseN_Start
                0x080032fc                HAL_TIMEx_OnePulseN_Stop
                0x08003350                HAL_TIMEx_PWMN_Stop
                0x08003354                HAL_TIMEx_OCN_Stop
                0x08003358                HAL_TIMEx_OnePulseN_Start_IT
                0x0800338c                HAL_TIMEx_OnePulseN_Stop_IT
                0x080033f0                HAL_TIMEx_ConfigCommutationEvent
                0x08003440                HAL_TIMEx_ConfigCommutationEvent_IT
                0x08003498                HAL_TIMEx_ConfigCommutationEvent_DMA
                0x08003500                HAL_TIM_OC_ConfigChannel
                0x08003578                HAL_TIM_PWM_ConfigChannel
                0x080036a0                HAL_TIMEx_MasterConfigSynchronization
                0x080036f4                HAL_TIMEx_ConfigBreakDeadTime
                0x08003780                HAL_TIMEx_RemapConfig
                0x080037ac                HAL_TIMEx_GroupChannel5
                0x080037e4                HAL_TIM_ConfigOCrefClear
                0x08003910                HAL_TIMEx_CommutationCallback
                0x08003914                TIMEx_DMACommutationCplt
                0x08003924                HAL_TIMEx_BreakCallback
                0x08003928                HAL_TIMEx_HallSensor_GetState
 .text          0x08003930      0x36c ../../arctic_awesomeness/arch/stm32/f3/src/stm32f3xx_hal_gpio.o
                0x08003930                HAL_GPIO_Init
                0x08003b08                HAL_GPIO_DeInit
                0x08003c34                HAL_GPIO_ReadPin
                0x08003c40                HAL_GPIO_WritePin
                0x08003c4c                HAL_GPIO_TogglePin
                0x08003c54                HAL_GPIO_LockPin
                0x08003c84                HAL_GPIO_EXTI_IRQHandler
 .text          0x08003c9c      0x9e8 ../../arctic_awesomeness/arch/stm32/f3/src/stm32f3xx_hal_rcc.o
                0x08003c9c                HAL_RCC_DeInit
                0x08003cec                HAL_RCC_OscConfig
                0x08004298                HAL_RCC_MCOConfig
                0x080042e4                HAL_RCC_EnableCSS
                0x08004300                HAL_RCC_DisableCSS
                0x0800431c                HAL_RCC_GetSysClockFreq
                0x08004388                HAL_RCC_ClockConfig
                0x08004514                HAL_RCC_GetHCLKFreq
                0x08004520                HAL_RCC_GetPCLK1Freq
                0x08004550                HAL_RCC_GetPCLK2Freq
                0x08004580                HAL_RCC_GetOscConfig
                0x0800461c                HAL_RCC_GetClockConfig
                0x08004660                HAL_RCC_CSSCallback
                0x08004664                HAL_RCC_NMI_IRQHandler
 .text          0x08004684       0xd0 ../../arctic_awesomeness/arch/stm32/f3/src/CMSIS/system_stm32f3xx.o
                0x08004684                SystemInit
                0x080046f4                SystemCoreClockUpdate
 .text          0x08004754       0x10 user_source/foo.o
                0x08004754                foo
                0x08004758                TEST_FOO
 *fill*         0x08004764        0x4 
 .text          0x08004768      0x41c user_source/hal_interface/sensor_hal.o
                0x08004768                init_echos
                0x08004808                init_triggers
                0x080048a8                init_timers
                0x08004934                EXTI15_10_IRQHandler
                0x08004940                EXTI9_5_IRQHandler
                0x08004958                sensorsCallbacks
                0x08004a4c                HAL_GPIO_EXTI_Callback
 .text          0x08004b84       0x7c user_source/hal_interface/cpu.o
                0x08004b84                cpu_init
                0x08004bd4                cpu_sw_delay
                0x08004bec                cpu_sw_delay_us
 .text          0x08004c00      0x114 user_source/hal_interface/pwm_hal.o
                0x08004c00                init_pwm
                0x08004c58                set_pwm
 .text          0x08004d14       0xcc user_source/hal_interface/cube_hal_msp.o
                0x08004d14                HAL_TIM_PWM_MspInit
                0x08004d6c                HAL_TIM_Base_MspInit
 .text          0x08004de0      0x370 c:/sem2/rtes/gcc-arm-none-eabi-5_4-2016q3/bin/../lib/gcc/arm-none-eabi/5.4.1/armv7e-m/fpu\libgcc.a(_arm_addsubdf3.o)
                0x08004de0                __aeabi_drsub
                0x08004de8                __aeabi_dsub
                0x08004de8                __subdf3
                0x08004dec                __aeabi_dadd
                0x08004dec                __adddf3
                0x08005064                __floatunsidf
                0x08005064                __aeabi_ui2d
                0x08005084                __floatsidf
                0x08005084                __aeabi_i2d
                0x080050a8                __aeabi_f2d
                0x080050a8                __extendsfdf2
                0x080050e4                __floatundidf
                0x080050e4                __aeabi_ul2d
                0x080050f4                __floatdidf
                0x080050f4                __aeabi_l2d
 .text          0x08005150      0x424 c:/sem2/rtes/gcc-arm-none-eabi-5_4-2016q3/bin/../lib/gcc/arm-none-eabi/5.4.1/armv7e-m/fpu\libgcc.a(_arm_muldivdf3.o)
                0x08005150                __aeabi_dmul
                0x08005150                __muldf3
                0x080053a4                __divdf3
                0x080053a4                __aeabi_ddiv
 .text          0x08005574      0x110 c:/sem2/rtes/gcc-arm-none-eabi-5_4-2016q3/bin/../lib/gcc/arm-none-eabi/5.4.1/armv7e-m/fpu\libgcc.a(_arm_cmpdf2.o)
                0x08005574                __gtdf2
                0x08005574                __gedf2
                0x0800557c                __ltdf2
                0x0800557c                __ledf2
                0x08005584                __nedf2
                0x08005584                __eqdf2
                0x08005584                __cmpdf2
                0x08005600                __aeabi_cdrcmple
                0x08005610                __aeabi_cdcmpeq
                0x08005610                __aeabi_cdcmple
                0x08005620                __aeabi_dcmpeq
                0x08005634                __aeabi_dcmplt
                0x08005648                __aeabi_dcmple
                0x0800565c                __aeabi_dcmpge
                0x08005670                __aeabi_dcmpgt
 *(.text*)
 .text.__libc_init_array
                0x08005684       0x50 c:/sem2/rtes/gcc-arm-none-eabi-5_4-2016q3/bin/../lib/gcc/arm-none-eabi/5.4.1/../../../../arm-none-eabi/lib/armv7e-m/fpu\libc.a(lib_a-init.o)
                0x08005684                __libc_init_array
 .text.startup.register_fini
                0x080056d4       0x14 c:/sem2/rtes/gcc-arm-none-eabi-5_4-2016q3/bin/../lib/gcc/arm-none-eabi/5.4.1/../../../../arm-none-eabi/lib/armv7e-m/fpu\libc.a(lib_a-__call_atexit.o)
 .text.atexit   0x080056e8        0xc c:/sem2/rtes/gcc-arm-none-eabi-5_4-2016q3/bin/../lib/gcc/arm-none-eabi/5.4.1/../../../../arm-none-eabi/lib/armv7e-m/fpu\libc.a(lib_a-atexit.o)
                0x080056e8                atexit
 .text.__libc_fini_array
                0x080056f4       0x28 c:/sem2/rtes/gcc-arm-none-eabi-5_4-2016q3/bin/../lib/gcc/arm-none-eabi/5.4.1/../../../../arm-none-eabi/lib/armv7e-m/fpu\libc.a(lib_a-fini.o)
                0x080056f4                __libc_fini_array
 .text.__register_exitproc
                0x0800571c       0xa4 c:/sem2/rtes/gcc-arm-none-eabi-5_4-2016q3/bin/../lib/gcc/arm-none-eabi/5.4.1/../../../../arm-none-eabi/lib/armv7e-m/fpu\libc.a(lib_a-__atexit.o)
                0x0800571c                __register_exitproc
 .text.Reset_Handler
                0x080057c0       0x50 ../../arctic_awesomeness/arch/stm32/f3/src/CMSIS/startup_stm32f303xc.o
                0x080057c0                Reset_Handler
 .text.Default_Handler
                0x08005810        0x2 ../../arctic_awesomeness/arch/stm32/f3/src/CMSIS/startup_stm32f303xc.o
                0x08005810                RTC_Alarm_IRQHandler
                0x08005810                TIM8_TRG_COM_IRQHandler
                0x08005810                TIM8_CC_IRQHandler
                0x08005810                DebugMon_Handler
                0x08005810                TIM1_CC_IRQHandler
                0x08005810                HardFault_Handler
                0x08005810                USB_HP_IRQHandler
                0x08005810                SysTick_Handler
                0x08005810                PVD_IRQHandler
                0x08005810                TAMP_STAMP_IRQHandler
                0x08005810                PendSV_Handler
                0x08005810                NMI_Handler
                0x08005810                EXTI3_IRQHandler
                0x08005810                USB_HP_CAN_TX_IRQHandler
                0x08005810                EXTI0_IRQHandler
                0x08005810                I2C2_EV_IRQHandler
                0x08005810                FPU_IRQHandler
                0x08005810                TIM1_UP_TIM16_IRQHandler
                0x08005810                UsageFault_Handler
                0x08005810                ADC1_2_IRQHandler
                0x08005810                SPI1_IRQHandler
                0x08005810                CAN_SCE_IRQHandler
                0x08005810                TIM8_UP_IRQHandler
                0x08005810                DMA2_Channel2_IRQHandler
                0x08005810                DMA1_Channel4_IRQHandler
                0x08005810                USART3_IRQHandler
                0x08005810                DMA1_Channel7_IRQHandler
                0x08005810                UART5_IRQHandler
                0x08005810                ADC3_IRQHandler
                0x08005810                TIM4_IRQHandler
                0x08005810                CAN_RX1_IRQHandler
                0x08005810                DMA2_Channel1_IRQHandler
                0x08005810                I2C1_EV_IRQHandler
                0x08005810                DMA1_Channel6_IRQHandler
                0x08005810                UART4_IRQHandler
                0x08005810                DMA2_Channel4_IRQHandler
                0x08005810                TIM3_IRQHandler
                0x08005810                RCC_IRQHandler
                0x08005810                DMA1_Channel1_IRQHandler
                0x08005810                Default_Handler
                0x08005810                USBWakeUp_RMP_IRQHandler
                0x08005810                TIM7_IRQHandler
                0x08005810                RTC_WKUP_IRQHandler
                0x08005810                SPI2_IRQHandler
                0x08005810                USB_LP_CAN_RX0_IRQHandler
                0x08005810                MemManage_Handler
                0x08005810                SVC_Handler
                0x08005810                DMA2_Channel5_IRQHandler
                0x08005810                DMA1_Channel5_IRQHandler
                0x08005810                USB_LP_IRQHandler
                0x08005810                EXTI4_IRQHandler
                0x08005810                TIM1_TRG_COM_TIM17_IRQHandler
                0x08005810                DMA1_Channel3_IRQHandler
                0x08005810                ADC4_IRQHandler
                0x08005810                WWDG_IRQHandler
                0x08005810                TIM2_IRQHandler
                0x08005810                COMP7_IRQHandler
                0x08005810                COMP1_2_3_IRQHandler
                0x08005810                EXTI1_IRQHandler
                0x08005810                USART2_IRQHandler
                0x08005810                COMP4_5_6_IRQHandler
                0x08005810                I2C2_ER_IRQHandler
                0x08005810                DMA1_Channel2_IRQHandler
                0x08005810                TIM8_BRK_IRQHandler
                0x08005810                FLASH_IRQHandler
                0x08005810                BusFault_Handler
                0x08005810                USART1_IRQHandler
                0x08005810                SPI3_IRQHandler
                0x08005810                I2C1_ER_IRQHandler
                0x08005810                USBWakeUp_IRQHandler
                0x08005810                DMA2_Channel3_IRQHandler
                0x08005810                EXTI2_TSC_IRQHandler
                0x08005810                TIM1_BRK_TIM15_IRQHandler
 *fill*         0x08005812        0x2 
 .text.startup  0x08005814      0x23c demo6.o
                0x08005814                main
 *(.glue_7)
 .glue_7        0x08005a50        0x0 linker stubs
 *(.glue_7t)
 .glue_7t       0x08005a50        0x0 linker stubs
 *(.eh_frame)
 .eh_frame      0x08005a50        0x0 c:/sem2/rtes/gcc-arm-none-eabi-5_4-2016q3/bin/../lib/gcc/arm-none-eabi/5.4.1/armv7e-m/fpu/crtbegin.o
 *(.init)
 .init          0x08005a50        0x4 c:/sem2/rtes/gcc-arm-none-eabi-5_4-2016q3/bin/../lib/gcc/arm-none-eabi/5.4.1/armv7e-m/fpu/crti.o
                0x08005a50                _init
 .init          0x08005a54        0x8 c:/sem2/rtes/gcc-arm-none-eabi-5_4-2016q3/bin/../lib/gcc/arm-none-eabi/5.4.1/armv7e-m/fpu/crtn.o
 *(.fini)
 .fini          0x08005a5c        0x4 c:/sem2/rtes/gcc-arm-none-eabi-5_4-2016q3/bin/../lib/gcc/arm-none-eabi/5.4.1/armv7e-m/fpu/crti.o
                0x08005a5c                _fini
 .fini          0x08005a60        0x8 c:/sem2/rtes/gcc-arm-none-eabi-5_4-2016q3/bin/../lib/gcc/arm-none-eabi/5.4.1/armv7e-m/fpu/crtn.o
                0x08005a68                . = ALIGN (0x4)
                0x08005a68                _etext = .

.vfp11_veneer   0x08005a68        0x0
 .vfp11_veneer  0x08005a68        0x0 linker stubs

.v4_bx          0x08005a68        0x0
 .v4_bx         0x08005a68        0x0 linker stubs

.iplt           0x08005a68        0x0
 .iplt          0x08005a68        0x0 c:/sem2/rtes/gcc-arm-none-eabi-5_4-2016q3/bin/../lib/gcc/arm-none-eabi/5.4.1/armv7e-m/fpu/crtbegin.o

.rodata         0x08005a68       0x3c
                0x08005a68                . = ALIGN (0x4)
 *(.rodata)
 .rodata        0x08005a68       0x20 ../../arctic_awesomeness/arch/stm32/f3/src/stm32f3xx_hal_rcc.o
                0x08005a68                aPLLMULFactorTable
                0x08005a78                aPredivFactorTable
 .rodata        0x08005a88       0x18 ../../arctic_awesomeness/arch/stm32/f3/src/CMSIS/system_stm32f3xx.o
                0x08005a88                AHBPrescTable
                0x08005a98                APBPrescTable
 *(.rodata*)
 .rodata._global_impure_ptr
                0x08005aa0        0x4 c:/sem2/rtes/gcc-arm-none-eabi-5_4-2016q3/bin/../lib/gcc/arm-none-eabi/5.4.1/../../../../arm-none-eabi/lib/armv7e-m/fpu\libc.a(lib_a-impure.o)
                0x08005aa0                _global_impure_ptr
                0x08005aa4                . = ALIGN (0x4)

.rel.dyn        0x08005aa4        0x0
 .rel.iplt      0x08005aa4        0x0 c:/sem2/rtes/gcc-arm-none-eabi-5_4-2016q3/bin/../lib/gcc/arm-none-eabi/5.4.1/armv7e-m/fpu/crtbegin.o

.ARM.extab
 *(.ARM.extab* .gnu.linkonce.armextab.*)

.ARM            0x08005aa4        0x0
                0x08005aa4                __exidx_start = .
 *(.ARM.exidx*)
                0x08005aa4                __exidx_end = .

.preinit_array  0x08005aa4        0x0
                0x08005aa4                PROVIDE (__preinit_array_start, .)
 *(.preinit_array*)
                0x08005aa4                PROVIDE (__preinit_array_end, .)

.init_array     0x08005aa4        0x8
                0x08005aa4                PROVIDE (__init_array_start, .)
 *(SORT(.init_array.*))
 .init_array.00000
                0x08005aa4        0x4 c:/sem2/rtes/gcc-arm-none-eabi-5_4-2016q3/bin/../lib/gcc/arm-none-eabi/5.4.1/../../../../arm-none-eabi/lib/armv7e-m/fpu\libc.a(lib_a-__call_atexit.o)
 *(.init_array*)
 .init_array    0x08005aa8        0x4 c:/sem2/rtes/gcc-arm-none-eabi-5_4-2016q3/bin/../lib/gcc/arm-none-eabi/5.4.1/armv7e-m/fpu/crtbegin.o
                0x08005aac                PROVIDE (__init_array_end, .)

.fini_array     0x08005aac        0x4
                0x08005aac                PROVIDE (__fini_array_start, .)
 *(SORT(.fini_array.*))
 *(.fini_array*)
 .fini_array    0x08005aac        0x4 c:/sem2/rtes/gcc-arm-none-eabi-5_4-2016q3/bin/../lib/gcc/arm-none-eabi/5.4.1/armv7e-m/fpu/crtbegin.o
                0x08005ab0                PROVIDE (__fini_array_end, .)
                0x08005ab0                _sidata = LOADADDR (.data)

.data           0x20000000      0x430 load address 0x08005ab0
                0x20000000                . = ALIGN (0x4)
                0x20000000                _sdata = .
 *(.data)
 .data          0x20000000        0x4 ../../arctic_awesomeness/arch/stm32/f3/src/CMSIS/system_stm32f3xx.o
                0x20000000                SystemCoreClock
 *(.data*)
 *fill*         0x20000004        0x4 
 .data.impure_data
                0x20000008      0x428 c:/sem2/rtes/gcc-arm-none-eabi-5_4-2016q3/bin/../lib/gcc/arm-none-eabi/5.4.1/../../../../arm-none-eabi/lib/armv7e-m/fpu\libc.a(lib_a-impure.o)
                0x20000430                . = ALIGN (0x4)
                0x20000430                _edata = .
                0x08005ee0                _siccmram = LOADADDR (.ccmram)

.jcr            0x20000430        0x0 load address 0x08005ee0
 .jcr           0x20000430        0x0 c:/sem2/rtes/gcc-arm-none-eabi-5_4-2016q3/bin/../lib/gcc/arm-none-eabi/5.4.1/armv7e-m/fpu/crtbegin.o

.igot.plt       0x20000430        0x0 load address 0x08005ee0
 .igot.plt      0x20000430        0x0 c:/sem2/rtes/gcc-arm-none-eabi-5_4-2016q3/bin/../lib/gcc/arm-none-eabi/5.4.1/armv7e-m/fpu/crtbegin.o

.ccmram         0x10000000        0x0 load address 0x08005ee0
                0x10000000                . = ALIGN (0x4)
                0x10000000                _sccmram = .
 *(.ccmram)
 *(.ccmram*)
                0x10000000                . = ALIGN (0x4)
                0x10000000                _eccmram = .
                0x10000000                . = ALIGN (0x4)

.bss            0x20000430      0x268
                0x20000430                _sbss = .
                0x20000430                __bss_start__ = _sbss
 *(.bss)
 .bss           0x20000430       0x1c c:/sem2/rtes/gcc-arm-none-eabi-5_4-2016q3/bin/../lib/gcc/arm-none-eabi/5.4.1/armv7e-m/fpu/crtbegin.o
 .bss           0x2000044c       0x64 user_source/hal_interface/sensor_hal.o
 *(.bss*)
 *(COMMON)
 COMMON         0x200004b0       0x40 ../../arctic_awesomeness/arch/stm32/f3/src/stm32f3xx_hal_timebase_tim.o
                0x200004b0                TimHandle
 COMMON         0x200004f0        0x4 ../../arctic_awesomeness/arch/stm32/f3/src/stm32f3xx_hal.o
                0x200004f0                uwTick
 *fill*         0x200004f4        0x4 
 COMMON         0x200004f8       0x3a demo6.o
                0x200004f8                right_triggered
                0x200004fc                state
                0x20000500                echosPins
                0x20000508                left_triggered
                0x2000050c                extiRet
                0x20000510                front_triggered
                0x20000518                distances
                0x20000528                motorState
                0x2000052c                triggerPins
 *fill*         0x20000532        0x2 
 COMMON         0x20000534      0x108 user_source/hal_interface/sensor_hal.o
                0x20000534                tim_conf_vec
                0x2000057c                tim_init_vec
 COMMON         0x2000063c       0x5c user_source/hal_interface/pwm_hal.o
                0x2000063c                timWheels_init
                0x2000067c                timWheels_conf
                0x20000698                . = ALIGN (0x4)
                0x20000698                _ebss = .
                0x20000698                __bss_end__ = _ebss

._user_heap_stack
                0x20000698     0x1e00
                0x20000698                . = ALIGN (0x4)
                [!provide]                PROVIDE (end, .)
                [!provide]                PROVIDE (_end, .)
                0x20001598                . = (. + _Min_Heap_Size)
 *fill*         0x20000698      0xf00 
                0x20002498                . = (. + _Min_Stack_Size)
 *fill*         0x20001598      0xf00 
                0x20002498                . = ALIGN (0x4)

/DISCARD/
 libc.a(*)
 libm.a(*)
 libgcc.a(*)

.ARM.attributes
                0x00000000       0x30
 *(.ARM.attributes)
 .ARM.attributes
                0x00000000       0x22 c:/sem2/rtes/gcc-arm-none-eabi-5_4-2016q3/bin/../lib/gcc/arm-none-eabi/5.4.1/armv7e-m/fpu/crti.o
 .ARM.attributes
                0x00000022       0x34 c:/sem2/rtes/gcc-arm-none-eabi-5_4-2016q3/bin/../lib/gcc/arm-none-eabi/5.4.1/armv7e-m/fpu/crtbegin.o
 .ARM.attributes
                0x00000056       0x39 ../../arctic_awesomeness/arch/stm32/f3/src/stm32f3xx_hal_msp.o
 .ARM.attributes
                0x0000008f       0x39 ../../arctic_awesomeness/arch/stm32/f3/src/stm32f3xx_hal_timebase_tim.o
 .ARM.attributes
                0x000000c8       0x39 ../../arctic_awesomeness/arch/stm32/f3/src/stm32f3xx_hal.o
 .ARM.attributes
                0x00000101       0x39 ../../arctic_awesomeness/arch/stm32/f3/src/stm32f3xx_hal_tim.o
 .ARM.attributes
                0x0000013a       0x39 ../../arctic_awesomeness/arch/stm32/f3/src/stm32f3xx_hal_cortex.o
 .ARM.attributes
                0x00000173       0x39 ../../arctic_awesomeness/arch/stm32/f3/src/stm32f3xx_hal_dma.o
 .ARM.attributes
                0x000001ac       0x39 ../../arctic_awesomeness/arch/stm32/f3/src/stm32f3xx_hal_tim_ex.o
 .ARM.attributes
                0x000001e5       0x39 ../../arctic_awesomeness/arch/stm32/f3/src/stm32f3xx_hal_gpio.o
 .ARM.attributes
                0x0000021e       0x39 ../../arctic_awesomeness/arch/stm32/f3/src/stm32f3xx_hal_rcc.o
 .ARM.attributes
                0x00000257       0x39 ../../arctic_awesomeness/arch/stm32/f3/src/CMSIS/system_stm32f3xx.o
 .ARM.attributes
                0x00000290       0x21 ../../arctic_awesomeness/arch/stm32/f3/src/CMSIS/startup_stm32f303xc.o
 .ARM.attributes
                0x000002b1       0x39 demo6.o
 .ARM.attributes
                0x000002ea       0x39 user_source/foo.o
 .ARM.attributes
                0x00000323       0x39 user_source/hal_interface/sensor_hal.o
 .ARM.attributes
                0x0000035c       0x39 user_source/hal_interface/cpu.o
 .ARM.attributes
                0x00000395       0x39 user_source/hal_interface/pwm_hal.o
 .ARM.attributes
                0x000003ce       0x39 user_source/hal_interface/cube_hal_msp.o
 .ARM.attributes
                0x00000407       0x22 c:/sem2/rtes/gcc-arm-none-eabi-5_4-2016q3/bin/../lib/gcc/arm-none-eabi/5.4.1/armv7e-m/fpu\libgcc.a(_arm_addsubdf3.o)
 .ARM.attributes
                0x00000429       0x22 c:/sem2/rtes/gcc-arm-none-eabi-5_4-2016q3/bin/../lib/gcc/arm-none-eabi/5.4.1/armv7e-m/fpu\libgcc.a(_arm_muldivdf3.o)
 .ARM.attributes
                0x0000044b       0x22 c:/sem2/rtes/gcc-arm-none-eabi-5_4-2016q3/bin/../lib/gcc/arm-none-eabi/5.4.1/armv7e-m/fpu\libgcc.a(_arm_cmpdf2.o)
 .ARM.attributes
                0x0000046d       0x22 c:/sem2/rtes/gcc-arm-none-eabi-5_4-2016q3/bin/../lib/gcc/arm-none-eabi/5.4.1/armv7e-m/fpu/crtn.o
LOAD ../../arctic_awesomeness/arch/stm32/f3/src/stm32f3xx_ll_rcc.o
LOAD ../../arctic_awesomeness/arch/stm32/f3/src/stm32f3xx_hal_pccard.o
LOAD ../../arctic_awesomeness/arch/stm32/f3/src/stm32f3xx_ll_exti.o
LOAD ../../arctic_awesomeness/arch/stm32/f3/src/stm32f3xx_hal_crc_ex.o
LOAD ../../arctic_awesomeness/arch/stm32/f3/src/stm32f3xx_hal_rcc_ex.o
LOAD ../../arctic_awesomeness/arch/stm32/f3/src/stm32f3xx_hal_usart.o
LOAD ../../arctic_awesomeness/arch/stm32/f3/src/stm32f3xx_hal_i2c.o
LOAD ../../arctic_awesomeness/arch/stm32/f3/src/stm32f3xx_ll_usart.o
LOAD ../../arctic_awesomeness/arch/stm32/f3/src/stm32f3xx_ll_i2c.o
LOAD ../../arctic_awesomeness/arch/stm32/f3/src/stm32f3xx_hal_dac.o
LOAD ../../arctic_awesomeness/arch/stm32/f3/src/stm32f3xx_hal_opamp.o
LOAD ../../arctic_awesomeness/arch/stm32/f3/src/stm32f3xx_ll_opamp.o
LOAD ../../arctic_awesomeness/arch/stm32/f3/src/stm32f3xx_hal_adc.o
LOAD ../../arctic_awesomeness/arch/stm32/f3/src/stm32f3xx_ll_dac.o
LOAD ../../arctic_awesomeness/arch/stm32/f3/src/stm32f3xx_hal_i2s_ex.o
LOAD ../../arctic_awesomeness/arch/stm32/f3/src/stm32f3xx_hal_pwr.o
LOAD ../../arctic_awesomeness/arch/stm32/f3/src/stm32f3xx_ll_pwr.o
LOAD ../../arctic_awesomeness/arch/stm32/f3/src/stm32f3xx_hal_dac_ex.o
LOAD ../../arctic_awesomeness/arch/stm32/f3/src/stm32f3xx_hal_adc_ex.o
LOAD ../../arctic_awesomeness/arch/stm32/f3/src/stm32f3xx_hal_pcd_ex.o
LOAD ../../arctic_awesomeness/arch/stm32/f3/src/stm32f3xx_hal_cec.o
LOAD ../../arctic_awesomeness/arch/stm32/f3/src/stm32f3xx_hal_pwr_ex.o
LOAD ../../arctic_awesomeness/arch/stm32/f3/src/stm32f3xx_hal_pcd.o
LOAD ../../arctic_awesomeness/arch/stm32/f3/src/stm32f3xx_ll_fmc.o
LOAD ../../arctic_awesomeness/arch/stm32/f3/src/stm32f3xx_hal_comp.o
LOAD ../../arctic_awesomeness/arch/stm32/f3/src/stm32f3xx_ll_comp.o
LOAD ../../arctic_awesomeness/arch/stm32/f3/src/stm32f3xx_ll_spi.o
LOAD ../../arctic_awesomeness/arch/stm32/f3/src/stm32f3xx_hal_can.o
LOAD ../../arctic_awesomeness/arch/stm32/f3/src/stm32f3xx_hal_smartcard_ex.o
LOAD ../../arctic_awesomeness/arch/stm32/f3/src/stm32f3xx_ll_crc.o
LOAD ../../arctic_awesomeness/arch/stm32/f3/src/stm32f3xx_hal_iwdg.o
LOAD ../../arctic_awesomeness/arch/stm32/f3/src/stm32f3xx_hal_nor.o
LOAD ../../arctic_awesomeness/arch/stm32/f3/src/stm32f3xx_hal_sdadc.o
LOAD ../../arctic_awesomeness/arch/stm32/f3/src/stm32f3xx_hal_spi_ex.o
LOAD ../../arctic_awesomeness/arch/stm32/f3/src/stm32f3xx_ll_rtc.o
LOAD ../../arctic_awesomeness/arch/stm32/f3/src/stm32f3xx_hal_wwdg.o
LOAD ../../arctic_awesomeness/arch/stm32/f3/src/stm32f3xx_hal_opamp_ex.o
LOAD ../../arctic_awesomeness/arch/stm32/f3/src/stm32f3xx_hal_smbus.o
LOAD ../../arctic_awesomeness/arch/stm32/f3/src/stm32f3xx_hal_msp.o
LOAD ../../arctic_awesomeness/arch/stm32/f3/src/stm32f3xx_hal_rtc_ex.o
LOAD ../../arctic_awesomeness/arch/stm32/f3/src/stm32f3xx_hal_tsc.o
LOAD ../../arctic_awesomeness/arch/stm32/f3/src/stm32f3xx_hal_timebase_tim.o
LOAD ../../arctic_awesomeness/arch/stm32/f3/src/stm32f3xx_hal_uart.o
LOAD ../../arctic_awesomeness/arch/stm32/f3/src/stm32f3xx_hal_sram.o
LOAD ../../arctic_awesomeness/arch/stm32/f3/src/stm32f3xx_hal.o
LOAD ../../arctic_awesomeness/arch/stm32/f3/src/stm32f3xx_hal_tim.o
LOAD ../../arctic_awesomeness/arch/stm32/f3/src/stm32f3xx_ll_tim.o
LOAD ../../arctic_awesomeness/arch/stm32/f3/src/stm32f3xx_hal_uart_ex.o
LOAD ../../arctic_awesomeness/arch/stm32/f3/src/stm32f3xx_hal_cortex.o
LOAD ../../arctic_awesomeness/arch/stm32/f3/src/stm32f3xx_hal_rtc.o
LOAD ../../arctic_awesomeness/arch/stm32/f3/src/stm32f3xx_hal_flash.o
LOAD ../../arctic_awesomeness/arch/stm32/f3/src/stm32f3xx_ll_utils.o
LOAD ../../arctic_awesomeness/arch/stm32/f3/src/stm32f3xx_hal_dma.o
LOAD ../../arctic_awesomeness/arch/stm32/f3/src/stm32f3xx_hal_tim_ex.o
LOAD ../../arctic_awesomeness/arch/stm32/f3/src/stm32f3xx_ll_dma.o
LOAD ../../arctic_awesomeness/arch/stm32/f3/src/stm32f3xx_hal_i2c_ex.o
LOAD ../../arctic_awesomeness/arch/stm32/f3/src/stm32f3xx_hal_i2s.o
LOAD ../../arctic_awesomeness/arch/stm32/f3/src/stm32f3xx_hal_spi.o
LOAD ../../arctic_awesomeness/arch/stm32/f3/src/stm32f3xx_hal_hrtim.o
LOAD ../../arctic_awesomeness/arch/stm32/f3/src/stm32f3xx_hal_flash_ex.o
LOAD ../../arctic_awesomeness/arch/stm32/f3/src/stm32f3xx_hal_irda.o
LOAD ../../arctic_awesomeness/arch/stm32/f3/src/stm32f3xx_ll_adc.o
LOAD ../../arctic_awesomeness/arch/stm32/f3/src/stm32f3xx_hal_smartcard.o
LOAD ../../arctic_awesomeness/arch/stm32/f3/src/stm32f3xx_hal_nand.o
LOAD ../../arctic_awesomeness/arch/stm32/f3/src/stm32f3xx_hal_gpio.o
LOAD ../../arctic_awesomeness/arch/stm32/f3/src/stm32f3xx_ll_hrtim.o
LOAD ../../arctic_awesomeness/arch/stm32/f3/src/stm32f3xx_hal_crc.o
LOAD ../../arctic_awesomeness/arch/stm32/f3/src/stm32f3xx_ll_gpio.o
LOAD ../../arctic_awesomeness/arch/stm32/f3/src/stm32f3xx_hal_rcc.o
LOAD ../../arctic_awesomeness/arch/stm32/f3/src/CMSIS/system_stm32f3xx.o
LOAD ../../arctic_awesomeness/arch/stm32/f3/src/CMSIS/startup_stm32f303xc.o
LOAD demo6.o
LOAD user_source/foo.o
LOAD user_source/uart.o
LOAD user_source/hal_interface/sensor_hal.o
LOAD user_source/hal_interface/uart_hal.o
LOAD user_source/hal_interface/cpu.o
LOAD user_source/hal_interface/pwm_hal.o
LOAD user_source/hal_interface/cube_hal_msp.o
LOAD c:/sem2/rtes/gcc-arm-none-eabi-5_4-2016q3/bin/../lib/gcc/arm-none-eabi/5.4.1/../../../../arm-none-eabi/lib/armv7e-m/fpu\libm.a
LOAD c:/sem2/rtes/gcc-arm-none-eabi-5_4-2016q3/bin/../lib/gcc/arm-none-eabi/5.4.1/../../../../arm-none-eabi/lib/armv7e-m/fpu\libc.a
START GROUP
LOAD c:/sem2/rtes/gcc-arm-none-eabi-5_4-2016q3/bin/../lib/gcc/arm-none-eabi/5.4.1/armv7e-m/fpu\libgcc.a
LOAD c:/sem2/rtes/gcc-arm-none-eabi-5_4-2016q3/bin/../lib/gcc/arm-none-eabi/5.4.1/../../../../arm-none-eabi/lib/armv7e-m/fpu\libc.a
END GROUP
START GROUP
LOAD c:/sem2/rtes/gcc-arm-none-eabi-5_4-2016q3/bin/../lib/gcc/arm-none-eabi/5.4.1/armv7e-m/fpu\libgcc.a
LOAD c:/sem2/rtes/gcc-arm-none-eabi-5_4-2016q3/bin/../lib/gcc/arm-none-eabi/5.4.1/../../../../arm-none-eabi/lib/armv7e-m/fpu\libc.a
LOAD c:/sem2/rtes/gcc-arm-none-eabi-5_4-2016q3/bin/../lib/gcc/arm-none-eabi/5.4.1/../../../../arm-none-eabi/lib/armv7e-m/fpu\libnosys.a
END GROUP
LOAD c:/sem2/rtes/gcc-arm-none-eabi-5_4-2016q3/bin/../lib/gcc/arm-none-eabi/5.4.1/armv7e-m/fpu/crtend.o
LOAD c:/sem2/rtes/gcc-arm-none-eabi-5_4-2016q3/bin/../lib/gcc/arm-none-eabi/5.4.1/armv7e-m/fpu/crtn.o
OUTPUT(demo6.elf elf32-littlearm)

.debug_info     0x00000000     0xb78e
 .debug_info    0x00000000       0xbf ../../arctic_awesomeness/arch/stm32/f3/src/stm32f3xx_hal_msp.o
 .debug_info    0x000000bf      0xa75 ../../arctic_awesomeness/arch/stm32/f3/src/stm32f3xx_hal_timebase_tim.o
 .debug_info    0x00000b34      0x6ed ../../arctic_awesomeness/arch/stm32/f3/src/stm32f3xx_hal.o
 .debug_info    0x00001221     0x3163 ../../arctic_awesomeness/arch/stm32/f3/src/stm32f3xx_hal_tim.o
 .debug_info    0x00004384      0xe6d ../../arctic_awesomeness/arch/stm32/f3/src/stm32f3xx_hal_cortex.o
 .debug_info    0x000051f1      0x7d5 ../../arctic_awesomeness/arch/stm32/f3/src/stm32f3xx_hal_dma.o
 .debug_info    0x000059c6     0x14d4 ../../arctic_awesomeness/arch/stm32/f3/src/stm32f3xx_hal_tim_ex.o
 .debug_info    0x00006e9a      0x673 ../../arctic_awesomeness/arch/stm32/f3/src/stm32f3xx_hal_gpio.o
 .debug_info    0x0000750d     0x1341 ../../arctic_awesomeness/arch/stm32/f3/src/stm32f3xx_hal_rcc.o
 .debug_info    0x0000884e      0x3f2 ../../arctic_awesomeness/arch/stm32/f3/src/CMSIS/system_stm32f3xx.o
 .debug_info    0x00008c40       0x9e ../../arctic_awesomeness/arch/stm32/f3/src/CMSIS/startup_stm32f303xc.o
 .debug_info    0x00008cde      0x6a0 demo6.o
 .debug_info    0x0000937e       0x96 user_source/foo.o
 .debug_info    0x00009414      0xfbd user_source/hal_interface/sensor_hal.o
 .debug_info    0x0000a3d1      0x335 user_source/hal_interface/cpu.o
 .debug_info    0x0000a706      0x83d user_source/hal_interface/pwm_hal.o
 .debug_info    0x0000af43      0x84b user_source/hal_interface/cube_hal_msp.o

.debug_abbrev   0x00000000     0x1e01
 .debug_abbrev  0x00000000       0x70 ../../arctic_awesomeness/arch/stm32/f3/src/stm32f3xx_hal_msp.o
 .debug_abbrev  0x00000070      0x205 ../../arctic_awesomeness/arch/stm32/f3/src/stm32f3xx_hal_timebase_tim.o
 .debug_abbrev  0x00000275      0x1d0 ../../arctic_awesomeness/arch/stm32/f3/src/stm32f3xx_hal.o
 .debug_abbrev  0x00000445      0x333 ../../arctic_awesomeness/arch/stm32/f3/src/stm32f3xx_hal_tim.o
 .debug_abbrev  0x00000778      0x304 ../../arctic_awesomeness/arch/stm32/f3/src/stm32f3xx_hal_cortex.o
 .debug_abbrev  0x00000a7c      0x219 ../../arctic_awesomeness/arch/stm32/f3/src/stm32f3xx_hal_dma.o
 .debug_abbrev  0x00000c95      0x2b6 ../../arctic_awesomeness/arch/stm32/f3/src/stm32f3xx_hal_tim_ex.o
 .debug_abbrev  0x00000f4b      0x1d7 ../../arctic_awesomeness/arch/stm32/f3/src/stm32f3xx_hal_gpio.o
 .debug_abbrev  0x00001122      0x2cc ../../arctic_awesomeness/arch/stm32/f3/src/stm32f3xx_hal_rcc.o
 .debug_abbrev  0x000013ee      0x101 ../../arctic_awesomeness/arch/stm32/f3/src/CMSIS/system_stm32f3xx.o
 .debug_abbrev  0x000014ef       0x12 ../../arctic_awesomeness/arch/stm32/f3/src/CMSIS/startup_stm32f303xc.o
 .debug_abbrev  0x00001501      0x15d demo6.o
 .debug_abbrev  0x0000165e       0x94 user_source/foo.o
 .debug_abbrev  0x000016f2      0x254 user_source/hal_interface/sensor_hal.o
 .debug_abbrev  0x00001946      0x16a user_source/hal_interface/cpu.o
 .debug_abbrev  0x00001ab0      0x1ab user_source/hal_interface/pwm_hal.o
 .debug_abbrev  0x00001c5b      0x1a6 user_source/hal_interface/cube_hal_msp.o

.debug_aranges  0x00000000      0x228
 .debug_aranges
                0x00000000       0x20 ../../arctic_awesomeness/arch/stm32/f3/src/stm32f3xx_hal_msp.o
 .debug_aranges
                0x00000020       0x20 ../../arctic_awesomeness/arch/stm32/f3/src/stm32f3xx_hal_timebase_tim.o
 .debug_aranges
                0x00000040       0x20 ../../arctic_awesomeness/arch/stm32/f3/src/stm32f3xx_hal.o
 .debug_aranges
                0x00000060       0x20 ../../arctic_awesomeness/arch/stm32/f3/src/stm32f3xx_hal_tim.o
 .debug_aranges
                0x00000080       0x20 ../../arctic_awesomeness/arch/stm32/f3/src/stm32f3xx_hal_cortex.o
 .debug_aranges
                0x000000a0       0x20 ../../arctic_awesomeness/arch/stm32/f3/src/stm32f3xx_hal_dma.o
 .debug_aranges
                0x000000c0       0x20 ../../arctic_awesomeness/arch/stm32/f3/src/stm32f3xx_hal_tim_ex.o
 .debug_aranges
                0x000000e0       0x20 ../../arctic_awesomeness/arch/stm32/f3/src/stm32f3xx_hal_gpio.o
 .debug_aranges
                0x00000100       0x20 ../../arctic_awesomeness/arch/stm32/f3/src/stm32f3xx_hal_rcc.o
 .debug_aranges
                0x00000120       0x20 ../../arctic_awesomeness/arch/stm32/f3/src/CMSIS/system_stm32f3xx.o
 .debug_aranges
                0x00000140       0x28 ../../arctic_awesomeness/arch/stm32/f3/src/CMSIS/startup_stm32f303xc.o
 .debug_aranges
                0x00000168       0x20 demo6.o
 .debug_aranges
                0x00000188       0x20 user_source/foo.o
 .debug_aranges
                0x000001a8       0x20 user_source/hal_interface/sensor_hal.o
 .debug_aranges
                0x000001c8       0x20 user_source/hal_interface/cpu.o
 .debug_aranges
                0x000001e8       0x20 user_source/hal_interface/pwm_hal.o
 .debug_aranges
                0x00000208       0x20 user_source/hal_interface/cube_hal_msp.o

.debug_line     0x00000000     0x3fcd
 .debug_line    0x00000000      0x12f ../../arctic_awesomeness/arch/stm32/f3/src/stm32f3xx_hal_msp.o
 .debug_line    0x0000012f      0x222 ../../arctic_awesomeness/arch/stm32/f3/src/stm32f3xx_hal_timebase_tim.o
 .debug_line    0x00000351      0x1ee ../../arctic_awesomeness/arch/stm32/f3/src/stm32f3xx_hal.o
 .debug_line    0x0000053f     0x11ae ../../arctic_awesomeness/arch/stm32/f3/src/stm32f3xx_hal_tim.o
 .debug_line    0x000016ed      0x300 ../../arctic_awesomeness/arch/stm32/f3/src/stm32f3xx_hal_cortex.o
 .debug_line    0x000019ed      0x47d ../../arctic_awesomeness/arch/stm32/f3/src/stm32f3xx_hal_dma.o
 .debug_line    0x00001e6a      0x7aa ../../arctic_awesomeness/arch/stm32/f3/src/stm32f3xx_hal_tim_ex.o
 .debug_line    0x00002614      0x2ef ../../arctic_awesomeness/arch/stm32/f3/src/stm32f3xx_hal_gpio.o
 .debug_line    0x00002903      0x723 ../../arctic_awesomeness/arch/stm32/f3/src/stm32f3xx_hal_rcc.o
 .debug_line    0x00003026      0x17a ../../arctic_awesomeness/arch/stm32/f3/src/CMSIS/system_stm32f3xx.o
 .debug_line    0x000031a0       0x8f ../../arctic_awesomeness/arch/stm32/f3/src/CMSIS/startup_stm32f303xc.o
 .debug_line    0x0000322f      0x273 demo6.o
 .debug_line    0x000034a2       0x44 user_source/foo.o
 .debug_line    0x000034e6      0x38f user_source/hal_interface/sensor_hal.o
 .debug_line    0x00003875      0x27f user_source/hal_interface/cpu.o
 .debug_line    0x00003af4      0x24b user_source/hal_interface/pwm_hal.o
 .debug_line    0x00003d3f      0x28e user_source/hal_interface/cube_hal_msp.o

.debug_str      0x00000000     0x2c63
 .debug_str     0x00000000      0x1a7 ../../arctic_awesomeness/arch/stm32/f3/src/stm32f3xx_hal_msp.o
                                0x1e8 (size before relaxing)
 .debug_str     0x000001a7      0xa31 ../../arctic_awesomeness/arch/stm32/f3/src/stm32f3xx_hal_timebase_tim.o
                                0xc24 (size before relaxing)
 .debug_str     0x00000bd8      0x1f8 ../../arctic_awesomeness/arch/stm32/f3/src/stm32f3xx_hal.o
                                0x8db (size before relaxing)
 .debug_str     0x00000dd0      0xaa2 ../../arctic_awesomeness/arch/stm32/f3/src/stm32f3xx_hal_tim.o
                               0x10f0 (size before relaxing)
 .debug_str     0x00001872      0x3dd ../../arctic_awesomeness/arch/stm32/f3/src/stm32f3xx_hal_cortex.o
                                0xb68 (size before relaxing)
 .debug_str     0x00001c4f      0x231 ../../arctic_awesomeness/arch/stm32/f3/src/stm32f3xx_hal_dma.o
                                0x648 (size before relaxing)
 .debug_str     0x00001e80      0x4c1 ../../arctic_awesomeness/arch/stm32/f3/src/stm32f3xx_hal_tim_ex.o
                                0xd0e (size before relaxing)
 .debug_str     0x00002341      0x1cd ../../arctic_awesomeness/arch/stm32/f3/src/stm32f3xx_hal_gpio.o
                                0x461 (size before relaxing)
 .debug_str     0x0000250e      0x29d ../../arctic_awesomeness/arch/stm32/f3/src/stm32f3xx_hal_rcc.o
                                0x67e (size before relaxing)
 .debug_str     0x000027ab       0x6e ../../arctic_awesomeness/arch/stm32/f3/src/CMSIS/system_stm32f3xx.o
                                0x30d (size before relaxing)
 .debug_str     0x00002819      0x1ab demo6.o
                                0x3b2 (size before relaxing)
 .debug_str     0x000029c4       0xb5 user_source/foo.o
                                0x165 (size before relaxing)
 .debug_str     0x00002a79       0xde user_source/hal_interface/sensor_hal.o
                                0xd87 (size before relaxing)
 .debug_str     0x00002b57       0x4e user_source/hal_interface/cpu.o
                                0x3cc (size before relaxing)
 .debug_str     0x00002ba5       0x53 user_source/hal_interface/pwm_hal.o
                                0x710 (size before relaxing)
 .debug_str     0x00002bf8       0x6b user_source/hal_interface/cube_hal_msp.o
                                0x713 (size before relaxing)

.comment        0x00000000       0x6e
 .comment       0x00000000       0x6e ../../arctic_awesomeness/arch/stm32/f3/src/stm32f3xx_hal_msp.o
                                 0x6f (size before relaxing)
 .comment       0x0000006e       0x6f ../../arctic_awesomeness/arch/stm32/f3/src/stm32f3xx_hal_timebase_tim.o
 .comment       0x0000006e       0x6f ../../arctic_awesomeness/arch/stm32/f3/src/stm32f3xx_hal.o
 .comment       0x0000006e       0x6f ../../arctic_awesomeness/arch/stm32/f3/src/stm32f3xx_hal_tim.o
 .comment       0x0000006e       0x6f ../../arctic_awesomeness/arch/stm32/f3/src/stm32f3xx_hal_cortex.o
 .comment       0x0000006e       0x6f ../../arctic_awesomeness/arch/stm32/f3/src/stm32f3xx_hal_dma.o
 .comment       0x0000006e       0x6f ../../arctic_awesomeness/arch/stm32/f3/src/stm32f3xx_hal_tim_ex.o
 .comment       0x0000006e       0x6f ../../arctic_awesomeness/arch/stm32/f3/src/stm32f3xx_hal_gpio.o
 .comment       0x0000006e       0x6f ../../arctic_awesomeness/arch/stm32/f3/src/stm32f3xx_hal_rcc.o
 .comment       0x0000006e       0x6f ../../arctic_awesomeness/arch/stm32/f3/src/CMSIS/system_stm32f3xx.o
 .comment       0x0000006e       0x6f demo6.o
 .comment       0x0000006e       0x6f user_source/foo.o
 .comment       0x0000006e       0x6f user_source/hal_interface/sensor_hal.o
 .comment       0x0000006e       0x6f user_source/hal_interface/cpu.o
 .comment       0x0000006e       0x6f user_source/hal_interface/pwm_hal.o
 .comment       0x0000006e       0x6f user_source/hal_interface/cube_hal_msp.o

.debug_frame    0x00000000     0x17e4
 .debug_frame   0x00000000       0x50 ../../arctic_awesomeness/arch/stm32/f3/src/stm32f3xx_hal_msp.o
 .debug_frame   0x00000050       0x74 ../../arctic_awesomeness/arch/stm32/f3/src/stm32f3xx_hal_timebase_tim.o
 .debug_frame   0x000000c4      0x168 ../../arctic_awesomeness/arch/stm32/f3/src/stm32f3xx_hal.o
 .debug_frame   0x0000022c      0x964 ../../arctic_awesomeness/arch/stm32/f3/src/stm32f3xx_hal_tim.o
 .debug_frame   0x00000b90      0x188 ../../arctic_awesomeness/arch/stm32/f3/src/stm32f3xx_hal_cortex.o
 .debug_frame   0x00000d18      0x18c ../../arctic_awesomeness/arch/stm32/f3/src/stm32f3xx_hal_dma.o
 .debug_frame   0x00000ea4      0x410 ../../arctic_awesomeness/arch/stm32/f3/src/stm32f3xx_hal_tim_ex.o
 .debug_frame   0x000012b4       0xf8 ../../arctic_awesomeness/arch/stm32/f3/src/stm32f3xx_hal_gpio.o
 .debug_frame   0x000013ac      0x168 ../../arctic_awesomeness/arch/stm32/f3/src/stm32f3xx_hal_rcc.o
 .debug_frame   0x00001514       0x3c ../../arctic_awesomeness/arch/stm32/f3/src/CMSIS/system_stm32f3xx.o
 .debug_frame   0x00001550       0x38 demo6.o
 .debug_frame   0x00001588       0x30 user_source/foo.o
 .debug_frame   0x000015b8      0x114 user_source/hal_interface/sensor_hal.o
 .debug_frame   0x000016cc       0x50 user_source/hal_interface/cpu.o
 .debug_frame   0x0000171c       0x6c user_source/hal_interface/pwm_hal.o
 .debug_frame   0x00001788       0x5c user_source/hal_interface/cube_hal_msp.o

.debug_loc      0x00000000     0x78a2
 .debug_loc     0x00000000       0xd1 ../../arctic_awesomeness/arch/stm32/f3/src/stm32f3xx_hal_timebase_tim.o
 .debug_loc     0x000000d1       0x4b ../../arctic_awesomeness/arch/stm32/f3/src/stm32f3xx_hal.o
 .debug_loc     0x0000011c     0x4284 ../../arctic_awesomeness/arch/stm32/f3/src/stm32f3xx_hal_tim.o
 .debug_loc     0x000043a0      0x658 ../../arctic_awesomeness/arch/stm32/f3/src/stm32f3xx_hal_cortex.o
 .debug_loc     0x000049f8      0x6f1 ../../arctic_awesomeness/arch/stm32/f3/src/stm32f3xx_hal_dma.o
 .debug_loc     0x000050e9     0x1642 ../../arctic_awesomeness/arch/stm32/f3/src/stm32f3xx_hal_tim_ex.o
 .debug_loc     0x0000672b      0x3cc ../../arctic_awesomeness/arch/stm32/f3/src/stm32f3xx_hal_gpio.o
 .debug_loc     0x00006af7      0x905 ../../arctic_awesomeness/arch/stm32/f3/src/stm32f3xx_hal_rcc.o
 .debug_loc     0x000073fc      0x11a ../../arctic_awesomeness/arch/stm32/f3/src/CMSIS/system_stm32f3xx.o
 .debug_loc     0x00007516       0x4e user_source/foo.o
 .debug_loc     0x00007564      0x153 user_source/hal_interface/sensor_hal.o
 .debug_loc     0x000076b7       0xcf user_source/hal_interface/cpu.o
 .debug_loc     0x00007786       0xfb user_source/hal_interface/pwm_hal.o
 .debug_loc     0x00007881       0x21 user_source/hal_interface/cube_hal_msp.o

.debug_ranges   0x00000000      0x750
 .debug_ranges  0x00000000       0x18 ../../arctic_awesomeness/arch/stm32/f3/src/stm32f3xx_hal_timebase_tim.o
 .debug_ranges  0x00000018      0x230 ../../arctic_awesomeness/arch/stm32/f3/src/stm32f3xx_hal_tim.o
 .debug_ranges  0x00000248       0xe0 ../../arctic_awesomeness/arch/stm32/f3/src/stm32f3xx_hal_cortex.o
 .debug_ranges  0x00000328       0xb0 ../../arctic_awesomeness/arch/stm32/f3/src/stm32f3xx_hal_dma.o
 .debug_ranges  0x000003d8       0x18 ../../arctic_awesomeness/arch/stm32/f3/src/stm32f3xx_hal_gpio.o
 .debug_ranges  0x000003f0      0x1f0 ../../arctic_awesomeness/arch/stm32/f3/src/stm32f3xx_hal_rcc.o
 .debug_ranges  0x000005e0       0x20 ../../arctic_awesomeness/arch/stm32/f3/src/CMSIS/startup_stm32f303xc.o
 .debug_ranges  0x00000600       0x10 demo6.o
 .debug_ranges  0x00000610       0xf0 user_source/hal_interface/sensor_hal.o
 .debug_ranges  0x00000700       0x50 user_source/hal_interface/cube_hal_msp.o
