Archive member included to satisfy reference by file (symbol)

/Users/karlboukhalil/Documents/NYU/Semester 2/Real Time Embedded Systems/sandbox/gcc-arm-none-eabi-5_4-2016q3/bin/../lib/gcc/arm-none-eabi/5.4.1/../../../../arm-none-eabi/lib/armv7e-m/fpu/libc.a(lib_a-exit.o)
                              /Users/karlboukhalil/Documents/NYU/Semester 2/Real Time Embedded Systems/sandbox/gcc-arm-none-eabi-5_4-2016q3/bin/../lib/gcc/arm-none-eabi/5.4.1/../../../../arm-none-eabi/lib/armv7e-m/fpu/crt0.o (exit)
/Users/karlboukhalil/Documents/NYU/Semester 2/Real Time Embedded Systems/sandbox/gcc-arm-none-eabi-5_4-2016q3/bin/../lib/gcc/arm-none-eabi/5.4.1/../../../../arm-none-eabi/lib/armv7e-m/fpu/libc.a(lib_a-impure.o)
                              /Users/karlboukhalil/Documents/NYU/Semester 2/Real Time Embedded Systems/sandbox/gcc-arm-none-eabi-5_4-2016q3/bin/../lib/gcc/arm-none-eabi/5.4.1/../../../../arm-none-eabi/lib/armv7e-m/fpu/libc.a(lib_a-exit.o) (_global_impure_ptr)
/Users/karlboukhalil/Documents/NYU/Semester 2/Real Time Embedded Systems/sandbox/gcc-arm-none-eabi-5_4-2016q3/bin/../lib/gcc/arm-none-eabi/5.4.1/../../../../arm-none-eabi/lib/armv7e-m/fpu/libc.a(lib_a-init.o)
                              /Users/karlboukhalil/Documents/NYU/Semester 2/Real Time Embedded Systems/sandbox/gcc-arm-none-eabi-5_4-2016q3/bin/../lib/gcc/arm-none-eabi/5.4.1/../../../../arm-none-eabi/lib/armv7e-m/fpu/crt0.o (__libc_init_array)
/Users/karlboukhalil/Documents/NYU/Semester 2/Real Time Embedded Systems/sandbox/gcc-arm-none-eabi-5_4-2016q3/bin/../lib/gcc/arm-none-eabi/5.4.1/../../../../arm-none-eabi/lib/armv7e-m/fpu/libc.a(lib_a-memset.o)
                              /Users/karlboukhalil/Documents/NYU/Semester 2/Real Time Embedded Systems/sandbox/gcc-arm-none-eabi-5_4-2016q3/bin/../lib/gcc/arm-none-eabi/5.4.1/../../../../arm-none-eabi/lib/armv7e-m/fpu/crt0.o (memset)
/Users/karlboukhalil/Documents/NYU/Semester 2/Real Time Embedded Systems/sandbox/gcc-arm-none-eabi-5_4-2016q3/bin/../lib/gcc/arm-none-eabi/5.4.1/../../../../arm-none-eabi/lib/armv7e-m/fpu/libc.a(lib_a-__call_atexit.o)
                              /Users/karlboukhalil/Documents/NYU/Semester 2/Real Time Embedded Systems/sandbox/gcc-arm-none-eabi-5_4-2016q3/bin/../lib/gcc/arm-none-eabi/5.4.1/../../../../arm-none-eabi/lib/armv7e-m/fpu/libc.a(lib_a-exit.o) (__call_exitprocs)
/Users/karlboukhalil/Documents/NYU/Semester 2/Real Time Embedded Systems/sandbox/gcc-arm-none-eabi-5_4-2016q3/bin/../lib/gcc/arm-none-eabi/5.4.1/../../../../arm-none-eabi/lib/armv7e-m/fpu/libc.a(lib_a-atexit.o)
                              /Users/karlboukhalil/Documents/NYU/Semester 2/Real Time Embedded Systems/sandbox/gcc-arm-none-eabi-5_4-2016q3/bin/../lib/gcc/arm-none-eabi/5.4.1/../../../../arm-none-eabi/lib/armv7e-m/fpu/libc.a(lib_a-__call_atexit.o) (atexit)
/Users/karlboukhalil/Documents/NYU/Semester 2/Real Time Embedded Systems/sandbox/gcc-arm-none-eabi-5_4-2016q3/bin/../lib/gcc/arm-none-eabi/5.4.1/../../../../arm-none-eabi/lib/armv7e-m/fpu/libc.a(lib_a-fini.o)
                              /Users/karlboukhalil/Documents/NYU/Semester 2/Real Time Embedded Systems/sandbox/gcc-arm-none-eabi-5_4-2016q3/bin/../lib/gcc/arm-none-eabi/5.4.1/../../../../arm-none-eabi/lib/armv7e-m/fpu/libc.a(lib_a-__call_atexit.o) (__libc_fini_array)
/Users/karlboukhalil/Documents/NYU/Semester 2/Real Time Embedded Systems/sandbox/gcc-arm-none-eabi-5_4-2016q3/bin/../lib/gcc/arm-none-eabi/5.4.1/../../../../arm-none-eabi/lib/armv7e-m/fpu/libc.a(lib_a-__atexit.o)
                              /Users/karlboukhalil/Documents/NYU/Semester 2/Real Time Embedded Systems/sandbox/gcc-arm-none-eabi-5_4-2016q3/bin/../lib/gcc/arm-none-eabi/5.4.1/../../../../arm-none-eabi/lib/armv7e-m/fpu/libc.a(lib_a-atexit.o) (__register_exitproc)
/Users/karlboukhalil/Documents/NYU/Semester 2/Real Time Embedded Systems/sandbox/gcc-arm-none-eabi-5_4-2016q3/bin/../lib/gcc/arm-none-eabi/5.4.1/../../../../arm-none-eabi/lib/armv7e-m/fpu/libc.a(lib_a-printf.o)
                              user_source/hal_interface/encoder_hal.o (printf)
/Users/karlboukhalil/Documents/NYU/Semester 2/Real Time Embedded Systems/sandbox/gcc-arm-none-eabi-5_4-2016q3/bin/../lib/gcc/arm-none-eabi/5.4.1/../../../../arm-none-eabi/lib/armv7e-m/fpu/libc.a(lib_a-reent.o)
                              user_source/hal_interface/newlib_stubs.o (errno)
/Users/karlboukhalil/Documents/NYU/Semester 2/Real Time Embedded Systems/sandbox/gcc-arm-none-eabi-5_4-2016q3/bin/../lib/gcc/arm-none-eabi/5.4.1/../../../../arm-none-eabi/lib/armv7e-m/fpu/libc.a(lib_a-setvbuf.o)
                              demo6.o (setvbuf)
/Users/karlboukhalil/Documents/NYU/Semester 2/Real Time Embedded Systems/sandbox/gcc-arm-none-eabi-5_4-2016q3/bin/../lib/gcc/arm-none-eabi/5.4.1/../../../../arm-none-eabi/lib/armv7e-m/fpu/libc.a(lib_a-vfprintf.o)
[...]
Memory Configuration

Name             Origin             Length             Attributes
FLASH            0x0000000008000000 0x0000000000040000 xr
RAM              0x0000000020000000 0x000000000000a000 xrw
CCMRAM           0x0000000010000000 0x0000000000002000 rw
*default*        0x0000000000000000 0xffffffffffffffff

Linker script and memory map

LOAD /Users/karlboukhalil/Documents/NYU/Semester 2/Real Time Embedded Systems/sandbox/gcc-arm-none-eabi-5_4-2016q3/bin/../lib/gcc/arm-none-eabi/5.4.1/armv7e-m/fpu/crti.o
LOAD /Users/karlboukhalil/Documents/NYU/Semester 2/Real Time Embedded Systems/sandbox/gcc-arm-none-eabi-5_4-2016q3/bin/../lib/gcc/arm-none-eabi/5.4.1/armv7e-m/fpu/crtbegin.o
LOAD /Users/karlboukhalil/Documents/NYU/Semester 2/Real Time Embedded Systems/sandbox/gcc-arm-none-eabi-5_4-2016q3/bin/../lib/gcc/arm-none-eabi/5.4.1/../../../../arm-none-eabi/lib/armv7e-m/fpu/crt0.o
                0x000000002000a000                _estack = 0x2000a000
                0x0000000000000f00                _Min_Heap_Size = 0xf00
                0x0000000000000f00                _Min_Stack_Size = 0xf00

.isr_vector     0x0000000008000000      0x188
                0x0000000008000000                . = ALIGN (0x4)
 *(.isr_vector)
 .isr_vector    0x0000000008000000      0x188 ../../arctic_awesomeness/arch/stm32/f3/src/CMSIS/startup_stm32f303xc.o
                0x0000000008000000                g_pfnVectors
                0x0000000008000188                . = ALIGN (0x4)

.text           0x00000000080001c0     0xc820
                0x00000000080001c0                . = ALIGN (0x4)
 *(.text)
 .text          0x00000000080001c0       0x5c /Users/karlboukhalil/Documents/NYU/Semester 2/Real Time Embedded Systems/sandbox/gcc-arm-none-eabi-5_4-2016q3/bin/../lib/gcc/arm-none-eabi/5.4.1/armv7e-m/fpu/crtbegin.o
 .text          0x000000000800021c      0x158 ../../arctic_awesomeness/arch/stm32/f3/src/stm32f3xx_hal.o
                0x0000000008000224                HAL_DeInit
                0x0000000008000274                HAL_Init
                0x0000000008000298                HAL_IncTick
                0x00000000080002a8                HAL_GetTick
                0x00000000080002b4                HAL_Delay
                0x00000000080002f0                HAL_GetHalVersion
                0x00000000080002f8                HAL_GetREVID
                0x0000000008000304                HAL_GetDEVID
                0x0000000008000314                HAL_DBGMCU_EnableDBGSleepMode
                0x0000000008000324                HAL_DBGMCU_DisableDBGSleepMode
                0x0000000008000334                HAL_DBGMCU_EnableDBGStopMode
                0x0000000008000344                HAL_DBGMCU_DisableDBGStopMode
                0x0000000008000354                HAL_DBGMCU_EnableDBGStandbyMode
                0x0000000008000364                HAL_DBGMCU_DisableDBGStandbyMode
 .text          0x0000000008000374      0x2b0 ../../arctic_awesomeness/arch/stm32/f3/src/stm32f3xx_hal_cortex.o
                0x0000000008000374                HAL_NVIC_SetPriorityGrouping
                0x0000000008000398                HAL_NVIC_SetPriority
                0x0000000008000408                HAL_NVIC_EnableIRQ
                0x0000000008000420                HAL_NVIC_DisableIRQ
                0x000000000800043c                HAL_NVIC_SystemReset
                0x0000000008000460                HAL_SYSTICK_Config
                0x0000000008000494                HAL_MPU_Disable
                0x00000000080004b0                HAL_MPU_Enable
                0x00000000080004cc                HAL_MPU_ConfigRegion
                0x0000000008000520                HAL_NVIC_GetPriorityGrouping
                0x0000000008000530                HAL_NVIC_GetPriority
                0x0000000008000590                HAL_NVIC_SetPendingIRQ
                0x00000000080005ac                HAL_NVIC_GetPendingIRQ
                0x00000000080005c8                HAL_NVIC_ClearPendingIRQ
                0x00000000080005e4                HAL_NVIC_GetActive
                0x0000000008000600                HAL_SYSTICK_CLKSourceConfig
                0x0000000008000618                HAL_SYSTICK_Callback
                0x000000000800061c                HAL_SYSTICK_IRQHandler
 .text          0x0000000008000624      0x490 ../../arctic_awesomeness/arch/stm32/f3/src/stm32f3xx_hal_dma.o
                0x0000000008000624                HAL_DMA_Init
                0x00000000080006b4                HAL_DMA_DeInit
                0x0000000008000728                HAL_DMA_Start
                0x000000000800078c                HAL_DMA_Start_IT
                0x0000000008000810                HAL_DMA_Abort
                0x0000000008000844                HAL_DMA_Abort_IT
                0x000000000800088c                HAL_DMA_PollForTransfer
                0x0000000008000960                HAL_DMA_IRQHandler
                0x00000000080009f8                HAL_DMA_RegisterCallback
                0x0000000008000a4c                HAL_DMA_UnRegisterCallback
                0x0000000008000aa8                HAL_DMA_GetState
                0x0000000008000ab0                HAL_DMA_GetError
 .text          0x0000000008000ab4      0x36c ../../arctic_awesomeness/arch/stm32/f3/src/stm32f3xx_hal_gpio.o
                0x0000000008000ab4                HAL_GPIO_Init
                0x0000000008000c8c                HAL_GPIO_DeInit
                0x0000000008000db8                HAL_GPIO_ReadPin
                0x0000000008000dc4                HAL_GPIO_WritePin
                0x0000000008000dd0                HAL_GPIO_TogglePin
                0x0000000008000dd8                HAL_GPIO_LockPin
                0x0000000008000e08                HAL_GPIO_EXTI_IRQHandler
 .text          0x0000000008000e20       0x10 ../../arctic_awesomeness/arch/stm32/f3/src/stm32f3xx_hal_msp.o
                0x0000000008000e20                HAL_MspInit
                0x0000000008000e24                HAL_MspDeInit
                0x0000000008000e28                HAL_PPP_MspInit
                0x0000000008000e2c                HAL_PPP_MspDeInit
 .text          0x0000000008000e30      0x9e8 ../../arctic_awesomeness/arch/stm32/f3/src/stm32f3xx_hal_rcc.o
                0x0000000008000e30                HAL_RCC_DeInit
                0x0000000008000e80                HAL_RCC_OscConfig
                0x000000000800142c                HAL_RCC_MCOConfig
                0x0000000008001478                HAL_RCC_EnableCSS
                0x0000000008001494                HAL_RCC_DisableCSS
                0x00000000080014b0                HAL_RCC_GetSysClockFreq
                0x000000000800151c                HAL_RCC_ClockConfig
                0x00000000080016a8                HAL_RCC_GetHCLKFreq
                0x00000000080016b4                HAL_RCC_GetPCLK1Freq
                0x00000000080016e4                HAL_RCC_GetPCLK2Freq
                0x0000000008001714                HAL_RCC_GetOscConfig
                0x00000000080017b0                HAL_RCC_GetClockConfig
                0x00000000080017f4                HAL_RCC_CSSCallback
                0x00000000080017f8                HAL_RCC_NMI_IRQHandler
 .text          0x0000000008001818     0x2160 ../../arctic_awesomeness/arch/stm32/f3/src/stm32f3xx_hal_tim.o
                0x00000000080018d0                HAL_TIM_Base_MspDeInit
                0x00000000080018d4                HAL_TIM_Base_DeInit
                0x0000000008001910                HAL_TIM_Base_Start
                0x0000000008001930                HAL_TIM_Base_Stop
                0x0000000008001960                HAL_TIM_Base_Start_IT
                0x0000000008001978                HAL_TIM_Base_Stop_IT
                0x00000000080019a4                HAL_TIM_Base_Start_DMA
                0x0000000008001a00                HAL_TIM_Base_Stop_DMA
                0x0000000008001a30                HAL_TIM_OC_MspInit
                0x0000000008001a34                HAL_TIM_OC_MspDeInit
                0x0000000008001a38                HAL_TIM_OC_DeInit
                0x0000000008001a74                HAL_TIM_OC_Stop
                0x0000000008001b00                HAL_TIM_PWM_MspDeInit
                0x0000000008001b04                HAL_TIM_PWM_DeInit
                0x0000000008001b40                HAL_TIM_PWM_Start
                0x0000000008001ba0                HAL_TIM_OC_Start
                0x0000000008001ba4                HAL_TIM_PWM_Stop
                0x0000000008001c30                HAL_TIM_PWM_Start_IT
                0x0000000008001cd8                HAL_TIM_OC_Start_IT
                0x0000000008001cdc                HAL_TIM_PWM_Stop_IT
                0x0000000008001dac                HAL_TIM_OC_Stop_IT
                0x0000000008001db0                HAL_TIM_PWM_Start_DMA
                0x0000000008001ee0                HAL_TIM_OC_Start_DMA
                0x0000000008001ee4                HAL_TIM_PWM_Stop_DMA
                0x0000000008001fb8                HAL_TIM_OC_Stop_DMA
                0x0000000008001fbc                HAL_TIM_IC_MspInit
                0x0000000008001fc0                HAL_TIM_IC_MspDeInit
                0x0000000008001fc4                HAL_TIM_IC_DeInit
                0x0000000008002000                HAL_TIM_IC_Start
                0x0000000008002024                HAL_TIM_IC_Stop
                0x0000000008002058                HAL_TIM_IC_Start_IT
                0x00000000080020c0                HAL_TIM_IC_Stop_IT
                0x000000000800213c                HAL_TIM_IC_Start_DMA
                0x0000000008002220                HAL_TIM_IC_Stop_DMA
                0x00000000080022a8                HAL_TIM_OnePulse_MspInit
                0x00000000080022ac                HAL_TIM_OnePulse_MspDeInit
                0x00000000080022b0                HAL_TIM_OnePulse_DeInit
                0x00000000080022ec                HAL_TIM_OnePulse_Start
                0x000000000800234c                HAL_TIM_OnePulse_Stop
                0x00000000080023d4                HAL_TIM_OnePulse_Start_IT
                0x0000000008002444                HAL_TIM_OnePulse_Stop_IT
                0x00000000080024dc                HAL_TIM_Encoder_MspInit
                0x00000000080024e0                HAL_TIM_Encoder_MspDeInit
                0x00000000080024e4                HAL_TIM_Encoder_DeInit
                0x0000000008002520                HAL_TIM_Encoder_Start
                0x000000000800256c                HAL_TIM_Encoder_Stop
                0x00000000080025c0                HAL_TIM_Encoder_Start_IT
                0x0000000008002640                HAL_TIM_Encoder_Stop_IT
                0x00000000080026c0                HAL_TIM_Encoder_Start_DMA
                0x0000000008002808                HAL_TIM_Encoder_Stop_DMA
                0x0000000008002888                HAL_TIM_DMABurst_WriteStart
                0x000000000800296c                HAL_TIM_DMABurst_ReadStart
                0x0000000008002a50                HAL_TIM_DMABurst_ReadStop
                0x0000000008002ac8                HAL_TIM_DMABurst_WriteStop
                0x0000000008002acc                HAL_TIM_GenerateEvent
                0x0000000008002bc4                HAL_TIM_ConfigClockSource
                0x0000000008002d54                HAL_TIM_ConfigTI1Input
                0x0000000008002d64                HAL_TIM_SlaveConfigSynchronization
                0x0000000008002da4                HAL_TIM_SlaveConfigSynchronization_IT
                0x0000000008002de4                HAL_TIM_ReadCapturedValue
                0x0000000008002e58                HAL_TIM_OC_DelayElapsedCallback
                0x0000000008002e5c                HAL_TIM_IC_CaptureCallback
                0x0000000008002e60                TIM_DMACaptureCplt
                0x0000000008002eac                HAL_TIM_PWM_PulseFinishedCallback
                0x0000000008002eb0                TIM_DMADelayPulseCplt
                0x0000000008002efc                HAL_TIM_TriggerCallback
                0x0000000008002f00                HAL_TIM_IRQHandler
                0x0000000008003064                HAL_TIM_ErrorCallback
                0x0000000008003068                TIM_DMAError
                0x0000000008003078                HAL_TIM_Base_GetState
                0x0000000008003080                HAL_TIM_OC_GetState
                0x0000000008003088                HAL_TIM_PWM_GetState
                0x0000000008003090                HAL_TIM_IC_GetState
                0x0000000008003098                HAL_TIM_OnePulse_GetState
                0x00000000080030a0                HAL_TIM_Encoder_GetState
                0x00000000080030a8                TIM_Base_SetConfig
                0x0000000008003180                HAL_TIM_Base_Init
                0x00000000080031b8                HAL_TIM_OC_Init
                0x00000000080031f0                HAL_TIM_PWM_Init
                0x0000000008003228                HAL_TIM_IC_Init
                0x0000000008003260                HAL_TIM_OnePulse_Init
                0x00000000080032a8                HAL_TIM_Encoder_Init
                0x0000000008003354                TIM_OC1_SetConfig
                0x00000000080033d4                TIM_OC2_SetConfig
                0x0000000008003458                TIM_OC3_SetConfig
                0x00000000080034d8                TIM_OC4_SetConfig
                0x000000000800367c                TIM_TI1_SetConfig
                0x00000000080036e4                HAL_TIM_IC_ConfigChannel
                0x000000000800381c                HAL_TIM_OnePulse_ConfigChannel
                0x0000000008003940                TIM_ETR_SetConfig
                0x0000000008003958                TIM_CCxChannelCmd
 .text          0x0000000008003978      0xc84 ../../arctic_awesomeness/arch/stm32/f3/src/stm32f3xx_hal_tim_ex.o
                0x0000000008003a58                HAL_TIMEx_HallSensor_MspInit
                0x0000000008003a5c                HAL_TIMEx_HallSensor_Init
                0x0000000008003b14                HAL_TIMEx_HallSensor_MspDeInit
                0x0000000008003b18                HAL_TIMEx_HallSensor_DeInit
                0x0000000008003b54                HAL_TIMEx_HallSensor_Start
                0x0000000008003b70                HAL_TIMEx_HallSensor_Stop
                0x0000000008003ba0                HAL_TIMEx_HallSensor_Start_IT
                0x0000000008003bc4                HAL_TIMEx_HallSensor_Stop_IT
                0x0000000008003bfc                HAL_TIMEx_HallSensor_Start_DMA
                0x0000000008003c68                HAL_TIMEx_HallSensor_Stop_DMA
                0x0000000008003ca0                HAL_TIMEx_PWMN_Start
                0x0000000008003ccc                HAL_TIMEx_OCN_Start
                0x0000000008003cd0                HAL_TIMEx_PWMN_Start_IT
                0x0000000008003d48                HAL_TIMEx_OCN_Start_IT
                0x0000000008003d4c                HAL_TIMEx_PWMN_Stop_IT
                0x0000000008003df4                HAL_TIMEx_OCN_Stop_IT
                0x0000000008003df8                HAL_TIMEx_PWMN_Start_DMA
                0x0000000008003ef8                HAL_TIMEx_OCN_Start_DMA
                0x0000000008003efc                HAL_TIMEx_PWMN_Stop_DMA
                0x0000000008003fa0                HAL_TIMEx_OCN_Stop_DMA
                0x0000000008003fa4                HAL_TIMEx_OnePulseN_Start
                0x0000000008003fc8                HAL_TIMEx_OnePulseN_Stop
                0x000000000800401c                HAL_TIMEx_PWMN_Stop
                0x0000000008004020                HAL_TIMEx_OCN_Stop
                0x0000000008004024                HAL_TIMEx_OnePulseN_Start_IT
                0x0000000008004058                HAL_TIMEx_OnePulseN_Stop_IT
                0x00000000080040bc                HAL_TIMEx_ConfigCommutationEvent
                0x000000000800410c                HAL_TIMEx_ConfigCommutationEvent_IT
                0x0000000008004164                HAL_TIMEx_ConfigCommutationEvent_DMA
                0x00000000080041cc                HAL_TIM_OC_ConfigChannel
                0x0000000008004244                HAL_TIM_PWM_ConfigChannel
                0x000000000800436c                HAL_TIMEx_MasterConfigSynchronization
                0x00000000080043c0                HAL_TIMEx_ConfigBreakDeadTime
                0x000000000800444c                HAL_TIMEx_RemapConfig
                0x0000000008004478                HAL_TIMEx_GroupChannel5
                0x00000000080044b0                HAL_TIM_ConfigOCrefClear
                0x00000000080045dc                HAL_TIMEx_CommutationCallback
                0x00000000080045e0                TIMEx_DMACommutationCplt
                0x00000000080045f0                HAL_TIMEx_BreakCallback
                0x00000000080045f4                HAL_TIMEx_HallSensor_GetState
 .text          0x00000000080045fc       0xc0 ../../arctic_awesomeness/arch/stm32/f3/src/stm32f3xx_hal_timebase_tim.o
                0x00000000080045fc                HAL_InitTick
                0x0000000008004684                HAL_SuspendTick
                0x0000000008004698                HAL_ResumeTick
                0x00000000080046ac                HAL_TIM_PeriodElapsedCallback
                0x00000000080046b0                TIM6_DAC_IRQHandler
 .text          0x00000000080046bc     0x12d8 ../../arctic_awesomeness/arch/stm32/f3/src/stm32f3xx_hal_uart.o
                0x00000000080046c0                HAL_UART_MspDeInit
                0x00000000080046c4                HAL_UART_DeInit
                0x00000000080046fc                HAL_UART_Transmit_IT
                0x0000000008004744                HAL_UART_Receive_IT
                0x00000000080047c4                HAL_UART_Transmit_DMA
                0x0000000008004840                HAL_UART_Receive_DMA
                0x00000000080048c4                HAL_UART_DMAPause
                0x0000000008004924                HAL_UART_DMAResume
                0x000000000800498c                HAL_UART_DMAStop
                0x0000000008004a04                HAL_UART_Abort
                0x0000000008004a70                HAL_UART_AbortTransmit
                0x0000000008004aa8                HAL_UART_AbortReceive
                0x0000000008004aec                HAL_UART_TxCpltCallback
                0x0000000008004b1c                HAL_UART_TxHalfCpltCallback
                0x0000000008004b2c                HAL_UART_RxCpltCallback
                0x0000000008004b68                HAL_UART_RxHalfCpltCallback
                0x0000000008004b78                HAL_UART_ErrorCallback
                0x0000000008004bfc                HAL_UART_AbortCpltCallback
                0x0000000008004c00                HAL_UART_Abort_IT
                0x0000000008004d28                HAL_UART_AbortTransmitCpltCallback
                0x0000000008004d2c                HAL_UART_AbortTransmit_IT
                0x0000000008004da8                HAL_UART_AbortReceiveCpltCallback
                0x0000000008004dac                HAL_UART_AbortReceive_IT
                0x0000000008004e40                HAL_MultiProcessor_EnterMuteMode
                0x0000000008004e4c                HAL_HalfDuplex_EnableTransmitter
                0x0000000008004e88                HAL_HalfDuplex_EnableReceiver
                0x0000000008004ec4                HAL_LIN_SendBreak
                0x0000000008004ef8                HAL_UART_GetState
                0x0000000008004f04                HAL_UART_GetError
                0x0000000008004f08                UART_SetConfig
                0x0000000008005178                UART_AdvFeatureConfig
                0x0000000008005228                UART_WaitOnFlagUntilTimeout
                0x0000000008005290                HAL_UART_Transmit
                0x0000000008005348                HAL_UART_Receive
                0x0000000008005430                UART_CheckIdleState
                0x00000000080054a0                HAL_UART_Init
                0x000000000800550c                HAL_HalfDuplex_Init
                0x0000000008005584                HAL_LIN_Init
                0x0000000008005614                HAL_MultiProcessor_Init
                0x00000000080056a4                HAL_MultiProcessor_EnableMuteMode
                0x00000000080056d4                HAL_MultiProcessor_DisableMuteMode
                0x0000000008005704                UART_Transmit_IT
                0x000000000800576c                UART_EndTransmit_IT
                0x0000000008005788                UART_Receive_IT
                0x0000000008005800                HAL_UART_IRQHandler
                0x0000000008005960                UART_Wakeup_AddressConfig
 .text          0x0000000008005994      0x1b0 ../../arctic_awesomeness/arch/stm32/f3/src/stm32f3xx_hal_uart_ex.o
                0x0000000008005994                HAL_RS485Ex_Init
                0x0000000008005a24                HAL_UARTEx_WakeupCallback
                0x0000000008005a28                HAL_UARTEx_StopModeWakeUpSourceConfig
                0x0000000008005aa8                HAL_UARTEx_EnableStopMode
                0x0000000008005adc                HAL_UARTEx_DisableStopMode
                0x0000000008005b10                HAL_MultiProcessorEx_AddressLength_Set
 .text          0x0000000008005b44       0xd0 ../../arctic_awesomeness/arch/stm32/f3/src/CMSIS/system_stm32f3xx.o
                0x0000000008005b44                SystemInit
                0x0000000008005bb4                SystemCoreClockUpdate
 .text          0x0000000008005c14      0x248 demo6.o
                0x0000000008005c14                parallel_park
                0x0000000008005d1c                perpendicular_park
                0x0000000008005de4                init_sensors_values
                0x0000000008005e20                init_pins
 .text          0x0000000008005e5c       0x10 user_source/foo.o
                0x0000000008005e5c                foo
                0x0000000008005e60                TEST_FOO
 .text          0x0000000008005e6c       0x58 user_source/uart.o
                0x0000000008005e6c                uart_debug_init
                0x0000000008005e74                uart_init
                0x0000000008005e7c                uart_get_byte_blocking
                0x0000000008005e80                uart_send_byte_blocking
                0x0000000008005e84                uart_get_data_blocking
                0x0000000008005ea4                uart_send_data_blocking
 .text          0x0000000008005ec4      0x10c user_source/hal_interface/board_led.o
                0x0000000008005ec4                board_led_init
                0x0000000008005f08                board_led_on
                0x0000000008005f3c                board_led_off
                0x0000000008005f70                board_led_all_off
                0x0000000008005fa0                board_led_toggle
 .text          0x0000000008005fd0       0x7c user_source/hal_interface/cpu.o
                0x0000000008005fd0                cpu_init
                0x0000000008006020                cpu_sw_delay
                0x0000000008006038                cpu_sw_delay_us
 .text          0x000000000800604c      0x148 user_source/hal_interface/cube_hal_msp.o
                0x000000000800604c                HAL_TIM_PWM_MspInit
                0x00000000080060a4                HAL_TIM_Base_MspInit
                0x0000000008006118                HAL_UART_MspInit
 .text          0x0000000008006194      0x154 user_source/hal_interface/encoder_hal.o
                0x0000000008006194                init_encoders
                0x0000000008006218                EXTI4_IRQHandler
                0x0000000008006224                EXTI3_IRQHandler
                0x0000000008006230                encoders_Callback
 .text          0x00000000080062e8       0xfc user_source/hal_interface/frontQueue.o
                0x00000000080062e8                peek
                0x0000000008006300                isEmpty
                0x0000000008006310                isFull
                0x0000000008006324                size
                0x0000000008006330                insert
                0x0000000008006374                removeData
                0x00000000080063ac                init_queue
                0x00000000080063d0                average
 .text          0x00000000080063e4      0x190 user_source/hal_interface/newlib_stubs.o
                0x00000000080063e4                _exit
                0x0000000008006400                _close
                0x0000000008006408                _execve
                0x0000000008006418                _fork
                0x0000000008006428                _fstat
                0x0000000008006434                _getpid
                0x0000000008006438                _isatty
                0x0000000008006450                _kill
                0x0000000008006460                _link
                0x0000000008006470                _lseek
                0x0000000008006474                _read
                0x00000000080064a8                _stat
                0x00000000080064b4                _times
                0x00000000080064bc                _unlink
                0x00000000080064cc                _wait
                0x00000000080064dc                _write
                0x000000000800652c                _sbrk
 .text          0x0000000008006574      0x22c user_source/hal_interface/pwm_hal.o
                0x0000000008006574                init_pwm
                0x00000000080065cc                set_pwm
                0x0000000008006688                adjust
                0x0000000008006760                motors_control
 .text          0x00000000080067a0      0x478 user_source/hal_interface/sensor_hal.o
                0x00000000080067a0                init_echos
                0x0000000008006840                init_triggers
                0x00000000080068e4                init_timers
                0x0000000008006968                EXTI15_10_IRQHandler
                0x0000000008006974                EXTI9_5_IRQHandler
                0x000000000800698c                sensorsCallbacks
                0x0000000008006a94                HAL_GPIO_EXTI_Callback
                0x0000000008006bd4                trigger_sensor
                0x0000000008006bf4                init_tresh_dist
 .text          0x0000000008006c18       0x74 user_source/hal_interface/uart_hal.o
                0x0000000008006c18                uart_hal_init
                0x0000000008006c58                uart_hal_send_byte_blocking
                0x0000000008006c70                uart_hal_get_byte_blocking
 *fill*         0x0000000008006c8c        0x4 
 .text          0x0000000008006c90       0xa0 /Users/karlboukhalil/Documents/NYU/Semester 2/Real Time Embedded Systems/sandbox/gcc-arm-none-eabi-5_4-2016q3/bin/../lib/gcc/arm-none-eabi/5.4.1/../../../../arm-none-eabi/lib/armv7e-m/fpu/libc.a(lib_a-memchr.o)
                0x0000000008006c90                memchr
 .text          0x0000000008006d30      0x134 /Users/karlboukhalil/Documents/NYU/Semester 2/Real Time Embedded Systems/sandbox/gcc-arm-none-eabi-5_4-2016q3/bin/../lib/gcc/arm-none-eabi/5.4.1/../../../../arm-none-eabi/lib/armv7e-m/fpu/libc.a(lib_a-memcpy.o)
                0x0000000008006d30                memcpy
 *fill*         0x0000000008006e64       0x1c 
 .text          0x0000000008006e80       0xdc /Users/karlboukhalil/Documents/NYU/Semester 2/Real Time Embedded Systems/sandbox/gcc-arm-none-eabi-5_4-2016q3/bin/../lib/gcc/arm-none-eabi/5.4.1/../../../../arm-none-eabi/lib/armv7e-m/fpu/libc.a(lib_a-strlen.o)
                0x0000000008006e80                strlen
 .text          0x0000000008006f5c      0x370 /Users/karlboukhalil/Documents/NYU/Semester 2/Real Time Embedded Systems/sandbox/gcc-arm-none-eabi-5_4-2016q3/bin/../lib/gcc/arm-none-eabi/5.4.1/armv7e-m/fpu/libgcc.a(_arm_addsubdf3.o)
                0x0000000008006f5c                __aeabi_drsub
                0x0000000008006f64                __subdf3
                0x0000000008006f64                __aeabi_dsub
                0x0000000008006f68                __aeabi_dadd
                0x0000000008006f68                __adddf3
                0x00000000080071e0                __aeabi_ui2d
                0x00000000080071e0                __floatunsidf
                0x0000000008007200                __floatsidf
                0x0000000008007200                __aeabi_i2d
                0x0000000008007224                __extendsfdf2
                0x0000000008007224                __aeabi_f2d
                0x0000000008007260                __aeabi_ul2d
                0x0000000008007260                __floatundidf
                0x0000000008007270                __aeabi_l2d
                0x0000000008007270                __floatdidf
 .text          0x00000000080072cc      0x424 /Users/karlboukhalil/Documents/NYU/Semester 2/Real Time Embedded Systems/sandbox/gcc-arm-none-eabi-5_4-2016q3/bin/../lib/gcc/arm-none-eabi/5.4.1/armv7e-m/fpu/libgcc.a(_arm_muldivdf3.o)
                0x00000000080072cc                __aeabi_dmul
                0x00000000080072cc                __muldf3
                0x0000000008007520                __aeabi_ddiv
                0x0000000008007520                __divdf3
 .text          0x00000000080076f0      0x110 /Users/karlboukhalil/Documents/NYU/Semester 2/Real Time Embedded Systems/sandbox/gcc-arm-none-eabi-5_4-2016q3/bin/../lib/gcc/arm-none-eabi/5.4.1/armv7e-m/fpu/libgcc.a(_arm_cmpdf2.o)
                0x00000000080076f0                __gtdf2
                0x00000000080076f0                __gedf2
                0x00000000080076f8                __ltdf2
                0x00000000080076f8                __ledf2
                0x0000000008007700                __eqdf2
                0x0000000008007700                __nedf2
                0x0000000008007700                __cmpdf2
                0x000000000800777c                __aeabi_cdrcmple
                0x000000000800778c                __aeabi_cdcmple
                0x000000000800778c                __aeabi_cdcmpeq
                0x000000000800779c                __aeabi_dcmpeq
                0x00000000080077b0                __aeabi_dcmplt
                0x00000000080077c4                __aeabi_dcmple
                0x00000000080077d8                __aeabi_dcmpge
                0x00000000080077ec                __aeabi_dcmpgt
 .text          0x0000000008007800       0x2c /Users/karlboukhalil/Documents/NYU/Semester 2/Real Time Embedded Systems/sandbox/gcc-arm-none-eabi-5_4-2016q3/bin/../lib/gcc/arm-none-eabi/5.4.1/armv7e-m/fpu/libgcc.a(_arm_unorddf2.o)
                0x0000000008007800                __aeabi_dcmpun
                0x0000000008007800                __unorddf2
 .text          0x000000000800782c       0x50 /Users/karlboukhalil/Documents/NYU/Semester 2/Real Time Embedded Systems/sandbox/gcc-arm-none-eabi-5_4-2016q3/bin/../lib/gcc/arm-none-eabi/5.4.1/armv7e-m/fpu/libgcc.a(_arm_fixdfsi.o)
                0x000000000800782c                __fixdfsi
                0x000000000800782c                __aeabi_d2iz
 .text          0x000000000800787c       0x30 /Users/karlboukhalil/Documents/NYU/Semester 2/Real Time Embedded Systems/sandbox/gcc-arm-none-eabi-5_4-2016q3/bin/../lib/gcc/arm-none-eabi/5.4.1/armv7e-m/fpu/libgcc.a(_aeabi_uldivmod.o)
                0x000000000800787c                __aeabi_uldivmod
 .text          0x00000000080078ac      0x2e4 /Users/karlboukhalil/Documents/NYU/Semester 2/Real Time Embedded Systems/sandbox/gcc-arm-none-eabi-5_4-2016q3/bin/../lib/gcc/arm-none-eabi/5.4.1/armv7e-m/fpu/libgcc.a(_udivmoddi4.o)
                0x00000000080078ac                __udivmoddi4
 .text          0x0000000008007b90        0x4 /Users/karlboukhalil/Documents/NYU/Semester 2/Real Time Embedded Systems/sandbox/gcc-arm-none-eabi-5_4-2016q3/bin/../lib/gcc/arm-none-eabi/5.4.1/armv7e-m/fpu/libgcc.a(_dvmd_tls.o)
                0x0000000008007b90                __aeabi_ldiv0
                0x0000000008007b90                __aeabi_idiv0
 *(.text*)
 .text.__libc_init_array
                0x0000000008007b94       0x50 /Users/karlboukhalil/Documents/NYU/Semester 2/Real Time Embedded Systems/sandbox/gcc-arm-none-eabi-5_4-2016q3/bin/../lib/gcc/arm-none-eabi/5.4.1/../../../../arm-none-eabi/lib/armv7e-m/fpu/libc.a(lib_a-init.o)
                0x0000000008007b94                __libc_init_array
 .text.memset   0x0000000008007be4       0x9c /Users/karlboukhalil/Documents/NYU/Semester 2/Real Time Embedded Systems/sandbox/gcc-arm-none-eabi-5_4-2016q3/bin/../lib/gcc/arm-none-eabi/5.4.1/../../../../arm-none-eabi/lib/armv7e-m/fpu/libc.a(lib_a-memset.o)
                0x0000000008007be4                memset
 .text.startup.register_fini
                0x0000000008007c80       0x14 /Users/karlboukhalil/Documents/NYU/Semester 2/Real Time Embedded Systems/sandbox/gcc-arm-none-eabi-5_4-2016q3/bin/../lib/gcc/arm-none-eabi/5.4.1/../../../../arm-none-eabi/lib/armv7e-m/fpu/libc.a(lib_a-__call_atexit.o)
 .text.atexit   0x0000000008007c94        0xc /Users/karlboukhalil/Documents/NYU/Semester 2/Real Time Embedded Systems/sandbox/gcc-arm-none-eabi-5_4-2016q3/bin/../lib/gcc/arm-none-eabi/5.4.1/../../../../arm-none-eabi/lib/armv7e-m/fpu/libc.a(lib_a-atexit.o)
                0x0000000008007c94                atexit
 .text.__libc_fini_array
                0x0000000008007ca0       0x28 /Users/karlboukhalil/Documents/NYU/Semester 2/Real Time Embedded Systems/sandbox/gcc-arm-none-eabi-5_4-2016q3/bin/../lib/gcc/arm-none-eabi/5.4.1/../../../../arm-none-eabi/lib/armv7e-m/fpu/libc.a(lib_a-fini.o)
                0x0000000008007ca0                __libc_fini_array
 .text.__register_exitproc
                0x0000000008007cc8       0xa4 /Users/karlboukhalil/Documents/NYU/Semester 2/Real Time Embedded Systems/sandbox/gcc-arm-none-eabi-5_4-2016q3/bin/../lib/gcc/arm-none-eabi/5.4.1/../../../../arm-none-eabi/lib/armv7e-m/fpu/libc.a(lib_a-__atexit.o)
                0x0000000008007cc8                __register_exitproc
 .text.Reset_Handler
                0x0000000008007d6c       0x50 ../../arctic_awesomeness/arch/stm32/f3/src/CMSIS/startup_stm32f303xc.o
                0x0000000008007d6c                Reset_Handler
 .text.Default_Handler
                0x0000000008007dbc        0x2 ../../arctic_awesomeness/arch/stm32/f3/src/CMSIS/startup_stm32f303xc.o
                0x0000000008007dbc                TIM1_BRK_TIM15_IRQHandler
                0x0000000008007dbc                TIM8_TRG_COM_IRQHandler
                0x0000000008007dbc                TIM8_CC_IRQHandler
                0x0000000008007dbc                DebugMon_Handler
                0x0000000008007dbc                TIM1_CC_IRQHandler
                0x0000000008007dbc                HardFault_Handler
                0x0000000008007dbc                USB_HP_IRQHandler
                0x0000000008007dbc                SysTick_Handler
                0x0000000008007dbc                PVD_IRQHandler
                0x0000000008007dbc                TAMP_STAMP_IRQHandler
                0x0000000008007dbc                PendSV_Handler
                0x0000000008007dbc                NMI_Handler
                0x0000000008007dbc                USB_HP_CAN_TX_IRQHandler
                0x0000000008007dbc                EXTI0_IRQHandler
                0x0000000008007dbc                I2C2_EV_IRQHandler
                0x0000000008007dbc                FPU_IRQHandler
                0x0000000008007dbc                TIM1_UP_TIM16_IRQHandler
                0x0000000008007dbc                UsageFault_Handler
                0x0000000008007dbc                ADC1_2_IRQHandler
                0x0000000008007dbc                SPI1_IRQHandler
                0x0000000008007dbc                CAN_SCE_IRQHandler
                0x0000000008007dbc                TIM8_UP_IRQHandler
                0x0000000008007dbc                DMA2_Channel2_IRQHandler
                0x0000000008007dbc                DMA1_Channel4_IRQHandler
                0x0000000008007dbc                USART3_IRQHandler
                0x0000000008007dbc                DMA1_Channel7_IRQHandler
                0x0000000008007dbc                UART5_IRQHandler
                0x0000000008007dbc                ADC3_IRQHandler
                0x0000000008007dbc                TIM4_IRQHandler
                0x0000000008007dbc                CAN_RX1_IRQHandler
                0x0000000008007dbc                DMA2_Channel1_IRQHandler
                0x0000000008007dbc                I2C1_EV_IRQHandler
                0x0000000008007dbc                DMA1_Channel6_IRQHandler
                0x0000000008007dbc                UART4_IRQHandler
                0x0000000008007dbc                DMA2_Channel4_IRQHandler
                0x0000000008007dbc                TIM3_IRQHandler
                0x0000000008007dbc                RCC_IRQHandler
                0x0000000008007dbc                DMA1_Channel1_IRQHandler
                0x0000000008007dbc                Default_Handler
                0x0000000008007dbc                USBWakeUp_RMP_IRQHandler
                0x0000000008007dbc                TIM7_IRQHandler
                0x0000000008007dbc                RTC_WKUP_IRQHandler
                0x0000000008007dbc                SPI2_IRQHandler
                0x0000000008007dbc                USB_LP_CAN_RX0_IRQHandler
                0x0000000008007dbc                MemManage_Handler
                0x0000000008007dbc                SVC_Handler
                0x0000000008007dbc                DMA2_Channel5_IRQHandler
                0x0000000008007dbc                DMA1_Channel5_IRQHandler
                0x0000000008007dbc                USB_LP_IRQHandler
                0x0000000008007dbc                TIM1_TRG_COM_TIM17_IRQHandler
                0x0000000008007dbc                DMA1_Channel3_IRQHandler
                0x0000000008007dbc                ADC4_IRQHandler
                0x0000000008007dbc                WWDG_IRQHandler
                0x0000000008007dbc                TIM2_IRQHandler
                0x0000000008007dbc                COMP7_IRQHandler
                0x0000000008007dbc                COMP1_2_3_IRQHandler
                0x0000000008007dbc                EXTI1_IRQHandler
                0x0000000008007dbc                USART2_IRQHandler
                0x0000000008007dbc                COMP4_5_6_IRQHandler
                0x0000000008007dbc                I2C2_ER_IRQHandler
                0x0000000008007dbc                DMA1_Channel2_IRQHandler
                0x0000000008007dbc                TIM8_BRK_IRQHandler
                0x0000000008007dbc                FLASH_IRQHandler
                0x0000000008007dbc                BusFault_Handler
                0x0000000008007dbc                USART1_IRQHandler
                0x0000000008007dbc                SPI3_IRQHandler
                0x0000000008007dbc                I2C1_ER_IRQHandler
                0x0000000008007dbc                USBWakeUp_IRQHandler
                0x0000000008007dbc                DMA2_Channel3_IRQHandler
                0x0000000008007dbc                EXTI2_TSC_IRQHandler
                0x0000000008007dbc                RTC_Alarm_IRQHandler
 *fill*         0x0000000008007dbe        0x2 
 .text.startup  0x0000000008007dc0      0x400 demo6.o
                0x0000000008007dc0                main
 .text.printf   0x00000000080081c0       0x28 /Users/karlboukhalil/Documents/NYU/Semester 2/Real Time Embedded Systems/sandbox/gcc-arm-none-eabi-5_4-2016q3/bin/../lib/gcc/arm-none-eabi/5.4.1/../../../../arm-none-eabi/lib/armv7e-m/fpu/libc.a(lib_a-printf.o)
                0x00000000080081c0                printf
 .text.setvbuf  0x00000000080081e8      0x150 /Users/karlboukhalil/Documents/NYU/Semester 2/Real Time Embedded Systems/sandbox/gcc-arm-none-eabi-5_4-2016q3/bin/../lib/gcc/arm-none-eabi/5.4.1/../../../../arm-none-eabi/lib/armv7e-m/fpu/libc.a(lib_a-setvbuf.o)
                0x00000000080081e8                setvbuf
 .text._vfprintf_r
                0x0000000008008338     0x1728 /Users/karlboukhalil/Documents/NYU/Semester 2/Real Time Embedded Systems/sandbox/gcc-arm-none-eabi-5_4-2016q3/bin/../lib/gcc/arm-none-eabi/5.4.1/../../../../arm-none-eabi/lib/armv7e-m/fpu/libc.a(lib_a-vfprintf.o)
                0x0000000008008338                _vfprintf_r
 .text.__sbprintf
                0x0000000008009a60       0x6c /Users/karlboukhalil/Documents/NYU/Semester 2/Real Time Embedded Systems/sandbox/gcc-arm-none-eabi-5_4-2016q3/bin/../lib/gcc/arm-none-eabi/5.4.1/../../../../arm-none-eabi/lib/armv7e-m/fpu/libc.a(lib_a-vfprintf.o)
 .text.__swsetup_r
                0x0000000008009acc       0xc8 /Users/karlboukhalil/Documents/NYU/Semester 2/Real Time Embedded Systems/sandbox/gcc-arm-none-eabi-5_4-2016q3/bin/../lib/gcc/arm-none-eabi/5.4.1/../../../../arm-none-eabi/lib/armv7e-m/fpu/libc.a(lib_a-wsetup.o)
                0x0000000008009acc                __swsetup_r
 .text.quorem   0x0000000008009b94      0x128 /Users/karlboukhalil/Documents/NYU/Semester 2/Real Time Embedded Systems/sandbox/gcc-arm-none-eabi-5_4-2016q3/bin/../lib/gcc/arm-none-eabi/5.4.1/../../../../arm-none-eabi/lib/armv7e-m/fpu/libc.a(lib_a-dtoa.o)
 *fill*         0x0000000008009cbc        0x4 
 .text._dtoa_r  0x0000000008009cc0      0xe34 /Users/karlboukhalil/Documents/NYU/Semester 2/Real Time Embedded Systems/sandbox/gcc-arm-none-eabi-5_4-2016q3/bin/../lib/gcc/arm-none-eabi/5.4.1/../../../../arm-none-eabi/lib/armv7e-m/fpu/libc.a(lib_a-dtoa.o)
                0x0000000008009cc0                _dtoa_r
 .text.__sflush_r
                0x000000000800aaf4      0x148 /Users/karlboukhalil/Documents/NYU/Semester 2/Real Time Embedded Systems/sandbox/gcc-arm-none-eabi-5_4-2016q3/bin/../lib/gcc/arm-none-eabi/5.4.1/../../../../arm-none-eabi/lib/armv7e-m/fpu/libc.a(lib_a-fflush.o)
                0x000000000800aaf4                __sflush_r
 .text._fflush_r
                0x000000000800ac3c       0x2c /Users/karlboukhalil/Documents/NYU/Semester 2/Real Time Embedded Systems/sandbox/gcc-arm-none-eabi-5_4-2016q3/bin/../lib/gcc/arm-none-eabi/5.4.1/../../../../arm-none-eabi/lib/armv7e-m/fpu/libc.a(lib_a-fflush.o)
                0x000000000800ac3c                _fflush_r
 .text._cleanup_r
                0x000000000800ac68        0xc /Users/karlboukhalil/Documents/NYU/Semester 2/Real Time Embedded Systems/sandbox/gcc-arm-none-eabi-5_4-2016q3/bin/../lib/gcc/arm-none-eabi/5.4.1/../../../../arm-none-eabi/lib/armv7e-m/fpu/libc.a(lib_a-findfp.o)
                0x000000000800ac68                _cleanup_r
 .text.__sinit.part.1
                0x000000000800ac74       0xf0 /Users/karlboukhalil/Documents/NYU/Semester 2/Real Time Embedded Systems/sandbox/gcc-arm-none-eabi-5_4-2016q3/bin/../lib/gcc/arm-none-eabi/5.4.1/../../../../arm-none-eabi/lib/armv7e-m/fpu/libc.a(lib_a-findfp.o)
 .text.__sinit  0x000000000800ad64        0xc /Users/karlboukhalil/Documents/NYU/Semester 2/Real Time Embedded Systems/sandbox/gcc-arm-none-eabi-5_4-2016q3/bin/../lib/gcc/arm-none-eabi/5.4.1/../../../../arm-none-eabi/lib/armv7e-m/fpu/libc.a(lib_a-findfp.o)
                0x000000000800ad64                __sinit
 .text.__sfp_lock_acquire
                0x000000000800ad70        0x4 /Users/karlboukhalil/Documents/NYU/Semester 2/Real Time Embedded Systems/sandbox/gcc-arm-none-eabi-5_4-2016q3/bin/../lib/gcc/arm-none-eabi/5.4.1/../../../../arm-none-eabi/lib/armv7e-m/fpu/libc.a(lib_a-findfp.o)
                0x000000000800ad70                __sfp_lock_acquire
 .text.__sfp_lock_release
                0x000000000800ad74        0x4 /Users/karlboukhalil/Documents/NYU/Semester 2/Real Time Embedded Systems/sandbox/gcc-arm-none-eabi-5_4-2016q3/bin/../lib/gcc/arm-none-eabi/5.4.1/../../../../arm-none-eabi/lib/armv7e-m/fpu/libc.a(lib_a-findfp.o)
                0x000000000800ad74                __sfp_lock_release
 .text._malloc_trim_r
                0x000000000800ad78       0x9c /Users/karlboukhalil/Documents/NYU/Semester 2/Real Time Embedded Systems/sandbox/gcc-arm-none-eabi-5_4-2016q3/bin/../lib/gcc/arm-none-eabi/5.4.1/../../../../arm-none-eabi/lib/armv7e-m/fpu/libc.a(lib_a-freer.o)
                0x000000000800ad78                _malloc_trim_r
 .text._free_r  0x000000000800ae14      0x1d0 /Users/karlboukhalil/Documents/NYU/Semester 2/Real Time Embedded Systems/sandbox/gcc-arm-none-eabi-5_4-2016q3/bin/../lib/gcc/arm-none-eabi/5.4.1/../../../../arm-none-eabi/lib/armv7e-m/fpu/libc.a(lib_a-freer.o)
                0x000000000800ae14                _free_r
 .text._fwalk_reent
                0x000000000800afe4       0x54 /Users/karlboukhalil/Documents/NYU/Semester 2/Real Time Embedded Systems/sandbox/gcc-arm-none-eabi-5_4-2016q3/bin/../lib/gcc/arm-none-eabi/5.4.1/../../../../arm-none-eabi/lib/armv7e-m/fpu/libc.a(lib_a-fwalk.o)
                0x000000000800afe4                _fwalk_reent
 .text._localeconv_r
                0x000000000800b038       0x1c /Users/karlboukhalil/Documents/NYU/Semester 2/Real Time Embedded Systems/sandbox/gcc-arm-none-eabi-5_4-2016q3/bin/../lib/gcc/arm-none-eabi/5.4.1/../../../../arm-none-eabi/lib/armv7e-m/fpu/libc.a(lib_a-localeconv.o)
                0x000000000800b038                _localeconv_r
 .text.__swhatbuf_r
                0x000000000800b054       0x60 /Users/karlboukhalil/Documents/NYU/Semester 2/Real Time Embedded Systems/sandbox/gcc-arm-none-eabi-5_4-2016q3/bin/../lib/gcc/arm-none-eabi/5.4.1/../../../../arm-none-eabi/lib/armv7e-m/fpu/libc.a(lib_a-makebuf.o)
                0x000000000800b054                __swhatbuf_r
 .text.__smakebuf_r
                0x000000000800b0b4       0x88 /Users/karlboukhalil/Documents/NYU/Semester 2/Real Time Embedded Systems/sandbox/gcc-arm-none-eabi-5_4-2016q3/bin/../lib/gcc/arm-none-eabi/5.4.1/../../../../arm-none-eabi/lib/armv7e-m/fpu/libc.a(lib_a-makebuf.o)
                0x000000000800b0b4                __smakebuf_r
 .text.malloc   0x000000000800b13c       0x10 /Users/karlboukhalil/Documents/NYU/Semester 2/Real Time Embedded Systems/sandbox/gcc-arm-none-eabi-5_4-2016q3/bin/../lib/gcc/arm-none-eabi/5.4.1/../../../../arm-none-eabi/lib/armv7e-m/fpu/libc.a(lib_a-malloc.o)
                0x000000000800b13c                malloc
 .text._malloc_r
                0x000000000800b14c      0x570 /Users/karlboukhalil/Documents/NYU/Semester 2/Real Time Embedded Systems/sandbox/gcc-arm-none-eabi-5_4-2016q3/bin/../lib/gcc/arm-none-eabi/5.4.1/../../../../arm-none-eabi/lib/armv7e-m/fpu/libc.a(lib_a-mallocr.o)
                0x000000000800b14c                _malloc_r
 .text.__malloc_lock
                0x000000000800b6bc        0x4 /Users/karlboukhalil/Documents/NYU/Semester 2/Real Time Embedded Systems/sandbox/gcc-arm-none-eabi-5_4-2016q3/bin/../lib/gcc/arm-none-eabi/5.4.1/../../../../arm-none-eabi/lib/armv7e-m/fpu/libc.a(lib_a-mlock.o)
                0x000000000800b6bc                __malloc_lock
 .text.__malloc_unlock
                0x000000000800b6c0        0x4 /Users/karlboukhalil/Documents/NYU/Semester 2/Real Time Embedded Systems/sandbox/gcc-arm-none-eabi-5_4-2016q3/bin/../lib/gcc/arm-none-eabi/5.4.1/../../../../arm-none-eabi/lib/armv7e-m/fpu/libc.a(lib_a-mlock.o)
                0x000000000800b6c0                __malloc_unlock
 .text._Balloc  0x000000000800b6c4       0x4c /Users/karlboukhalil/Documents/NYU/Semester 2/Real Time Embedded Systems/sandbox/gcc-arm-none-eabi-5_4-2016q3/bin/../lib/gcc/arm-none-eabi/5.4.1/../../../../arm-none-eabi/lib/armv7e-m/fpu/libc.a(lib_a-mprec.o)
                0x000000000800b6c4                _Balloc
 .text._Bfree   0x000000000800b710       0x14 /Users/karlboukhalil/Documents/NYU/Semester 2/Real Time Embedded Systems/sandbox/gcc-arm-none-eabi-5_4-2016q3/bin/../lib/gcc/arm-none-eabi/5.4.1/../../../../arm-none-eabi/lib/armv7e-m/fpu/libc.a(lib_a-mprec.o)
                0x000000000800b710                _Bfree
 .text.__multadd
                0x000000000800b724       0x80 /Users/karlboukhalil/Documents/NYU/Semester 2/Real Time Embedded Systems/sandbox/gcc-arm-none-eabi-5_4-2016q3/bin/../lib/gcc/arm-none-eabi/5.4.1/../../../../arm-none-eabi/lib/armv7e-m/fpu/libc.a(lib_a-mprec.o)
                0x000000000800b724                __multadd
 .text.__hi0bits
                0x000000000800b7a4       0x40 /Users/karlboukhalil/Documents/NYU/Semester 2/Real Time Embedded Systems/sandbox/gcc-arm-none-eabi-5_4-2016q3/bin/../lib/gcc/arm-none-eabi/5.4.1/../../../../arm-none-eabi/lib/armv7e-m/fpu/libc.a(lib_a-mprec.o)
                0x000000000800b7a4                __hi0bits
 .text.__lo0bits
                0x000000000800b7e4       0x5c /Users/karlboukhalil/Documents/NYU/Semester 2/Real Time Embedded Systems/sandbox/gcc-arm-none-eabi-5_4-2016q3/bin/../lib/gcc/arm-none-eabi/5.4.1/../../../../arm-none-eabi/lib/armv7e-m/fpu/libc.a(lib_a-mprec.o)
                0x000000000800b7e4                __lo0bits
 .text.__i2b    0x000000000800b840       0x14 /Users/karlboukhalil/Documents/NYU/Semester 2/Real Time Embedded Systems/sandbox/gcc-arm-none-eabi-5_4-2016q3/bin/../lib/gcc/arm-none-eabi/5.4.1/../../../../arm-none-eabi/lib/armv7e-m/fpu/libc.a(lib_a-mprec.o)
                0x000000000800b840                __i2b
 .text.__multiply
                0x000000000800b854      0x130 /Users/karlboukhalil/Documents/NYU/Semester 2/Real Time Embedded Systems/sandbox/gcc-arm-none-eabi-5_4-2016q3/bin/../lib/gcc/arm-none-eabi/5.4.1/../../../../arm-none-eabi/lib/armv7e-m/fpu/libc.a(lib_a-mprec.o)
                0x000000000800b854                __multiply
 .text.__pow5mult
                0x000000000800b984       0xa0 /Users/karlboukhalil/Documents/NYU/Semester 2/Real Time Embedded Systems/sandbox/gcc-arm-none-eabi-5_4-2016q3/bin/../lib/gcc/arm-none-eabi/5.4.1/../../../../arm-none-eabi/lib/armv7e-m/fpu/libc.a(lib_a-mprec.o)
                0x000000000800b984                __pow5mult
 .text.__lshift
                0x000000000800ba24       0xb0 /Users/karlboukhalil/Documents/NYU/Semester 2/Real Time Embedded Systems/sandbox/gcc-arm-none-eabi-5_4-2016q3/bin/../lib/gcc/arm-none-eabi/5.4.1/../../../../arm-none-eabi/lib/armv7e-m/fpu/libc.a(lib_a-mprec.o)
                0x000000000800ba24                __lshift
 .text.__mcmp   0x000000000800bad4       0x44 /Users/karlboukhalil/Documents/NYU/Semester 2/Real Time Embedded Systems/sandbox/gcc-arm-none-eabi-5_4-2016q3/bin/../lib/gcc/arm-none-eabi/5.4.1/../../../../arm-none-eabi/lib/armv7e-m/fpu/libc.a(lib_a-mprec.o)
                0x000000000800bad4                __mcmp
 .text.__mdiff  0x000000000800bb18      0x114 /Users/karlboukhalil/Documents/NYU/Semester 2/Real Time Embedded Systems/sandbox/gcc-arm-none-eabi-5_4-2016q3/bin/../lib/gcc/arm-none-eabi/5.4.1/../../../../arm-none-eabi/lib/armv7e-m/fpu/libc.a(lib_a-mprec.o)
                0x000000000800bb18                __mdiff
 .text.__d2b    0x000000000800bc2c       0xbc /Users/karlboukhalil/Documents/NYU/Semester 2/Real Time Embedded Systems/sandbox/gcc-arm-none-eabi-5_4-2016q3/bin/../lib/gcc/arm-none-eabi/5.4.1/../../../../arm-none-eabi/lib/armv7e-m/fpu/libc.a(lib_a-mprec.o)
                0x000000000800bc2c                __d2b
 .text._sbrk_r  0x000000000800bce8       0x24 /Users/karlboukhalil/Documents/NYU/Semester 2/Real Time Embedded Systems/sandbox/gcc-arm-none-eabi-5_4-2016q3/bin/../lib/gcc/arm-none-eabi/5.4.1/../../../../arm-none-eabi/lib/armv7e-m/fpu/libc.a(lib_a-sbrkr.o)
                0x000000000800bce8                _sbrk_r
 .text.__sread  0x000000000800bd0c       0x24 /Users/karlboukhalil/Documents/NYU/Semester 2/Real Time Embedded Systems/sandbox/gcc-arm-none-eabi-5_4-2016q3/bin/../lib/gcc/arm-none-eabi/5.4.1/../../../../arm-none-eabi/lib/armv7e-m/fpu/libc.a(lib_a-stdio.o)
                0x000000000800bd0c                __sread
 .text.__swrite
                0x000000000800bd30       0x3c /Users/karlboukhalil/Documents/NYU/Semester 2/Real Time Embedded Systems/sandbox/gcc-arm-none-eabi-5_4-2016q3/bin/../lib/gcc/arm-none-eabi/5.4.1/../../../../arm-none-eabi/lib/armv7e-m/fpu/libc.a(lib_a-stdio.o)
                0x000000000800bd30                __swrite
 .text.__sseek  0x000000000800bd6c       0x20 /Users/karlboukhalil/Documents/NYU/Semester 2/Real Time Embedded Systems/sandbox/gcc-arm-none-eabi-5_4-2016q3/bin/../lib/gcc/arm-none-eabi/5.4.1/../../../../arm-none-eabi/lib/armv7e-m/fpu/libc.a(lib_a-stdio.o)
                0x000000000800bd6c                __sseek
 .text.__sclose
                0x000000000800bd8c        0x8 /Users/karlboukhalil/Documents/NYU/Semester 2/Real Time Embedded Systems/sandbox/gcc-arm-none-eabi-5_4-2016q3/bin/../lib/gcc/arm-none-eabi/5.4.1/../../../../arm-none-eabi/lib/armv7e-m/fpu/libc.a(lib_a-stdio.o)
                0x000000000800bd8c                __sclose
 .text.__sprint_r.part.0
                0x000000000800bd94       0x78 /Users/karlboukhalil/Documents/NYU/Semester 2/Real Time Embedded Systems/sandbox/gcc-arm-none-eabi-5_4-2016q3/bin/../lib/gcc/arm-none-eabi/5.4.1/../../../../arm-none-eabi/lib/armv7e-m/fpu/libc.a(lib_a-vfiprintf.o)
 .text.__sprint_r
                0x000000000800be0c       0x14 /Users/karlboukhalil/Documents/NYU/Semester 2/Real Time Embedded Systems/sandbox/gcc-arm-none-eabi-5_4-2016q3/bin/../lib/gcc/arm-none-eabi/5.4.1/../../../../arm-none-eabi/lib/armv7e-m/fpu/libc.a(lib_a-vfiprintf.o)
                0x000000000800be0c                __sprint_r
 .text._write_r
                0x000000000800be20       0x2c /Users/karlboukhalil/Documents/NYU/Semester 2/Real Time Embedded Systems/sandbox/gcc-arm-none-eabi-5_4-2016q3/bin/../lib/gcc/arm-none-eabi/5.4.1/../../../../arm-none-eabi/lib/armv7e-m/fpu/libc.a(lib_a-writer.o)
                0x000000000800be20                _write_r
 .text._calloc_r
                0x000000000800be4c       0x60 /Users/karlboukhalil/Documents/NYU/Semester 2/Real Time Embedded Systems/sandbox/gcc-arm-none-eabi-5_4-2016q3/bin/../lib/gcc/arm-none-eabi/5.4.1/../../../../arm-none-eabi/lib/armv7e-m/fpu/libc.a(lib_a-callocr.o)
                0x000000000800be4c                _calloc_r
 .text._close_r
                0x000000000800beac       0x24 /Users/karlboukhalil/Documents/NYU/Semester 2/Real Time Embedded Systems/sandbox/gcc-arm-none-eabi-5_4-2016q3/bin/../lib/gcc/arm-none-eabi/5.4.1/../../../../arm-none-eabi/lib/armv7e-m/fpu/libc.a(lib_a-closer.o)
                0x000000000800beac                _close_r
 .text._fclose_r
                0x000000000800bed0       0x84 /Users/karlboukhalil/Documents/NYU/Semester 2/Real Time Embedded Systems/sandbox/gcc-arm-none-eabi-5_4-2016q3/bin/../lib/gcc/arm-none-eabi/5.4.1/../../../../arm-none-eabi/lib/armv7e-m/fpu/libc.a(lib_a-fclose.o)
                0x000000000800bed0                _fclose_r
 .text.__fputwc
                0x000000000800bf54       0x98 /Users/karlboukhalil/Documents/NYU/Semester 2/Real Time Embedded Systems/sandbox/gcc-arm-none-eabi-5_4-2016q3/bin/../lib/gcc/arm-none-eabi/5.4.1/../../../../arm-none-eabi/lib/armv7e-m/fpu/libc.a(lib_a-fputwc.o)
                0x000000000800bf54                __fputwc
 .text._fputwc_r
                0x000000000800bfec       0x28 /Users/karlboukhalil/Documents/NYU/Semester 2/Real Time Embedded Systems/sandbox/gcc-arm-none-eabi-5_4-2016q3/bin/../lib/gcc/arm-none-eabi/5.4.1/../../../../arm-none-eabi/lib/armv7e-m/fpu/libc.a(lib_a-fputwc.o)
                0x000000000800bfec                _fputwc_r
 .text._fstat_r
                0x000000000800c014       0x28 /Users/karlboukhalil/Documents/NYU/Semester 2/Real Time Embedded Systems/sandbox/gcc-arm-none-eabi-5_4-2016q3/bin/../lib/gcc/arm-none-eabi/5.4.1/../../../../arm-none-eabi/lib/armv7e-m/fpu/libc.a(lib_a-fstatr.o)
                0x000000000800c014                _fstat_r
 .text.__sfvwrite_r
                0x000000000800c03c      0x304 /Users/karlboukhalil/Documents/NYU/Semester 2/Real Time Embedded Systems/sandbox/gcc-arm-none-eabi-5_4-2016q3/bin/../lib/gcc/arm-none-eabi/5.4.1/../../../../arm-none-eabi/lib/armv7e-m/fpu/libc.a(lib_a-fvwrite.o)
                0x000000000800c03c                __sfvwrite_r
 .text._isatty_r
                0x000000000800c340       0x24 /Users/karlboukhalil/Documents/NYU/Semester 2/Real Time Embedded Systems/sandbox/gcc-arm-none-eabi-5_4-2016q3/bin/../lib/gcc/arm-none-eabi/5.4.1/../../../../arm-none-eabi/lib/armv7e-m/fpu/libc.a(lib_a-isattyr.o)
                0x000000000800c340                _isatty_r
 .text.__locale_mb_cur_max
                0x000000000800c364       0x1c /Users/karlboukhalil/Documents/NYU/Semester 2/Real Time Embedded Systems/sandbox/gcc-arm-none-eabi-5_4-2016q3/bin/../lib/gcc/arm-none-eabi/5.4.1/../../../../arm-none-eabi/lib/armv7e-m/fpu/libc.a(lib_a-locale.o)
                0x000000000800c364                __locale_mb_cur_max
 .text._lseek_r
                0x000000000800c380       0x2c /Users/karlboukhalil/Documents/NYU/Semester 2/Real Time Embedded Systems/sandbox/gcc-arm-none-eabi-5_4-2016q3/bin/../lib/gcc/arm-none-eabi/5.4.1/../../../../arm-none-eabi/lib/armv7e-m/fpu/libc.a(lib_a-lseekr.o)
                0x000000000800c380                _lseek_r
 .text.__ascii_mbtowc
                0x000000000800c3ac       0x2c /Users/karlboukhalil/Documents/NYU/Semester 2/Real Time Embedded Systems/sandbox/gcc-arm-none-eabi-5_4-2016q3/bin/../lib/gcc/arm-none-eabi/5.4.1/../../../../arm-none-eabi/lib/armv7e-m/fpu/libc.a(lib_a-mbtowc_r.o)
                0x000000000800c3ac                __ascii_mbtowc
 .text.memmove  0x000000000800c3d8       0xc8 /Users/karlboukhalil/Documents/NYU/Semester 2/Real Time Embedded Systems/sandbox/gcc-arm-none-eabi-5_4-2016q3/bin/../lib/gcc/arm-none-eabi/5.4.1/../../../../arm-none-eabi/lib/armv7e-m/fpu/libc.a(lib_a-memmove.o)
                0x000000000800c3d8                memmove
 .text._read_r  0x000000000800c4a0       0x2c /Users/karlboukhalil/Documents/NYU/Semester 2/Real Time Embedded Systems/sandbox/gcc-arm-none-eabi-5_4-2016q3/bin/../lib/gcc/arm-none-eabi/5.4.1/../../../../arm-none-eabi/lib/armv7e-m/fpu/libc.a(lib_a-readr.o)
                0x000000000800c4a0                _read_r
 .text._realloc_r
                0x000000000800c4cc      0x3e0 /Users/karlboukhalil/Documents/NYU/Semester 2/Real Time Embedded Systems/sandbox/gcc-arm-none-eabi-5_4-2016q3/bin/../lib/gcc/arm-none-eabi/5.4.1/../../../../arm-none-eabi/lib/armv7e-m/fpu/libc.a(lib_a-reallocr.o)
                0x000000000800c4cc                _realloc_r
 .text.__swbuf_r
                0x000000000800c8ac       0xac /Users/karlboukhalil/Documents/NYU/Semester 2/Real Time Embedded Systems/sandbox/gcc-arm-none-eabi-5_4-2016q3/bin/../lib/gcc/arm-none-eabi/5.4.1/../../../../arm-none-eabi/lib/armv7e-m/fpu/libc.a(lib_a-wbuf.o)
                0x000000000800c8ac                __swbuf_r
 .text._wcrtomb_r
                0x000000000800c958       0x54 /Users/karlboukhalil/Documents/NYU/Semester 2/Real Time Embedded Systems/sandbox/gcc-arm-none-eabi-5_4-2016q3/bin/../lib/gcc/arm-none-eabi/5.4.1/../../../../arm-none-eabi/lib/armv7e-m/fpu/libc.a(lib_a-wcrtomb.o)
                0x000000000800c958                _wcrtomb_r
 .text.__ascii_wctomb
                0x000000000800c9ac       0x1c /Users/karlboukhalil/Documents/NYU/Semester 2/Real Time Embedded Systems/sandbox/gcc-arm-none-eabi-5_4-2016q3/bin/../lib/gcc/arm-none-eabi/5.4.1/../../../../arm-none-eabi/lib/armv7e-m/fpu/libc.a(lib_a-wctomb_r.o)
                0x000000000800c9ac                __ascii_wctomb
 *(.glue_7)
 .glue_7        0x000000000800c9c8        0x0 linker stubs
 *(.glue_7t)
 .glue_7t       0x000000000800c9c8        0x0 linker stubs
 *(.eh_frame)
 .eh_frame      0x000000000800c9c8        0x0 /Users/karlboukhalil/Documents/NYU/Semester 2/Real Time Embedded Systems/sandbox/gcc-arm-none-eabi-5_4-2016q3/bin/../lib/gcc/arm-none-eabi/5.4.1/armv7e-m/fpu/crtbegin.o
 *(.init)
 .init          0x000000000800c9c8        0x4 /Users/karlboukhalil/Documents/NYU/Semester 2/Real Time Embedded Systems/sandbox/gcc-arm-none-eabi-5_4-2016q3/bin/../lib/gcc/arm-none-eabi/5.4.1/armv7e-m/fpu/crti.o
                0x000000000800c9c8                _init
 .init          0x000000000800c9cc        0x8 /Users/karlboukhalil/Documents/NYU/Semester 2/Real Time Embedded Systems/sandbox/gcc-arm-none-eabi-5_4-2016q3/bin/../lib/gcc/arm-none-eabi/5.4.1/armv7e-m/fpu/crtn.o
 *(.fini)
 .fini          0x000000000800c9d4        0x4 /Users/karlboukhalil/Documents/NYU/Semester 2/Real Time Embedded Systems/sandbox/gcc-arm-none-eabi-5_4-2016q3/bin/../lib/gcc/arm-none-eabi/5.4.1/armv7e-m/fpu/crti.o
                0x000000000800c9d4                _fini
 .fini          0x000000000800c9d8        0x8 /Users/karlboukhalil/Documents/NYU/Semester 2/Real Time Embedded Systems/sandbox/gcc-arm-none-eabi-5_4-2016q3/bin/../lib/gcc/arm-none-eabi/5.4.1/armv7e-m/fpu/crtn.o
                0x000000000800c9e0                . = ALIGN (0x4)
                0x000000000800c9e0                _etext = .

.vfp11_veneer   0x000000000800c9e0        0x0
 .vfp11_veneer  0x000000000800c9e0        0x0 linker stubs

.v4_bx          0x000000000800c9e0        0x0
 .v4_bx         0x000000000800c9e0        0x0 linker stubs

.iplt           0x000000000800c9e0        0x0
 .iplt          0x000000000800c9e0        0x0 /Users/karlboukhalil/Documents/NYU/Semester 2/Real Time Embedded Systems/sandbox/gcc-arm-none-eabi-5_4-2016q3/bin/../lib/gcc/arm-none-eabi/5.4.1/armv7e-m/fpu/crtbegin.o

.rodata         0x000000000800c9e0      0x320
                0x000000000800c9e0                . = ALIGN (0x4)
 *(.rodata)
 .rodata        0x000000000800c9e0       0x20 ../../arctic_awesomeness/arch/stm32/f3/src/stm32f3xx_hal_rcc.o
                0x000000000800c9e0                aPLLMULFactorTable
                0x000000000800c9f0                aPredivFactorTable
 .rodata        0x000000000800ca00        0x4 ../../arctic_awesomeness/arch/stm32/f3/src/stm32f3xx_hal_uart.o
 .rodata        0x000000000800ca04       0x18 ../../arctic_awesomeness/arch/stm32/f3/src/CMSIS/system_stm32f3xx.o
                0x000000000800ca04                AHBPrescTable
                0x000000000800ca14                APBPrescTable
 *(.rodata*)
 .rodata._global_impure_ptr
                0x000000000800ca1c        0x4 /Users/karlboukhalil/Documents/NYU/Semester 2/Real Time Embedded Systems/sandbox/gcc-arm-none-eabi-5_4-2016q3/bin/../lib/gcc/arm-none-eabi/5.4.1/../../../../arm-none-eabi/lib/armv7e-m/fpu/libc.a(lib_a-impure.o)
                0x000000000800ca1c                _global_impure_ptr
 .rodata.str1.4
                0x000000000800ca20       0x29 user_source/hal_interface/encoder_hal.o
 *fill*         0x000000000800ca49        0x3 
 .rodata.str1.4
                0x000000000800ca4c       0x22 user_source/hal_interface/newlib_stubs.o
 *fill*         0x000000000800ca6e        0x2 
 .rodata.str1.4
                0x000000000800ca70        0xb user_source/hal_interface/pwm_hal.o
 *fill*         0x000000000800ca7b        0x1 
 .rodata.zeroes.7273
                0x000000000800ca7c       0x10 /Users/karlboukhalil/Documents/NYU/Semester 2/Real Time Embedded Systems/sandbox/gcc-arm-none-eabi-5_4-2016q3/bin/../lib/gcc/arm-none-eabi/5.4.1/../../../../arm-none-eabi/lib/armv7e-m/fpu/libc.a(lib_a-vfprintf.o)
 .rodata.str1.4
                0x000000000800ca8c       0x42 /Users/karlboukhalil/Documents/NYU/Semester 2/Real Time Embedded Systems/sandbox/gcc-arm-none-eabi-5_4-2016q3/bin/../lib/gcc/arm-none-eabi/5.4.1/../../../../arm-none-eabi/lib/armv7e-m/fpu/libc.a(lib_a-vfprintf.o)
 *fill*         0x000000000800cace        0x2 
 .rodata.blanks.7272
                0x000000000800cad0       0x10 /Users/karlboukhalil/Documents/NYU/Semester 2/Real Time Embedded Systems/sandbox/gcc-arm-none-eabi-5_4-2016q3/bin/../lib/gcc/arm-none-eabi/5.4.1/../../../../arm-none-eabi/lib/armv7e-m/fpu/libc.a(lib_a-vfprintf.o)
 .rodata.str1.4
                0x000000000800cae0       0x10 /Users/karlboukhalil/Documents/NYU/Semester 2/Real Time Embedded Systems/sandbox/gcc-arm-none-eabi-5_4-2016q3/bin/../lib/gcc/arm-none-eabi/5.4.1/../../../../arm-none-eabi/lib/armv7e-m/fpu/libc.a(lib_a-dtoa.o)
                                         0x12 (size before relaxing)
 .rodata.__mprec_tens
                0x000000000800caf0       0xc8 /Users/karlboukhalil/Documents/NYU/Semester 2/Real Time Embedded Systems/sandbox/gcc-arm-none-eabi-5_4-2016q3/bin/../lib/gcc/arm-none-eabi/5.4.1/../../../../arm-none-eabi/lib/armv7e-m/fpu/libc.a(lib_a-mprec.o)
                0x000000000800caf0                __mprec_tens
 .rodata.__mprec_bigtens
                0x000000000800cbb8       0x28 /Users/karlboukhalil/Documents/NYU/Semester 2/Real Time Embedded Systems/sandbox/gcc-arm-none-eabi-5_4-2016q3/bin/../lib/gcc/arm-none-eabi/5.4.1/../../../../arm-none-eabi/lib/armv7e-m/fpu/libc.a(lib_a-mprec.o)
                0x000000000800cbb8                __mprec_bigtens
 .rodata.p05.6087
                0x000000000800cbe0        0xc /Users/karlboukhalil/Documents/NYU/Semester 2/Real Time Embedded Systems/sandbox/gcc-arm-none-eabi-5_4-2016q3/bin/../lib/gcc/arm-none-eabi/5.4.1/../../../../arm-none-eabi/lib/armv7e-m/fpu/libc.a(lib_a-mprec.o)
 .rodata.str1.4
                0x000000000800cbec       0x10 /Users/karlboukhalil/Documents/NYU/Semester 2/Real Time Embedded Systems/sandbox/gcc-arm-none-eabi-5_4-2016q3/bin/../lib/gcc/arm-none-eabi/5.4.1/../../../../arm-none-eabi/lib/armv7e-m/fpu/libc.a(lib_a-locale.o)
                                         0x12 (size before relaxing)
 .rodata._ctype_
                0x000000000800cbfc      0x101 /Users/karlboukhalil/Documents/NYU/Semester 2/Real Time Embedded Systems/sandbox/gcc-arm-none-eabi-5_4-2016q3/bin/../lib/gcc/arm-none-eabi/5.4.1/../../../../arm-none-eabi/lib/armv7e-m/fpu/libc.a(lib_a-ctype_.o)
                0x000000000800cbfc                _ctype_
                0x000000000800cd00                . = ALIGN (0x4)
 *fill*         0x000000000800ccfd        0x3 

.ARM.extab
 *(.ARM.extab* .gnu.linkonce.armextab.*)

.ARM            0x000000000800cd00        0x8
                0x000000000800cd00                __exidx_start = .
 *(.ARM.exidx*)
 .ARM.exidx     0x000000000800cd00        0x8 /Users/karlboukhalil/Documents/NYU/Semester 2/Real Time Embedded Systems/sandbox/gcc-arm-none-eabi-5_4-2016q3/bin/../lib/gcc/arm-none-eabi/5.4.1/armv7e-m/fpu/libgcc.a(_udivmoddi4.o)
                0x000000000800cd08                __exidx_end = .

.rel.dyn        0x000000000800cd08        0x0
 .rel.iplt      0x000000000800cd08        0x0 /Users/karlboukhalil/Documents/NYU/Semester 2/Real Time Embedded Systems/sandbox/gcc-arm-none-eabi-5_4-2016q3/bin/../lib/gcc/arm-none-eabi/5.4.1/armv7e-m/fpu/crtbegin.o

.preinit_array  0x000000000800cd08        0x0
                0x000000000800cd08                PROVIDE (__preinit_array_start, .)
 *(.preinit_array*)
                0x000000000800cd08                PROVIDE (__preinit_array_end, .)

.init_array     0x000000000800cd08        0x8
                0x000000000800cd08                PROVIDE (__init_array_start, .)
 *(SORT(.init_array.*))
 .init_array.00000
                0x000000000800cd08        0x4 /Users/karlboukhalil/Documents/NYU/Semester 2/Real Time Embedded Systems/sandbox/gcc-arm-none-eabi-5_4-2016q3/bin/../lib/gcc/arm-none-eabi/5.4.1/../../../../arm-none-eabi/lib/armv7e-m/fpu/libc.a(lib_a-__call_atexit.o)
 *(.init_array*)
 .init_array    0x000000000800cd0c        0x4 /Users/karlboukhalil/Documents/NYU/Semester 2/Real Time Embedded Systems/sandbox/gcc-arm-none-eabi-5_4-2016q3/bin/../lib/gcc/arm-none-eabi/5.4.1/armv7e-m/fpu/crtbegin.o
                0x000000000800cd10                PROVIDE (__init_array_end, .)

.fini_array     0x000000000800cd10        0x4
                0x000000000800cd10                PROVIDE (__fini_array_start, .)
 *(SORT(.fini_array.*))
 *(.fini_array*)
 .fini_array    0x000000000800cd10        0x4 /Users/karlboukhalil/Documents/NYU/Semester 2/Real Time Embedded Systems/sandbox/gcc-arm-none-eabi-5_4-2016q3/bin/../lib/gcc/arm-none-eabi/5.4.1/armv7e-m/fpu/crtbegin.o
                0x000000000800cd14                PROVIDE (__fini_array_end, .)
                0x000000000800cd14                _sidata = LOADADDR (.data)

.data           0x0000000020000000      0x9b0 load address 0x000000000800cd14
                0x0000000020000000                . = ALIGN (0x4)
                0x0000000020000000                _sdata = .
 *(.data)
 .data          0x0000000020000000        0x4 ../../arctic_awesomeness/arch/stm32/f3/src/CMSIS/system_stm32f3xx.o
                0x0000000020000000                SystemCoreClock
 .data          0x0000000020000004        0x4 user_source/hal_interface/frontQueue.o
                0x0000000020000004                rear
 *(.data*)
 .data.impure_data
                0x0000000020000008      0x428 /Users/karlboukhalil/Documents/NYU/Semester 2/Real Time Embedded Systems/sandbox/gcc-arm-none-eabi-5_4-2016q3/bin/../lib/gcc/arm-none-eabi/5.4.1/../../../../arm-none-eabi/lib/armv7e-m/fpu/libc.a(lib_a-impure.o)
 .data._impure_ptr
                0x0000000020000430        0x4 /Users/karlboukhalil/Documents/NYU/Semester 2/Real Time Embedded Systems/sandbox/gcc-arm-none-eabi-5_4-2016q3/bin/../lib/gcc/arm-none-eabi/5.4.1/../../../../arm-none-eabi/lib/armv7e-m/fpu/libc.a(lib_a-impure.o)
                0x0000000020000430                _impure_ptr
 .data.__malloc_av_
                0x0000000020000434      0x408 /Users/karlboukhalil/Documents/NYU/Semester 2/Real Time Embedded Systems/sandbox/gcc-arm-none-eabi-5_4-2016q3/bin/../lib/gcc/arm-none-eabi/5.4.1/../../../../arm-none-eabi/lib/armv7e-m/fpu/libc.a(lib_a-mallocr.o)
                0x0000000020000434                __malloc_av_
 .data.__malloc_trim_threshold
                0x000000002000083c        0x4 /Users/karlboukhalil/Documents/NYU/Semester 2/Real Time Embedded Systems/sandbox/gcc-arm-none-eabi-5_4-2016q3/bin/../lib/gcc/arm-none-eabi/5.4.1/../../../../arm-none-eabi/lib/armv7e-m/fpu/libc.a(lib_a-mallocr.o)
                0x000000002000083c                __malloc_trim_threshold
 .data.__malloc_sbrk_base
                0x0000000020000840        0x4 /Users/karlboukhalil/Documents/NYU/Semester 2/Real Time Embedded Systems/sandbox/gcc-arm-none-eabi-5_4-2016q3/bin/../lib/gcc/arm-none-eabi/5.4.1/../../../../arm-none-eabi/lib/armv7e-m/fpu/libc.a(lib_a-mallocr.o)
                0x0000000020000840                __malloc_sbrk_base
 .data.__global_locale
                0x0000000020000844      0x16c /Users/karlboukhalil/Documents/NYU/Semester 2/Real Time Embedded Systems/sandbox/gcc-arm-none-eabi-5_4-2016q3/bin/../lib/gcc/arm-none-eabi/5.4.1/../../../../arm-none-eabi/lib/armv7e-m/fpu/libc.a(lib_a-locale.o)
                0x0000000020000844                __global_locale
                0x00000000200009b0                . = ALIGN (0x4)
                0x00000000200009b0                _edata = .
                0x000000000800d6c4                _siccmram = LOADADDR (.ccmram)

.jcr            0x00000000200009b0        0x0 load address 0x000000000800d6c4
 .jcr           0x00000000200009b0        0x0 /Users/karlboukhalil/Documents/NYU/Semester 2/Real Time Embedded Systems/sandbox/gcc-arm-none-eabi-5_4-2016q3/bin/../lib/gcc/arm-none-eabi/5.4.1/armv7e-m/fpu/crtbegin.o

.igot.plt       0x00000000200009b0        0x0 load address 0x000000000800d6c4
 .igot.plt      0x00000000200009b0        0x0 /Users/karlboukhalil/Documents/NYU/Semester 2/Real Time Embedded Systems/sandbox/gcc-arm-none-eabi-5_4-2016q3/bin/../lib/gcc/arm-none-eabi/5.4.1/armv7e-m/fpu/crtbegin.o

.ccmram         0x0000000010000000        0x0 load address 0x000000000800d6c4
                0x0000000010000000                . = ALIGN (0x4)
                0x0000000010000000                _sccmram = .
 *(.ccmram)
 *(.ccmram*)
                0x0000000010000000                . = ALIGN (0x4)
                0x0000000010000000                _eccmram = .
                0x0000000010000000                . = ALIGN (0x4)

.bss            0x00000000200009b0      0x37c
                0x00000000200009b0                _sbss = .
                0x00000000200009b0                __bss_start__ = _sbss
 *(.bss)
 .bss           0x00000000200009b0       0x1c /Users/karlboukhalil/Documents/NYU/Semester 2/Real Time Embedded Systems/sandbox/gcc-arm-none-eabi-5_4-2016q3/bin/../lib/gcc/arm-none-eabi/5.4.1/armv7e-m/fpu/crtbegin.o
 .bss           0x00000000200009cc       0x14 user_source/hal_interface/board_led.o
 .bss           0x00000000200009e0       0x18 user_source/hal_interface/encoder_hal.o
                0x00000000200009f4                count
 .bss           0x00000000200009f8        0xc user_source/hal_interface/frontQueue.o
                0x00000000200009f8                front
                0x00000000200009fc                itemCount
                0x0000000020000a00                sum
 .bss           0x0000000020000a04        0x8 user_source/hal_interface/newlib_stubs.o
                0x0000000020000a08                __env
 .bss           0x0000000020000a0c       0x64 user_source/hal_interface/sensor_hal.o
 *(.bss*)
 .bss.__malloc_max_total_mem
                0x0000000020000a70        0x4 /Users/karlboukhalil/Documents/NYU/Semester 2/Real Time Embedded Systems/sandbox/gcc-arm-none-eabi-5_4-2016q3/bin/../lib/gcc/arm-none-eabi/5.4.1/../../../../arm-none-eabi/lib/armv7e-m/fpu/libc.a(lib_a-mallocr.o)
                0x0000000020000a70                __malloc_max_total_mem
 .bss.__malloc_max_sbrked_mem
                0x0000000020000a74        0x4 /Users/karlboukhalil/Documents/NYU/Semester 2/Real Time Embedded Systems/sandbox/gcc-arm-none-eabi-5_4-2016q3/bin/../lib/gcc/arm-none-eabi/5.4.1/../../../../arm-none-eabi/lib/armv7e-m/fpu/libc.a(lib_a-mallocr.o)
                0x0000000020000a74                __malloc_max_sbrked_mem
 .bss.__malloc_top_pad
                0x0000000020000a78        0x4 /Users/karlboukhalil/Documents/NYU/Semester 2/Real Time Embedded Systems/sandbox/gcc-arm-none-eabi-5_4-2016q3/bin/../lib/gcc/arm-none-eabi/5.4.1/../../../../arm-none-eabi/lib/armv7e-m/fpu/libc.a(lib_a-mallocr.o)
                0x0000000020000a78                __malloc_top_pad
 .bss.__malloc_current_mallinfo
                0x0000000020000a7c       0x28 /Users/karlboukhalil/Documents/NYU/Semester 2/Real Time Embedded Systems/sandbox/gcc-arm-none-eabi-5_4-2016q3/bin/../lib/gcc/arm-none-eabi/5.4.1/../../../../arm-none-eabi/lib/armv7e-m/fpu/libc.a(lib_a-mallocr.o)
                0x0000000020000a7c                __malloc_current_mallinfo
 *(COMMON)
 COMMON         0x0000000020000aa4        0x4 ../../arctic_awesomeness/arch/stm32/f3/src/stm32f3xx_hal.o
                0x0000000020000aa4                uwTick
 COMMON         0x0000000020000aa8       0x40 ../../arctic_awesomeness/arch/stm32/f3/src/stm32f3xx_hal_timebase_tim.o
                0x0000000020000aa8                TimHandle
 COMMON         0x0000000020000ae8       0x56 demo6.o
                0x0000000020000ae8                treshDist
                0x0000000020000af0                searching
                0x0000000020000af4                encoders_distances
                0x0000000020000afc                enc_counter
                0x0000000020000b04                right_triggered
                0x0000000020000b08                state
                0x0000000020000b0c                echosPins
                0x0000000020000b14                left_triggered
                0x0000000020000b18                delay
                0x0000000020000b1c                encodersPins
                0x0000000020000b20                front_triggered
                0x0000000020000b24                distances
                0x0000000020000b30                found
                0x0000000020000b34                motorState
                0x0000000020000b38                triggerPins
 *fill*         0x0000000020000b3e        0x2 
 COMMON         0x0000000020000b40        0x8 user_source/hal_interface/encoder_hal.o
                0x0000000020000b40                lock_left
                0x0000000020000b44                lock_right
 COMMON         0x0000000020000b48        0xc user_source/hal_interface/frontQueue.o
                0x0000000020000b48                frontBuffer
 COMMON         0x0000000020000b54       0x5c user_source/hal_interface/pwm_hal.o
                0x0000000020000b54                timWheels_init
                0x0000000020000b94                timWheels_conf
 COMMON         0x0000000020000bb0      0x108 user_source/hal_interface/sensor_hal.o
                0x0000000020000bb0                tim_conf_vec
                0x0000000020000bf8                tim_init_vec
 COMMON         0x0000000020000cb8       0x70 user_source/hal_interface/uart_hal.o
                0x0000000020000cb8                UartHandle
 COMMON         0x0000000020000d28        0x4 /Users/karlboukhalil/Documents/NYU/Semester 2/Real Time Embedded Systems/sandbox/gcc-arm-none-eabi-5_4-2016q3/bin/../lib/gcc/arm-none-eabi/5.4.1/../../../../arm-none-eabi/lib/armv7e-m/fpu/libc.a(lib_a-reent.o)
                0x0000000020000d28                errno
                0x0000000020000d2c                . = ALIGN (0x4)
                0x0000000020000d2c                _ebss = .
                0x0000000020000d2c                __bss_end__ = _ebss

._user_heap_stack
                0x0000000020000d2c     0x1e00
                0x0000000020000d2c                . = ALIGN (0x4)
                [!provide]                        PROVIDE (end, .)
                [!provide]                        PROVIDE (_end, .)
                0x0000000020001c2c                . = (. + _Min_Heap_Size)
 *fill*         0x0000000020000d2c      0xf00 
                0x0000000020002b2c                . = (. + _Min_Stack_Size)
 *fill*         0x0000000020001c2c      0xf00 
                0x0000000020002b2c                . = ALIGN (0x4)

/DISCARD/
 libc.a(*)
 libm.a(*)
 libgcc.a(*)

.ARM.attributes
                0x0000000000000000       0x30
 *(.ARM.attributes)
 .ARM.attributes
                0x0000000000000000       0x22 /Users/karlboukhalil/Documents/NYU/Semester 2/Real Time Embedded Systems/sandbox/gcc-arm-none-eabi-5_4-2016q3/bin/../lib/gcc/arm-none-eabi/5.4.1/armv7e-m/fpu/crti.o
 .ARM.attributes
                0x0000000000000022       0x34 /Users/karlboukhalil/Documents/NYU/Semester 2/Real Time Embedded Systems/sandbox/gcc-arm-none-eabi-5_4-2016q3/bin/../lib/gcc/arm-none-eabi/5.4.1/armv7e-m/fpu/crtbegin.o
 .ARM.attributes
                0x0000000000000056       0x39 ../../arctic_awesomeness/arch/stm32/f3/src/stm32f3xx_hal.o
 .ARM.attributes
                0x000000000000008f       0x39 ../../arctic_awesomeness/arch/stm32/f3/src/stm32f3xx_hal_cortex.o
 .ARM.attributes
                0x00000000000000c8       0x39 ../../arctic_awesomeness/arch/stm32/f3/src/stm32f3xx_hal_dma.o
 .ARM.attributes
                0x0000000000000101       0x39 ../../arctic_awesomeness/arch/stm32/f3/src/stm32f3xx_hal_gpio.o
 .ARM.attributes
                0x000000000000013a       0x39 ../../arctic_awesomeness/arch/stm32/f3/src/stm32f3xx_hal_msp.o
 .ARM.attributes
                0x0000000000000173       0x39 ../../arctic_awesomeness/arch/stm32/f3/src/stm32f3xx_hal_rcc.o
 .ARM.attributes
                0x00000000000001ac       0x39 ../../arctic_awesomeness/arch/stm32/f3/src/stm32f3xx_hal_tim.o
 .ARM.attributes
                0x00000000000001e5       0x39 ../../arctic_awesomeness/arch/stm32/f3/src/stm32f3xx_hal_tim_ex.o
 .ARM.attributes
                0x000000000000021e       0x39 ../../arctic_awesomeness/arch/stm32/f3/src/stm32f3xx_hal_timebase_tim.o
 .ARM.attributes
                0x0000000000000257       0x39 ../../arctic_awesomeness/arch/stm32/f3/src/stm32f3xx_hal_uart.o
 .ARM.attributes
                0x0000000000000290       0x39 ../../arctic_awesomeness/arch/stm32/f3/src/stm32f3xx_hal_uart_ex.o
 .ARM.attributes
                0x00000000000002c9       0x39 ../../arctic_awesomeness/arch/stm32/f3/src/CMSIS/system_stm32f3xx.o
 .ARM.attributes
                0x0000000000000302       0x21 ../../arctic_awesomeness/arch/stm32/f3/src/CMSIS/startup_stm32f303xc.o
 .ARM.attributes
                0x0000000000000323       0x39 demo6.o
 .ARM.attributes
                0x000000000000035c       0x39 user_source/foo.o
 .ARM.attributes
                0x0000000000000395       0x39 user_source/uart.o
 .ARM.attributes
                0x00000000000003ce       0x39 user_source/hal_interface/board_led.o
 .ARM.attributes
                0x0000000000000407       0x39 user_source/hal_interface/cpu.o
 .ARM.attributes
                0x0000000000000440       0x39 user_source/hal_interface/cube_hal_msp.o
 .ARM.attributes
                0x0000000000000479       0x39 user_source/hal_interface/encoder_hal.o
 .ARM.attributes
                0x00000000000004b2       0x39 user_source/hal_interface/frontQueue.o
 .ARM.attributes
                0x00000000000004eb       0x39 user_source/hal_interface/newlib_stubs.o
 .ARM.attributes
                0x0000000000000524       0x39 user_source/hal_interface/pwm_hal.o
 .ARM.attributes
                0x000000000000055d       0x39 user_source/hal_interface/sensor_hal.o
 .ARM.attributes
                0x0000000000000596       0x39 user_source/hal_interface/uart_hal.o
 .ARM.attributes
                0x00000000000005cf       0x34 /Users/karlboukhalil/Documents/NYU/Semester 2/Real Time Embedded Systems/sandbox/gcc-arm-none-eabi-5_4-2016q3/bin/../lib/gcc/arm-none-eabi/5.4.1/../../../../arm-none-eabi/lib/armv7e-m/fpu/libc.a(lib_a-printf.o)
 .ARM.attributes
                0x0000000000000603       0x34 /Users/karlboukhalil/Documents/NYU/Semester 2/Real Time Embedded Systems/sandbox/gcc-arm-none-eabi-5_4-2016q3/bin/../lib/gcc/arm-none-eabi/5.4.1/../../../../arm-none-eabi/lib/armv7e-m/fpu/libc.a(lib_a-reent.o)
 .ARM.attributes
                0x0000000000000637       0x34 /Users/karlboukhalil/Documents/NYU/Semester 2/Real Time Embedded Systems/sandbox/gcc-arm-none-eabi-5_4-2016q3/bin/../lib/gcc/arm-none-eabi/5.4.1/../../../../arm-none-eabi/lib/armv7e-m/fpu/libc.a(lib_a-setvbuf.o)
 .ARM.attributes
                0x000000000000066b       0x34 /Users/karlboukhalil/Documents/NYU/Semester 2/Real Time Embedded Systems/sandbox/gcc-arm-none-eabi-5_4-2016q3/bin/../lib/gcc/arm-none-eabi/5.4.1/../../../../arm-none-eabi/lib/armv7e-m/fpu/libc.a(lib_a-vfprintf.o)
 .ARM.attributes
                0x000000000000069f       0x34 /Users/karlboukhalil/Documents/NYU/Semester 2/Real Time Embedded Systems/sandbox/gcc-arm-none-eabi-5_4-2016q3/bin/../lib/gcc/arm-none-eabi/5.4.1/../../../../arm-none-eabi/lib/armv7e-m/fpu/libc.a(lib_a-wsetup.o)
 .ARM.attributes
                0x00000000000006d3       0x34 /Users/karlboukhalil/Documents/NYU/Semester 2/Real Time Embedded Systems/sandbox/gcc-arm-none-eabi-5_4-2016q3/bin/../lib/gcc/arm-none-eabi/5.4.1/../../../../arm-none-eabi/lib/armv7e-m/fpu/libc.a(lib_a-dtoa.o)
 .ARM.attributes
                0x0000000000000707       0x34 /Users/karlboukhalil/Documents/NYU/Semester 2/Real Time Embedded Systems/sandbox/gcc-arm-none-eabi-5_4-2016q3/bin/../lib/gcc/arm-none-eabi/5.4.1/../../../../arm-none-eabi/lib/armv7e-m/fpu/libc.a(lib_a-fflush.o)
 .ARM.attributes
                0x000000000000073b       0x34 /Users/karlboukhalil/Documents/NYU/Semester 2/Real Time Embedded Systems/sandbox/gcc-arm-none-eabi-5_4-2016q3/bin/../lib/gcc/arm-none-eabi/5.4.1/../../../../arm-none-eabi/lib/armv7e-m/fpu/libc.a(lib_a-findfp.o)
 .ARM.attributes
                0x000000000000076f       0x34 /Users/karlboukhalil/Documents/NYU/Semester 2/Real Time Embedded Systems/sandbox/gcc-arm-none-eabi-5_4-2016q3/bin/../lib/gcc/arm-none-eabi/5.4.1/../../../../arm-none-eabi/lib/armv7e-m/fpu/libc.a(lib_a-freer.o)
 .ARM.attributes
                0x00000000000007a3       0x34 /Users/karlboukhalil/Documents/NYU/Semester 2/Real Time Embedded Systems/sandbox/gcc-arm-none-eabi-5_4-2016q3/bin/../lib/gcc/arm-none-eabi/5.4.1/../../../../arm-none-eabi/lib/armv7e-m/fpu/libc.a(lib_a-fwalk.o)
 .ARM.attributes
                0x00000000000007d7       0x34 /Users/karlboukhalil/Documents/NYU/Semester 2/Real Time Embedded Systems/sandbox/gcc-arm-none-eabi-5_4-2016q3/bin/../lib/gcc/arm-none-eabi/5.4.1/../../../../arm-none-eabi/lib/armv7e-m/fpu/libc.a(lib_a-localeconv.o)
 .ARM.attributes
                0x000000000000080b       0x34 /Users/karlboukhalil/Documents/NYU/Semester 2/Real Time Embedded Systems/sandbox/gcc-arm-none-eabi-5_4-2016q3/bin/../lib/gcc/arm-none-eabi/5.4.1/../../../../arm-none-eabi/lib/armv7e-m/fpu/libc.a(lib_a-makebuf.o)
 .ARM.attributes
                0x000000000000083f       0x34 /Users/karlboukhalil/Documents/NYU/Semester 2/Real Time Embedded Systems/sandbox/gcc-arm-none-eabi-5_4-2016q3/bin/../lib/gcc/arm-none-eabi/5.4.1/../../../../arm-none-eabi/lib/armv7e-m/fpu/libc.a(lib_a-malloc.o)
 .ARM.attributes
                0x0000000000000873       0x34 /Users/karlboukhalil/Documents/NYU/Semester 2/Real Time Embedded Systems/sandbox/gcc-arm-none-eabi-5_4-2016q3/bin/../lib/gcc/arm-none-eabi/5.4.1/../../../../arm-none-eabi/lib/armv7e-m/fpu/libc.a(lib_a-mallocr.o)
 .ARM.attributes
                0x00000000000008a7       0x20 /Users/karlboukhalil/Documents/NYU/Semester 2/Real Time Embedded Systems/sandbox/gcc-arm-none-eabi-5_4-2016q3/bin/../lib/gcc/arm-none-eabi/5.4.1/../../../../arm-none-eabi/lib/armv7e-m/fpu/libc.a(lib_a-memchr.o)
 .ARM.attributes
                0x00000000000008c7       0x20 /Users/karlboukhalil/Documents/NYU/Semester 2/Real Time Embedded Systems/sandbox/gcc-arm-none-eabi-5_4-2016q3/bin/../lib/gcc/arm-none-eabi/5.4.1/../../../../arm-none-eabi/lib/armv7e-m/fpu/libc.a(lib_a-memcpy.o)
 .ARM.attributes
                0x00000000000008e7       0x34 /Users/karlboukhalil/Documents/NYU/Semester 2/Real Time Embedded Systems/sandbox/gcc-arm-none-eabi-5_4-2016q3/bin/../lib/gcc/arm-none-eabi/5.4.1/../../../../arm-none-eabi/lib/armv7e-m/fpu/libc.a(lib_a-mlock.o)
 .ARM.attributes
                0x000000000000091b       0x34 /Users/karlboukhalil/Documents/NYU/Semester 2/Real Time Embedded Systems/sandbox/gcc-arm-none-eabi-5_4-2016q3/bin/../lib/gcc/arm-none-eabi/5.4.1/../../../../arm-none-eabi/lib/armv7e-m/fpu/libc.a(lib_a-mprec.o)
 .ARM.attributes
                0x000000000000094f       0x34 /Users/karlboukhalil/Documents/NYU/Semester 2/Real Time Embedded Systems/sandbox/gcc-arm-none-eabi-5_4-2016q3/bin/../lib/gcc/arm-none-eabi/5.4.1/../../../../arm-none-eabi/lib/armv7e-m/fpu/libc.a(lib_a-sbrkr.o)
 .ARM.attributes
                0x0000000000000983       0x34 /Users/karlboukhalil/Documents/NYU/Semester 2/Real Time Embedded Systems/sandbox/gcc-arm-none-eabi-5_4-2016q3/bin/../lib/gcc/arm-none-eabi/5.4.1/../../../../arm-none-eabi/lib/armv7e-m/fpu/libc.a(lib_a-stdio.o)
 .ARM.attributes
                0x00000000000009b7       0x20 /Users/karlboukhalil/Documents/NYU/Semester 2/Real Time Embedded Systems/sandbox/gcc-arm-none-eabi-5_4-2016q3/bin/../lib/gcc/arm-none-eabi/5.4.1/../../../../arm-none-eabi/lib/armv7e-m/fpu/libc.a(lib_a-strlen.o)
 .ARM.attributes
                0x00000000000009d7       0x34 /Users/karlboukhalil/Documents/NYU/Semester 2/Real Time Embedded Systems/sandbox/gcc-arm-none-eabi-5_4-2016q3/bin/../lib/gcc/arm-none-eabi/5.4.1/../../../../arm-none-eabi/lib/armv7e-m/fpu/libc.a(lib_a-vfiprintf.o)
 .ARM.attributes
                0x0000000000000a0b       0x34 /Users/karlboukhalil/Documents/NYU/Semester 2/Real Time Embedded Systems/sandbox/gcc-arm-none-eabi-5_4-2016q3/bin/../lib/gcc/arm-none-eabi/5.4.1/../../../../arm-none-eabi/lib/armv7e-m/fpu/libc.a(lib_a-writer.o)
 .ARM.attributes
                0x0000000000000a3f       0x34 /Users/karlboukhalil/Documents/NYU/Semester 2/Real Time Embedded Systems/sandbox/gcc-arm-none-eabi-5_4-2016q3/bin/../lib/gcc/arm-none-eabi/5.4.1/../../../../arm-none-eabi/lib/armv7e-m/fpu/libc.a(lib_a-callocr.o)
 .ARM.attributes
                0x0000000000000a73       0x34 /Users/karlboukhalil/Documents/NYU/Semester 2/Real Time Embedded Systems/sandbox/gcc-arm-none-eabi-5_4-2016q3/bin/../lib/gcc/arm-none-eabi/5.4.1/../../../../arm-none-eabi/lib/armv7e-m/fpu/libc.a(lib_a-closer.o)
 .ARM.attributes
                0x0000000000000aa7       0x34 /Users/karlboukhalil/Documents/NYU/Semester 2/Real Time Embedded Systems/sandbox/gcc-arm-none-eabi-5_4-2016q3/bin/../lib/gcc/arm-none-eabi/5.4.1/../../../../arm-none-eabi/lib/armv7e-m/fpu/libc.a(lib_a-fclose.o)
 .ARM.attributes
                0x0000000000000adb       0x34 /Users/karlboukhalil/Documents/NYU/Semester 2/Real Time Embedded Systems/sandbox/gcc-arm-none-eabi-5_4-2016q3/bin/../lib/gcc/arm-none-eabi/5.4.1/../../../../arm-none-eabi/lib/armv7e-m/fpu/libc.a(lib_a-fputwc.o)
 .ARM.attributes
                0x0000000000000b0f       0x34 /Users/karlboukhalil/Documents/NYU/Semester 2/Real Time Embedded Systems/sandbox/gcc-arm-none-eabi-5_4-2016q3/bin/../lib/gcc/arm-none-eabi/5.4.1/../../../../arm-none-eabi/lib/armv7e-m/fpu/libc.a(lib_a-fstatr.o)
 .ARM.attributes
                0x0000000000000b43       0x34 /Users/karlboukhalil/Documents/NYU/Semester 2/Real Time Embedded Systems/sandbox/gcc-arm-none-eabi-5_4-2016q3/bin/../lib/gcc/arm-none-eabi/5.4.1/../../../../arm-none-eabi/lib/armv7e-m/fpu/libc.a(lib_a-fvwrite.o)
 .ARM.attributes
                0x0000000000000b77       0x34 /Users/karlboukhalil/Documents/NYU/Semester 2/Real Time Embedded Systems/sandbox/gcc-arm-none-eabi-5_4-2016q3/bin/../lib/gcc/arm-none-eabi/5.4.1/../../../../arm-none-eabi/lib/armv7e-m/fpu/libc.a(lib_a-isattyr.o)
 .ARM.attributes
                0x0000000000000bab       0x34 /Users/karlboukhalil/Documents/NYU/Semester 2/Real Time Embedded Systems/sandbox/gcc-arm-none-eabi-5_4-2016q3/bin/../lib/gcc/arm-none-eabi/5.4.1/../../../../arm-none-eabi/lib/armv7e-m/fpu/libc.a(lib_a-locale.o)
 .ARM.attributes
                0x0000000000000bdf       0x34 /Users/karlboukhalil/Documents/NYU/Semester 2/Real Time Embedded Systems/sandbox/gcc-arm-none-eabi-5_4-2016q3/bin/../lib/gcc/arm-none-eabi/5.4.1/../../../../arm-none-eabi/lib/armv7e-m/fpu/libc.a(lib_a-lseekr.o)
 .ARM.attributes
                0x0000000000000c13       0x34 /Users/karlboukhalil/Documents/NYU/Semester 2/Real Time Embedded Systems/sandbox/gcc-arm-none-eabi-5_4-2016q3/bin/../lib/gcc/arm-none-eabi/5.4.1/../../../../arm-none-eabi/lib/armv7e-m/fpu/libc.a(lib_a-mbtowc_r.o)
 .ARM.attributes
                0x0000000000000c47       0x34 /Users/karlboukhalil/Documents/NYU/Semester 2/Real Time Embedded Systems/sandbox/gcc-arm-none-eabi-5_4-2016q3/bin/../lib/gcc/arm-none-eabi/5.4.1/../../../../arm-none-eabi/lib/armv7e-m/fpu/libc.a(lib_a-memmove.o)
 .ARM.attributes
                0x0000000000000c7b       0x34 /Users/karlboukhalil/Documents/NYU/Semester 2/Real Time Embedded Systems/sandbox/gcc-arm-none-eabi-5_4-2016q3/bin/../lib/gcc/arm-none-eabi/5.4.1/../../../../arm-none-eabi/lib/armv7e-m/fpu/libc.a(lib_a-readr.o)
 .ARM.attributes
                0x0000000000000caf       0x34 /Users/karlboukhalil/Documents/NYU/Semester 2/Real Time Embedded Systems/sandbox/gcc-arm-none-eabi-5_4-2016q3/bin/../lib/gcc/arm-none-eabi/5.4.1/../../../../arm-none-eabi/lib/armv7e-m/fpu/libc.a(lib_a-reallocr.o)
 .ARM.attributes
                0x0000000000000ce3       0x34 /Users/karlboukhalil/Documents/NYU/Semester 2/Real Time Embedded Systems/sandbox/gcc-arm-none-eabi-5_4-2016q3/bin/../lib/gcc/arm-none-eabi/5.4.1/../../../../arm-none-eabi/lib/armv7e-m/fpu/libc.a(lib_a-wbuf.o)
 .ARM.attributes
                0x0000000000000d17       0x34 /Users/karlboukhalil/Documents/NYU/Semester 2/Real Time Embedded Systems/sandbox/gcc-arm-none-eabi-5_4-2016q3/bin/../lib/gcc/arm-none-eabi/5.4.1/../../../../arm-none-eabi/lib/armv7e-m/fpu/libc.a(lib_a-wcrtomb.o)
 .ARM.attributes
                0x0000000000000d4b       0x34 /Users/karlboukhalil/Documents/NYU/Semester 2/Real Time Embedded Systems/sandbox/gcc-arm-none-eabi-5_4-2016q3/bin/../lib/gcc/arm-none-eabi/5.4.1/../../../../arm-none-eabi/lib/armv7e-m/fpu/libc.a(lib_a-wctomb_r.o)
 .ARM.attributes
                0x0000000000000d7f       0x34 /Users/karlboukhalil/Documents/NYU/Semester 2/Real Time Embedded Systems/sandbox/gcc-arm-none-eabi-5_4-2016q3/bin/../lib/gcc/arm-none-eabi/5.4.1/../../../../arm-none-eabi/lib/armv7e-m/fpu/libc.a(lib_a-ctype_.o)
 .ARM.attributes
                0x0000000000000db3       0x22 /Users/karlboukhalil/Documents/NYU/Semester 2/Real Time Embedded Systems/sandbox/gcc-arm-none-eabi-5_4-2016q3/bin/../lib/gcc/arm-none-eabi/5.4.1/armv7e-m/fpu/libgcc.a(_arm_addsubdf3.o)
 .ARM.attributes
                0x0000000000000dd5       0x22 /Users/karlboukhalil/Documents/NYU/Semester 2/Real Time Embedded Systems/sandbox/gcc-arm-none-eabi-5_4-2016q3/bin/../lib/gcc/arm-none-eabi/5.4.1/armv7e-m/fpu/libgcc.a(_arm_muldivdf3.o)
 .ARM.attributes
                0x0000000000000df7       0x22 /Users/karlboukhalil/Documents/NYU/Semester 2/Real Time Embedded Systems/sandbox/gcc-arm-none-eabi-5_4-2016q3/bin/../lib/gcc/arm-none-eabi/5.4.1/armv7e-m/fpu/libgcc.a(_arm_cmpdf2.o)
 .ARM.attributes
                0x0000000000000e19       0x22 /Users/karlboukhalil/Documents/NYU/Semester 2/Real Time Embedded Systems/sandbox/gcc-arm-none-eabi-5_4-2016q3/bin/../lib/gcc/arm-none-eabi/5.4.1/armv7e-m/fpu/libgcc.a(_arm_unorddf2.o)
 .ARM.attributes
                0x0000000000000e3b       0x22 /Users/karlboukhalil/Documents/NYU/Semester 2/Real Time Embedded Systems/sandbox/gcc-arm-none-eabi-5_4-2016q3/bin/../lib/gcc/arm-none-eabi/5.4.1/armv7e-m/fpu/libgcc.a(_arm_fixdfsi.o)
 .ARM.attributes
                0x0000000000000e5d       0x22 /Users/karlboukhalil/Documents/NYU/Semester 2/Real Time Embedded Systems/sandbox/gcc-arm-none-eabi-5_4-2016q3/bin/../lib/gcc/arm-none-eabi/5.4.1/armv7e-m/fpu/libgcc.a(_aeabi_uldivmod.o)
 .ARM.attributes
                0x0000000000000e7f       0x34 /Users/karlboukhalil/Documents/NYU/Semester 2/Real Time Embedded Systems/sandbox/gcc-arm-none-eabi-5_4-2016q3/bin/../lib/gcc/arm-none-eabi/5.4.1/armv7e-m/fpu/libgcc.a(_udivmoddi4.o)
 .ARM.attributes
                0x0000000000000eb3       0x22 /Users/karlboukhalil/Documents/NYU/Semester 2/Real Time Embedded Systems/sandbox/gcc-arm-none-eabi-5_4-2016q3/bin/../lib/gcc/arm-none-eabi/5.4.1/armv7e-m/fpu/libgcc.a(_dvmd_tls.o)
 .ARM.attributes
                0x0000000000000ed5       0x22 /Users/karlboukhalil/Documents/NYU/Semester 2/Real Time Embedded Systems/sandbox/gcc-arm-none-eabi-5_4-2016q3/bin/../lib/gcc/arm-none-eabi/5.4.1/armv7e-m/fpu/crtn.o