Archive member included to satisfy reference by file (symbol)

/Users/karlboukhalil/Documents/NYU/Semester 2/Real Time Embedded Systems/sandbox/gcc-arm-none-eabi-5_4-2016q3/bin/../lib/gcc/arm-none-eabi/5.4.1/../../../../arm-none-eabi/lib/armv7e-m/fpu/libc.a(lib_a-exit.o)
                              /Users/karlboukhalil/Documents/NYU/Semester 2/Real Time Embedded Systems/sandbox/gcc-arm-none-eabi-5_4-2016q3/bin/../lib/gcc/arm-none-eabi/5.4.1/../../../../arm-none-eabi/lib/armv7e-m/fpu/crt0.o (exit)
/Users/karlboukhalil/Documents/NYU/Semester 2/Real Time Embedded Systems/sandbox/gcc-arm-none-eabi-5_4-2016q3/bin/../lib/gcc/arm-none-eabi/5.4.1/../../../../arm-none-eabi/lib/armv7e-m/fpu/libc.a(lib_a-impure.o)
                              /Users/karlboukhalil/Documents/NYU/Semester 2/Real Time Embedded Systems/sandbox/gcc-arm-none-eabi-5_4-2016q3/bin/../lib/gcc/arm-none-eabi/5.4.1/../../../../arm-none-eabi/lib/armv7e-m/fpu/libc.a(lib_a-exit.o) (_global_impure_ptr)
/Users/karlboukhalil/Documents/NYU/Semester 2/Real Time Embedded Systems/sandbox/gcc-arm-none-eabi-5_4-2016q3/bin/../lib/gcc/arm-none-eabi/5.4.1/../../../../arm-none-eabi/lib/armv7e-m/fpu/libc.a(lib_a-init.o)
                              /Users/karlboukhalil/Documents/NYU/Semester 2/Real Time Embedded Systems/sandbox/gcc-arm-none-eabi-5_4-2016q3/bin/../lib/gcc/arm-none-eabi/5.4.1/../../../../arm-none-eabi/lib/armv7e-m/fpu/crt0.o (__libc_init_array)
/Users/karlboukhalil/Documents/NYU/Semester 2/Real Time Embedded Systems/sandbox/gcc-arm-none-eabi-5_4-2016q3/bin/../lib/gcc/arm-none-eabi/5.4.1/../../../../arm-none-eabi/lib/armv7e-m/fpu/libc.a(lib_a-memset.o)
                              /Users/karlboukhalil/Documents/NYU/Semester 2/Real Time Embedded Systems/sandbox/gcc-arm-none-eabi-5_4-2016q3/bin/../lib/gcc/arm-none-eabi/5.4.1/../../../../arm-none-eabi/lib/armv7e-m/fpu/crt0.o (memset)
/Users/karlboukhalil/Documents/NYU/Semester 2/Real Time Embedded Systems/sandbox/gcc-arm-none-eabi-5_4-2016q3/bin/../lib/gcc/arm-none-eabi/5.4.1/../../../../arm-none-eabi/lib/armv7e-m/fpu/libc.a(lib_a-__call_atexit.o)
                              /Users/karlboukhalil/Documents/NYU/Semester 2/Real Time Embedded Systems/sandbox/gcc-arm-none-eabi-5_4-2016q3/bin/../lib/gcc/arm-none-eabi/5.4.1/../../../../arm-none-eabi/lib/armv7e-m/fpu/libc.a(lib_a-exit.o) (__call_exitprocs)
/Users/karlboukhalil/Documents/NYU/Semester 2/Real Time Embedded Systems/sandbox/gcc-arm-none-eabi-5_4-2016q3/bin/../lib/gcc/arm-none-eabi/5.4.1/../../../../arm-none-eabi/lib/armv7e-m/fpu/libc.a(lib_a-atexit.o)
                              /Users/karlboukhalil/Documents/NYU/Semester 2/Real Time Embedded Systems/sandbox/gcc-arm-none-eabi-5_4-2016q3/bin/../lib/gcc/arm-none-eabi/5.4.1/../../../../arm-none-eabi/lib/armv7e-m/fpu/libc.a(lib_a-__call_atexit.o) (atexit)
/Users/karlboukhalil/Documents/NYU/Semester 2/Real Time Embedded Systems/sandbox/gcc-arm-none-eabi-5_4-2016q3/bin/../lib/gcc/arm-none-eabi/5.4.1/../../../../arm-none-eabi/lib/armv7e-m/fpu/libc.a(lib_a-fini.o)
                              /Users/karlboukhalil/Documents/NYU/Semester 2/Real Time Embedded Systems/sandbox/gcc-arm-none-eabi-5_4-2016q3/bin/../lib/gcc/arm-none-eabi/5.4.1/../../../../arm-none-eabi/lib/armv7e-m/fpu/libc.a(lib_a-__call_atexit.o) (__libc_fini_array)
/Users/karlboukhalil/Documents/NYU/Semester 2/Real Time Embedded Systems/sandbox/gcc-arm-none-eabi-5_4-2016q3/bin/../lib/gcc/arm-none-eabi/5.4.1/../../../../arm-none-eabi/lib/armv7e-m/fpu/libc.a(lib_a-__atexit.o)
                              /Users/karlboukhalil/Documents/NYU/Semester 2/Real Time Embedded Systems/sandbox/gcc-arm-none-eabi-5_4-2016q3/bin/../lib/gcc/arm-none-eabi/5.4.1/../../../../arm-none-eabi/lib/armv7e-m/fpu/libc.a(lib_a-atexit.o) (__register_exitproc)
/Users/karlboukhalil/Documents/NYU/Semester 2/Real Time Embedded Systems/sandbox/gcc-arm-none-eabi-5_4-2016q3/bin/../lib/gcc/arm-none-eabi/5.4.1/../../../../arm-none-eabi/lib/armv7e-m/fpu/libc.a(lib_a-printf.o)
                              user_source/hal_interface/queue.o (printf)
/Users/karlboukhalil/Documents/NYU/Semester 2/Real Time Embedded Systems/sandbox/gcc-arm-none-eabi-5_4-2016q3/bin/../lib/gcc/arm-none-eabi/5.4.1/../../../../arm-none-eabi/lib/armv7e-m/fpu/libc.a(lib_a-puts.o)
                              demo6.o (puts)
/Users/karlboukhalil/Documents/NYU/Semester 2/Real Time Embedded Systems/sandbox/gcc-arm-none-eabi-5_4-2016q3/bin/../lib/gcc/arm-none-eabi/5.4.1/../../../../arm-none-eabi/lib/armv7e-m/fpu/libc.a(lib_a-reent.o)
                              user_source/hal_interface/newlib_stubs.o (errno)
/Users/karlboukhalil/Documents/NYU/Semester 2/Real Time Embedded Systems/sandbox/gcc-arm-none-eabi-5_4-2016q3/bin/../lib/gcc/arm-none-eabi/5.4.1/../../../../arm-none-eabi/lib/armv7e-m/fpu/libc.a(lib_a-setvbuf.o)
                              demo6.o (setvbuf)
[...]
Memory Configuration

Name             Origin             Length             Attributes
FLASH            0x0000000008000000 0x0000000000040000 xr
RAM              0x0000000020000000 0x000000000000a000 xrw
CCMRAM           0x0000000010000000 0x0000000000002000 rw
*default*        0x0000000000000000 0xffffffffffffffff

Linker script and memory map

LOAD /Users/karlboukhalil/Documents/NYU/Semester 2/Real Time Embedded Systems/sandbox/gcc-arm-none-eabi-5_4-2016q3/bin/../lib/gcc/arm-none-eabi/5.4.1/armv7e-m/fpu/crti.o
LOAD /Users/karlboukhalil/Documents/NYU/Semester 2/Real Time Embedded Systems/sandbox/gcc-arm-none-eabi-5_4-2016q3/bin/../lib/gcc/arm-none-eabi/5.4.1/armv7e-m/fpu/crtbegin.o
LOAD /Users/karlboukhalil/Documents/NYU/Semester 2/Real Time Embedded Systems/sandbox/gcc-arm-none-eabi-5_4-2016q3/bin/../lib/gcc/arm-none-eabi/5.4.1/../../../../arm-none-eabi/lib/armv7e-m/fpu/crt0.o
                0x000000002000a000                _estack = 0x2000a000
                0x0000000000000f00                _Min_Heap_Size = 0xf00
                0x0000000000000f00                _Min_Stack_Size = 0xf00

.isr_vector     0x0000000008000000      0x188
                0x0000000008000000                . = ALIGN (0x4)
 *(.isr_vector)
 .isr_vector    0x0000000008000000      0x188 ../../arctic_awesomeness/arch/stm32/f3/src/CMSIS/startup_stm32f303xc.o
                0x0000000008000000                g_pfnVectors
                0x0000000008000188                . = ALIGN (0x4)

.text           0x00000000080001c0     0x8960
                0x00000000080001c0                . = ALIGN (0x4)
 *(.text)
 .text          0x00000000080001c0       0x5c /Users/karlboukhalil/Documents/NYU/Semester 2/Real Time Embedded Systems/sandbox/gcc-arm-none-eabi-5_4-2016q3/bin/../lib/gcc/arm-none-eabi/5.4.1/armv7e-m/fpu/crtbegin.o
 .text          0x000000000800021c      0x158 ../../arctic_awesomeness/arch/stm32/f3/src/stm32f3xx_hal.o
                0x0000000008000224                HAL_DeInit
                0x0000000008000274                HAL_Init
                0x0000000008000298                HAL_IncTick
                0x00000000080002a8                HAL_GetTick
                0x00000000080002b4                HAL_Delay
                0x00000000080002f0                HAL_GetHalVersion
                0x00000000080002f8                HAL_GetREVID
                0x0000000008000304                HAL_GetDEVID
                0x0000000008000314                HAL_DBGMCU_EnableDBGSleepMode
                0x0000000008000324                HAL_DBGMCU_DisableDBGSleepMode
                0x0000000008000334                HAL_DBGMCU_EnableDBGStopMode
                0x0000000008000344                HAL_DBGMCU_DisableDBGStopMode
                0x0000000008000354                HAL_DBGMCU_EnableDBGStandbyMode
                0x0000000008000364                HAL_DBGMCU_DisableDBGStandbyMode
 .text          0x0000000008000374      0x2b0 ../../arctic_awesomeness/arch/stm32/f3/src/stm32f3xx_hal_cortex.o
                0x0000000008000374                HAL_NVIC_SetPriorityGrouping
                0x0000000008000398                HAL_NVIC_SetPriority
                0x0000000008000408                HAL_NVIC_EnableIRQ
                0x0000000008000420                HAL_NVIC_DisableIRQ
                0x000000000800043c                HAL_NVIC_SystemReset
                0x0000000008000460                HAL_SYSTICK_Config
                0x0000000008000494                HAL_MPU_Disable
                0x00000000080004b0                HAL_MPU_Enable
                0x00000000080004cc                HAL_MPU_ConfigRegion
                0x0000000008000520                HAL_NVIC_GetPriorityGrouping
                0x0000000008000530                HAL_NVIC_GetPriority
                0x0000000008000590                HAL_NVIC_SetPendingIRQ
                0x00000000080005ac                HAL_NVIC_GetPendingIRQ
                0x00000000080005c8                HAL_NVIC_ClearPendingIRQ
                0x00000000080005e4                HAL_NVIC_GetActive
                0x0000000008000600                HAL_SYSTICK_CLKSourceConfig
                0x0000000008000618                HAL_SYSTICK_Callback
                0x000000000800061c                HAL_SYSTICK_IRQHandler
 .text          0x0000000008000624      0x490 ../../arctic_awesomeness/arch/stm32/f3/src/stm32f3xx_hal_dma.o
                0x0000000008000624                HAL_DMA_Init
                0x00000000080006b4                HAL_DMA_DeInit
                0x0000000008000728                HAL_DMA_Start
                0x000000000800078c                HAL_DMA_Start_IT
                0x0000000008000810                HAL_DMA_Abort
                0x0000000008000844                HAL_DMA_Abort_IT
                0x000000000800088c                HAL_DMA_PollForTransfer
                0x0000000008000960                HAL_DMA_IRQHandler
                0x00000000080009f8                HAL_DMA_RegisterCallback
                0x0000000008000a4c                HAL_DMA_UnRegisterCallback
                0x0000000008000aa8                HAL_DMA_GetState
                0x0000000008000ab0                HAL_DMA_GetError
 .text          0x0000000008000ab4      0x36c ../../arctic_awesomeness/arch/stm32/f3/src/stm32f3xx_hal_gpio.o
                0x0000000008000ab4                HAL_GPIO_Init
                0x0000000008000c8c                HAL_GPIO_DeInit
                0x0000000008000db8                HAL_GPIO_ReadPin
                0x0000000008000dc4                HAL_GPIO_WritePin
                0x0000000008000dd0                HAL_GPIO_TogglePin
                0x0000000008000dd8                HAL_GPIO_LockPin
                0x0000000008000e08                HAL_GPIO_EXTI_IRQHandler
 .text          0x0000000008000e20       0x10 ../../arctic_awesomeness/arch/stm32/f3/src/stm32f3xx_hal_msp.o
                0x0000000008000e20                HAL_MspInit
                0x0000000008000e24                HAL_MspDeInit
                0x0000000008000e28                HAL_PPP_MspInit
                0x0000000008000e2c                HAL_PPP_MspDeInit
 .text          0x0000000008000e30      0x9e8 ../../arctic_awesomeness/arch/stm32/f3/src/stm32f3xx_hal_rcc.o
                0x0000000008000e30                HAL_RCC_DeInit
                0x0000000008000e80                HAL_RCC_OscConfig
                0x000000000800142c                HAL_RCC_MCOConfig
                0x0000000008001478                HAL_RCC_EnableCSS
                0x0000000008001494                HAL_RCC_DisableCSS
                0x00000000080014b0                HAL_RCC_GetSysClockFreq
                0x000000000800151c                HAL_RCC_ClockConfig
                0x00000000080016a8                HAL_RCC_GetHCLKFreq
                0x00000000080016b4                HAL_RCC_GetPCLK1Freq
                0x00000000080016e4                HAL_RCC_GetPCLK2Freq
                0x0000000008001714                HAL_RCC_GetOscConfig
                0x00000000080017b0                HAL_RCC_GetClockConfig
                0x00000000080017f4                HAL_RCC_CSSCallback
                0x00000000080017f8                HAL_RCC_NMI_IRQHandler
 .text          0x0000000008001818     0x2160 ../../arctic_awesomeness/arch/stm32/f3/src/stm32f3xx_hal_tim.o
                0x00000000080018d0                HAL_TIM_Base_MspDeInit
                0x00000000080018d4                HAL_TIM_Base_DeInit
                0x0000000008001910                HAL_TIM_Base_Start
                0x0000000008001930                HAL_TIM_Base_Stop
                0x0000000008001960                HAL_TIM_Base_Start_IT
                0x0000000008001978                HAL_TIM_Base_Stop_IT
                0x00000000080019a4                HAL_TIM_Base_Start_DMA
                0x0000000008001a00                HAL_TIM_Base_Stop_DMA
                0x0000000008001a30                HAL_TIM_OC_MspInit
                0x0000000008001a34                HAL_TIM_OC_MspDeInit
                0x0000000008001a38                HAL_TIM_OC_DeInit
                0x0000000008001a74                HAL_TIM_OC_Stop
                0x0000000008001b00                HAL_TIM_PWM_MspDeInit
                0x0000000008001b04                HAL_TIM_PWM_DeInit
                0x0000000008001b40                HAL_TIM_PWM_Start
                0x0000000008001ba0                HAL_TIM_OC_Start
                0x0000000008001ba4                HAL_TIM_PWM_Stop
                0x0000000008001c30                HAL_TIM_PWM_Start_IT
                0x0000000008001cd8                HAL_TIM_OC_Start_IT
                0x0000000008001cdc                HAL_TIM_PWM_Stop_IT
                0x0000000008001dac                HAL_TIM_OC_Stop_IT
                0x0000000008001db0                HAL_TIM_PWM_Start_DMA
                0x0000000008001ee0                HAL_TIM_OC_Start_DMA
                0x0000000008001ee4                HAL_TIM_PWM_Stop_DMA
                0x0000000008001fb8                HAL_TIM_OC_Stop_DMA
                0x0000000008001fbc                HAL_TIM_IC_MspInit
                0x0000000008001fc0                HAL_TIM_IC_MspDeInit
                0x0000000008001fc4                HAL_TIM_IC_DeInit
                0x0000000008002000                HAL_TIM_IC_Start
                0x0000000008002024                HAL_TIM_IC_Stop
                0x0000000008002058                HAL_TIM_IC_Start_IT
                0x00000000080020c0                HAL_TIM_IC_Stop_IT
                0x000000000800213c                HAL_TIM_IC_Start_DMA
                0x0000000008002220                HAL_TIM_IC_Stop_DMA
                0x00000000080022a8                HAL_TIM_OnePulse_MspInit
                0x00000000080022ac                HAL_TIM_OnePulse_MspDeInit
                0x00000000080022b0                HAL_TIM_OnePulse_DeInit
                0x00000000080022ec                HAL_TIM_OnePulse_Start
                0x000000000800234c                HAL_TIM_OnePulse_Stop
                0x00000000080023d4                HAL_TIM_OnePulse_Start_IT
                0x0000000008002444                HAL_TIM_OnePulse_Stop_IT
                0x00000000080024dc                HAL_TIM_Encoder_MspInit
                0x00000000080024e0                HAL_TIM_Encoder_MspDeInit
                0x00000000080024e4                HAL_TIM_Encoder_DeInit
                0x0000000008002520                HAL_TIM_Encoder_Start
                0x000000000800256c                HAL_TIM_Encoder_Stop
                0x00000000080025c0                HAL_TIM_Encoder_Start_IT
                0x0000000008002640                HAL_TIM_Encoder_Stop_IT
                0x00000000080026c0                HAL_TIM_Encoder_Start_DMA
                0x0000000008002808                HAL_TIM_Encoder_Stop_DMA
                0x0000000008002888                HAL_TIM_DMABurst_WriteStart
                0x000000000800296c                HAL_TIM_DMABurst_ReadStart
                0x0000000008002a50                HAL_TIM_DMABurst_ReadStop
                0x0000000008002ac8                HAL_TIM_DMABurst_WriteStop
                0x0000000008002acc                HAL_TIM_GenerateEvent
                0x0000000008002bc4                HAL_TIM_ConfigClockSource
                0x0000000008002d54                HAL_TIM_ConfigTI1Input
                0x0000000008002d64                HAL_TIM_SlaveConfigSynchronization
                0x0000000008002da4                HAL_TIM_SlaveConfigSynchronization_IT
                0x0000000008002de4                HAL_TIM_ReadCapturedValue
                0x0000000008002e58                HAL_TIM_OC_DelayElapsedCallback
                0x0000000008002e5c                HAL_TIM_IC_CaptureCallback
                0x0000000008002e60                TIM_DMACaptureCplt
                0x0000000008002eac                HAL_TIM_PWM_PulseFinishedCallback
                0x0000000008002eb0                TIM_DMADelayPulseCplt
                0x0000000008002efc                HAL_TIM_TriggerCallback
                0x0000000008002f00                HAL_TIM_IRQHandler
                0x0000000008003064                HAL_TIM_ErrorCallback
                0x0000000008003068                TIM_DMAError
                0x0000000008003078                HAL_TIM_Base_GetState
                0x0000000008003080                HAL_TIM_OC_GetState
                0x0000000008003088                HAL_TIM_PWM_GetState
                0x0000000008003090                HAL_TIM_IC_GetState
                0x0000000008003098                HAL_TIM_OnePulse_GetState
                0x00000000080030a0                HAL_TIM_Encoder_GetState
                0x00000000080030a8                TIM_Base_SetConfig
                0x0000000008003180                HAL_TIM_Base_Init
                0x00000000080031b8                HAL_TIM_OC_Init
                0x00000000080031f0                HAL_TIM_PWM_Init
                0x0000000008003228                HAL_TIM_IC_Init
                0x0000000008003260                HAL_TIM_OnePulse_Init
                0x00000000080032a8                HAL_TIM_Encoder_Init
                0x0000000008003354                TIM_OC1_SetConfig
                0x00000000080033d4                TIM_OC2_SetConfig
                0x0000000008003458                TIM_OC3_SetConfig
                0x00000000080034d8                TIM_OC4_SetConfig
                0x000000000800367c                TIM_TI1_SetConfig
                0x00000000080036e4                HAL_TIM_IC_ConfigChannel
                0x000000000800381c                HAL_TIM_OnePulse_ConfigChannel
                0x0000000008003940                TIM_ETR_SetConfig
                0x0000000008003958                TIM_CCxChannelCmd
 .text          0x0000000008003978      0xc84 ../../arctic_awesomeness/arch/stm32/f3/src/stm32f3xx_hal_tim_ex.o
                0x0000000008003a58                HAL_TIMEx_HallSensor_MspInit
                0x0000000008003a5c                HAL_TIMEx_HallSensor_Init
                0x0000000008003b14                HAL_TIMEx_HallSensor_MspDeInit
                0x0000000008003b18                HAL_TIMEx_HallSensor_DeInit
                0x0000000008003b54                HAL_TIMEx_HallSensor_Start
                0x0000000008003b70                HAL_TIMEx_HallSensor_Stop
                0x0000000008003ba0                HAL_TIMEx_HallSensor_Start_IT
                0x0000000008003bc4                HAL_TIMEx_HallSensor_Stop_IT
                0x0000000008003bfc                HAL_TIMEx_HallSensor_Start_DMA
                0x0000000008003c68                HAL_TIMEx_HallSensor_Stop_DMA
                0x0000000008003ca0                HAL_TIMEx_PWMN_Start
                0x0000000008003ccc                HAL_TIMEx_OCN_Start
                0x0000000008003cd0                HAL_TIMEx_PWMN_Start_IT
                0x0000000008003d48                HAL_TIMEx_OCN_Start_IT
                0x0000000008003d4c                HAL_TIMEx_PWMN_Stop_IT
                0x0000000008003df4                HAL_TIMEx_OCN_Stop_IT
                0x0000000008003df8                HAL_TIMEx_PWMN_Start_DMA
                0x0000000008003ef8                HAL_TIMEx_OCN_Start_DMA
                0x0000000008003efc                HAL_TIMEx_PWMN_Stop_DMA
                0x0000000008003fa0                HAL_TIMEx_OCN_Stop_DMA
                0x0000000008003fa4                HAL_TIMEx_OnePulseN_Start
                0x0000000008003fc8                HAL_TIMEx_OnePulseN_Stop
                0x000000000800401c                HAL_TIMEx_PWMN_Stop
                0x0000000008004020                HAL_TIMEx_OCN_Stop
                0x0000000008004024                HAL_TIMEx_OnePulseN_Start_IT
                0x0000000008004058                HAL_TIMEx_OnePulseN_Stop_IT
                0x00000000080040bc                HAL_TIMEx_ConfigCommutationEvent
                0x000000000800410c                HAL_TIMEx_ConfigCommutationEvent_IT
                0x0000000008004164                HAL_TIMEx_ConfigCommutationEvent_DMA
                0x00000000080041cc                HAL_TIM_OC_ConfigChannel
                0x0000000008004244                HAL_TIM_PWM_ConfigChannel
                0x000000000800436c                HAL_TIMEx_MasterConfigSynchronization
                0x00000000080043c0                HAL_TIMEx_ConfigBreakDeadTime
                0x000000000800444c                HAL_TIMEx_RemapConfig
                0x0000000008004478                HAL_TIMEx_GroupChannel5
                0x00000000080044b0                HAL_TIM_ConfigOCrefClear
                0x00000000080045dc                HAL_TIMEx_CommutationCallback
                0x00000000080045e0                TIMEx_DMACommutationCplt
                0x00000000080045f0                HAL_TIMEx_BreakCallback
                0x00000000080045f4                HAL_TIMEx_HallSensor_GetState
 .text          0x00000000080045fc       0xc0 ../../arctic_awesomeness/arch/stm32/f3/src/stm32f3xx_hal_timebase_tim.o
                0x00000000080045fc                HAL_InitTick
                0x0000000008004684                HAL_SuspendTick
                0x0000000008004698                HAL_ResumeTick
                0x00000000080046ac                HAL_TIM_PeriodElapsedCallback
                0x00000000080046b0                TIM6_DAC_IRQHandler
 .text          0x00000000080046bc     0x12d8 ../../arctic_awesomeness/arch/stm32/f3/src/stm32f3xx_hal_uart.o
                0x00000000080046c0                HAL_UART_MspDeInit
                0x00000000080046c4                HAL_UART_DeInit
                0x00000000080046fc                HAL_UART_Transmit_IT
                0x0000000008004744                HAL_UART_Receive_IT
                0x00000000080047c4                HAL_UART_Transmit_DMA
                0x0000000008004840                HAL_UART_Receive_DMA
                0x00000000080048c4                HAL_UART_DMAPause
                0x0000000008004924                HAL_UART_DMAResume
                0x000000000800498c                HAL_UART_DMAStop
                0x0000000008004a04                HAL_UART_Abort
                0x0000000008004a70                HAL_UART_AbortTransmit
                0x0000000008004aa8                HAL_UART_AbortReceive
                0x0000000008004aec                HAL_UART_TxCpltCallback
                0x0000000008004b1c                HAL_UART_TxHalfCpltCallback
                0x0000000008004b2c                HAL_UART_RxCpltCallback
                0x0000000008004b68                HAL_UART_RxHalfCpltCallback
                0x0000000008004b78                HAL_UART_ErrorCallback
                0x0000000008004bfc                HAL_UART_AbortCpltCallback
                0x0000000008004c00                HAL_UART_Abort_IT
                0x0000000008004d28                HAL_UART_AbortTransmitCpltCallback
                0x0000000008004d2c                HAL_UART_AbortTransmit_IT
                0x0000000008004da8                HAL_UART_AbortReceiveCpltCallback
                0x0000000008004dac                HAL_UART_AbortReceive_IT
                0x0000000008004e40                HAL_MultiProcessor_EnterMuteMode
                0x0000000008004e4c                HAL_HalfDuplex_EnableTransmitter
                0x0000000008004e88                HAL_HalfDuplex_EnableReceiver
                0x0000000008004ec4                HAL_LIN_SendBreak
                0x0000000008004ef8                HAL_UART_GetState
                0x0000000008004f04                HAL_UART_GetError
                0x0000000008004f08                UART_SetConfig
                0x0000000008005178                UART_AdvFeatureConfig
                0x0000000008005228                UART_WaitOnFlagUntilTimeout
                0x0000000008005290                HAL_UART_Transmit
                0x0000000008005348                HAL_UART_Receive
                0x0000000008005430                UART_CheckIdleState
                0x00000000080054a0                HAL_UART_Init
                0x000000000800550c                HAL_HalfDuplex_Init
                0x0000000008005584                HAL_LIN_Init
                0x0000000008005614                HAL_MultiProcessor_Init
                0x00000000080056a4                HAL_MultiProcessor_EnableMuteMode
                0x00000000080056d4                HAL_MultiProcessor_DisableMuteMode
                0x0000000008005704                UART_Transmit_IT
                0x000000000800576c                UART_EndTransmit_IT
                0x0000000008005788                UART_Receive_IT
                0x0000000008005800                HAL_UART_IRQHandler
                0x0000000008005960                UART_Wakeup_AddressConfig
 .text          0x0000000008005994      0x1b0 ../../arctic_awesomeness/arch/stm32/f3/src/stm32f3xx_hal_uart_ex.o
                0x0000000008005994                HAL_RS485Ex_Init
                0x0000000008005a24                HAL_UARTEx_WakeupCallback
                0x0000000008005a28                HAL_UARTEx_StopModeWakeUpSourceConfig
                0x0000000008005aa8                HAL_UARTEx_EnableStopMode
                0x0000000008005adc                HAL_UARTEx_DisableStopMode
                0x0000000008005b10                HAL_MultiProcessorEx_AddressLength_Set
 .text          0x0000000008005b44       0xd0 ../../arctic_awesomeness/arch/stm32/f3/src/CMSIS/system_stm32f3xx.o
                0x0000000008005b44                SystemInit
                0x0000000008005bb4                SystemCoreClockUpdate
 .text          0x0000000008005c14       0xdc demo6.o
                0x0000000008005c14                parallel_park
                0x0000000008005c6c                init_sensors_values
                0x0000000008005cb4                init_pins
 .text          0x0000000008005cf0       0x10 user_source/foo.o
                0x0000000008005cf0                foo
                0x0000000008005cf4                TEST_FOO
 .text          0x0000000008005d00       0x58 user_source/uart.o
                0x0000000008005d00                uart_debug_init
                0x0000000008005d08                uart_init
                0x0000000008005d10                uart_get_byte_blocking
                0x0000000008005d14                uart_send_byte_blocking
                0x0000000008005d18                uart_get_data_blocking
                0x0000000008005d38                uart_send_data_blocking
 .text          0x0000000008005d58       0x7c user_source/hal_interface/cpu.o
                0x0000000008005d58                cpu_init
                0x0000000008005da8                cpu_sw_delay
                0x0000000008005dc0                cpu_sw_delay_us
 .text          0x0000000008005dd4      0x148 user_source/hal_interface/cube_hal_msp.o
                0x0000000008005dd4                HAL_TIM_PWM_MspInit
                0x0000000008005e2c                HAL_TIM_Base_MspInit
                0x0000000008005ea0                HAL_UART_MspInit
 .text          0x0000000008005f1c       0xb4 user_source/hal_interface/encoder_hal.o
                0x0000000008005f1c                init_encoders
                0x0000000008005f8c                EXTI4_IRQHandler
                0x0000000008005f98                EXTI3_IRQHandler
                0x0000000008005fa4                encoders_Callback
 .text          0x0000000008005fd0      0x190 user_source/hal_interface/newlib_stubs.o
                0x0000000008005fd0                _exit
                0x0000000008005fec                _close
                0x0000000008005ff4                _execve
                0x0000000008006004                _fork
                0x0000000008006014                _fstat
                0x0000000008006020                _getpid
                0x0000000008006024                _isatty
                0x000000000800603c                _kill
                0x000000000800604c                _link
                0x000000000800605c                _lseek
                0x0000000008006060                _read
                0x0000000008006094                _stat
                0x00000000080060a0                _times
                0x00000000080060a8                _unlink
                0x00000000080060b8                _wait
                0x00000000080060c8                _write
                0x0000000008006118                _sbrk
 .text          0x0000000008006160      0x1f0 user_source/hal_interface/pwm_hal.o
                0x0000000008006160                init_pwm
                0x00000000080061b8                set_pwm
                0x0000000008006274                adjust
                0x0000000008006310                motors_control
 .text          0x0000000008006350      0x480 user_source/hal_interface/sensor_hal.o
                0x0000000008006350                init_echos
                0x00000000080063f0                init_triggers
                0x0000000008006494                init_timers
                0x0000000008006518                EXTI15_10_IRQHandler
                0x0000000008006524                EXTI9_5_IRQHandler
                0x000000000800653c                sensorsCallbacks
                0x0000000008006650                HAL_GPIO_EXTI_Callback
                0x000000000800678c                trigger_sensor
                0x00000000080067ac                init_tresh_dist
 .text          0x00000000080067d0       0x74 user_source/hal_interface/uart_hal.o
                0x00000000080067d0                uart_hal_init
                0x0000000008006810                uart_hal_send_byte_blocking
                0x0000000008006828                uart_hal_get_byte_blocking
 *fill*         0x0000000008006844       0x3c 
 .text          0x0000000008006880       0xdc /Users/karlboukhalil/Documents/NYU/Semester 2/Real Time Embedded Systems/sandbox/gcc-arm-none-eabi-5_4-2016q3/bin/../lib/gcc/arm-none-eabi/5.4.1/../../../../arm-none-eabi/lib/armv7e-m/fpu/libc.a(lib_a-strlen.o)
                0x0000000008006880                strlen
 *fill*         0x000000000800695c        0x4 
 .text          0x0000000008006960       0xa0 /Users/karlboukhalil/Documents/NYU/Semester 2/Real Time Embedded Systems/sandbox/gcc-arm-none-eabi-5_4-2016q3/bin/../lib/gcc/arm-none-eabi/5.4.1/../../../../arm-none-eabi/lib/armv7e-m/fpu/libc.a(lib_a-memchr.o)
                0x0000000008006960                memchr
 .text          0x0000000008006a00      0x134 /Users/karlboukhalil/Documents/NYU/Semester 2/Real Time Embedded Systems/sandbox/gcc-arm-none-eabi-5_4-2016q3/bin/../lib/gcc/arm-none-eabi/5.4.1/../../../../arm-none-eabi/lib/armv7e-m/fpu/libc.a(lib_a-memcpy.o)
                0x0000000008006a00                memcpy
 .text          0x0000000008006b34      0x370 /Users/karlboukhalil/Documents/NYU/Semester 2/Real Time Embedded Systems/sandbox/gcc-arm-none-eabi-5_4-2016q3/bin/../lib/gcc/arm-none-eabi/5.4.1/armv7e-m/fpu/libgcc.a(_arm_addsubdf3.o)
                0x0000000008006b34                __aeabi_drsub
                0x0000000008006b3c                __subdf3
                0x0000000008006b3c                __aeabi_dsub
                0x0000000008006b40                __aeabi_dadd
                0x0000000008006b40                __adddf3
                0x0000000008006db8                __aeabi_ui2d
                0x0000000008006db8                __floatunsidf
                0x0000000008006dd8                __floatsidf
                0x0000000008006dd8                __aeabi_i2d
                0x0000000008006dfc                __extendsfdf2
                0x0000000008006dfc                __aeabi_f2d
                0x0000000008006e38                __aeabi_ul2d
                0x0000000008006e38                __floatundidf
                0x0000000008006e48                __aeabi_l2d
                0x0000000008006e48                __floatdidf
 .text          0x0000000008006ea4      0x110 /Users/karlboukhalil/Documents/NYU/Semester 2/Real Time Embedded Systems/sandbox/gcc-arm-none-eabi-5_4-2016q3/bin/../lib/gcc/arm-none-eabi/5.4.1/armv7e-m/fpu/libgcc.a(_arm_cmpdf2.o)
                0x0000000008006ea4                __gtdf2
                0x0000000008006ea4                __gedf2
                0x0000000008006eac                __ltdf2
                0x0000000008006eac                __ledf2
                0x0000000008006eb4                __eqdf2
                0x0000000008006eb4                __nedf2
                0x0000000008006eb4                __cmpdf2
                0x0000000008006f30                __aeabi_cdrcmple
                0x0000000008006f40                __aeabi_cdcmple
                0x0000000008006f40                __aeabi_cdcmpeq
                0x0000000008006f50                __aeabi_dcmpeq
                0x0000000008006f64                __aeabi_dcmplt
                0x0000000008006f78                __aeabi_dcmple
                0x0000000008006f8c                __aeabi_dcmpge
                0x0000000008006fa0                __aeabi_dcmpgt
 *(.text*)
 .text.__libc_init_array
                0x0000000008006fb4       0x50 /Users/karlboukhalil/Documents/NYU/Semester 2/Real Time Embedded Systems/sandbox/gcc-arm-none-eabi-5_4-2016q3/bin/../lib/gcc/arm-none-eabi/5.4.1/../../../../arm-none-eabi/lib/armv7e-m/fpu/libc.a(lib_a-init.o)
                0x0000000008006fb4                __libc_init_array
 .text.memset   0x0000000008007004       0x9c /Users/karlboukhalil/Documents/NYU/Semester 2/Real Time Embedded Systems/sandbox/gcc-arm-none-eabi-5_4-2016q3/bin/../lib/gcc/arm-none-eabi/5.4.1/../../../../arm-none-eabi/lib/armv7e-m/fpu/libc.a(lib_a-memset.o)
                0x0000000008007004                memset
 .text.startup.register_fini
                0x00000000080070a0       0x14 /Users/karlboukhalil/Documents/NYU/Semester 2/Real Time Embedded Systems/sandbox/gcc-arm-none-eabi-5_4-2016q3/bin/../lib/gcc/arm-none-eabi/5.4.1/../../../../arm-none-eabi/lib/armv7e-m/fpu/libc.a(lib_a-__call_atexit.o)
 .text.atexit   0x00000000080070b4        0xc /Users/karlboukhalil/Documents/NYU/Semester 2/Real Time Embedded Systems/sandbox/gcc-arm-none-eabi-5_4-2016q3/bin/../lib/gcc/arm-none-eabi/5.4.1/../../../../arm-none-eabi/lib/armv7e-m/fpu/libc.a(lib_a-atexit.o)
                0x00000000080070b4                atexit
 .text.__libc_fini_array
                0x00000000080070c0       0x28 /Users/karlboukhalil/Documents/NYU/Semester 2/Real Time Embedded Systems/sandbox/gcc-arm-none-eabi-5_4-2016q3/bin/../lib/gcc/arm-none-eabi/5.4.1/../../../../arm-none-eabi/lib/armv7e-m/fpu/libc.a(lib_a-fini.o)
                0x00000000080070c0                __libc_fini_array
 .text.__register_exitproc
                0x00000000080070e8       0xa4 /Users/karlboukhalil/Documents/NYU/Semester 2/Real Time Embedded Systems/sandbox/gcc-arm-none-eabi-5_4-2016q3/bin/../lib/gcc/arm-none-eabi/5.4.1/../../../../arm-none-eabi/lib/armv7e-m/fpu/libc.a(lib_a-__atexit.o)
                0x00000000080070e8                __register_exitproc
 .text.Reset_Handler
                0x000000000800718c       0x50 ../../arctic_awesomeness/arch/stm32/f3/src/CMSIS/startup_stm32f303xc.o
                0x000000000800718c                Reset_Handler
 .text.Default_Handler
                0x00000000080071dc        0x2 ../../arctic_awesomeness/arch/stm32/f3/src/CMSIS/startup_stm32f303xc.o
                0x00000000080071dc                TIM1_BRK_TIM15_IRQHandler
                0x00000000080071dc                TIM8_TRG_COM_IRQHandler
                0x00000000080071dc                TIM8_CC_IRQHandler
                0x00000000080071dc                DebugMon_Handler
                0x00000000080071dc                TIM1_CC_IRQHandler
                0x00000000080071dc                HardFault_Handler
                0x00000000080071dc                USB_HP_IRQHandler
                0x00000000080071dc                SysTick_Handler
                0x00000000080071dc                PVD_IRQHandler
                0x00000000080071dc                TAMP_STAMP_IRQHandler
                0x00000000080071dc                PendSV_Handler
                0x00000000080071dc                NMI_Handler
                0x00000000080071dc                USB_HP_CAN_TX_IRQHandler
                0x00000000080071dc                EXTI0_IRQHandler
                0x00000000080071dc                I2C2_EV_IRQHandler
                0x00000000080071dc                FPU_IRQHandler
                0x00000000080071dc                TIM1_UP_TIM16_IRQHandler
                0x00000000080071dc                UsageFault_Handler
                0x00000000080071dc                ADC1_2_IRQHandler
                0x00000000080071dc                SPI1_IRQHandler
                0x00000000080071dc                CAN_SCE_IRQHandler
                0x00000000080071dc                TIM8_UP_IRQHandler
                0x00000000080071dc                DMA2_Channel2_IRQHandler
                0x00000000080071dc                DMA1_Channel4_IRQHandler
                0x00000000080071dc                USART3_IRQHandler
                0x00000000080071dc                DMA1_Channel7_IRQHandler
                0x00000000080071dc                UART5_IRQHandler
                0x00000000080071dc                ADC3_IRQHandler
                0x00000000080071dc                TIM4_IRQHandler
                0x00000000080071dc                CAN_RX1_IRQHandler
                0x00000000080071dc                DMA2_Channel1_IRQHandler
                0x00000000080071dc                I2C1_EV_IRQHandler
                0x00000000080071dc                DMA1_Channel6_IRQHandler
                0x00000000080071dc                UART4_IRQHandler
                0x00000000080071dc                DMA2_Channel4_IRQHandler
                0x00000000080071dc                TIM3_IRQHandler
                0x00000000080071dc                RCC_IRQHandler
                0x00000000080071dc                DMA1_Channel1_IRQHandler
                0x00000000080071dc                Default_Handler
                0x00000000080071dc                USBWakeUp_RMP_IRQHandler
                0x00000000080071dc                TIM7_IRQHandler
                0x00000000080071dc                RTC_WKUP_IRQHandler
                0x00000000080071dc                SPI2_IRQHandler
                0x00000000080071dc                USB_LP_CAN_RX0_IRQHandler
                0x00000000080071dc                MemManage_Handler
                0x00000000080071dc                SVC_Handler
                0x00000000080071dc                DMA2_Channel5_IRQHandler
                0x00000000080071dc                DMA1_Channel5_IRQHandler
                0x00000000080071dc                USB_LP_IRQHandler
                0x00000000080071dc                TIM1_TRG_COM_TIM17_IRQHandler
                0x00000000080071dc                DMA1_Channel3_IRQHandler
                0x00000000080071dc                ADC4_IRQHandler
                0x00000000080071dc                WWDG_IRQHandler
                0x00000000080071dc                TIM2_IRQHandler
                0x00000000080071dc                COMP7_IRQHandler
                0x00000000080071dc                COMP1_2_3_IRQHandler
                0x00000000080071dc                EXTI1_IRQHandler
                0x00000000080071dc                USART2_IRQHandler
                0x00000000080071dc                COMP4_5_6_IRQHandler
                0x00000000080071dc                I2C2_ER_IRQHandler
                0x00000000080071dc                DMA1_Channel2_IRQHandler
                0x00000000080071dc                TIM8_BRK_IRQHandler
                0x00000000080071dc                FLASH_IRQHandler
                0x00000000080071dc                BusFault_Handler
                0x00000000080071dc                USART1_IRQHandler
                0x00000000080071dc                SPI3_IRQHandler
                0x00000000080071dc                I2C1_ER_IRQHandler
                0x00000000080071dc                USBWakeUp_IRQHandler
                0x00000000080071dc                DMA2_Channel3_IRQHandler
                0x00000000080071dc                EXTI2_TSC_IRQHandler
                0x00000000080071dc                RTC_Alarm_IRQHandler
 *fill*         0x00000000080071de        0x2 
 .text.startup  0x00000000080071e0      0x114 demo6.o
                0x00000000080071e0                main
 .text._puts_r  0x00000000080072f4       0x68 /Users/karlboukhalil/Documents/NYU/Semester 2/Real Time Embedded Systems/sandbox/gcc-arm-none-eabi-5_4-2016q3/bin/../lib/gcc/arm-none-eabi/5.4.1/../../../../arm-none-eabi/lib/armv7e-m/fpu/libc.a(lib_a-puts.o)
                0x00000000080072f4                _puts_r
 .text.puts     0x000000000800735c       0x10 /Users/karlboukhalil/Documents/NYU/Semester 2/Real Time Embedded Systems/sandbox/gcc-arm-none-eabi-5_4-2016q3/bin/../lib/gcc/arm-none-eabi/5.4.1/../../../../arm-none-eabi/lib/armv7e-m/fpu/libc.a(lib_a-puts.o)
                0x000000000800735c                puts
 .text.setvbuf  0x000000000800736c      0x150 /Users/karlboukhalil/Documents/NYU/Semester 2/Real Time Embedded Systems/sandbox/gcc-arm-none-eabi-5_4-2016q3/bin/../lib/gcc/arm-none-eabi/5.4.1/../../../../arm-none-eabi/lib/armv7e-m/fpu/libc.a(lib_a-setvbuf.o)
                0x000000000800736c                setvbuf
 .text.__swsetup_r
                0x00000000080074bc       0xc8 /Users/karlboukhalil/Documents/NYU/Semester 2/Real Time Embedded Systems/sandbox/gcc-arm-none-eabi-5_4-2016q3/bin/../lib/gcc/arm-none-eabi/5.4.1/../../../../arm-none-eabi/lib/armv7e-m/fpu/libc.a(lib_a-wsetup.o)
                0x00000000080074bc                __swsetup_r
 .text.__sflush_r
                0x0000000008007584      0x148 /Users/karlboukhalil/Documents/NYU/Semester 2/Real Time Embedded Systems/sandbox/gcc-arm-none-eabi-5_4-2016q3/bin/../lib/gcc/arm-none-eabi/5.4.1/../../../../arm-none-eabi/lib/armv7e-m/fpu/libc.a(lib_a-fflush.o)
                0x0000000008007584                __sflush_r
 .text._fflush_r
                0x00000000080076cc       0x2c /Users/karlboukhalil/Documents/NYU/Semester 2/Real Time Embedded Systems/sandbox/gcc-arm-none-eabi-5_4-2016q3/bin/../lib/gcc/arm-none-eabi/5.4.1/../../../../arm-none-eabi/lib/armv7e-m/fpu/libc.a(lib_a-fflush.o)
                0x00000000080076cc                _fflush_r
 .text._cleanup_r
                0x00000000080076f8        0xc /Users/karlboukhalil/Documents/NYU/Semester 2/Real Time Embedded Systems/sandbox/gcc-arm-none-eabi-5_4-2016q3/bin/../lib/gcc/arm-none-eabi/5.4.1/../../../../arm-none-eabi/lib/armv7e-m/fpu/libc.a(lib_a-findfp.o)
                0x00000000080076f8                _cleanup_r
 .text.__sinit.part.1
                0x0000000008007704       0xf0 /Users/karlboukhalil/Documents/NYU/Semester 2/Real Time Embedded Systems/sandbox/gcc-arm-none-eabi-5_4-2016q3/bin/../lib/gcc/arm-none-eabi/5.4.1/../../../../arm-none-eabi/lib/armv7e-m/fpu/libc.a(lib_a-findfp.o)
 .text.__sinit  0x00000000080077f4        0xc /Users/karlboukhalil/Documents/NYU/Semester 2/Real Time Embedded Systems/sandbox/gcc-arm-none-eabi-5_4-2016q3/bin/../lib/gcc/arm-none-eabi/5.4.1/../../../../arm-none-eabi/lib/armv7e-m/fpu/libc.a(lib_a-findfp.o)
                0x00000000080077f4                __sinit
 .text.__sfp_lock_acquire
                0x0000000008007800        0x4 /Users/karlboukhalil/Documents/NYU/Semester 2/Real Time Embedded Systems/sandbox/gcc-arm-none-eabi-5_4-2016q3/bin/../lib/gcc/arm-none-eabi/5.4.1/../../../../arm-none-eabi/lib/armv7e-m/fpu/libc.a(lib_a-findfp.o)
                0x0000000008007800                __sfp_lock_acquire
 .text.__sfp_lock_release
                0x0000000008007804        0x4 /Users/karlboukhalil/Documents/NYU/Semester 2/Real Time Embedded Systems/sandbox/gcc-arm-none-eabi-5_4-2016q3/bin/../lib/gcc/arm-none-eabi/5.4.1/../../../../arm-none-eabi/lib/armv7e-m/fpu/libc.a(lib_a-findfp.o)
                0x0000000008007804                __sfp_lock_release
 .text._malloc_trim_r
                0x0000000008007808       0x9c /Users/karlboukhalil/Documents/NYU/Semester 2/Real Time Embedded Systems/sandbox/gcc-arm-none-eabi-5_4-2016q3/bin/../lib/gcc/arm-none-eabi/5.4.1/../../../../arm-none-eabi/lib/armv7e-m/fpu/libc.a(lib_a-freer.o)
                0x0000000008007808                _malloc_trim_r
 .text._free_r  0x00000000080078a4      0x1d0 /Users/karlboukhalil/Documents/NYU/Semester 2/Real Time Embedded Systems/sandbox/gcc-arm-none-eabi-5_4-2016q3/bin/../lib/gcc/arm-none-eabi/5.4.1/../../../../arm-none-eabi/lib/armv7e-m/fpu/libc.a(lib_a-freer.o)
                0x00000000080078a4                _free_r
 .text.__sfvwrite_r
                0x0000000008007a74      0x304 /Users/karlboukhalil/Documents/NYU/Semester 2/Real Time Embedded Systems/sandbox/gcc-arm-none-eabi-5_4-2016q3/bin/../lib/gcc/arm-none-eabi/5.4.1/../../../../arm-none-eabi/lib/armv7e-m/fpu/libc.a(lib_a-fvwrite.o)
                0x0000000008007a74                __sfvwrite_r
 .text._fwalk_reent
                0x0000000008007d78       0x54 /Users/karlboukhalil/Documents/NYU/Semester 2/Real Time Embedded Systems/sandbox/gcc-arm-none-eabi-5_4-2016q3/bin/../lib/gcc/arm-none-eabi/5.4.1/../../../../arm-none-eabi/lib/armv7e-m/fpu/libc.a(lib_a-fwalk.o)
                0x0000000008007d78                _fwalk_reent
 .text.__swhatbuf_r
                0x0000000008007dcc       0x60 /Users/karlboukhalil/Documents/NYU/Semester 2/Real Time Embedded Systems/sandbox/gcc-arm-none-eabi-5_4-2016q3/bin/../lib/gcc/arm-none-eabi/5.4.1/../../../../arm-none-eabi/lib/armv7e-m/fpu/libc.a(lib_a-makebuf.o)
                0x0000000008007dcc                __swhatbuf_r
 .text.__smakebuf_r
                0x0000000008007e2c       0x88 /Users/karlboukhalil/Documents/NYU/Semester 2/Real Time Embedded Systems/sandbox/gcc-arm-none-eabi-5_4-2016q3/bin/../lib/gcc/arm-none-eabi/5.4.1/../../../../arm-none-eabi/lib/armv7e-m/fpu/libc.a(lib_a-makebuf.o)
                0x0000000008007e2c                __smakebuf_r
 .text.malloc   0x0000000008007eb4       0x10 /Users/karlboukhalil/Documents/NYU/Semester 2/Real Time Embedded Systems/sandbox/gcc-arm-none-eabi-5_4-2016q3/bin/../lib/gcc/arm-none-eabi/5.4.1/../../../../arm-none-eabi/lib/armv7e-m/fpu/libc.a(lib_a-malloc.o)
                0x0000000008007eb4                malloc
 .text._malloc_r
                0x0000000008007ec4      0x570 /Users/karlboukhalil/Documents/NYU/Semester 2/Real Time Embedded Systems/sandbox/gcc-arm-none-eabi-5_4-2016q3/bin/../lib/gcc/arm-none-eabi/5.4.1/../../../../arm-none-eabi/lib/armv7e-m/fpu/libc.a(lib_a-mallocr.o)
                0x0000000008007ec4                _malloc_r
 .text.memmove  0x0000000008008434       0xc8 /Users/karlboukhalil/Documents/NYU/Semester 2/Real Time Embedded Systems/sandbox/gcc-arm-none-eabi-5_4-2016q3/bin/../lib/gcc/arm-none-eabi/5.4.1/../../../../arm-none-eabi/lib/armv7e-m/fpu/libc.a(lib_a-memmove.o)
                0x0000000008008434                memmove
 .text.__malloc_lock
                0x00000000080084fc        0x4 /Users/karlboukhalil/Documents/NYU/Semester 2/Real Time Embedded Systems/sandbox/gcc-arm-none-eabi-5_4-2016q3/bin/../lib/gcc/arm-none-eabi/5.4.1/../../../../arm-none-eabi/lib/armv7e-m/fpu/libc.a(lib_a-mlock.o)
                0x00000000080084fc                __malloc_lock
 .text.__malloc_unlock
                0x0000000008008500        0x4 /Users/karlboukhalil/Documents/NYU/Semester 2/Real Time Embedded Systems/sandbox/gcc-arm-none-eabi-5_4-2016q3/bin/../lib/gcc/arm-none-eabi/5.4.1/../../../../arm-none-eabi/lib/armv7e-m/fpu/libc.a(lib_a-mlock.o)
                0x0000000008008500                __malloc_unlock
 .text._realloc_r
                0x0000000008008504      0x3e0 /Users/karlboukhalil/Documents/NYU/Semester 2/Real Time Embedded Systems/sandbox/gcc-arm-none-eabi-5_4-2016q3/bin/../lib/gcc/arm-none-eabi/5.4.1/../../../../arm-none-eabi/lib/armv7e-m/fpu/libc.a(lib_a-reallocr.o)
                0x0000000008008504                _realloc_r
 .text._sbrk_r  0x00000000080088e4       0x24 /Users/karlboukhalil/Documents/NYU/Semester 2/Real Time Embedded Systems/sandbox/gcc-arm-none-eabi-5_4-2016q3/bin/../lib/gcc/arm-none-eabi/5.4.1/../../../../arm-none-eabi/lib/armv7e-m/fpu/libc.a(lib_a-sbrkr.o)
                0x00000000080088e4                _sbrk_r
 .text.__sread  0x0000000008008908       0x24 /Users/karlboukhalil/Documents/NYU/Semester 2/Real Time Embedded Systems/sandbox/gcc-arm-none-eabi-5_4-2016q3/bin/../lib/gcc/arm-none-eabi/5.4.1/../../../../arm-none-eabi/lib/armv7e-m/fpu/libc.a(lib_a-stdio.o)
                0x0000000008008908                __sread
 .text.__swrite
                0x000000000800892c       0x3c /Users/karlboukhalil/Documents/NYU/Semester 2/Real Time Embedded Systems/sandbox/gcc-arm-none-eabi-5_4-2016q3/bin/../lib/gcc/arm-none-eabi/5.4.1/../../../../arm-none-eabi/lib/armv7e-m/fpu/libc.a(lib_a-stdio.o)
                0x000000000800892c                __swrite
 .text.__sseek  0x0000000008008968       0x20 /Users/karlboukhalil/Documents/NYU/Semester 2/Real Time Embedded Systems/sandbox/gcc-arm-none-eabi-5_4-2016q3/bin/../lib/gcc/arm-none-eabi/5.4.1/../../../../arm-none-eabi/lib/armv7e-m/fpu/libc.a(lib_a-stdio.o)
                0x0000000008008968                __sseek
 .text.__sclose
                0x0000000008008988        0x8 /Users/karlboukhalil/Documents/NYU/Semester 2/Real Time Embedded Systems/sandbox/gcc-arm-none-eabi-5_4-2016q3/bin/../lib/gcc/arm-none-eabi/5.4.1/../../../../arm-none-eabi/lib/armv7e-m/fpu/libc.a(lib_a-stdio.o)
                0x0000000008008988                __sclose
 .text._write_r
                0x0000000008008990       0x2c /Users/karlboukhalil/Documents/NYU/Semester 2/Real Time Embedded Systems/sandbox/gcc-arm-none-eabi-5_4-2016q3/bin/../lib/gcc/arm-none-eabi/5.4.1/../../../../arm-none-eabi/lib/armv7e-m/fpu/libc.a(lib_a-writer.o)
                0x0000000008008990                _write_r
 .text._close_r
                0x00000000080089bc       0x24 /Users/karlboukhalil/Documents/NYU/Semester 2/Real Time Embedded Systems/sandbox/gcc-arm-none-eabi-5_4-2016q3/bin/../lib/gcc/arm-none-eabi/5.4.1/../../../../arm-none-eabi/lib/armv7e-m/fpu/libc.a(lib_a-closer.o)
                0x00000000080089bc                _close_r
 .text._fclose_r
                0x00000000080089e0       0x84 /Users/karlboukhalil/Documents/NYU/Semester 2/Real Time Embedded Systems/sandbox/gcc-arm-none-eabi-5_4-2016q3/bin/../lib/gcc/arm-none-eabi/5.4.1/../../../../arm-none-eabi/lib/armv7e-m/fpu/libc.a(lib_a-fclose.o)
                0x00000000080089e0                _fclose_r
 .text._fstat_r
                0x0000000008008a64       0x28 /Users/karlboukhalil/Documents/NYU/Semester 2/Real Time Embedded Systems/sandbox/gcc-arm-none-eabi-5_4-2016q3/bin/../lib/gcc/arm-none-eabi/5.4.1/../../../../arm-none-eabi/lib/armv7e-m/fpu/libc.a(lib_a-fstatr.o)
                0x0000000008008a64                _fstat_r
 .text._isatty_r
                0x0000000008008a8c       0x24 /Users/karlboukhalil/Documents/NYU/Semester 2/Real Time Embedded Systems/sandbox/gcc-arm-none-eabi-5_4-2016q3/bin/../lib/gcc/arm-none-eabi/5.4.1/../../../../arm-none-eabi/lib/armv7e-m/fpu/libc.a(lib_a-isattyr.o)
                0x0000000008008a8c                _isatty_r
 .text._lseek_r
                0x0000000008008ab0       0x2c /Users/karlboukhalil/Documents/NYU/Semester 2/Real Time Embedded Systems/sandbox/gcc-arm-none-eabi-5_4-2016q3/bin/../lib/gcc/arm-none-eabi/5.4.1/../../../../arm-none-eabi/lib/armv7e-m/fpu/libc.a(lib_a-lseekr.o)
                0x0000000008008ab0                _lseek_r
 .text._read_r  0x0000000008008adc       0x2c /Users/karlboukhalil/Documents/NYU/Semester 2/Real Time Embedded Systems/sandbox/gcc-arm-none-eabi-5_4-2016q3/bin/../lib/gcc/arm-none-eabi/5.4.1/../../../../arm-none-eabi/lib/armv7e-m/fpu/libc.a(lib_a-readr.o)
                0x0000000008008adc                _read_r
 *(.glue_7)
 .glue_7        0x0000000008008b08        0x0 linker stubs
 *(.glue_7t)
 .glue_7t       0x0000000008008b08        0x0 linker stubs
 *(.eh_frame)
 .eh_frame      0x0000000008008b08        0x0 /Users/karlboukhalil/Documents/NYU/Semester 2/Real Time Embedded Systems/sandbox/gcc-arm-none-eabi-5_4-2016q3/bin/../lib/gcc/arm-none-eabi/5.4.1/armv7e-m/fpu/crtbegin.o
 *(.init)
 .init          0x0000000008008b08        0x4 /Users/karlboukhalil/Documents/NYU/Semester 2/Real Time Embedded Systems/sandbox/gcc-arm-none-eabi-5_4-2016q3/bin/../lib/gcc/arm-none-eabi/5.4.1/armv7e-m/fpu/crti.o
                0x0000000008008b08                _init
 .init          0x0000000008008b0c        0x8 /Users/karlboukhalil/Documents/NYU/Semester 2/Real Time Embedded Systems/sandbox/gcc-arm-none-eabi-5_4-2016q3/bin/../lib/gcc/arm-none-eabi/5.4.1/armv7e-m/fpu/crtn.o
 *(.fini)
 .fini          0x0000000008008b14        0x4 /Users/karlboukhalil/Documents/NYU/Semester 2/Real Time Embedded Systems/sandbox/gcc-arm-none-eabi-5_4-2016q3/bin/../lib/gcc/arm-none-eabi/5.4.1/armv7e-m/fpu/crti.o
                0x0000000008008b14                _fini
 .fini          0x0000000008008b18        0x8 /Users/karlboukhalil/Documents/NYU/Semester 2/Real Time Embedded Systems/sandbox/gcc-arm-none-eabi-5_4-2016q3/bin/../lib/gcc/arm-none-eabi/5.4.1/armv7e-m/fpu/crtn.o
                0x0000000008008b20                . = ALIGN (0x4)
                0x0000000008008b20                _etext = .

.vfp11_veneer   0x0000000008008b20        0x0
 .vfp11_veneer  0x0000000008008b20        0x0 linker stubs

.v4_bx          0x0000000008008b20        0x0
 .v4_bx         0x0000000008008b20        0x0 linker stubs

.iplt           0x0000000008008b20        0x0
 .iplt          0x0000000008008b20        0x0 /Users/karlboukhalil/Documents/NYU/Semester 2/Real Time Embedded Systems/sandbox/gcc-arm-none-eabi-5_4-2016q3/bin/../lib/gcc/arm-none-eabi/5.4.1/armv7e-m/fpu/crtbegin.o

.rodata         0x0000000008008b20       0x74
                0x0000000008008b20                . = ALIGN (0x4)
 *(.rodata)
 .rodata        0x0000000008008b20       0x20 ../../arctic_awesomeness/arch/stm32/f3/src/stm32f3xx_hal_rcc.o
                0x0000000008008b20                aPLLMULFactorTable
                0x0000000008008b30                aPredivFactorTable
 .rodata        0x0000000008008b40        0x4 ../../arctic_awesomeness/arch/stm32/f3/src/stm32f3xx_hal_uart.o
 .rodata        0x0000000008008b44       0x18 ../../arctic_awesomeness/arch/stm32/f3/src/CMSIS/system_stm32f3xx.o
                0x0000000008008b44                AHBPrescTable
                0x0000000008008b54                APBPrescTable
 *(.rodata*)
 .rodata._global_impure_ptr
                0x0000000008008b5c        0x4 /Users/karlboukhalil/Documents/NYU/Semester 2/Real Time Embedded Systems/sandbox/gcc-arm-none-eabi-5_4-2016q3/bin/../lib/gcc/arm-none-eabi/5.4.1/../../../../arm-none-eabi/lib/armv7e-m/fpu/libc.a(lib_a-impure.o)
                0x0000000008008b5c                _global_impure_ptr
 .rodata.str1.4
                0x0000000008008b60        0xf demo6.o
 *fill*         0x0000000008008b6f        0x1 
 .rodata.str1.4
                0x0000000008008b70       0x22 user_source/hal_interface/newlib_stubs.o
 .rodata.str1.4
                0x0000000008008b92       0x24 /Users/karlboukhalil/Documents/NYU/Semester 2/Real Time Embedded Systems/sandbox/gcc-arm-none-eabi-5_4-2016q3/bin/../lib/gcc/arm-none-eabi/5.4.1/../../../../arm-none-eabi/lib/armv7e-m/fpu/libc.a(lib_a-puts.o)
                                          0x2 (size before relaxing)
                0x0000000008008bb8                . = ALIGN (0x4)
 *fill*         0x0000000008008b92        0x2 

.rel.dyn        0x0000000008008b94        0x0
 .rel.iplt      0x0000000008008b94        0x0 /Users/karlboukhalil/Documents/NYU/Semester 2/Real Time Embedded Systems/sandbox/gcc-arm-none-eabi-5_4-2016q3/bin/../lib/gcc/arm-none-eabi/5.4.1/armv7e-m/fpu/crtbegin.o

.ARM.extab
 *(.ARM.extab* .gnu.linkonce.armextab.*)

.ARM            0x0000000008008b94        0x0
                0x0000000008008b94                __exidx_start = .
 *(.ARM.exidx*)
                0x0000000008008b94                __exidx_end = .

.preinit_array  0x0000000008008b94        0x0
                0x0000000008008b94                PROVIDE (__preinit_array_start, .)
 *(.preinit_array*)
                0x0000000008008b94                PROVIDE (__preinit_array_end, .)

.init_array     0x0000000008008b94        0x8
                0x0000000008008b94                PROVIDE (__init_array_start, .)
 *(SORT(.init_array.*))
 .init_array.00000
                0x0000000008008b94        0x4 /Users/karlboukhalil/Documents/NYU/Semester 2/Real Time Embedded Systems/sandbox/gcc-arm-none-eabi-5_4-2016q3/bin/../lib/gcc/arm-none-eabi/5.4.1/../../../../arm-none-eabi/lib/armv7e-m/fpu/libc.a(lib_a-__call_atexit.o)
 *(.init_array*)
 .init_array    0x0000000008008b98        0x4 /Users/karlboukhalil/Documents/NYU/Semester 2/Real Time Embedded Systems/sandbox/gcc-arm-none-eabi-5_4-2016q3/bin/../lib/gcc/arm-none-eabi/5.4.1/armv7e-m/fpu/crtbegin.o
                0x0000000008008b9c                PROVIDE (__init_array_end, .)

.fini_array     0x0000000008008b9c        0x4
                0x0000000008008b9c                PROVIDE (__fini_array_start, .)
 *(SORT(.fini_array.*))
 *(.fini_array*)
 .fini_array    0x0000000008008b9c        0x4 /Users/karlboukhalil/Documents/NYU/Semester 2/Real Time Embedded Systems/sandbox/gcc-arm-none-eabi-5_4-2016q3/bin/../lib/gcc/arm-none-eabi/5.4.1/armv7e-m/fpu/crtbegin.o
                0x0000000008008ba0                PROVIDE (__fini_array_end, .)
                0x0000000008008ba0                _sidata = LOADADDR (.data)

.data           0x0000000020000000      0x844 load address 0x0000000008008ba0
                0x0000000020000000                . = ALIGN (0x4)
                0x0000000020000000                _sdata = .
 *(.data)
 .data          0x0000000020000000        0x4 ../../arctic_awesomeness/arch/stm32/f3/src/CMSIS/system_stm32f3xx.o
                0x0000000020000000                SystemCoreClock
 *(.data*)
 *fill*         0x0000000020000004        0x4 
 .data.impure_data
                0x0000000020000008      0x428 /Users/karlboukhalil/Documents/NYU/Semester 2/Real Time Embedded Systems/sandbox/gcc-arm-none-eabi-5_4-2016q3/bin/../lib/gcc/arm-none-eabi/5.4.1/../../../../arm-none-eabi/lib/armv7e-m/fpu/libc.a(lib_a-impure.o)
 .data._impure_ptr
                0x0000000020000430        0x4 /Users/karlboukhalil/Documents/NYU/Semester 2/Real Time Embedded Systems/sandbox/gcc-arm-none-eabi-5_4-2016q3/bin/../lib/gcc/arm-none-eabi/5.4.1/../../../../arm-none-eabi/lib/armv7e-m/fpu/libc.a(lib_a-impure.o)
                0x0000000020000430                _impure_ptr
 .data.__malloc_av_
                0x0000000020000434      0x408 /Users/karlboukhalil/Documents/NYU/Semester 2/Real Time Embedded Systems/sandbox/gcc-arm-none-eabi-5_4-2016q3/bin/../lib/gcc/arm-none-eabi/5.4.1/../../../../arm-none-eabi/lib/armv7e-m/fpu/libc.a(lib_a-mallocr.o)
                0x0000000020000434                __malloc_av_
 .data.__malloc_trim_threshold
                0x000000002000083c        0x4 /Users/karlboukhalil/Documents/NYU/Semester 2/Real Time Embedded Systems/sandbox/gcc-arm-none-eabi-5_4-2016q3/bin/../lib/gcc/arm-none-eabi/5.4.1/../../../../arm-none-eabi/lib/armv7e-m/fpu/libc.a(lib_a-mallocr.o)
                0x000000002000083c                __malloc_trim_threshold
 .data.__malloc_sbrk_base
                0x0000000020000840        0x4 /Users/karlboukhalil/Documents/NYU/Semester 2/Real Time Embedded Systems/sandbox/gcc-arm-none-eabi-5_4-2016q3/bin/../lib/gcc/arm-none-eabi/5.4.1/../../../../arm-none-eabi/lib/armv7e-m/fpu/libc.a(lib_a-mallocr.o)
                0x0000000020000840                __malloc_sbrk_base
                0x0000000020000844                . = ALIGN (0x4)
                0x0000000020000844                _edata = .
                0x00000000080093e4                _siccmram = LOADADDR (.ccmram)

.jcr            0x0000000020000844        0x0 load address 0x00000000080093e4
 .jcr           0x0000000020000844        0x0 /Users/karlboukhalil/Documents/NYU/Semester 2/Real Time Embedded Systems/sandbox/gcc-arm-none-eabi-5_4-2016q3/bin/../lib/gcc/arm-none-eabi/5.4.1/armv7e-m/fpu/crtbegin.o

.igot.plt       0x0000000020000844        0x0 load address 0x00000000080093e4
 .igot.plt      0x0000000020000844        0x0 /Users/karlboukhalil/Documents/NYU/Semester 2/Real Time Embedded Systems/sandbox/gcc-arm-none-eabi-5_4-2016q3/bin/../lib/gcc/arm-none-eabi/5.4.1/armv7e-m/fpu/crtbegin.o

.ccmram         0x0000000010000000        0x0 load address 0x00000000080093e4
                0x0000000010000000                . = ALIGN (0x4)
                0x0000000010000000                _sccmram = .
 *(.ccmram)
 *(.ccmram*)
                0x0000000010000000                . = ALIGN (0x4)
                0x0000000010000000                _eccmram = .
                0x0000000010000000                . = ALIGN (0x4)

.bss            0x0000000020000844      0x34c
                0x0000000020000844                _sbss = .
                0x0000000020000844                __bss_start__ = _sbss
 *(.bss)
 .bss           0x0000000020000844       0x1c /Users/karlboukhalil/Documents/NYU/Semester 2/Real Time Embedded Systems/sandbox/gcc-arm-none-eabi-5_4-2016q3/bin/../lib/gcc/arm-none-eabi/5.4.1/armv7e-m/fpu/crtbegin.o
 .bss           0x0000000020000860       0x14 user_source/hal_interface/encoder_hal.o
 .bss           0x0000000020000874        0x8 user_source/hal_interface/newlib_stubs.o
                0x0000000020000878                __env
 .bss           0x000000002000087c       0x64 user_source/hal_interface/sensor_hal.o
 *(.bss*)
 .bss.__malloc_max_total_mem
                0x00000000200008e0        0x4 /Users/karlboukhalil/Documents/NYU/Semester 2/Real Time Embedded Systems/sandbox/gcc-arm-none-eabi-5_4-2016q3/bin/../lib/gcc/arm-none-eabi/5.4.1/../../../../arm-none-eabi/lib/armv7e-m/fpu/libc.a(lib_a-mallocr.o)
                0x00000000200008e0                __malloc_max_total_mem
 .bss.__malloc_max_sbrked_mem
                0x00000000200008e4        0x4 /Users/karlboukhalil/Documents/NYU/Semester 2/Real Time Embedded Systems/sandbox/gcc-arm-none-eabi-5_4-2016q3/bin/../lib/gcc/arm-none-eabi/5.4.1/../../../../arm-none-eabi/lib/armv7e-m/fpu/libc.a(lib_a-mallocr.o)
                0x00000000200008e4                __malloc_max_sbrked_mem
 .bss.__malloc_top_pad
                0x00000000200008e8        0x4 /Users/karlboukhalil/Documents/NYU/Semester 2/Real Time Embedded Systems/sandbox/gcc-arm-none-eabi-5_4-2016q3/bin/../lib/gcc/arm-none-eabi/5.4.1/../../../../arm-none-eabi/lib/armv7e-m/fpu/libc.a(lib_a-mallocr.o)
                0x00000000200008e8                __malloc_top_pad
 .bss.__malloc_current_mallinfo
                0x00000000200008ec       0x28 /Users/karlboukhalil/Documents/NYU/Semester 2/Real Time Embedded Systems/sandbox/gcc-arm-none-eabi-5_4-2016q3/bin/../lib/gcc/arm-none-eabi/5.4.1/../../../../arm-none-eabi/lib/armv7e-m/fpu/libc.a(lib_a-mallocr.o)
                0x00000000200008ec                __malloc_current_mallinfo
 *(COMMON)
 COMMON         0x0000000020000914        0x4 ../../arctic_awesomeness/arch/stm32/f3/src/stm32f3xx_hal.o
                0x0000000020000914                uwTick
 COMMON         0x0000000020000918       0x40 ../../arctic_awesomeness/arch/stm32/f3/src/stm32f3xx_hal_timebase_tim.o
                0x0000000020000918                TimHandle
 COMMON         0x0000000020000958       0x60 demo6.o
                0x0000000020000958                treshDist
                0x0000000020000960                searching
                0x0000000020000964                straight
                0x0000000020000968                encoders_distances
                0x0000000020000970                firstSense
                0x0000000020000978                right_triggered
                0x000000002000097c                turn_adjustment
                0x0000000020000980                state
                0x0000000020000984                enc_diff
                0x0000000020000988                echosPins
                0x0000000020000990                left_triggered
                0x0000000020000994                encodersPins
                0x0000000020000998                front_triggered
                0x000000002000099c                distances
                0x00000000200009a4                found
                0x00000000200009a8                motorState
                0x00000000200009ac                triggerPins
                0x00000000200009b4                queue_init
 COMMON         0x00000000200009b8       0x5c user_source/hal_interface/pwm_hal.o
                0x00000000200009b8                timWheels_init
                0x00000000200009f8                timWheels_conf
 COMMON         0x0000000020000a14      0x108 user_source/hal_interface/sensor_hal.o
                0x0000000020000a14                tim_conf_vec
                0x0000000020000a5c                tim_init_vec
 COMMON         0x0000000020000b1c       0x70 user_source/hal_interface/uart_hal.o
                0x0000000020000b1c                UartHandle
 COMMON         0x0000000020000b8c        0x4 /Users/karlboukhalil/Documents/NYU/Semester 2/Real Time Embedded Systems/sandbox/gcc-arm-none-eabi-5_4-2016q3/bin/../lib/gcc/arm-none-eabi/5.4.1/../../../../arm-none-eabi/lib/armv7e-m/fpu/libc.a(lib_a-reent.o)
                0x0000000020000b8c                errno
                0x0000000020000b90                . = ALIGN (0x4)
                0x0000000020000b90                _ebss = .
                0x0000000020000b90                __bss_end__ = _ebss

._user_heap_stack
                0x0000000020000b90     0x1e00
                0x0000000020000b90                . = ALIGN (0x4)
                [!provide]                        PROVIDE (end, .)
                [!provide]                        PROVIDE (_end, .)
                0x0000000020001a90                . = (. + _Min_Heap_Size)
 *fill*         0x0000000020000b90      0xf00 
                0x0000000020002990                . = (. + _Min_Stack_Size)
 *fill*         0x0000000020001a90      0xf00 
                0x0000000020002990                . = ALIGN (0x4)

/DISCARD/
 libc.a(*)
 libm.a(*)
 libgcc.a(*)

.ARM.attributes
                0x0000000000000000       0x30
 *(.ARM.attributes)
 .ARM.attributes
                0x0000000000000000       0x22 /Users/karlboukhalil/Documents/NYU/Semester 2/Real Time Embedded Systems/sandbox/gcc-arm-none-eabi-5_4-2016q3/bin/../lib/gcc/arm-none-eabi/5.4.1/armv7e-m/fpu/crti.o
 .ARM.attributes
                0x0000000000000022       0x34 /Users/karlboukhalil/Documents/NYU/Semester 2/Real Time Embedded Systems/sandbox/gcc-arm-none-eabi-5_4-2016q3/bin/../lib/gcc/arm-none-eabi/5.4.1/armv7e-m/fpu/crtbegin.o
 .ARM.attributes
                0x0000000000000056       0x39 ../../arctic_awesomeness/arch/stm32/f3/src/stm32f3xx_hal.o
 .ARM.attributes
                0x000000000000008f       0x39 ../../arctic_awesomeness/arch/stm32/f3/src/stm32f3xx_hal_cortex.o
 .ARM.attributes
                0x00000000000000c8       0x39 ../../arctic_awesomeness/arch/stm32/f3/src/stm32f3xx_hal_dma.o
 .ARM.attributes
                0x0000000000000101       0x39 ../../arctic_awesomeness/arch/stm32/f3/src/stm32f3xx_hal_gpio.o
 .ARM.attributes
                0x000000000000013a       0x39 ../../arctic_awesomeness/arch/stm32/f3/src/stm32f3xx_hal_msp.o
 .ARM.attributes
                0x0000000000000173       0x39 ../../arctic_awesomeness/arch/stm32/f3/src/stm32f3xx_hal_rcc.o
 .ARM.attributes
                0x00000000000001ac       0x39 ../../arctic_awesomeness/arch/stm32/f3/src/stm32f3xx_hal_tim.o
 .ARM.attributes
                0x00000000000001e5       0x39 ../../arctic_awesomeness/arch/stm32/f3/src/stm32f3xx_hal_tim_ex.o
 .ARM.attributes
                0x000000000000021e       0x39 ../../arctic_awesomeness/arch/stm32/f3/src/stm32f3xx_hal_timebase_tim.o
 .ARM.attributes
                0x0000000000000257       0x39 ../../arctic_awesomeness/arch/stm32/f3/src/stm32f3xx_hal_uart.o
 .ARM.attributes
                0x0000000000000290       0x39 ../../arctic_awesomeness/arch/stm32/f3/src/stm32f3xx_hal_uart_ex.o
 .ARM.attributes
                0x00000000000002c9       0x39 ../../arctic_awesomeness/arch/stm32/f3/src/CMSIS/system_stm32f3xx.o
 .ARM.attributes
                0x0000000000000302       0x21 ../../arctic_awesomeness/arch/stm32/f3/src/CMSIS/startup_stm32f303xc.o
 .ARM.attributes
                0x0000000000000323       0x39 demo6.o
 .ARM.attributes
                0x000000000000035c       0x39 user_source/foo.o
 .ARM.attributes
                0x0000000000000395       0x39 user_source/uart.o
 .ARM.attributes
                0x00000000000003ce       0x39 user_source/hal_interface/cpu.o
 .ARM.attributes
                0x0000000000000407       0x39 user_source/hal_interface/cube_hal_msp.o
 .ARM.attributes
                0x0000000000000440       0x39 user_source/hal_interface/encoder_hal.o
 .ARM.attributes
                0x0000000000000479       0x39 user_source/hal_interface/newlib_stubs.o
 .ARM.attributes
                0x00000000000004b2       0x39 user_source/hal_interface/pwm_hal.o
 .ARM.attributes
                0x00000000000004eb       0x39 user_source/hal_interface/sensor_hal.o
 .ARM.attributes
                0x0000000000000524       0x39 user_source/hal_interface/uart_hal.o
 .ARM.attributes
                0x000000000000055d       0x34 /Users/karlboukhalil/Documents/NYU/Semester 2/Real Time Embedded Systems/sandbox/gcc-arm-none-eabi-5_4-2016q3/bin/../lib/gcc/arm-none-eabi/5.4.1/../../../../arm-none-eabi/lib/armv7e-m/fpu/libc.a(lib_a-puts.o)
 .ARM.attributes
                0x0000000000000591       0x34 /Users/karlboukhalil/Documents/NYU/Semester 2/Real Time Embedded Systems/sandbox/gcc-arm-none-eabi-5_4-2016q3/bin/../lib/gcc/arm-none-eabi/5.4.1/../../../../arm-none-eabi/lib/armv7e-m/fpu/libc.a(lib_a-reent.o)
 .ARM.attributes
                0x00000000000005c5       0x34 /Users/karlboukhalil/Documents/NYU/Semester 2/Real Time Embedded Systems/sandbox/gcc-arm-none-eabi-5_4-2016q3/bin/../lib/gcc/arm-none-eabi/5.4.1/../../../../arm-none-eabi/lib/armv7e-m/fpu/libc.a(lib_a-setvbuf.o)
 .ARM.attributes
                0x00000000000005f9       0x20 /Users/karlboukhalil/Documents/NYU/Semester 2/Real Time Embedded Systems/sandbox/gcc-arm-none-eabi-5_4-2016q3/bin/../lib/gcc/arm-none-eabi/5.4.1/../../../../arm-none-eabi/lib/armv7e-m/fpu/libc.a(lib_a-strlen.o)
 .ARM.attributes
                0x0000000000000619       0x34 /Users/karlboukhalil/Documents/NYU/Semester 2/Real Time Embedded Systems/sandbox/gcc-arm-none-eabi-5_4-2016q3/bin/../lib/gcc/arm-none-eabi/5.4.1/../../../../arm-none-eabi/lib/armv7e-m/fpu/libc.a(lib_a-wsetup.o)
 .ARM.attributes
                0x000000000000064d       0x34 /Users/karlboukhalil/Documents/NYU/Semester 2/Real Time Embedded Systems/sandbox/gcc-arm-none-eabi-5_4-2016q3/bin/../lib/gcc/arm-none-eabi/5.4.1/../../../../arm-none-eabi/lib/armv7e-m/fpu/libc.a(lib_a-fflush.o)
 .ARM.attributes
                0x0000000000000681       0x34 /Users/karlboukhalil/Documents/NYU/Semester 2/Real Time Embedded Systems/sandbox/gcc-arm-none-eabi-5_4-2016q3/bin/../lib/gcc/arm-none-eabi/5.4.1/../../../../arm-none-eabi/lib/armv7e-m/fpu/libc.a(lib_a-findfp.o)
 .ARM.attributes
                0x00000000000006b5       0x34 /Users/karlboukhalil/Documents/NYU/Semester 2/Real Time Embedded Systems/sandbox/gcc-arm-none-eabi-5_4-2016q3/bin/../lib/gcc/arm-none-eabi/5.4.1/../../../../arm-none-eabi/lib/armv7e-m/fpu/libc.a(lib_a-freer.o)
 .ARM.attributes
                0x00000000000006e9       0x34 /Users/karlboukhalil/Documents/NYU/Semester 2/Real Time Embedded Systems/sandbox/gcc-arm-none-eabi-5_4-2016q3/bin/../lib/gcc/arm-none-eabi/5.4.1/../../../../arm-none-eabi/lib/armv7e-m/fpu/libc.a(lib_a-fvwrite.o)
 .ARM.attributes
                0x000000000000071d       0x34 /Users/karlboukhalil/Documents/NYU/Semester 2/Real Time Embedded Systems/sandbox/gcc-arm-none-eabi-5_4-2016q3/bin/../lib/gcc/arm-none-eabi/5.4.1/../../../../arm-none-eabi/lib/armv7e-m/fpu/libc.a(lib_a-fwalk.o)
 .ARM.attributes
                0x0000000000000751       0x34 /Users/karlboukhalil/Documents/NYU/Semester 2/Real Time Embedded Systems/sandbox/gcc-arm-none-eabi-5_4-2016q3/bin/../lib/gcc/arm-none-eabi/5.4.1/../../../../arm-none-eabi/lib/armv7e-m/fpu/libc.a(lib_a-makebuf.o)
 .ARM.attributes
                0x0000000000000785       0x34 /Users/karlboukhalil/Documents/NYU/Semester 2/Real Time Embedded Systems/sandbox/gcc-arm-none-eabi-5_4-2016q3/bin/../lib/gcc/arm-none-eabi/5.4.1/../../../../arm-none-eabi/lib/armv7e-m/fpu/libc.a(lib_a-malloc.o)
 .ARM.attributes
                0x00000000000007b9       0x34 /Users/karlboukhalil/Documents/NYU/Semester 2/Real Time Embedded Systems/sandbox/gcc-arm-none-eabi-5_4-2016q3/bin/../lib/gcc/arm-none-eabi/5.4.1/../../../../arm-none-eabi/lib/armv7e-m/fpu/libc.a(lib_a-mallocr.o)
 .ARM.attributes
                0x00000000000007ed       0x20 /Users/karlboukhalil/Documents/NYU/Semester 2/Real Time Embedded Systems/sandbox/gcc-arm-none-eabi-5_4-2016q3/bin/../lib/gcc/arm-none-eabi/5.4.1/../../../../arm-none-eabi/lib/armv7e-m/fpu/libc.a(lib_a-memchr.o)
 .ARM.attributes
                0x000000000000080d       0x20 /Users/karlboukhalil/Documents/NYU/Semester 2/Real Time Embedded Systems/sandbox/gcc-arm-none-eabi-5_4-2016q3/bin/../lib/gcc/arm-none-eabi/5.4.1/../../../../arm-none-eabi/lib/armv7e-m/fpu/libc.a(lib_a-memcpy.o)
 .ARM.attributes
                0x000000000000082d       0x34 /Users/karlboukhalil/Documents/NYU/Semester 2/Real Time Embedded Systems/sandbox/gcc-arm-none-eabi-5_4-2016q3/bin/../lib/gcc/arm-none-eabi/5.4.1/../../../../arm-none-eabi/lib/armv7e-m/fpu/libc.a(lib_a-memmove.o)
 .ARM.attributes
                0x0000000000000861       0x34 /Users/karlboukhalil/Documents/NYU/Semester 2/Real Time Embedded Systems/sandbox/gcc-arm-none-eabi-5_4-2016q3/bin/../lib/gcc/arm-none-eabi/5.4.1/../../../../arm-none-eabi/lib/armv7e-m/fpu/libc.a(lib_a-mlock.o)
 .ARM.attributes
                0x0000000000000895       0x34 /Users/karlboukhalil/Documents/NYU/Semester 2/Real Time Embedded Systems/sandbox/gcc-arm-none-eabi-5_4-2016q3/bin/../lib/gcc/arm-none-eabi/5.4.1/../../../../arm-none-eabi/lib/armv7e-m/fpu/libc.a(lib_a-reallocr.o)
 .ARM.attributes
                0x00000000000008c9       0x34 /Users/karlboukhalil/Documents/NYU/Semester 2/Real Time Embedded Systems/sandbox/gcc-arm-none-eabi-5_4-2016q3/bin/../lib/gcc/arm-none-eabi/5.4.1/../../../../arm-none-eabi/lib/armv7e-m/fpu/libc.a(lib_a-sbrkr.o)
 .ARM.attributes
                0x00000000000008fd       0x34 /Users/karlboukhalil/Documents/NYU/Semester 2/Real Time Embedded Systems/sandbox/gcc-arm-none-eabi-5_4-2016q3/bin/../lib/gcc/arm-none-eabi/5.4.1/../../../../arm-none-eabi/lib/armv7e-m/fpu/libc.a(lib_a-stdio.o)
 .ARM.attributes
                0x0000000000000931       0x34 /Users/karlboukhalil/Documents/NYU/Semester 2/Real Time Embedded Systems/sandbox/gcc-arm-none-eabi-5_4-2016q3/bin/../lib/gcc/arm-none-eabi/5.4.1/../../../../arm-none-eabi/lib/armv7e-m/fpu/libc.a(lib_a-writer.o)
 .ARM.attributes
                0x0000000000000965       0x34 /Users/karlboukhalil/Documents/NYU/Semester 2/Real Time Embedded Systems/sandbox/gcc-arm-none-eabi-5_4-2016q3/bin/../lib/gcc/arm-none-eabi/5.4.1/../../../../arm-none-eabi/lib/armv7e-m/fpu/libc.a(lib_a-closer.o)
 .ARM.attributes
                0x0000000000000999       0x34 /Users/karlboukhalil/Documents/NYU/Semester 2/Real Time Embedded Systems/sandbox/gcc-arm-none-eabi-5_4-2016q3/bin/../lib/gcc/arm-none-eabi/5.4.1/../../../../arm-none-eabi/lib/armv7e-m/fpu/libc.a(lib_a-fclose.o)
 .ARM.attributes
                0x00000000000009cd       0x34 /Users/karlboukhalil/Documents/NYU/Semester 2/Real Time Embedded Systems/sandbox/gcc-arm-none-eabi-5_4-2016q3/bin/../lib/gcc/arm-none-eabi/5.4.1/../../../../arm-none-eabi/lib/armv7e-m/fpu/libc.a(lib_a-fstatr.o)
 .ARM.attributes
                0x0000000000000a01       0x34 /Users/karlboukhalil/Documents/NYU/Semester 2/Real Time Embedded Systems/sandbox/gcc-arm-none-eabi-5_4-2016q3/bin/../lib/gcc/arm-none-eabi/5.4.1/../../../../arm-none-eabi/lib/armv7e-m/fpu/libc.a(lib_a-isattyr.o)
 .ARM.attributes
                0x0000000000000a35       0x34 /Users/karlboukhalil/Documents/NYU/Semester 2/Real Time Embedded Systems/sandbox/gcc-arm-none-eabi-5_4-2016q3/bin/../lib/gcc/arm-none-eabi/5.4.1/../../../../arm-none-eabi/lib/armv7e-m/fpu/libc.a(lib_a-lseekr.o)
 .ARM.attributes
                0x0000000000000a69       0x34 /Users/karlboukhalil/Documents/NYU/Semester 2/Real Time Embedded Systems/sandbox/gcc-arm-none-eabi-5_4-2016q3/bin/../lib/gcc/arm-none-eabi/5.4.1/../../../../arm-none-eabi/lib/armv7e-m/fpu/libc.a(lib_a-readr.o)
 .ARM.attributes
                0x0000000000000a9d       0x22 /Users/karlboukhalil/Documents/NYU/Semester 2/Real Time Embedded Systems/sandbox/gcc-arm-none-eabi-5_4-2016q3/bin/../lib/gcc/arm-none-eabi/5.4.1/armv7e-m/fpu/libgcc.a(_arm_addsubdf3.o)
 .ARM.attributes
                0x0000000000000abf       0x22 /Users/karlboukhalil/Documents/NYU/Semester 2/Real Time Embedded Systems/sandbox/gcc-arm-none-eabi-5_4-2016q3/bin/../lib/gcc/arm-none-eabi/5.4.1/armv7e-m/fpu/libgcc.a(_arm_cmpdf2.o)
 .ARM.attributes
                0x0000000000000ae1       0x22 /Users/karlboukhalil/Documents/NYU/Semester 2/Real Time Embedded Systems/sandbox/gcc-arm-none-eabi-5_4-2016q3/bin/../lib/gcc/arm-none-eabi/5.4.1/armv7e-m/fpu/crtn.o
LOAD ../../arctic_awesomeness/arch/stm32/f3/src/stm32f3xx_hal.o
LOAD ../../arctic_awesomeness/arch/stm32/f3/src/stm32f3xx_hal_adc.o
LOAD ../../arctic_awesomeness/arch/stm32/f3/src/stm32f3xx_hal_adc_ex.o
LOAD ../../arctic_awesomeness/arch/stm32/f3/src/stm32f3xx_hal_can.o
LOAD ../../arctic_awesomeness/arch/stm32/f3/src/stm32f3xx_hal_cec.o
LOAD ../../arctic_awesomeness/arch/stm32/f3/src/stm32f3xx_hal_comp.o
LOAD ../../arctic_awesomeness/arch/stm32/f3/src/stm32f3xx_hal_cortex.o
LOAD ../../arctic_awesomeness/arch/stm32/f3/src/stm32f3xx_hal_crc.o
LOAD ../../arctic_awesomeness/arch/stm32/f3/src/stm32f3xx_hal_crc_ex.o
LOAD ../../arctic_awesomeness/arch/stm32/f3/src/stm32f3xx_hal_dac.o
LOAD ../../arctic_awesomeness/arch/stm32/f3/src/stm32f3xx_hal_dac_ex.o
LOAD ../../arctic_awesomeness/arch/stm32/f3/src/stm32f3xx_hal_dma.o
LOAD ../../arctic_awesomeness/arch/stm32/f3/src/stm32f3xx_hal_flash.o
LOAD ../../arctic_awesomeness/arch/stm32/f3/src/stm32f3xx_hal_flash_ex.o
LOAD ../../arctic_awesomeness/arch/stm32/f3/src/stm32f3xx_hal_gpio.o
LOAD ../../arctic_awesomeness/arch/stm32/f3/src/stm32f3xx_hal_hrtim.o
LOAD ../../arctic_awesomeness/arch/stm32/f3/src/stm32f3xx_hal_i2c.o
LOAD ../../arctic_awesomeness/arch/stm32/f3/src/stm32f3xx_hal_i2c_ex.o
LOAD ../../arctic_awesomeness/arch/stm32/f3/src/stm32f3xx_hal_i2s.o
LOAD ../../arctic_awesomeness/arch/stm32/f3/src/stm32f3xx_hal_i2s_ex.o
LOAD ../../arctic_awesomeness/arch/stm32/f3/src/stm32f3xx_hal_irda.o
LOAD ../../arctic_awesomeness/arch/stm32/f3/src/stm32f3xx_hal_iwdg.o
LOAD ../../arctic_awesomeness/arch/stm32/f3/src/stm32f3xx_hal_msp.o
LOAD ../../arctic_awesomeness/arch/stm32/f3/src/stm32f3xx_hal_nand.o
LOAD ../../arctic_awesomeness/arch/stm32/f3/src/stm32f3xx_hal_nor.o
LOAD ../../arctic_awesomeness/arch/stm32/f3/src/stm32f3xx_hal_opamp.o
LOAD ../../arctic_awesomeness/arch/stm32/f3/src/stm32f3xx_hal_opamp_ex.o
LOAD ../../arctic_awesomeness/arch/stm32/f3/src/stm32f3xx_hal_pccard.o
LOAD ../../arctic_awesomeness/arch/stm32/f3/src/stm32f3xx_hal_pcd.o
LOAD ../../arctic_awesomeness/arch/stm32/f3/src/stm32f3xx_hal_pcd_ex.o
LOAD ../../arctic_awesomeness/arch/stm32/f3/src/stm32f3xx_hal_pwr.o
LOAD ../../arctic_awesomeness/arch/stm32/f3/src/stm32f3xx_hal_pwr_ex.o
LOAD ../../arctic_awesomeness/arch/stm32/f3/src/stm32f3xx_hal_rcc.o
LOAD ../../arctic_awesomeness/arch/stm32/f3/src/stm32f3xx_hal_rcc_ex.o
LOAD ../../arctic_awesomeness/arch/stm32/f3/src/stm32f3xx_hal_rtc.o
LOAD ../../arctic_awesomeness/arch/stm32/f3/src/stm32f3xx_hal_rtc_ex.o
LOAD ../../arctic_awesomeness/arch/stm32/f3/src/stm32f3xx_hal_sdadc.o
LOAD ../../arctic_awesomeness/arch/stm32/f3/src/stm32f3xx_hal_smartcard.o
LOAD ../../arctic_awesomeness/arch/stm32/f3/src/stm32f3xx_hal_smartcard_ex.o
LOAD ../../arctic_awesomeness/arch/stm32/f3/src/stm32f3xx_hal_smbus.o
LOAD ../../arctic_awesomeness/arch/stm32/f3/src/stm32f3xx_hal_spi.o
LOAD ../../arctic_awesomeness/arch/stm32/f3/src/stm32f3xx_hal_spi_ex.o
LOAD ../../arctic_awesomeness/arch/stm32/f3/src/stm32f3xx_hal_sram.o
LOAD ../../arctic_awesomeness/arch/stm32/f3/src/stm32f3xx_hal_tim.o
LOAD ../../arctic_awesomeness/arch/stm32/f3/src/stm32f3xx_hal_tim_ex.o
LOAD ../../arctic_awesomeness/arch/stm32/f3/src/stm32f3xx_hal_timebase_tim.o
LOAD ../../arctic_awesomeness/arch/stm32/f3/src/stm32f3xx_hal_tsc.o
LOAD ../../arctic_awesomeness/arch/stm32/f3/src/stm32f3xx_hal_uart.o
LOAD ../../arctic_awesomeness/arch/stm32/f3/src/stm32f3xx_hal_uart_ex.o
LOAD ../../arctic_awesomeness/arch/stm32/f3/src/stm32f3xx_hal_usart.o
LOAD ../../arctic_awesomeness/arch/stm32/f3/src/stm32f3xx_hal_wwdg.o
LOAD ../../arctic_awesomeness/arch/stm32/f3/src/stm32f3xx_ll_adc.o
LOAD ../../arctic_awesomeness/arch/stm32/f3/src/stm32f3xx_ll_comp.o
LOAD ../../arctic_awesomeness/arch/stm32/f3/src/stm32f3xx_ll_crc.o
LOAD ../../arctic_awesomeness/arch/stm32/f3/src/stm32f3xx_ll_dac.o
LOAD ../../arctic_awesomeness/arch/stm32/f3/src/stm32f3xx_ll_dma.o
LOAD ../../arctic_awesomeness/arch/stm32/f3/src/stm32f3xx_ll_exti.o
LOAD ../../arctic_awesomeness/arch/stm32/f3/src/stm32f3xx_ll_fmc.o
LOAD ../../arctic_awesomeness/arch/stm32/f3/src/stm32f3xx_ll_gpio.o
LOAD ../../arctic_awesomeness/arch/stm32/f3/src/stm32f3xx_ll_hrtim.o
LOAD ../../arctic_awesomeness/arch/stm32/f3/src/stm32f3xx_ll_i2c.o
LOAD ../../arctic_awesomeness/arch/stm32/f3/src/stm32f3xx_ll_opamp.o
LOAD ../../arctic_awesomeness/arch/stm32/f3/src/stm32f3xx_ll_pwr.o
LOAD ../../arctic_awesomeness/arch/stm32/f3/src/stm32f3xx_ll_rcc.o
LOAD ../../arctic_awesomeness/arch/stm32/f3/src/stm32f3xx_ll_rtc.o
LOAD ../../arctic_awesomeness/arch/stm32/f3/src/stm32f3xx_ll_spi.o
LOAD ../../arctic_awesomeness/arch/stm32/f3/src/stm32f3xx_ll_tim.o
LOAD ../../arctic_awesomeness/arch/stm32/f3/src/stm32f3xx_ll_usart.o
LOAD ../../arctic_awesomeness/arch/stm32/f3/src/stm32f3xx_ll_utils.o
LOAD ../../arctic_awesomeness/arch/stm32/f3/src/CMSIS/system_stm32f3xx.o
LOAD ../../arctic_awesomeness/arch/stm32/f3/src/CMSIS/startup_stm32f303xc.o
LOAD demo6.o
LOAD user_source/foo.o
LOAD user_source/uart.o
LOAD user_source/hal_interface/cpu.o
LOAD user_source/hal_interface/cube_hal_msp.o
LOAD user_source/hal_interface/encoder_hal.o
LOAD user_source/hal_interface/newlib_stubs.o
LOAD user_source/hal_interface/pwm_hal.o
LOAD user_source/hal_interface/queue.o
LOAD user_source/hal_interface/sensor_hal.o
LOAD user_source/hal_interface/uart_hal.o
LOAD /Users/karlboukhalil/Documents/NYU/Semester 2/Real Time Embedded Systems/sandbox/gcc-arm-none-eabi-5_4-2016q3/bin/../lib/gcc/arm-none-eabi/5.4.1/../../../../arm-none-eabi/lib/armv7e-m/fpu/libm.a
LOAD /Users/karlboukhalil/Documents/NYU/Semester 2/Real Time Embedded Systems/sandbox/gcc-arm-none-eabi-5_4-2016q3/bin/../lib/gcc/arm-none-eabi/5.4.1/../../../../arm-none-eabi/lib/armv7e-m/fpu/libc.a
START GROUP
LOAD /Users/karlboukhalil/Documents/NYU/Semester 2/Real Time Embedded Systems/sandbox/gcc-arm-none-eabi-5_4-2016q3/bin/../lib/gcc/arm-none-eabi/5.4.1/armv7e-m/fpu/libgcc.a
LOAD /Users/karlboukhalil/Documents/NYU/Semester 2/Real Time Embedded Systems/sandbox/gcc-arm-none-eabi-5_4-2016q3/bin/../lib/gcc/arm-none-eabi/5.4.1/../../../../arm-none-eabi/lib/armv7e-m/fpu/libc.a
END GROUP
START GROUP
LOAD /Users/karlboukhalil/Documents/NYU/Semester 2/Real Time Embedded Systems/sandbox/gcc-arm-none-eabi-5_4-2016q3/bin/../lib/gcc/arm-none-eabi/5.4.1/armv7e-m/fpu/libgcc.a
LOAD /Users/karlboukhalil/Documents/NYU/Semester 2/Real Time Embedded Systems/sandbox/gcc-arm-none-eabi-5_4-2016q3/bin/../lib/gcc/arm-none-eabi/5.4.1/../../../../arm-none-eabi/lib/armv7e-m/fpu/libc.a
LOAD /Users/karlboukhalil/Documents/NYU/Semester 2/Real Time Embedded Systems/sandbox/gcc-arm-none-eabi-5_4-2016q3/bin/../lib/gcc/arm-none-eabi/5.4.1/../../../../arm-none-eabi/lib/armv7e-m/fpu/libnosys.a
END GROUP
LOAD /Users/karlboukhalil/Documents/NYU/Semester 2/Real Time Embedded Systems/sandbox/gcc-arm-none-eabi-5_4-2016q3/bin/../lib/gcc/arm-none-eabi/5.4.1/armv7e-m/fpu/crtend.o
LOAD /Users/karlboukhalil/Documents/NYU/Semester 2/Real Time Embedded Systems/sandbox/gcc-arm-none-eabi-5_4-2016q3/bin/../lib/gcc/arm-none-eabi/5.4.1/armv7e-m/fpu/crtn.o
OUTPUT(demo6.elf elf32-littlearm)

.debug_info     0x0000000000000000    0x102d7
 .debug_info    0x0000000000000000      0x6ed ../../arctic_awesomeness/arch/stm32/f3/src/stm32f3xx_hal.o
 .debug_info    0x00000000000006ed      0xe6d ../../arctic_awesomeness/arch/stm32/f3/src/stm32f3xx_hal_cortex.o
 .debug_info    0x000000000000155a      0x7d5 ../../arctic_awesomeness/arch/stm32/f3/src/stm32f3xx_hal_dma.o
 .debug_info    0x0000000000001d2f      0x673 ../../arctic_awesomeness/arch/stm32/f3/src/stm32f3xx_hal_gpio.o
 .debug_info    0x00000000000023a2       0xbf ../../arctic_awesomeness/arch/stm32/f3/src/stm32f3xx_hal_msp.o
 .debug_info    0x0000000000002461     0x1341 ../../arctic_awesomeness/arch/stm32/f3/src/stm32f3xx_hal_rcc.o
 .debug_info    0x00000000000037a2     0x3163 ../../arctic_awesomeness/arch/stm32/f3/src/stm32f3xx_hal_tim.o
 .debug_info    0x0000000000006905     0x14d4 ../../arctic_awesomeness/arch/stm32/f3/src/stm32f3xx_hal_tim_ex.o
 .debug_info    0x0000000000007dd9      0xa75 ../../arctic_awesomeness/arch/stm32/f3/src/stm32f3xx_hal_timebase_tim.o
 .debug_info    0x000000000000884e     0x18ee ../../arctic_awesomeness/arch/stm32/f3/src/stm32f3xx_hal_uart.o
 .debug_info    0x000000000000a13c      0x8db ../../arctic_awesomeness/arch/stm32/f3/src/stm32f3xx_hal_uart_ex.o
 .debug_info    0x000000000000aa17      0x3f2 ../../arctic_awesomeness/arch/stm32/f3/src/CMSIS/system_stm32f3xx.o
 .debug_info    0x000000000000ae09       0xf3 ../../arctic_awesomeness/arch/stm32/f3/src/CMSIS/startup_stm32f303xc.o
 .debug_info    0x000000000000aefc      0xdb1 demo6.o
 .debug_info    0x000000000000bcad       0x96 user_source/foo.o
 .debug_info    0x000000000000bd43      0x2b1 user_source/uart.o
 .debug_info    0x000000000000bff4      0x335 user_source/hal_interface/cpu.o
 .debug_info    0x000000000000c329      0xbe2 user_source/hal_interface/cube_hal_msp.o
 .debug_info    0x000000000000cf0b      0x62b user_source/hal_interface/encoder_hal.o
 .debug_info    0x000000000000d536      0x880 user_source/hal_interface/newlib_stubs.o
 .debug_info    0x000000000000ddb6      0xc47 user_source/hal_interface/pwm_hal.o
 .debug_info    0x000000000000e9fd     0x11a9 user_source/hal_interface/sensor_hal.o
 .debug_info    0x000000000000fba6      0x731 user_source/hal_interface/uart_hal.o

.debug_abbrev   0x0000000000000000     0x2be7
 .debug_abbrev  0x0000000000000000      0x1d0 ../../arctic_awesomeness/arch/stm32/f3/src/stm32f3xx_hal.o
 .debug_abbrev  0x00000000000001d0      0x304 ../../arctic_awesomeness/arch/stm32/f3/src/stm32f3xx_hal_cortex.o
 .debug_abbrev  0x00000000000004d4      0x219 ../../arctic_awesomeness/arch/stm32/f3/src/stm32f3xx_hal_dma.o
 .debug_abbrev  0x00000000000006ed      0x1d7 ../../arctic_awesomeness/arch/stm32/f3/src/stm32f3xx_hal_gpio.o
 .debug_abbrev  0x00000000000008c4       0x70 ../../arctic_awesomeness/arch/stm32/f3/src/stm32f3xx_hal_msp.o
 .debug_abbrev  0x0000000000000934      0x2cc ../../arctic_awesomeness/arch/stm32/f3/src/stm32f3xx_hal_rcc.o
 .debug_abbrev  0x0000000000000c00      0x333 ../../arctic_awesomeness/arch/stm32/f3/src/stm32f3xx_hal_tim.o
 .debug_abbrev  0x0000000000000f33      0x2b6 ../../arctic_awesomeness/arch/stm32/f3/src/stm32f3xx_hal_tim_ex.o
 .debug_abbrev  0x00000000000011e9      0x205 ../../arctic_awesomeness/arch/stm32/f3/src/stm32f3xx_hal_timebase_tim.o
 .debug_abbrev  0x00000000000013ee      0x314 ../../arctic_awesomeness/arch/stm32/f3/src/stm32f3xx_hal_uart.o
 .debug_abbrev  0x0000000000001702      0x1ee ../../arctic_awesomeness/arch/stm32/f3/src/stm32f3xx_hal_uart_ex.o
 .debug_abbrev  0x00000000000018f0      0x101 ../../arctic_awesomeness/arch/stm32/f3/src/CMSIS/system_stm32f3xx.o
 .debug_abbrev  0x00000000000019f1       0x12 ../../arctic_awesomeness/arch/stm32/f3/src/CMSIS/startup_stm32f303xc.o
 .debug_abbrev  0x0000000000001a03      0x29f demo6.o
 .debug_abbrev  0x0000000000001ca2       0x94 user_source/foo.o
 .debug_abbrev  0x0000000000001d36      0x16a user_source/uart.o
 .debug_abbrev  0x0000000000001ea0      0x16a user_source/hal_interface/cpu.o
 .debug_abbrev  0x000000000000200a      0x1b3 user_source/hal_interface/cube_hal_msp.o
 .debug_abbrev  0x00000000000021bd      0x189 user_source/hal_interface/encoder_hal.o
 .debug_abbrev  0x0000000000002346      0x28e user_source/hal_interface/newlib_stubs.o
 .debug_abbrev  0x00000000000025d4      0x1c3 user_source/hal_interface/pwm_hal.o
 .debug_abbrev  0x0000000000002797      0x2a5 user_source/hal_interface/sensor_hal.o
 .debug_abbrev  0x0000000000002a3c      0x1ab user_source/hal_interface/uart_hal.o

.debug_loc      0x0000000000000000     0x9bc6
 .debug_loc     0x0000000000000000       0x4b ../../arctic_awesomeness/arch/stm32/f3/src/stm32f3xx_hal.o
 .debug_loc     0x000000000000004b      0x658 ../../arctic_awesomeness/arch/stm32/f3/src/stm32f3xx_hal_cortex.o
 .debug_loc     0x00000000000006a3      0x6f1 ../../arctic_awesomeness/arch/stm32/f3/src/stm32f3xx_hal_dma.o
 .debug_loc     0x0000000000000d94      0x3cc ../../arctic_awesomeness/arch/stm32/f3/src/stm32f3xx_hal_gpio.o
 .debug_loc     0x0000000000001160      0x905 ../../arctic_awesomeness/arch/stm32/f3/src/stm32f3xx_hal_rcc.o
 .debug_loc     0x0000000000001a65     0x4284 ../../arctic_awesomeness/arch/stm32/f3/src/stm32f3xx_hal_tim.o
 .debug_loc     0x0000000000005ce9     0x1642 ../../arctic_awesomeness/arch/stm32/f3/src/stm32f3xx_hal_tim_ex.o
 .debug_loc     0x000000000000732b       0xd1 ../../arctic_awesomeness/arch/stm32/f3/src/stm32f3xx_hal_timebase_tim.o
 .debug_loc     0x00000000000073fc     0x1748 ../../arctic_awesomeness/arch/stm32/f3/src/stm32f3xx_hal_uart.o
 .debug_loc     0x0000000000008b44      0x32b ../../arctic_awesomeness/arch/stm32/f3/src/stm32f3xx_hal_uart_ex.o
 .debug_loc     0x0000000000008e6f      0x11a ../../arctic_awesomeness/arch/stm32/f3/src/CMSIS/system_stm32f3xx.o
 .debug_loc     0x0000000000008f89       0x4e user_source/foo.o
 .debug_loc     0x0000000000008fd7      0x205 user_source/uart.o
 .debug_loc     0x00000000000091dc       0xcf user_source/hal_interface/cpu.o
 .debug_loc     0x00000000000092ab       0x42 user_source/hal_interface/cube_hal_msp.o
 .debug_loc     0x00000000000092ed      0x4e7 user_source/hal_interface/newlib_stubs.o
 .debug_loc     0x00000000000097d4      0x1ab user_source/hal_interface/pwm_hal.o
 .debug_loc     0x000000000000997f      0x1cb user_source/hal_interface/sensor_hal.o
 .debug_loc     0x0000000000009b4a       0x7c user_source/hal_interface/uart_hal.o

.debug_aranges  0x0000000000000000      0x2f0
 .debug_aranges
                0x0000000000000000       0x20 ../../arctic_awesomeness/arch/stm32/f3/src/stm32f3xx_hal.o
 .debug_aranges
                0x0000000000000020       0x20 ../../arctic_awesomeness/arch/stm32/f3/src/stm32f3xx_hal_cortex.o
 .debug_aranges
                0x0000000000000040       0x20 ../../arctic_awesomeness/arch/stm32/f3/src/stm32f3xx_hal_dma.o
 .debug_aranges
                0x0000000000000060       0x20 ../../arctic_awesomeness/arch/stm32/f3/src/stm32f3xx_hal_gpio.o
 .debug_aranges
                0x0000000000000080       0x20 ../../arctic_awesomeness/arch/stm32/f3/src/stm32f3xx_hal_msp.o
 .debug_aranges
                0x00000000000000a0       0x20 ../../arctic_awesomeness/arch/stm32/f3/src/stm32f3xx_hal_rcc.o
 .debug_aranges
                0x00000000000000c0       0x20 ../../arctic_awesomeness/arch/stm32/f3/src/stm32f3xx_hal_tim.o
 .debug_aranges
                0x00000000000000e0       0x20 ../../arctic_awesomeness/arch/stm32/f3/src/stm32f3xx_hal_tim_ex.o
 .debug_aranges
                0x0000000000000100       0x20 ../../arctic_awesomeness/arch/stm32/f3/src/stm32f3xx_hal_timebase_tim.o
 .debug_aranges
                0x0000000000000120       0x20 ../../arctic_awesomeness/arch/stm32/f3/src/stm32f3xx_hal_uart.o
 .debug_aranges
                0x0000000000000140       0x20 ../../arctic_awesomeness/arch/stm32/f3/src/stm32f3xx_hal_uart_ex.o
 .debug_aranges
                0x0000000000000160       0x20 ../../arctic_awesomeness/arch/stm32/f3/src/CMSIS/system_stm32f3xx.o
 .debug_aranges
                0x0000000000000180       0x28 ../../arctic_awesomeness/arch/stm32/f3/src/CMSIS/startup_stm32f303xc.o
 .debug_aranges
                0x00000000000001a8       0x28 demo6.o
 .debug_aranges
                0x00000000000001d0       0x20 user_source/foo.o
 .debug_aranges
                0x00000000000001f0       0x20 user_source/uart.o
 .debug_aranges
                0x0000000000000210       0x20 user_source/hal_interface/cpu.o
 .debug_aranges
                0x0000000000000230       0x20 user_source/hal_interface/cube_hal_msp.o
 .debug_aranges
                0x0000000000000250       0x20 user_source/hal_interface/encoder_hal.o
 .debug_aranges
                0x0000000000000270       0x20 user_source/hal_interface/newlib_stubs.o
 .debug_aranges
                0x0000000000000290       0x20 user_source/hal_interface/pwm_hal.o
 .debug_aranges
                0x00000000000002b0       0x20 user_source/hal_interface/sensor_hal.o
 .debug_aranges
                0x00000000000002d0       0x20 user_source/hal_interface/uart_hal.o

.debug_line     0x0000000000000000     0x668f
 .debug_line    0x0000000000000000      0x2b8 ../../arctic_awesomeness/arch/stm32/f3/src/stm32f3xx_hal.o
 .debug_line    0x00000000000002b8      0x3ca ../../arctic_awesomeness/arch/stm32/f3/src/stm32f3xx_hal_cortex.o
 .debug_line    0x0000000000000682      0x547 ../../arctic_awesomeness/arch/stm32/f3/src/stm32f3xx_hal_dma.o
 .debug_line    0x0000000000000bc9      0x3b9 ../../arctic_awesomeness/arch/stm32/f3/src/stm32f3xx_hal_gpio.o
 .debug_line    0x0000000000000f82      0x1e3 ../../arctic_awesomeness/arch/stm32/f3/src/stm32f3xx_hal_msp.o
 .debug_line    0x0000000000001165      0x7ed ../../arctic_awesomeness/arch/stm32/f3/src/stm32f3xx_hal_rcc.o
 .debug_line    0x0000000000001952     0x1278 ../../arctic_awesomeness/arch/stm32/f3/src/stm32f3xx_hal_tim.o
 .debug_line    0x0000000000002bca      0x874 ../../arctic_awesomeness/arch/stm32/f3/src/stm32f3xx_hal_tim_ex.o
 .debug_line    0x000000000000343e      0x2ec ../../arctic_awesomeness/arch/stm32/f3/src/stm32f3xx_hal_timebase_tim.o
 .debug_line    0x000000000000372a      0xcd6 ../../arctic_awesomeness/arch/stm32/f3/src/stm32f3xx_hal_uart.o
 .debug_line    0x0000000000004400      0x39d ../../arctic_awesomeness/arch/stm32/f3/src/stm32f3xx_hal_uart_ex.o
 .debug_line    0x000000000000479d      0x22e ../../arctic_awesomeness/arch/stm32/f3/src/CMSIS/system_stm32f3xx.o
 .debug_line    0x00000000000049cb       0xa5 ../../arctic_awesomeness/arch/stm32/f3/src/CMSIS/startup_stm32f303xc.o
 .debug_line    0x0000000000004a70      0x492 demo6.o
 .debug_line    0x0000000000004f02       0x44 user_source/foo.o
 .debug_line    0x0000000000004f46      0x200 user_source/uart.o
 .debug_line    0x0000000000005146      0x27f user_source/hal_interface/cpu.o
 .debug_line    0x00000000000053c5      0x2cb user_source/hal_interface/cube_hal_msp.o
 .debug_line    0x0000000000005690      0x28a user_source/hal_interface/encoder_hal.o
 .debug_line    0x000000000000591a      0x2f1 user_source/hal_interface/newlib_stubs.o
 .debug_line    0x0000000000005c0b      0x352 user_source/hal_interface/pwm_hal.o
 .debug_line    0x0000000000005f5d      0x483 user_source/hal_interface/sensor_hal.o
 .debug_line    0x00000000000063e0      0x2af user_source/hal_interface/uart_hal.o

.debug_str      0x0000000000000000     0x3e01
 .debug_str     0x0000000000000000      0x8db ../../arctic_awesomeness/arch/stm32/f3/src/stm32f3xx_hal.o
                                        0x930 (size before relaxing)
 .debug_str     0x00000000000008db      0x401 ../../arctic_awesomeness/arch/stm32/f3/src/stm32f3xx_hal_cortex.o
                                        0xbbd (size before relaxing)
 .debug_str     0x0000000000000cdc      0x400 ../../arctic_awesomeness/arch/stm32/f3/src/stm32f3xx_hal_dma.o
                                        0x69d (size before relaxing)
 .debug_str     0x00000000000010dc      0x1f5 ../../arctic_awesomeness/arch/stm32/f3/src/stm32f3xx_hal_gpio.o
                                        0x4b6 (size before relaxing)
 .debug_str     0x00000000000012d1       0x51 ../../arctic_awesomeness/arch/stm32/f3/src/stm32f3xx_hal_msp.o
                                        0x23d (size before relaxing)
 .debug_str     0x0000000000001322      0x338 ../../arctic_awesomeness/arch/stm32/f3/src/stm32f3xx_hal_rcc.o
                                        0x6d3 (size before relaxing)
 .debug_str     0x000000000000165a      0xc9a ../../arctic_awesomeness/arch/stm32/f3/src/stm32f3xx_hal_tim.o
                                       0x1145 (size before relaxing)
 .debug_str     0x00000000000022f4      0x4d7 ../../arctic_awesomeness/arch/stm32/f3/src/stm32f3xx_hal_tim_ex.o
                                        0xd63 (size before relaxing)
 .debug_str     0x00000000000027cb       0xba ../../arctic_awesomeness/arch/stm32/f3/src/stm32f3xx_hal_timebase_tim.o
                                        0xc79 (size before relaxing)
 .debug_str     0x0000000000002885      0x84c ../../arctic_awesomeness/arch/stm32/f3/src/stm32f3xx_hal_uart.o
                                        0xddb (size before relaxing)
 .debug_str     0x00000000000030d1      0x105 ../../arctic_awesomeness/arch/stm32/f3/src/stm32f3xx_hal_uart_ex.o
                                        0x8c0 (size before relaxing)
 .debug_str     0x00000000000031d6       0x84 ../../arctic_awesomeness/arch/stm32/f3/src/CMSIS/system_stm32f3xx.o
                                        0x362 (size before relaxing)
 .debug_str     0x000000000000325a      0x5bd demo6.o
                                        0x82f (size before relaxing)
 .debug_str     0x0000000000003817       0x2d user_source/foo.o
                                        0x165 (size before relaxing)