Archive member included to satisfy reference by file (symbol)

/Users/karlboukhalil/Documents/NYU/Semester 2/Real Time Embedded Systems/sandbox/gcc-arm-none-eabi-5_4-2016q3/bin/../lib/gcc/arm-none-eabi/5.4.1/../../../../arm-none-eabi/lib/armv7e-m/fpu/libc.a(lib_a-exit.o)
                              /Users/karlboukhalil/Documents/NYU/Semester 2/Real Time Embedded Systems/sandbox/gcc-arm-none-eabi-5_4-2016q3/bin/../lib/gcc/arm-none-eabi/5.4.1/../../../../arm-none-eabi/lib/armv7e-m/fpu/crt0.o (exit)
/Users/karlboukhalil/Documents/NYU/Semester 2/Real Time Embedded Systems/sandbox/gcc-arm-none-eabi-5_4-2016q3/bin/../lib/gcc/arm-none-eabi/5.4.1/../../../../arm-none-eabi/lib/armv7e-m/fpu/libc.a(lib_a-impure.o)
                              /Users/karlboukhalil/Documents/NYU/Semester 2/Real Time Embedded Systems/sandbox/gcc-arm-none-eabi-5_4-2016q3/bin/../lib/gcc/arm-none-eabi/5.4.1/../../../../arm-none-eabi/lib/armv7e-m/fpu/libc.a(lib_a-exit.o) (_global_impure_ptr)
/Users/karlboukhalil/Documents/NYU/Semester 2/Real Time Embedded Systems/sandbox/gcc-arm-none-eabi-5_4-2016q3/bin/../lib/gcc/arm-none-eabi/5.4.1/../../../../arm-none-eabi/lib/armv7e-m/fpu/libc.a(lib_a-init.o)
                              /Users/karlboukhalil/Documents/NYU/Semester 2/Real Time Embedded Systems/sandbox/gcc-arm-none-eabi-5_4-2016q3/bin/../lib/gcc/arm-none-eabi/5.4.1/../../../../arm-none-eabi/lib/armv7e-m/fpu/crt0.o (__libc_init_array)
/Users/karlboukhalil/Documents/NYU/Semester 2/Real Time Embedded Systems/sandbox/gcc-arm-none-eabi-5_4-2016q3/bin/../lib/gcc/arm-none-eabi/5.4.1/../../../../arm-none-eabi/lib/armv7e-m/fpu/libc.a(lib_a-memset.o)
                              /Users/karlboukhalil/Documents/NYU/Semester 2/Real Time Embedded Systems/sandbox/gcc-arm-none-eabi-5_4-2016q3/bin/../lib/gcc/arm-none-eabi/5.4.1/../../../../arm-none-eabi/lib/armv7e-m/fpu/crt0.o (memset)
/Users/karlboukhalil/Documents/NYU/Semester 2/Real Time Embedded Systems/sandbox/gcc-arm-none-eabi-5_4-2016q3/bin/../lib/gcc/arm-none-eabi/5.4.1/../../../../arm-none-eabi/lib/armv7e-m/fpu/libc.a(lib_a-__call_atexit.o)
                              /Users/karlboukhalil/Documents/NYU/Semester 2/Real Time Embedded Systems/sandbox/gcc-arm-none-eabi-5_4-2016q3/bin/../lib/gcc/arm-none-eabi/5.4.1/../../../../arm-none-eabi/lib/armv7e-m/fpu/libc.a(lib_a-exit.o) (__call_exitprocs)
/Users/karlboukhalil/Documents/NYU/Semester 2/Real Time Embedded Systems/sandbox/gcc-arm-none-eabi-5_4-2016q3/bin/../lib/gcc/arm-none-eabi/5.4.1/../../../../arm-none-eabi/lib/armv7e-m/fpu/libc.a(lib_a-atexit.o)
                              /Users/karlboukhalil/Documents/NYU/Semester 2/Real Time Embedded Systems/sandbox/gcc-arm-none-eabi-5_4-2016q3/bin/../lib/gcc/arm-none-eabi/5.4.1/../../../../arm-none-eabi/lib/armv7e-m/fpu/libc.a(lib_a-__call_atexit.o) (atexit)
/Users/karlboukhalil/Documents/NYU/Semester 2/Real Time Embedded Systems/sandbox/gcc-arm-none-eabi-5_4-2016q3/bin/../lib/gcc/arm-none-eabi/5.4.1/../../../../arm-none-eabi/lib/armv7e-m/fpu/libc.a(lib_a-fini.o)
                              /Users/karlboukhalil/Documents/NYU/Semester 2/Real Time Embedded Systems/sandbox/gcc-arm-none-eabi-5_4-2016q3/bin/../lib/gcc/arm-none-eabi/5.4.1/../../../../arm-none-eabi/lib/armv7e-m/fpu/libc.a(lib_a-__call_atexit.o) (__libc_fini_array)
/Users/karlboukhalil/Documents/NYU/Semester 2/Real Time Embedded Systems/sandbox/gcc-arm-none-eabi-5_4-2016q3/bin/../lib/gcc/arm-none-eabi/5.4.1/../../../../arm-none-eabi/lib/armv7e-m/fpu/libc.a(lib_a-__atexit.o)
                              /Users/karlboukhalil/Documents/NYU/Semester 2/Real Time Embedded Systems/sandbox/gcc-arm-none-eabi-5_4-2016q3/bin/../lib/gcc/arm-none-eabi/5.4.1/../../../../arm-none-eabi/lib/armv7e-m/fpu/libc.a(lib_a-atexit.o) (__register_exitproc)
/Users/karlboukhalil/Documents/NYU/Semester 2/Real Time Embedded Systems/sandbox/gcc-arm-none-eabi-5_4-2016q3/bin/../lib/gcc/arm-none-eabi/5.4.1/../../../../arm-none-eabi/lib/armv7e-m/fpu/libc.a(lib_a-printf.o)
                              user_source/hal_interface/sensor_hal.o (printf)
/Users/karlboukhalil/Documents/NYU/Semester 2/Real Time Embedded Systems/sandbox/gcc-arm-none-eabi-5_4-2016q3/bin/../lib/gcc/arm-none-eabi/5.4.1/../../../../arm-none-eabi/lib/armv7e-m/fpu/libc.a(lib_a-puts.o)
                              demo6.o (puts)
/Users/karlboukhalil/Documents/NYU/Semester 2/Real Time Embedded Systems/sandbox/gcc-arm-none-eabi-5_4-2016q3/bin/../lib/gcc/arm-none-eabi/5.4.1/../../../../arm-none-eabi/lib/armv7e-m/fpu/libc.a(lib_a-reent.o)
                              user_source/hal_interface/newlib_stubs.o (errno)
/Users/karlboukhalil/Documents/NYU/Semester 2/Real Time Embedded Systems/sandbox/gcc-arm-none-eabi-5_4-2016q3/bin/../lib/gcc/arm-none-eabi/5.4.1/../../../../arm-none-eabi/lib/armv7e-m/fpu/libc.a(lib_a-setvbuf.o)
                              demo6.o (setvbuf)
[...]
Memory Configuration

Name             Origin             Length             Attributes
FLASH            0x0000000008000000 0x0000000000040000 xr
RAM              0x0000000020000000 0x000000000000a000 xrw
CCMRAM           0x0000000010000000 0x0000000000002000 rw
*default*        0x0000000000000000 0xffffffffffffffff

Linker script and memory map

LOAD /Users/karlboukhalil/Documents/NYU/Semester 2/Real Time Embedded Systems/sandbox/gcc-arm-none-eabi-5_4-2016q3/bin/../lib/gcc/arm-none-eabi/5.4.1/armv7e-m/fpu/crti.o
LOAD /Users/karlboukhalil/Documents/NYU/Semester 2/Real Time Embedded Systems/sandbox/gcc-arm-none-eabi-5_4-2016q3/bin/../lib/gcc/arm-none-eabi/5.4.1/armv7e-m/fpu/crtbegin.o
LOAD /Users/karlboukhalil/Documents/NYU/Semester 2/Real Time Embedded Systems/sandbox/gcc-arm-none-eabi-5_4-2016q3/bin/../lib/gcc/arm-none-eabi/5.4.1/../../../../arm-none-eabi/lib/armv7e-m/fpu/crt0.o
                0x000000002000a000                _estack = 0x2000a000
                0x0000000000000f00                _Min_Heap_Size = 0xf00
                0x0000000000000f00                _Min_Stack_Size = 0xf00

.isr_vector     0x0000000008000000      0x188
                0x0000000008000000                . = ALIGN (0x4)
 *(.isr_vector)
 .isr_vector    0x0000000008000000      0x188 ../../arctic_awesomeness/arch/stm32/f3/src/CMSIS/startup_stm32f303xc.o
                0x0000000008000000                g_pfnVectors
                0x0000000008000188                . = ALIGN (0x4)

.text           0x00000000080001c0     0xc238
                0x00000000080001c0                . = ALIGN (0x4)
 *(.text)
 .text          0x00000000080001c0       0x5c /Users/karlboukhalil/Documents/NYU/Semester 2/Real Time Embedded Systems/sandbox/gcc-arm-none-eabi-5_4-2016q3/bin/../lib/gcc/arm-none-eabi/5.4.1/armv7e-m/fpu/crtbegin.o
 .text          0x000000000800021c      0x158 ../../arctic_awesomeness/arch/stm32/f3/src/stm32f3xx_hal.o
                0x0000000008000224                HAL_DeInit
                0x0000000008000274                HAL_Init
                0x0000000008000298                HAL_IncTick
                0x00000000080002a8                HAL_GetTick
                0x00000000080002b4                HAL_Delay
                0x00000000080002f0                HAL_GetHalVersion
                0x00000000080002f8                HAL_GetREVID
                0x0000000008000304                HAL_GetDEVID
                0x0000000008000314                HAL_DBGMCU_EnableDBGSleepMode
                0x0000000008000324                HAL_DBGMCU_DisableDBGSleepMode
                0x0000000008000334                HAL_DBGMCU_EnableDBGStopMode
                0x0000000008000344                HAL_DBGMCU_DisableDBGStopMode
                0x0000000008000354                HAL_DBGMCU_EnableDBGStandbyMode
                0x0000000008000364                HAL_DBGMCU_DisableDBGStandbyMode
 .text          0x0000000008000374      0x2b0 ../../arctic_awesomeness/arch/stm32/f3/src/stm32f3xx_hal_cortex.o
                0x0000000008000374                HAL_NVIC_SetPriorityGrouping
                0x0000000008000398                HAL_NVIC_SetPriority
                0x0000000008000408                HAL_NVIC_EnableIRQ
                0x0000000008000420                HAL_NVIC_DisableIRQ
                0x000000000800043c                HAL_NVIC_SystemReset
                0x0000000008000460                HAL_SYSTICK_Config
                0x0000000008000494                HAL_MPU_Disable
                0x00000000080004b0                HAL_MPU_Enable
                0x00000000080004cc                HAL_MPU_ConfigRegion
                0x0000000008000520                HAL_NVIC_GetPriorityGrouping
                0x0000000008000530                HAL_NVIC_GetPriority
                0x0000000008000590                HAL_NVIC_SetPendingIRQ
                0x00000000080005ac                HAL_NVIC_GetPendingIRQ
                0x00000000080005c8                HAL_NVIC_ClearPendingIRQ
                0x00000000080005e4                HAL_NVIC_GetActive
                0x0000000008000600                HAL_SYSTICK_CLKSourceConfig
                0x0000000008000618                HAL_SYSTICK_Callback
                0x000000000800061c                HAL_SYSTICK_IRQHandler
 .text          0x0000000008000624      0x490 ../../arctic_awesomeness/arch/stm32/f3/src/stm32f3xx_hal_dma.o
                0x0000000008000624                HAL_DMA_Init
                0x00000000080006b4                HAL_DMA_DeInit
                0x0000000008000728                HAL_DMA_Start
                0x000000000800078c                HAL_DMA_Start_IT
                0x0000000008000810                HAL_DMA_Abort
                0x0000000008000844                HAL_DMA_Abort_IT
                0x000000000800088c                HAL_DMA_PollForTransfer
                0x0000000008000960                HAL_DMA_IRQHandler
                0x00000000080009f8                HAL_DMA_RegisterCallback
                0x0000000008000a4c                HAL_DMA_UnRegisterCallback
                0x0000000008000aa8                HAL_DMA_GetState
                0x0000000008000ab0                HAL_DMA_GetError
 .text          0x0000000008000ab4      0x36c ../../arctic_awesomeness/arch/stm32/f3/src/stm32f3xx_hal_gpio.o
                0x0000000008000ab4                HAL_GPIO_Init
                0x0000000008000c8c                HAL_GPIO_DeInit
                0x0000000008000db8                HAL_GPIO_ReadPin
                0x0000000008000dc4                HAL_GPIO_WritePin
                0x0000000008000dd0                HAL_GPIO_TogglePin
                0x0000000008000dd8                HAL_GPIO_LockPin
                0x0000000008000e08                HAL_GPIO_EXTI_IRQHandler
 .text          0x0000000008000e20       0x10 ../../arctic_awesomeness/arch/stm32/f3/src/stm32f3xx_hal_msp.o
                0x0000000008000e20                HAL_MspInit
                0x0000000008000e24                HAL_MspDeInit
                0x0000000008000e28                HAL_PPP_MspInit
                0x0000000008000e2c                HAL_PPP_MspDeInit
 .text          0x0000000008000e30      0x9e8 ../../arctic_awesomeness/arch/stm32/f3/src/stm32f3xx_hal_rcc.o
                0x0000000008000e30                HAL_RCC_DeInit
                0x0000000008000e80                HAL_RCC_OscConfig
                0x000000000800142c                HAL_RCC_MCOConfig
                0x0000000008001478                HAL_RCC_EnableCSS
                0x0000000008001494                HAL_RCC_DisableCSS
                0x00000000080014b0                HAL_RCC_GetSysClockFreq
                0x000000000800151c                HAL_RCC_ClockConfig
                0x00000000080016a8                HAL_RCC_GetHCLKFreq
                0x00000000080016b4                HAL_RCC_GetPCLK1Freq
                0x00000000080016e4                HAL_RCC_GetPCLK2Freq
                0x0000000008001714                HAL_RCC_GetOscConfig
                0x00000000080017b0                HAL_RCC_GetClockConfig
                0x00000000080017f4                HAL_RCC_CSSCallback
                0x00000000080017f8                HAL_RCC_NMI_IRQHandler
 .text          0x0000000008001818     0x2160 ../../arctic_awesomeness/arch/stm32/f3/src/stm32f3xx_hal_tim.o
                0x00000000080018d0                HAL_TIM_Base_MspDeInit
                0x00000000080018d4                HAL_TIM_Base_DeInit
                0x0000000008001910                HAL_TIM_Base_Start
                0x0000000008001930                HAL_TIM_Base_Stop
                0x0000000008001960                HAL_TIM_Base_Start_IT
                0x0000000008001978                HAL_TIM_Base_Stop_IT
                0x00000000080019a4                HAL_TIM_Base_Start_DMA
                0x0000000008001a00                HAL_TIM_Base_Stop_DMA
                0x0000000008001a30                HAL_TIM_OC_MspInit
                0x0000000008001a34                HAL_TIM_OC_MspDeInit
                0x0000000008001a38                HAL_TIM_OC_DeInit
                0x0000000008001a74                HAL_TIM_OC_Stop
                0x0000000008001b00                HAL_TIM_PWM_MspDeInit
                0x0000000008001b04                HAL_TIM_PWM_DeInit
                0x0000000008001b40                HAL_TIM_PWM_Start
                0x0000000008001ba0                HAL_TIM_OC_Start
                0x0000000008001ba4                HAL_TIM_PWM_Stop
                0x0000000008001c30                HAL_TIM_PWM_Start_IT
                0x0000000008001cd8                HAL_TIM_OC_Start_IT
                0x0000000008001cdc                HAL_TIM_PWM_Stop_IT
                0x0000000008001dac                HAL_TIM_OC_Stop_IT
                0x0000000008001db0                HAL_TIM_PWM_Start_DMA
                0x0000000008001ee0                HAL_TIM_OC_Start_DMA
                0x0000000008001ee4                HAL_TIM_PWM_Stop_DMA
                0x0000000008001fb8                HAL_TIM_OC_Stop_DMA
                0x0000000008001fbc                HAL_TIM_IC_MspInit
                0x0000000008001fc0                HAL_TIM_IC_MspDeInit
                0x0000000008001fc4                HAL_TIM_IC_DeInit
                0x0000000008002000                HAL_TIM_IC_Start
                0x0000000008002024                HAL_TIM_IC_Stop
                0x0000000008002058                HAL_TIM_IC_Start_IT
                0x00000000080020c0                HAL_TIM_IC_Stop_IT
                0x000000000800213c                HAL_TIM_IC_Start_DMA
                0x0000000008002220                HAL_TIM_IC_Stop_DMA
                0x00000000080022a8                HAL_TIM_OnePulse_MspInit
                0x00000000080022ac                HAL_TIM_OnePulse_MspDeInit
                0x00000000080022b0                HAL_TIM_OnePulse_DeInit
                0x00000000080022ec                HAL_TIM_OnePulse_Start
                0x000000000800234c                HAL_TIM_OnePulse_Stop
                0x00000000080023d4                HAL_TIM_OnePulse_Start_IT
                0x0000000008002444                HAL_TIM_OnePulse_Stop_IT
                0x00000000080024dc                HAL_TIM_Encoder_MspInit
                0x00000000080024e0                HAL_TIM_Encoder_MspDeInit
                0x00000000080024e4                HAL_TIM_Encoder_DeInit
                0x0000000008002520                HAL_TIM_Encoder_Start
                0x000000000800256c                HAL_TIM_Encoder_Stop
                0x00000000080025c0                HAL_TIM_Encoder_Start_IT
                0x0000000008002640                HAL_TIM_Encoder_Stop_IT
                0x00000000080026c0                HAL_TIM_Encoder_Start_DMA
                0x0000000008002808                HAL_TIM_Encoder_Stop_DMA
                0x0000000008002888                HAL_TIM_DMABurst_WriteStart
                0x000000000800296c                HAL_TIM_DMABurst_ReadStart
                0x0000000008002a50                HAL_TIM_DMABurst_ReadStop
                0x0000000008002ac8                HAL_TIM_DMABurst_WriteStop
                0x0000000008002acc                HAL_TIM_GenerateEvent
                0x0000000008002bc4                HAL_TIM_ConfigClockSource
                0x0000000008002d54                HAL_TIM_ConfigTI1Input
                0x0000000008002d64                HAL_TIM_SlaveConfigSynchronization
                0x0000000008002da4                HAL_TIM_SlaveConfigSynchronization_IT
                0x0000000008002de4                HAL_TIM_ReadCapturedValue
                0x0000000008002e58                HAL_TIM_OC_DelayElapsedCallback
                0x0000000008002e5c                HAL_TIM_IC_CaptureCallback
                0x0000000008002e60                TIM_DMACaptureCplt
                0x0000000008002eac                HAL_TIM_PWM_PulseFinishedCallback
                0x0000000008002eb0                TIM_DMADelayPulseCplt
                0x0000000008002efc                HAL_TIM_TriggerCallback
                0x0000000008002f00                HAL_TIM_IRQHandler
                0x0000000008003064                HAL_TIM_ErrorCallback
                0x0000000008003068                TIM_DMAError
                0x0000000008003078                HAL_TIM_Base_GetState
                0x0000000008003080                HAL_TIM_OC_GetState
                0x0000000008003088                HAL_TIM_PWM_GetState
                0x0000000008003090                HAL_TIM_IC_GetState
                0x0000000008003098                HAL_TIM_OnePulse_GetState
                0x00000000080030a0                HAL_TIM_Encoder_GetState
                0x00000000080030a8                TIM_Base_SetConfig
                0x0000000008003180                HAL_TIM_Base_Init
                0x00000000080031b8                HAL_TIM_OC_Init
                0x00000000080031f0                HAL_TIM_PWM_Init
                0x0000000008003228                HAL_TIM_IC_Init
                0x0000000008003260                HAL_TIM_OnePulse_Init
                0x00000000080032a8                HAL_TIM_Encoder_Init
                0x0000000008003354                TIM_OC1_SetConfig
                0x00000000080033d4                TIM_OC2_SetConfig
                0x0000000008003458                TIM_OC3_SetConfig
                0x00000000080034d8                TIM_OC4_SetConfig
                0x000000000800367c                TIM_TI1_SetConfig
                0x00000000080036e4                HAL_TIM_IC_ConfigChannel
                0x000000000800381c                HAL_TIM_OnePulse_ConfigChannel
                0x0000000008003940                TIM_ETR_SetConfig
                0x0000000008003958                TIM_CCxChannelCmd
 .text          0x0000000008003978      0xc84 ../../arctic_awesomeness/arch/stm32/f3/src/stm32f3xx_hal_tim_ex.o
                0x0000000008003a58                HAL_TIMEx_HallSensor_MspInit
                0x0000000008003a5c                HAL_TIMEx_HallSensor_Init
                0x0000000008003b14                HAL_TIMEx_HallSensor_MspDeInit
                0x0000000008003b18                HAL_TIMEx_HallSensor_DeInit
                0x0000000008003b54                HAL_TIMEx_HallSensor_Start
                0x0000000008003b70                HAL_TIMEx_HallSensor_Stop
                0x0000000008003ba0                HAL_TIMEx_HallSensor_Start_IT
                0x0000000008003bc4                HAL_TIMEx_HallSensor_Stop_IT
                0x0000000008003bfc                HAL_TIMEx_HallSensor_Start_DMA
                0x0000000008003c68                HAL_TIMEx_HallSensor_Stop_DMA
                0x0000000008003ca0                HAL_TIMEx_PWMN_Start
                0x0000000008003ccc                HAL_TIMEx_OCN_Start
                0x0000000008003cd0                HAL_TIMEx_PWMN_Start_IT
                0x0000000008003d48                HAL_TIMEx_OCN_Start_IT
                0x0000000008003d4c                HAL_TIMEx_PWMN_Stop_IT
                0x0000000008003df4                HAL_TIMEx_OCN_Stop_IT
                0x0000000008003df8                HAL_TIMEx_PWMN_Start_DMA
                0x0000000008003ef8                HAL_TIMEx_OCN_Start_DMA
                0x0000000008003efc                HAL_TIMEx_PWMN_Stop_DMA
                0x0000000008003fa0                HAL_TIMEx_OCN_Stop_DMA
                0x0000000008003fa4                HAL_TIMEx_OnePulseN_Start
                0x0000000008003fc8                HAL_TIMEx_OnePulseN_Stop
                0x000000000800401c                HAL_TIMEx_PWMN_Stop
                0x0000000008004020                HAL_TIMEx_OCN_Stop
                0x0000000008004024                HAL_TIMEx_OnePulseN_Start_IT
                0x0000000008004058                HAL_TIMEx_OnePulseN_Stop_IT
                0x00000000080040bc                HAL_TIMEx_ConfigCommutationEvent
                0x000000000800410c                HAL_TIMEx_ConfigCommutationEvent_IT
                0x0000000008004164                HAL_TIMEx_ConfigCommutationEvent_DMA
                0x00000000080041cc                HAL_TIM_OC_ConfigChannel
                0x0000000008004244                HAL_TIM_PWM_ConfigChannel
                0x000000000800436c                HAL_TIMEx_MasterConfigSynchronization
                0x00000000080043c0                HAL_TIMEx_ConfigBreakDeadTime
                0x000000000800444c                HAL_TIMEx_RemapConfig
                0x0000000008004478                HAL_TIMEx_GroupChannel5
                0x00000000080044b0                HAL_TIM_ConfigOCrefClear
                0x00000000080045dc                HAL_TIMEx_CommutationCallback
                0x00000000080045e0                TIMEx_DMACommutationCplt
                0x00000000080045f0                HAL_TIMEx_BreakCallback
                0x00000000080045f4                HAL_TIMEx_HallSensor_GetState
 .text          0x00000000080045fc       0xc0 ../../arctic_awesomeness/arch/stm32/f3/src/stm32f3xx_hal_timebase_tim.o
                0x00000000080045fc                HAL_InitTick
                0x0000000008004684                HAL_SuspendTick
                0x0000000008004698                HAL_ResumeTick
                0x00000000080046ac                HAL_TIM_PeriodElapsedCallback
                0x00000000080046b0                TIM6_DAC_IRQHandler
 .text          0x00000000080046bc     0x12d8 ../../arctic_awesomeness/arch/stm32/f3/src/stm32f3xx_hal_uart.o
                0x00000000080046c0                HAL_UART_MspDeInit
                0x00000000080046c4                HAL_UART_DeInit
                0x00000000080046fc                HAL_UART_Transmit_IT
                0x0000000008004744                HAL_UART_Receive_IT
                0x00000000080047c4                HAL_UART_Transmit_DMA
                0x0000000008004840                HAL_UART_Receive_DMA
                0x00000000080048c4                HAL_UART_DMAPause
                0x0000000008004924                HAL_UART_DMAResume
                0x000000000800498c                HAL_UART_DMAStop
                0x0000000008004a04                HAL_UART_Abort
                0x0000000008004a70                HAL_UART_AbortTransmit
                0x0000000008004aa8                HAL_UART_AbortReceive
                0x0000000008004aec                HAL_UART_TxCpltCallback
                0x0000000008004b1c                HAL_UART_TxHalfCpltCallback
                0x0000000008004b2c                HAL_UART_RxCpltCallback
                0x0000000008004b68                HAL_UART_RxHalfCpltCallback
                0x0000000008004b78                HAL_UART_ErrorCallback
                0x0000000008004bfc                HAL_UART_AbortCpltCallback
                0x0000000008004c00                HAL_UART_Abort_IT
                0x0000000008004d28                HAL_UART_AbortTransmitCpltCallback
                0x0000000008004d2c                HAL_UART_AbortTransmit_IT
                0x0000000008004da8                HAL_UART_AbortReceiveCpltCallback
                0x0000000008004dac                HAL_UART_AbortReceive_IT
                0x0000000008004e40                HAL_MultiProcessor_EnterMuteMode
                0x0000000008004e4c                HAL_HalfDuplex_EnableTransmitter
                0x0000000008004e88                HAL_HalfDuplex_EnableReceiver
                0x0000000008004ec4                HAL_LIN_SendBreak
                0x0000000008004ef8                HAL_UART_GetState
                0x0000000008004f04                HAL_UART_GetError
                0x0000000008004f08                UART_SetConfig
                0x0000000008005178                UART_AdvFeatureConfig
                0x0000000008005228                UART_WaitOnFlagUntilTimeout
                0x0000000008005290                HAL_UART_Transmit
                0x0000000008005348                HAL_UART_Receive
                0x0000000008005430                UART_CheckIdleState
                0x00000000080054a0                HAL_UART_Init
                0x000000000800550c                HAL_HalfDuplex_Init
                0x0000000008005584                HAL_LIN_Init
                0x0000000008005614                HAL_MultiProcessor_Init
                0x00000000080056a4                HAL_MultiProcessor_EnableMuteMode
                0x00000000080056d4                HAL_MultiProcessor_DisableMuteMode
                0x0000000008005704                UART_Transmit_IT
                0x000000000800576c                UART_EndTransmit_IT
                0x0000000008005788                UART_Receive_IT
                0x0000000008005800                HAL_UART_IRQHandler
                0x0000000008005960                UART_Wakeup_AddressConfig
 .text          0x0000000008005994      0x1b0 ../../arctic_awesomeness/arch/stm32/f3/src/stm32f3xx_hal_uart_ex.o
                0x0000000008005994                HAL_RS485Ex_Init
                0x0000000008005a24                HAL_UARTEx_WakeupCallback
                0x0000000008005a28                HAL_UARTEx_StopModeWakeUpSourceConfig
                0x0000000008005aa8                HAL_UARTEx_EnableStopMode
                0x0000000008005adc                HAL_UARTEx_DisableStopMode
                0x0000000008005b10                HAL_MultiProcessorEx_AddressLength_Set
 .text          0x0000000008005b44       0xd0 ../../arctic_awesomeness/arch/stm32/f3/src/CMSIS/system_stm32f3xx.o
                0x0000000008005b44                SystemInit
                0x0000000008005bb4                SystemCoreClockUpdate
 .text          0x0000000008005c14       0x10 user_source/foo.o
                0x0000000008005c14                foo
                0x0000000008005c18                TEST_FOO
 .text          0x0000000008005c24       0x58 user_source/uart.o
                0x0000000008005c24                uart_debug_init
                0x0000000008005c2c                uart_init
                0x0000000008005c34                uart_get_byte_blocking
                0x0000000008005c38                uart_send_byte_blocking
                0x0000000008005c3c                uart_get_data_blocking
                0x0000000008005c5c                uart_send_data_blocking
 .text          0x0000000008005c7c       0x7c user_source/hal_interface/cpu.o
                0x0000000008005c7c                cpu_init
                0x0000000008005ccc                cpu_sw_delay
                0x0000000008005ce4                cpu_sw_delay_us
 .text          0x0000000008005cf8      0x148 user_source/hal_interface/cube_hal_msp.o
                0x0000000008005cf8                HAL_TIM_PWM_MspInit
                0x0000000008005d50                HAL_TIM_Base_MspInit
                0x0000000008005dc4                HAL_UART_MspInit
 .text          0x0000000008005e40      0x190 user_source/hal_interface/newlib_stubs.o
                0x0000000008005e40                _exit
                0x0000000008005e5c                _close
                0x0000000008005e64                _execve
                0x0000000008005e74                _fork
                0x0000000008005e84                _fstat
                0x0000000008005e90                _getpid
                0x0000000008005e94                _isatty
                0x0000000008005eac                _kill
                0x0000000008005ebc                _link
                0x0000000008005ecc                _lseek
                0x0000000008005ed0                _read
                0x0000000008005f04                _stat
                0x0000000008005f10                _times
                0x0000000008005f18                _unlink
                0x0000000008005f28                _wait
                0x0000000008005f38                _write
                0x0000000008005f88                _sbrk
 .text          0x0000000008005fd0      0x23c user_source/hal_interface/pwm_hal.o
                0x0000000008005fd0                init_pwm
                0x0000000008006028                set_pwm
                0x00000000080060e4                adjust
                0x00000000080061cc                motors_control
 .text          0x000000000800620c      0x124 user_source/hal_interface/queue.o
                0x000000000800620c                peek
                0x0000000008006224                isEmpty
                0x0000000008006234                isFull
                0x0000000008006248                size
                0x0000000008006254                insert
                0x0000000008006298                removeData
                0x00000000080062d0                init_queue
                0x000000000800631c                average
 .text          0x0000000008006330      0x464 user_source/hal_interface/sensor_hal.o
                0x0000000008006330                init_echos
                0x00000000080063d0                init_triggers
                0x0000000008006470                init_timers
                0x00000000080064f4                EXTI15_10_IRQHandler
                0x0000000008006500                EXTI9_5_IRQHandler
                0x0000000008006518                sensorsCallbacks
                0x000000000800662c                HAL_GPIO_EXTI_Callback
                0x0000000008006750                trigger_sensor
                0x0000000008006770                init_tresh_dist
 .text          0x0000000008006794       0x74 user_source/hal_interface/uart_hal.o
                0x0000000008006794                uart_hal_init
                0x00000000080067d4                uart_hal_send_byte_blocking
                0x00000000080067ec                uart_hal_get_byte_blocking
 *fill*         0x0000000008006808       0x38 
 .text          0x0000000008006840       0xdc /Users/karlboukhalil/Documents/NYU/Semester 2/Real Time Embedded Systems/sandbox/gcc-arm-none-eabi-5_4-2016q3/bin/../lib/gcc/arm-none-eabi/5.4.1/../../../../arm-none-eabi/lib/armv7e-m/fpu/libc.a(lib_a-strlen.o)
                0x0000000008006840                strlen
 *fill*         0x000000000800691c        0x4 
 .text          0x0000000008006920       0xa0 /Users/karlboukhalil/Documents/NYU/Semester 2/Real Time Embedded Systems/sandbox/gcc-arm-none-eabi-5_4-2016q3/bin/../lib/gcc/arm-none-eabi/5.4.1/../../../../arm-none-eabi/lib/armv7e-m/fpu/libc.a(lib_a-memchr.o)
                0x0000000008006920                memchr
 .text          0x00000000080069c0      0x134 /Users/karlboukhalil/Documents/NYU/Semester 2/Real Time Embedded Systems/sandbox/gcc-arm-none-eabi-5_4-2016q3/bin/../lib/gcc/arm-none-eabi/5.4.1/../../../../arm-none-eabi/lib/armv7e-m/fpu/libc.a(lib_a-memcpy.o)
                0x00000000080069c0                memcpy
 .text          0x0000000008006af4      0x370 /Users/karlboukhalil/Documents/NYU/Semester 2/Real Time Embedded Systems/sandbox/gcc-arm-none-eabi-5_4-2016q3/bin/../lib/gcc/arm-none-eabi/5.4.1/armv7e-m/fpu/libgcc.a(_arm_addsubdf3.o)
                0x0000000008006af4                __aeabi_drsub
                0x0000000008006afc                __subdf3
                0x0000000008006afc                __aeabi_dsub
                0x0000000008006b00                __aeabi_dadd
                0x0000000008006b00                __adddf3
                0x0000000008006d78                __aeabi_ui2d
                0x0000000008006d78                __floatunsidf
                0x0000000008006d98                __floatsidf
                0x0000000008006d98                __aeabi_i2d
                0x0000000008006dbc                __extendsfdf2
                0x0000000008006dbc                __aeabi_f2d
                0x0000000008006df8                __aeabi_ul2d
                0x0000000008006df8                __floatundidf
                0x0000000008006e08                __aeabi_l2d
                0x0000000008006e08                __floatdidf
 .text          0x0000000008006e64      0x424 /Users/karlboukhalil/Documents/NYU/Semester 2/Real Time Embedded Systems/sandbox/gcc-arm-none-eabi-5_4-2016q3/bin/../lib/gcc/arm-none-eabi/5.4.1/armv7e-m/fpu/libgcc.a(_arm_muldivdf3.o)
                0x0000000008006e64                __aeabi_dmul
                0x0000000008006e64                __muldf3
                0x00000000080070b8                __aeabi_ddiv
                0x00000000080070b8                __divdf3
 .text          0x0000000008007288      0x110 /Users/karlboukhalil/Documents/NYU/Semester 2/Real Time Embedded Systems/sandbox/gcc-arm-none-eabi-5_4-2016q3/bin/../lib/gcc/arm-none-eabi/5.4.1/armv7e-m/fpu/libgcc.a(_arm_cmpdf2.o)
                0x0000000008007288                __gtdf2
                0x0000000008007288                __gedf2
                0x0000000008007290                __ltdf2
                0x0000000008007290                __ledf2
                0x0000000008007298                __eqdf2
                0x0000000008007298                __nedf2
                0x0000000008007298                __cmpdf2
                0x0000000008007314                __aeabi_cdrcmple
                0x0000000008007324                __aeabi_cdcmple
                0x0000000008007324                __aeabi_cdcmpeq
                0x0000000008007334                __aeabi_dcmpeq
                0x0000000008007348                __aeabi_dcmplt
                0x000000000800735c                __aeabi_dcmple
                0x0000000008007370                __aeabi_dcmpge
                0x0000000008007384                __aeabi_dcmpgt
 .text          0x0000000008007398       0x2c /Users/karlboukhalil/Documents/NYU/Semester 2/Real Time Embedded Systems/sandbox/gcc-arm-none-eabi-5_4-2016q3/bin/../lib/gcc/arm-none-eabi/5.4.1/armv7e-m/fpu/libgcc.a(_arm_unorddf2.o)
                0x0000000008007398                __aeabi_dcmpun
                0x0000000008007398                __unorddf2
 .text          0x00000000080073c4       0x50 /Users/karlboukhalil/Documents/NYU/Semester 2/Real Time Embedded Systems/sandbox/gcc-arm-none-eabi-5_4-2016q3/bin/../lib/gcc/arm-none-eabi/5.4.1/armv7e-m/fpu/libgcc.a(_arm_fixdfsi.o)
                0x00000000080073c4                __fixdfsi
                0x00000000080073c4                __aeabi_d2iz
 .text          0x0000000008007414       0x30 /Users/karlboukhalil/Documents/NYU/Semester 2/Real Time Embedded Systems/sandbox/gcc-arm-none-eabi-5_4-2016q3/bin/../lib/gcc/arm-none-eabi/5.4.1/armv7e-m/fpu/libgcc.a(_aeabi_uldivmod.o)
                0x0000000008007414                __aeabi_uldivmod
 .text          0x0000000008007444      0x2e4 /Users/karlboukhalil/Documents/NYU/Semester 2/Real Time Embedded Systems/sandbox/gcc-arm-none-eabi-5_4-2016q3/bin/../lib/gcc/arm-none-eabi/5.4.1/armv7e-m/fpu/libgcc.a(_udivmoddi4.o)
                0x0000000008007444                __udivmoddi4
 .text          0x0000000008007728        0x4 /Users/karlboukhalil/Documents/NYU/Semester 2/Real Time Embedded Systems/sandbox/gcc-arm-none-eabi-5_4-2016q3/bin/../lib/gcc/arm-none-eabi/5.4.1/armv7e-m/fpu/libgcc.a(_dvmd_tls.o)
                0x0000000008007728                __aeabi_ldiv0
                0x0000000008007728                __aeabi_idiv0
 *(.text*)
 .text.__libc_init_array
                0x000000000800772c       0x50 /Users/karlboukhalil/Documents/NYU/Semester 2/Real Time Embedded Systems/sandbox/gcc-arm-none-eabi-5_4-2016q3/bin/../lib/gcc/arm-none-eabi/5.4.1/../../../../arm-none-eabi/lib/armv7e-m/fpu/libc.a(lib_a-init.o)
                0x000000000800772c                __libc_init_array
 .text.memset   0x000000000800777c       0x9c /Users/karlboukhalil/Documents/NYU/Semester 2/Real Time Embedded Systems/sandbox/gcc-arm-none-eabi-5_4-2016q3/bin/../lib/gcc/arm-none-eabi/5.4.1/../../../../arm-none-eabi/lib/armv7e-m/fpu/libc.a(lib_a-memset.o)
                0x000000000800777c                memset
 .text.startup.register_fini
                0x0000000008007818       0x14 /Users/karlboukhalil/Documents/NYU/Semester 2/Real Time Embedded Systems/sandbox/gcc-arm-none-eabi-5_4-2016q3/bin/../lib/gcc/arm-none-eabi/5.4.1/../../../../arm-none-eabi/lib/armv7e-m/fpu/libc.a(lib_a-__call_atexit.o)
 .text.atexit   0x000000000800782c        0xc /Users/karlboukhalil/Documents/NYU/Semester 2/Real Time Embedded Systems/sandbox/gcc-arm-none-eabi-5_4-2016q3/bin/../lib/gcc/arm-none-eabi/5.4.1/../../../../arm-none-eabi/lib/armv7e-m/fpu/libc.a(lib_a-atexit.o)
                0x000000000800782c                atexit
 .text.__libc_fini_array
                0x0000000008007838       0x28 /Users/karlboukhalil/Documents/NYU/Semester 2/Real Time Embedded Systems/sandbox/gcc-arm-none-eabi-5_4-2016q3/bin/../lib/gcc/arm-none-eabi/5.4.1/../../../../arm-none-eabi/lib/armv7e-m/fpu/libc.a(lib_a-fini.o)
                0x0000000008007838                __libc_fini_array
 .text.__register_exitproc
                0x0000000008007860       0xa4 /Users/karlboukhalil/Documents/NYU/Semester 2/Real Time Embedded Systems/sandbox/gcc-arm-none-eabi-5_4-2016q3/bin/../lib/gcc/arm-none-eabi/5.4.1/../../../../arm-none-eabi/lib/armv7e-m/fpu/libc.a(lib_a-__atexit.o)
                0x0000000008007860                __register_exitproc
 .text.Reset_Handler
                0x0000000008007904       0x50 ../../arctic_awesomeness/arch/stm32/f3/src/CMSIS/startup_stm32f303xc.o
                0x0000000008007904                Reset_Handler
 .text.Default_Handler
                0x0000000008007954        0x2 ../../arctic_awesomeness/arch/stm32/f3/src/CMSIS/startup_stm32f303xc.o
                0x0000000008007954                TIM1_BRK_TIM15_IRQHandler
                0x0000000008007954                TIM8_TRG_COM_IRQHandler
                0x0000000008007954                TIM8_CC_IRQHandler
                0x0000000008007954                DebugMon_Handler
                0x0000000008007954                TIM1_CC_IRQHandler
                0x0000000008007954                HardFault_Handler
                0x0000000008007954                USB_HP_IRQHandler
                0x0000000008007954                SysTick_Handler
                0x0000000008007954                PVD_IRQHandler
                0x0000000008007954                TAMP_STAMP_IRQHandler
                0x0000000008007954                PendSV_Handler
                0x0000000008007954                NMI_Handler
                0x0000000008007954                EXTI3_IRQHandler
                0x0000000008007954                USB_HP_CAN_TX_IRQHandler
                0x0000000008007954                EXTI0_IRQHandler
                0x0000000008007954                I2C2_EV_IRQHandler
                0x0000000008007954                FPU_IRQHandler
                0x0000000008007954                TIM1_UP_TIM16_IRQHandler
                0x0000000008007954                UsageFault_Handler
                0x0000000008007954                ADC1_2_IRQHandler
                0x0000000008007954                SPI1_IRQHandler
                0x0000000008007954                CAN_SCE_IRQHandler
                0x0000000008007954                TIM8_UP_IRQHandler
                0x0000000008007954                DMA2_Channel2_IRQHandler
                0x0000000008007954                DMA1_Channel4_IRQHandler
                0x0000000008007954                USART3_IRQHandler
                0x0000000008007954                DMA1_Channel7_IRQHandler
                0x0000000008007954                UART5_IRQHandler
                0x0000000008007954                ADC3_IRQHandler
                0x0000000008007954                TIM4_IRQHandler
                0x0000000008007954                CAN_RX1_IRQHandler
                0x0000000008007954                DMA2_Channel1_IRQHandler
                0x0000000008007954                I2C1_EV_IRQHandler
                0x0000000008007954                DMA1_Channel6_IRQHandler
                0x0000000008007954                UART4_IRQHandler
                0x0000000008007954                DMA2_Channel4_IRQHandler
                0x0000000008007954                TIM3_IRQHandler
                0x0000000008007954                RCC_IRQHandler
                0x0000000008007954                DMA1_Channel1_IRQHandler
                0x0000000008007954                Default_Handler
                0x0000000008007954                USBWakeUp_RMP_IRQHandler
                0x0000000008007954                TIM7_IRQHandler
                0x0000000008007954                RTC_WKUP_IRQHandler
                0x0000000008007954                SPI2_IRQHandler
                0x0000000008007954                USB_LP_CAN_RX0_IRQHandler
                0x0000000008007954                MemManage_Handler
                0x0000000008007954                SVC_Handler
                0x0000000008007954                DMA2_Channel5_IRQHandler
                0x0000000008007954                DMA1_Channel5_IRQHandler
                0x0000000008007954                USB_LP_IRQHandler
                0x0000000008007954                EXTI4_IRQHandler
                0x0000000008007954                TIM1_TRG_COM_TIM17_IRQHandler
                0x0000000008007954                DMA1_Channel3_IRQHandler
                0x0000000008007954                ADC4_IRQHandler
                0x0000000008007954                WWDG_IRQHandler
                0x0000000008007954                TIM2_IRQHandler
                0x0000000008007954                COMP7_IRQHandler
                0x0000000008007954                COMP1_2_3_IRQHandler
                0x0000000008007954                EXTI1_IRQHandler
                0x0000000008007954                USART2_IRQHandler
                0x0000000008007954                COMP4_5_6_IRQHandler
                0x0000000008007954                I2C2_ER_IRQHandler
                0x0000000008007954                DMA1_Channel2_IRQHandler
                0x0000000008007954                TIM8_BRK_IRQHandler
                0x0000000008007954                FLASH_IRQHandler
                0x0000000008007954                BusFault_Handler
                0x0000000008007954                USART1_IRQHandler
                0x0000000008007954                SPI3_IRQHandler
                0x0000000008007954                I2C1_ER_IRQHandler
                0x0000000008007954                USBWakeUp_IRQHandler
                0x0000000008007954                DMA2_Channel3_IRQHandler
                0x0000000008007954                EXTI2_TSC_IRQHandler
                0x0000000008007954                RTC_Alarm_IRQHandler
 *fill*         0x0000000008007956        0x2 
 .text.startup  0x0000000008007958      0x208 demo6.o
                0x0000000008007958                main
 .text.printf   0x0000000008007b60       0x28 /Users/karlboukhalil/Documents/NYU/Semester 2/Real Time Embedded Systems/sandbox/gcc-arm-none-eabi-5_4-2016q3/bin/../lib/gcc/arm-none-eabi/5.4.1/../../../../arm-none-eabi/lib/armv7e-m/fpu/libc.a(lib_a-printf.o)
                0x0000000008007b60                printf
 .text._puts_r  0x0000000008007b88       0x68 /Users/karlboukhalil/Documents/NYU/Semester 2/Real Time Embedded Systems/sandbox/gcc-arm-none-eabi-5_4-2016q3/bin/../lib/gcc/arm-none-eabi/5.4.1/../../../../arm-none-eabi/lib/armv7e-m/fpu/libc.a(lib_a-puts.o)
                0x0000000008007b88                _puts_r
 .text.puts     0x0000000008007bf0       0x10 /Users/karlboukhalil/Documents/NYU/Semester 2/Real Time Embedded Systems/sandbox/gcc-arm-none-eabi-5_4-2016q3/bin/../lib/gcc/arm-none-eabi/5.4.1/../../../../arm-none-eabi/lib/armv7e-m/fpu/libc.a(lib_a-puts.o)
                0x0000000008007bf0                puts
 .text.setvbuf  0x0000000008007c00      0x150 /Users/karlboukhalil/Documents/NYU/Semester 2/Real Time Embedded Systems/sandbox/gcc-arm-none-eabi-5_4-2016q3/bin/../lib/gcc/arm-none-eabi/5.4.1/../../../../arm-none-eabi/lib/armv7e-m/fpu/libc.a(lib_a-setvbuf.o)
                0x0000000008007c00                setvbuf
 .text._vfprintf_r
                0x0000000008007d50     0x1728 /Users/karlboukhalil/Documents/NYU/Semester 2/Real Time Embedded Systems/sandbox/gcc-arm-none-eabi-5_4-2016q3/bin/../lib/gcc/arm-none-eabi/5.4.1/../../../../arm-none-eabi/lib/armv7e-m/fpu/libc.a(lib_a-vfprintf.o)
                0x0000000008007d50                _vfprintf_r
 .text.__sbprintf
                0x0000000008009478       0x6c /Users/karlboukhalil/Documents/NYU/Semester 2/Real Time Embedded Systems/sandbox/gcc-arm-none-eabi-5_4-2016q3/bin/../lib/gcc/arm-none-eabi/5.4.1/../../../../arm-none-eabi/lib/armv7e-m/fpu/libc.a(lib_a-vfprintf.o)
 .text.__swsetup_r
                0x00000000080094e4       0xc8 /Users/karlboukhalil/Documents/NYU/Semester 2/Real Time Embedded Systems/sandbox/gcc-arm-none-eabi-5_4-2016q3/bin/../lib/gcc/arm-none-eabi/5.4.1/../../../../arm-none-eabi/lib/armv7e-m/fpu/libc.a(lib_a-wsetup.o)
                0x00000000080094e4                __swsetup_r
 .text.quorem   0x00000000080095ac      0x128 /Users/karlboukhalil/Documents/NYU/Semester 2/Real Time Embedded Systems/sandbox/gcc-arm-none-eabi-5_4-2016q3/bin/../lib/gcc/arm-none-eabi/5.4.1/../../../../arm-none-eabi/lib/armv7e-m/fpu/libc.a(lib_a-dtoa.o)
 *fill*         0x00000000080096d4        0x4 
 .text._dtoa_r  0x00000000080096d8      0xe34 /Users/karlboukhalil/Documents/NYU/Semester 2/Real Time Embedded Systems/sandbox/gcc-arm-none-eabi-5_4-2016q3/bin/../lib/gcc/arm-none-eabi/5.4.1/../../../../arm-none-eabi/lib/armv7e-m/fpu/libc.a(lib_a-dtoa.o)
                0x00000000080096d8                _dtoa_r
 .text.__sflush_r
                0x000000000800a50c      0x148 /Users/karlboukhalil/Documents/NYU/Semester 2/Real Time Embedded Systems/sandbox/gcc-arm-none-eabi-5_4-2016q3/bin/../lib/gcc/arm-none-eabi/5.4.1/../../../../arm-none-eabi/lib/armv7e-m/fpu/libc.a(lib_a-fflush.o)
                0x000000000800a50c                __sflush_r
 .text._fflush_r
                0x000000000800a654       0x2c /Users/karlboukhalil/Documents/NYU/Semester 2/Real Time Embedded Systems/sandbox/gcc-arm-none-eabi-5_4-2016q3/bin/../lib/gcc/arm-none-eabi/5.4.1/../../../../arm-none-eabi/lib/armv7e-m/fpu/libc.a(lib_a-fflush.o)
                0x000000000800a654                _fflush_r
 .text._cleanup_r
                0x000000000800a680        0xc /Users/karlboukhalil/Documents/NYU/Semester 2/Real Time Embedded Systems/sandbox/gcc-arm-none-eabi-5_4-2016q3/bin/../lib/gcc/arm-none-eabi/5.4.1/../../../../arm-none-eabi/lib/armv7e-m/fpu/libc.a(lib_a-findfp.o)
                0x000000000800a680                _cleanup_r
 .text.__sinit.part.1
                0x000000000800a68c       0xf0 /Users/karlboukhalil/Documents/NYU/Semester 2/Real Time Embedded Systems/sandbox/gcc-arm-none-eabi-5_4-2016q3/bin/../lib/gcc/arm-none-eabi/5.4.1/../../../../arm-none-eabi/lib/armv7e-m/fpu/libc.a(lib_a-findfp.o)
 .text.__sinit  0x000000000800a77c        0xc /Users/karlboukhalil/Documents/NYU/Semester 2/Real Time Embedded Systems/sandbox/gcc-arm-none-eabi-5_4-2016q3/bin/../lib/gcc/arm-none-eabi/5.4.1/../../../../arm-none-eabi/lib/armv7e-m/fpu/libc.a(lib_a-findfp.o)
                0x000000000800a77c                __sinit
 .text.__sfp_lock_acquire
                0x000000000800a788        0x4 /Users/karlboukhalil/Documents/NYU/Semester 2/Real Time Embedded Systems/sandbox/gcc-arm-none-eabi-5_4-2016q3/bin/../lib/gcc/arm-none-eabi/5.4.1/../../../../arm-none-eabi/lib/armv7e-m/fpu/libc.a(lib_a-findfp.o)
                0x000000000800a788                __sfp_lock_acquire
 .text.__sfp_lock_release
                0x000000000800a78c        0x4 /Users/karlboukhalil/Documents/NYU/Semester 2/Real Time Embedded Systems/sandbox/gcc-arm-none-eabi-5_4-2016q3/bin/../lib/gcc/arm-none-eabi/5.4.1/../../../../arm-none-eabi/lib/armv7e-m/fpu/libc.a(lib_a-findfp.o)
                0x000000000800a78c                __sfp_lock_release
 .text._malloc_trim_r
                0x000000000800a790       0x9c /Users/karlboukhalil/Documents/NYU/Semester 2/Real Time Embedded Systems/sandbox/gcc-arm-none-eabi-5_4-2016q3/bin/../lib/gcc/arm-none-eabi/5.4.1/../../../../arm-none-eabi/lib/armv7e-m/fpu/libc.a(lib_a-freer.o)
                0x000000000800a790                _malloc_trim_r
 .text._free_r  0x000000000800a82c      0x1d0 /Users/karlboukhalil/Documents/NYU/Semester 2/Real Time Embedded Systems/sandbox/gcc-arm-none-eabi-5_4-2016q3/bin/../lib/gcc/arm-none-eabi/5.4.1/../../../../arm-none-eabi/lib/armv7e-m/fpu/libc.a(lib_a-freer.o)
                0x000000000800a82c                _free_r
 .text.__sfvwrite_r
                0x000000000800a9fc      0x304 /Users/karlboukhalil/Documents/NYU/Semester 2/Real Time Embedded Systems/sandbox/gcc-arm-none-eabi-5_4-2016q3/bin/../lib/gcc/arm-none-eabi/5.4.1/../../../../arm-none-eabi/lib/armv7e-m/fpu/libc.a(lib_a-fvwrite.o)
                0x000000000800a9fc                __sfvwrite_r
 .text._fwalk_reent
                0x000000000800ad00       0x54 /Users/karlboukhalil/Documents/NYU/Semester 2/Real Time Embedded Systems/sandbox/gcc-arm-none-eabi-5_4-2016q3/bin/../lib/gcc/arm-none-eabi/5.4.1/../../../../arm-none-eabi/lib/armv7e-m/fpu/libc.a(lib_a-fwalk.o)
                0x000000000800ad00                _fwalk_reent
 .text._localeconv_r
                0x000000000800ad54       0x1c /Users/karlboukhalil/Documents/NYU/Semester 2/Real Time Embedded Systems/sandbox/gcc-arm-none-eabi-5_4-2016q3/bin/../lib/gcc/arm-none-eabi/5.4.1/../../../../arm-none-eabi/lib/armv7e-m/fpu/libc.a(lib_a-localeconv.o)
                0x000000000800ad54                _localeconv_r
 .text.__swhatbuf_r
                0x000000000800ad70       0x60 /Users/karlboukhalil/Documents/NYU/Semester 2/Real Time Embedded Systems/sandbox/gcc-arm-none-eabi-5_4-2016q3/bin/../lib/gcc/arm-none-eabi/5.4.1/../../../../arm-none-eabi/lib/armv7e-m/fpu/libc.a(lib_a-makebuf.o)
                0x000000000800ad70                __swhatbuf_r
 .text.__smakebuf_r
                0x000000000800add0       0x88 /Users/karlboukhalil/Documents/NYU/Semester 2/Real Time Embedded Systems/sandbox/gcc-arm-none-eabi-5_4-2016q3/bin/../lib/gcc/arm-none-eabi/5.4.1/../../../../arm-none-eabi/lib/armv7e-m/fpu/libc.a(lib_a-makebuf.o)
                0x000000000800add0                __smakebuf_r
 .text.malloc   0x000000000800ae58       0x10 /Users/karlboukhalil/Documents/NYU/Semester 2/Real Time Embedded Systems/sandbox/gcc-arm-none-eabi-5_4-2016q3/bin/../lib/gcc/arm-none-eabi/5.4.1/../../../../arm-none-eabi/lib/armv7e-m/fpu/libc.a(lib_a-malloc.o)
                0x000000000800ae58                malloc
 .text._malloc_r
                0x000000000800ae68      0x570 /Users/karlboukhalil/Documents/NYU/Semester 2/Real Time Embedded Systems/sandbox/gcc-arm-none-eabi-5_4-2016q3/bin/../lib/gcc/arm-none-eabi/5.4.1/../../../../arm-none-eabi/lib/armv7e-m/fpu/libc.a(lib_a-mallocr.o)
                0x000000000800ae68                _malloc_r
 .text.memmove  0x000000000800b3d8       0xc8 /Users/karlboukhalil/Documents/NYU/Semester 2/Real Time Embedded Systems/sandbox/gcc-arm-none-eabi-5_4-2016q3/bin/../lib/gcc/arm-none-eabi/5.4.1/../../../../arm-none-eabi/lib/armv7e-m/fpu/libc.a(lib_a-memmove.o)
                0x000000000800b3d8                memmove
 .text.__malloc_lock
                0x000000000800b4a0        0x4 /Users/karlboukhalil/Documents/NYU/Semester 2/Real Time Embedded Systems/sandbox/gcc-arm-none-eabi-5_4-2016q3/bin/../lib/gcc/arm-none-eabi/5.4.1/../../../../arm-none-eabi/lib/armv7e-m/fpu/libc.a(lib_a-mlock.o)
                0x000000000800b4a0                __malloc_lock
 .text.__malloc_unlock
                0x000000000800b4a4        0x4 /Users/karlboukhalil/Documents/NYU/Semester 2/Real Time Embedded Systems/sandbox/gcc-arm-none-eabi-5_4-2016q3/bin/../lib/gcc/arm-none-eabi/5.4.1/../../../../arm-none-eabi/lib/armv7e-m/fpu/libc.a(lib_a-mlock.o)
                0x000000000800b4a4                __malloc_unlock
 .text._Balloc  0x000000000800b4a8       0x4c /Users/karlboukhalil/Documents/NYU/Semester 2/Real Time Embedded Systems/sandbox/gcc-arm-none-eabi-5_4-2016q3/bin/../lib/gcc/arm-none-eabi/5.4.1/../../../../arm-none-eabi/lib/armv7e-m/fpu/libc.a(lib_a-mprec.o)
                0x000000000800b4a8                _Balloc
 .text._Bfree   0x000000000800b4f4       0x14 /Users/karlboukhalil/Documents/NYU/Semester 2/Real Time Embedded Systems/sandbox/gcc-arm-none-eabi-5_4-2016q3/bin/../lib/gcc/arm-none-eabi/5.4.1/../../../../arm-none-eabi/lib/armv7e-m/fpu/libc.a(lib_a-mprec.o)
                0x000000000800b4f4                _Bfree
 .text.__multadd
                0x000000000800b508       0x80 /Users/karlboukhalil/Documents/NYU/Semester 2/Real Time Embedded Systems/sandbox/gcc-arm-none-eabi-5_4-2016q3/bin/../lib/gcc/arm-none-eabi/5.4.1/../../../../arm-none-eabi/lib/armv7e-m/fpu/libc.a(lib_a-mprec.o)
                0x000000000800b508                __multadd
 .text.__hi0bits
                0x000000000800b588       0x40 /Users/karlboukhalil/Documents/NYU/Semester 2/Real Time Embedded Systems/sandbox/gcc-arm-none-eabi-5_4-2016q3/bin/../lib/gcc/arm-none-eabi/5.4.1/../../../../arm-none-eabi/lib/armv7e-m/fpu/libc.a(lib_a-mprec.o)
                0x000000000800b588                __hi0bits
 .text.__lo0bits
                0x000000000800b5c8       0x5c /Users/karlboukhalil/Documents/NYU/Semester 2/Real Time Embedded Systems/sandbox/gcc-arm-none-eabi-5_4-2016q3/bin/../lib/gcc/arm-none-eabi/5.4.1/../../../../arm-none-eabi/lib/armv7e-m/fpu/libc.a(lib_a-mprec.o)
                0x000000000800b5c8                __lo0bits
 .text.__i2b    0x000000000800b624       0x14 /Users/karlboukhalil/Documents/NYU/Semester 2/Real Time Embedded Systems/sandbox/gcc-arm-none-eabi-5_4-2016q3/bin/../lib/gcc/arm-none-eabi/5.4.1/../../../../arm-none-eabi/lib/armv7e-m/fpu/libc.a(lib_a-mprec.o)
                0x000000000800b624                __i2b
 .text.__multiply
                0x000000000800b638      0x130 /Users/karlboukhalil/Documents/NYU/Semester 2/Real Time Embedded Systems/sandbox/gcc-arm-none-eabi-5_4-2016q3/bin/../lib/gcc/arm-none-eabi/5.4.1/../../../../arm-none-eabi/lib/armv7e-m/fpu/libc.a(lib_a-mprec.o)
                0x000000000800b638                __multiply
 .text.__pow5mult
                0x000000000800b768       0xa0 /Users/karlboukhalil/Documents/NYU/Semester 2/Real Time Embedded Systems/sandbox/gcc-arm-none-eabi-5_4-2016q3/bin/../lib/gcc/arm-none-eabi/5.4.1/../../../../arm-none-eabi/lib/armv7e-m/fpu/libc.a(lib_a-mprec.o)
                0x000000000800b768                __pow5mult
 .text.__lshift
                0x000000000800b808       0xb0 /Users/karlboukhalil/Documents/NYU/Semester 2/Real Time Embedded Systems/sandbox/gcc-arm-none-eabi-5_4-2016q3/bin/../lib/gcc/arm-none-eabi/5.4.1/../../../../arm-none-eabi/lib/armv7e-m/fpu/libc.a(lib_a-mprec.o)
                0x000000000800b808                __lshift
 .text.__mcmp   0x000000000800b8b8       0x44 /Users/karlboukhalil/Documents/NYU/Semester 2/Real Time Embedded Systems/sandbox/gcc-arm-none-eabi-5_4-2016q3/bin/../lib/gcc/arm-none-eabi/5.4.1/../../../../arm-none-eabi/lib/armv7e-m/fpu/libc.a(lib_a-mprec.o)
                0x000000000800b8b8                __mcmp
 .text.__mdiff  0x000000000800b8fc      0x114 /Users/karlboukhalil/Documents/NYU/Semester 2/Real Time Embedded Systems/sandbox/gcc-arm-none-eabi-5_4-2016q3/bin/../lib/gcc/arm-none-eabi/5.4.1/../../../../arm-none-eabi/lib/armv7e-m/fpu/libc.a(lib_a-mprec.o)
                0x000000000800b8fc                __mdiff
 .text.__d2b    0x000000000800ba10       0xbc /Users/karlboukhalil/Documents/NYU/Semester 2/Real Time Embedded Systems/sandbox/gcc-arm-none-eabi-5_4-2016q3/bin/../lib/gcc/arm-none-eabi/5.4.1/../../../../arm-none-eabi/lib/armv7e-m/fpu/libc.a(lib_a-mprec.o)
                0x000000000800ba10                __d2b
 .text._realloc_r
                0x000000000800bacc      0x3e0 /Users/karlboukhalil/Documents/NYU/Semester 2/Real Time Embedded Systems/sandbox/gcc-arm-none-eabi-5_4-2016q3/bin/../lib/gcc/arm-none-eabi/5.4.1/../../../../arm-none-eabi/lib/armv7e-m/fpu/libc.a(lib_a-reallocr.o)
                0x000000000800bacc                _realloc_r
 .text._sbrk_r  0x000000000800beac       0x24 /Users/karlboukhalil/Documents/NYU/Semester 2/Real Time Embedded Systems/sandbox/gcc-arm-none-eabi-5_4-2016q3/bin/../lib/gcc/arm-none-eabi/5.4.1/../../../../arm-none-eabi/lib/armv7e-m/fpu/libc.a(lib_a-sbrkr.o)
                0x000000000800beac                _sbrk_r
 .text.__sread  0x000000000800bed0       0x24 /Users/karlboukhalil/Documents/NYU/Semester 2/Real Time Embedded Systems/sandbox/gcc-arm-none-eabi-5_4-2016q3/bin/../lib/gcc/arm-none-eabi/5.4.1/../../../../arm-none-eabi/lib/armv7e-m/fpu/libc.a(lib_a-stdio.o)
                0x000000000800bed0                __sread
 .text.__swrite
                0x000000000800bef4       0x3c /Users/karlboukhalil/Documents/NYU/Semester 2/Real Time Embedded Systems/sandbox/gcc-arm-none-eabi-5_4-2016q3/bin/../lib/gcc/arm-none-eabi/5.4.1/../../../../arm-none-eabi/lib/armv7e-m/fpu/libc.a(lib_a-stdio.o)
                0x000000000800bef4                __swrite
 .text.__sseek  0x000000000800bf30       0x20 /Users/karlboukhalil/Documents/NYU/Semester 2/Real Time Embedded Systems/sandbox/gcc-arm-none-eabi-5_4-2016q3/bin/../lib/gcc/arm-none-eabi/5.4.1/../../../../arm-none-eabi/lib/armv7e-m/fpu/libc.a(lib_a-stdio.o)
                0x000000000800bf30                __sseek
 .text.__sclose
                0x000000000800bf50        0x8 /Users/karlboukhalil/Documents/NYU/Semester 2/Real Time Embedded Systems/sandbox/gcc-arm-none-eabi-5_4-2016q3/bin/../lib/gcc/arm-none-eabi/5.4.1/../../../../arm-none-eabi/lib/armv7e-m/fpu/libc.a(lib_a-stdio.o)
                0x000000000800bf50                __sclose
 .text.__sprint_r.part.0
                0x000000000800bf58       0x78 /Users/karlboukhalil/Documents/NYU/Semester 2/Real Time Embedded Systems/sandbox/gcc-arm-none-eabi-5_4-2016q3/bin/../lib/gcc/arm-none-eabi/5.4.1/../../../../arm-none-eabi/lib/armv7e-m/fpu/libc.a(lib_a-vfiprintf.o)
 .text.__sprint_r
                0x000000000800bfd0       0x14 /Users/karlboukhalil/Documents/NYU/Semester 2/Real Time Embedded Systems/sandbox/gcc-arm-none-eabi-5_4-2016q3/bin/../lib/gcc/arm-none-eabi/5.4.1/../../../../arm-none-eabi/lib/armv7e-m/fpu/libc.a(lib_a-vfiprintf.o)
                0x000000000800bfd0                __sprint_r
 .text._write_r
                0x000000000800bfe4       0x2c /Users/karlboukhalil/Documents/NYU/Semester 2/Real Time Embedded Systems/sandbox/gcc-arm-none-eabi-5_4-2016q3/bin/../lib/gcc/arm-none-eabi/5.4.1/../../../../arm-none-eabi/lib/armv7e-m/fpu/libc.a(lib_a-writer.o)
                0x000000000800bfe4                _write_r
 .text._calloc_r
                0x000000000800c010       0x60 /Users/karlboukhalil/Documents/NYU/Semester 2/Real Time Embedded Systems/sandbox/gcc-arm-none-eabi-5_4-2016q3/bin/../lib/gcc/arm-none-eabi/5.4.1/../../../../arm-none-eabi/lib/armv7e-m/fpu/libc.a(lib_a-callocr.o)
                0x000000000800c010                _calloc_r
 .text._close_r
                0x000000000800c070       0x24 /Users/karlboukhalil/Documents/NYU/Semester 2/Real Time Embedded Systems/sandbox/gcc-arm-none-eabi-5_4-2016q3/bin/../lib/gcc/arm-none-eabi/5.4.1/../../../../arm-none-eabi/lib/armv7e-m/fpu/libc.a(lib_a-closer.o)
                0x000000000800c070                _close_r
 .text._fclose_r
                0x000000000800c094       0x84 /Users/karlboukhalil/Documents/NYU/Semester 2/Real Time Embedded Systems/sandbox/gcc-arm-none-eabi-5_4-2016q3/bin/../lib/gcc/arm-none-eabi/5.4.1/../../../../arm-none-eabi/lib/armv7e-m/fpu/libc.a(lib_a-fclose.o)
                0x000000000800c094                _fclose_r
 .text.__fputwc
                0x000000000800c118       0x98 /Users/karlboukhalil/Documents/NYU/Semester 2/Real Time Embedded Systems/sandbox/gcc-arm-none-eabi-5_4-2016q3/bin/../lib/gcc/arm-none-eabi/5.4.1/../../../../arm-none-eabi/lib/armv7e-m/fpu/libc.a(lib_a-fputwc.o)
                0x000000000800c118                __fputwc
 .text._fputwc_r
                0x000000000800c1b0       0x28 /Users/karlboukhalil/Documents/NYU/Semester 2/Real Time Embedded Systems/sandbox/gcc-arm-none-eabi-5_4-2016q3/bin/../lib/gcc/arm-none-eabi/5.4.1/../../../../arm-none-eabi/lib/armv7e-m/fpu/libc.a(lib_a-fputwc.o)
                0x000000000800c1b0                _fputwc_r
 .text._fstat_r
                0x000000000800c1d8       0x28 /Users/karlboukhalil/Documents/NYU/Semester 2/Real Time Embedded Systems/sandbox/gcc-arm-none-eabi-5_4-2016q3/bin/../lib/gcc/arm-none-eabi/5.4.1/../../../../arm-none-eabi/lib/armv7e-m/fpu/libc.a(lib_a-fstatr.o)
                0x000000000800c1d8                _fstat_r
 .text._isatty_r
                0x000000000800c200       0x24 /Users/karlboukhalil/Documents/NYU/Semester 2/Real Time Embedded Systems/sandbox/gcc-arm-none-eabi-5_4-2016q3/bin/../lib/gcc/arm-none-eabi/5.4.1/../../../../arm-none-eabi/lib/armv7e-m/fpu/libc.a(lib_a-isattyr.o)
                0x000000000800c200                _isatty_r
 .text.__locale_mb_cur_max
                0x000000000800c224       0x1c /Users/karlboukhalil/Documents/NYU/Semester 2/Real Time Embedded Systems/sandbox/gcc-arm-none-eabi-5_4-2016q3/bin/../lib/gcc/arm-none-eabi/5.4.1/../../../../arm-none-eabi/lib/armv7e-m/fpu/libc.a(lib_a-locale.o)
                0x000000000800c224                __locale_mb_cur_max
 .text._lseek_r
                0x000000000800c240       0x2c /Users/karlboukhalil/Documents/NYU/Semester 2/Real Time Embedded Systems/sandbox/gcc-arm-none-eabi-5_4-2016q3/bin/../lib/gcc/arm-none-eabi/5.4.1/../../../../arm-none-eabi/lib/armv7e-m/fpu/libc.a(lib_a-lseekr.o)
                0x000000000800c240                _lseek_r
 .text.__ascii_mbtowc
                0x000000000800c26c       0x2c /Users/karlboukhalil/Documents/NYU/Semester 2/Real Time Embedded Systems/sandbox/gcc-arm-none-eabi-5_4-2016q3/bin/../lib/gcc/arm-none-eabi/5.4.1/../../../../arm-none-eabi/lib/armv7e-m/fpu/libc.a(lib_a-mbtowc_r.o)
                0x000000000800c26c                __ascii_mbtowc
 .text._read_r  0x000000000800c298       0x2c /Users/karlboukhalil/Documents/NYU/Semester 2/Real Time Embedded Systems/sandbox/gcc-arm-none-eabi-5_4-2016q3/bin/../lib/gcc/arm-none-eabi/5.4.1/../../../../arm-none-eabi/lib/armv7e-m/fpu/libc.a(lib_a-readr.o)
                0x000000000800c298                _read_r
 .text.__swbuf_r
                0x000000000800c2c4       0xac /Users/karlboukhalil/Documents/NYU/Semester 2/Real Time Embedded Systems/sandbox/gcc-arm-none-eabi-5_4-2016q3/bin/../lib/gcc/arm-none-eabi/5.4.1/../../../../arm-none-eabi/lib/armv7e-m/fpu/libc.a(lib_a-wbuf.o)
                0x000000000800c2c4                __swbuf_r
 .text._wcrtomb_r
                0x000000000800c370       0x54 /Users/karlboukhalil/Documents/NYU/Semester 2/Real Time Embedded Systems/sandbox/gcc-arm-none-eabi-5_4-2016q3/bin/../lib/gcc/arm-none-eabi/5.4.1/../../../../arm-none-eabi/lib/armv7e-m/fpu/libc.a(lib_a-wcrtomb.o)
                0x000000000800c370                _wcrtomb_r
 .text.__ascii_wctomb
                0x000000000800c3c4       0x1c /Users/karlboukhalil/Documents/NYU/Semester 2/Real Time Embedded Systems/sandbox/gcc-arm-none-eabi-5_4-2016q3/bin/../lib/gcc/arm-none-eabi/5.4.1/../../../../arm-none-eabi/lib/armv7e-m/fpu/libc.a(lib_a-wctomb_r.o)
                0x000000000800c3c4                __ascii_wctomb
 *(.glue_7)
 .glue_7        0x000000000800c3e0        0x0 linker stubs
 *(.glue_7t)
 .glue_7t       0x000000000800c3e0        0x0 linker stubs
 *(.eh_frame)
 .eh_frame      0x000000000800c3e0        0x0 /Users/karlboukhalil/Documents/NYU/Semester 2/Real Time Embedded Systems/sandbox/gcc-arm-none-eabi-5_4-2016q3/bin/../lib/gcc/arm-none-eabi/5.4.1/armv7e-m/fpu/crtbegin.o
 *(.init)
 .init          0x000000000800c3e0        0x4 /Users/karlboukhalil/Documents/NYU/Semester 2/Real Time Embedded Systems/sandbox/gcc-arm-none-eabi-5_4-2016q3/bin/../lib/gcc/arm-none-eabi/5.4.1/armv7e-m/fpu/crti.o
                0x000000000800c3e0                _init
 .init          0x000000000800c3e4        0x8 /Users/karlboukhalil/Documents/NYU/Semester 2/Real Time Embedded Systems/sandbox/gcc-arm-none-eabi-5_4-2016q3/bin/../lib/gcc/arm-none-eabi/5.4.1/armv7e-m/fpu/crtn.o
 *(.fini)
 .fini          0x000000000800c3ec        0x4 /Users/karlboukhalil/Documents/NYU/Semester 2/Real Time Embedded Systems/sandbox/gcc-arm-none-eabi-5_4-2016q3/bin/../lib/gcc/arm-none-eabi/5.4.1/armv7e-m/fpu/crti.o
                0x000000000800c3ec                _fini
 .fini          0x000000000800c3f0        0x8 /Users/karlboukhalil/Documents/NYU/Semester 2/Real Time Embedded Systems/sandbox/gcc-arm-none-eabi-5_4-2016q3/bin/../lib/gcc/arm-none-eabi/5.4.1/armv7e-m/fpu/crtn.o
                0x000000000800c3f8                . = ALIGN (0x4)
                0x000000000800c3f8                _etext = .

.vfp11_veneer   0x000000000800c3f8        0x0
 .vfp11_veneer  0x000000000800c3f8        0x0 linker stubs

.v4_bx          0x000000000800c3f8        0x0
 .v4_bx         0x000000000800c3f8        0x0 linker stubs

.iplt           0x000000000800c3f8        0x0
 .iplt          0x000000000800c3f8        0x0 /Users/karlboukhalil/Documents/NYU/Semester 2/Real Time Embedded Systems/sandbox/gcc-arm-none-eabi-5_4-2016q3/bin/../lib/gcc/arm-none-eabi/5.4.1/armv7e-m/fpu/crtbegin.o

.rodata         0x000000000800c3f8      0x308
                0x000000000800c3f8                . = ALIGN (0x4)
 *(.rodata)
 .rodata        0x000000000800c3f8       0x20 ../../arctic_awesomeness/arch/stm32/f3/src/stm32f3xx_hal_rcc.o
                0x000000000800c3f8                aPLLMULFactorTable
                0x000000000800c408                aPredivFactorTable
 .rodata        0x000000000800c418        0x4 ../../arctic_awesomeness/arch/stm32/f3/src/stm32f3xx_hal_uart.o
 .rodata        0x000000000800c41c       0x18 ../../arctic_awesomeness/arch/stm32/f3/src/CMSIS/system_stm32f3xx.o
                0x000000000800c41c                AHBPrescTable
                0x000000000800c42c                APBPrescTable
 *(.rodata*)
 .rodata._global_impure_ptr
                0x000000000800c434        0x4 /Users/karlboukhalil/Documents/NYU/Semester 2/Real Time Embedded Systems/sandbox/gcc-arm-none-eabi-5_4-2016q3/bin/../lib/gcc/arm-none-eabi/5.4.1/../../../../arm-none-eabi/lib/armv7e-m/fpu/libc.a(lib_a-impure.o)
                0x000000000800c434                _global_impure_ptr
 .rodata.str1.4
                0x000000000800c438        0xf demo6.o
 *fill*         0x000000000800c447        0x1 
 .rodata.str1.4
                0x000000000800c448       0x22 user_source/hal_interface/newlib_stubs.o
 *fill*         0x000000000800c46a        0x2 
 .rodata.str1.4
                0x000000000800c46c        0xe user_source/hal_interface/sensor_hal.o
 .rodata.str1.4
                0x000000000800c47a        0xe /Users/karlboukhalil/Documents/NYU/Semester 2/Real Time Embedded Systems/sandbox/gcc-arm-none-eabi-5_4-2016q3/bin/../lib/gcc/arm-none-eabi/5.4.1/../../../../arm-none-eabi/lib/armv7e-m/fpu/libc.a(lib_a-puts.o)
                                          0x2 (size before relaxing)
 *fill*         0x000000000800c47a        0x2 
 .rodata.zeroes.7273
                0x000000000800c47c       0x10 /Users/karlboukhalil/Documents/NYU/Semester 2/Real Time Embedded Systems/sandbox/gcc-arm-none-eabi-5_4-2016q3/bin/../lib/gcc/arm-none-eabi/5.4.1/../../../../arm-none-eabi/lib/armv7e-m/fpu/libc.a(lib_a-vfprintf.o)
 .rodata.str1.4
                0x000000000800c48c       0x42 /Users/karlboukhalil/Documents/NYU/Semester 2/Real Time Embedded Systems/sandbox/gcc-arm-none-eabi-5_4-2016q3/bin/../lib/gcc/arm-none-eabi/5.4.1/../../../../arm-none-eabi/lib/armv7e-m/fpu/libc.a(lib_a-vfprintf.o)
 *fill*         0x000000000800c4ce        0x2 
 .rodata.blanks.7272
                0x000000000800c4d0       0x10 /Users/karlboukhalil/Documents/NYU/Semester 2/Real Time Embedded Systems/sandbox/gcc-arm-none-eabi-5_4-2016q3/bin/../lib/gcc/arm-none-eabi/5.4.1/../../../../arm-none-eabi/lib/armv7e-m/fpu/libc.a(lib_a-vfprintf.o)
 .rodata.str1.4
                0x000000000800c4e0       0x10 /Users/karlboukhalil/Documents/NYU/Semester 2/Real Time Embedded Systems/sandbox/gcc-arm-none-eabi-5_4-2016q3/bin/../lib/gcc/arm-none-eabi/5.4.1/../../../../arm-none-eabi/lib/armv7e-m/fpu/libc.a(lib_a-dtoa.o)
                                         0x12 (size before relaxing)
 .rodata.__mprec_tens
                0x000000000800c4f0       0xc8 /Users/karlboukhalil/Documents/NYU/Semester 2/Real Time Embedded Systems/sandbox/gcc-arm-none-eabi-5_4-2016q3/bin/../lib/gcc/arm-none-eabi/5.4.1/../../../../arm-none-eabi/lib/armv7e-m/fpu/libc.a(lib_a-mprec.o)
                0x000000000800c4f0                __mprec_tens
 .rodata.__mprec_bigtens
                0x000000000800c5b8       0x28 /Users/karlboukhalil/Documents/NYU/Semester 2/Real Time Embedded Systems/sandbox/gcc-arm-none-eabi-5_4-2016q3/bin/../lib/gcc/arm-none-eabi/5.4.1/../../../../arm-none-eabi/lib/armv7e-m/fpu/libc.a(lib_a-mprec.o)
                0x000000000800c5b8                __mprec_bigtens
 .rodata.p05.6087
                0x000000000800c5e0        0xc /Users/karlboukhalil/Documents/NYU/Semester 2/Real Time Embedded Systems/sandbox/gcc-arm-none-eabi-5_4-2016q3/bin/../lib/gcc/arm-none-eabi/5.4.1/../../../../arm-none-eabi/lib/armv7e-m/fpu/libc.a(lib_a-mprec.o)
 .rodata.str1.4
                0x000000000800c5ec       0x10 /Users/karlboukhalil/Documents/NYU/Semester 2/Real Time Embedded Systems/sandbox/gcc-arm-none-eabi-5_4-2016q3/bin/../lib/gcc/arm-none-eabi/5.4.1/../../../../arm-none-eabi/lib/armv7e-m/fpu/libc.a(lib_a-locale.o)
                                         0x12 (size before relaxing)
 .rodata._ctype_
                0x000000000800c5fc      0x101 /Users/karlboukhalil/Documents/NYU/Semester 2/Real Time Embedded Systems/sandbox/gcc-arm-none-eabi-5_4-2016q3/bin/../lib/gcc/arm-none-eabi/5.4.1/../../../../arm-none-eabi/lib/armv7e-m/fpu/libc.a(lib_a-ctype_.o)
                0x000000000800c5fc                _ctype_
                0x000000000800c700                . = ALIGN (0x4)
 *fill*         0x000000000800c6fd        0x3 

.ARM.extab
 *(.ARM.extab* .gnu.linkonce.armextab.*)

.ARM            0x000000000800c700        0x8
                0x000000000800c700                __exidx_start = .
 *(.ARM.exidx*)
 .ARM.exidx     0x000000000800c700        0x8 /Users/karlboukhalil/Documents/NYU/Semester 2/Real Time Embedded Systems/sandbox/gcc-arm-none-eabi-5_4-2016q3/bin/../lib/gcc/arm-none-eabi/5.4.1/armv7e-m/fpu/libgcc.a(_udivmoddi4.o)
                0x000000000800c708                __exidx_end = .

.rel.dyn        0x000000000800c708        0x0
 .rel.iplt      0x000000000800c708        0x0 /Users/karlboukhalil/Documents/NYU/Semester 2/Real Time Embedded Systems/sandbox/gcc-arm-none-eabi-5_4-2016q3/bin/../lib/gcc/arm-none-eabi/5.4.1/armv7e-m/fpu/crtbegin.o

.preinit_array  0x000000000800c708        0x0
                0x000000000800c708                PROVIDE (__preinit_array_start, .)
 *(.preinit_array*)
                0x000000000800c708                PROVIDE (__preinit_array_end, .)

.init_array     0x000000000800c708        0x8
                0x000000000800c708                PROVIDE (__init_array_start, .)
 *(SORT(.init_array.*))
 .init_array.00000
                0x000000000800c708        0x4 /Users/karlboukhalil/Documents/NYU/Semester 2/Real Time Embedded Systems/sandbox/gcc-arm-none-eabi-5_4-2016q3/bin/../lib/gcc/arm-none-eabi/5.4.1/../../../../arm-none-eabi/lib/armv7e-m/fpu/libc.a(lib_a-__call_atexit.o)
 *(.init_array*)
 .init_array    0x000000000800c70c        0x4 /Users/karlboukhalil/Documents/NYU/Semester 2/Real Time Embedded Systems/sandbox/gcc-arm-none-eabi-5_4-2016q3/bin/../lib/gcc/arm-none-eabi/5.4.1/armv7e-m/fpu/crtbegin.o
                0x000000000800c710                PROVIDE (__init_array_end, .)

.fini_array     0x000000000800c710        0x4
                0x000000000800c710                PROVIDE (__fini_array_start, .)
 *(SORT(.fini_array.*))
 *(.fini_array*)
 .fini_array    0x000000000800c710        0x4 /Users/karlboukhalil/Documents/NYU/Semester 2/Real Time Embedded Systems/sandbox/gcc-arm-none-eabi-5_4-2016q3/bin/../lib/gcc/arm-none-eabi/5.4.1/armv7e-m/fpu/crtbegin.o
                0x000000000800c714                PROVIDE (__fini_array_end, .)
                0x000000000800c714                _sidata = LOADADDR (.data)

.data           0x0000000020000000      0x9b0 load address 0x000000000800c714
                0x0000000020000000                . = ALIGN (0x4)
                0x0000000020000000                _sdata = .
 *(.data)
 .data          0x0000000020000000        0x4 ../../arctic_awesomeness/arch/stm32/f3/src/CMSIS/system_stm32f3xx.o
                0x0000000020000000                SystemCoreClock
 .data          0x0000000020000004        0x4 user_source/hal_interface/queue.o
                0x0000000020000004                rear
 *(.data*)
 .data.impure_data
                0x0000000020000008      0x428 /Users/karlboukhalil/Documents/NYU/Semester 2/Real Time Embedded Systems/sandbox/gcc-arm-none-eabi-5_4-2016q3/bin/../lib/gcc/arm-none-eabi/5.4.1/../../../../arm-none-eabi/lib/armv7e-m/fpu/libc.a(lib_a-impure.o)
 .data._impure_ptr
                0x0000000020000430        0x4 /Users/karlboukhalil/Documents/NYU/Semester 2/Real Time Embedded Systems/sandbox/gcc-arm-none-eabi-5_4-2016q3/bin/../lib/gcc/arm-none-eabi/5.4.1/../../../../arm-none-eabi/lib/armv7e-m/fpu/libc.a(lib_a-impure.o)
                0x0000000020000430                _impure_ptr
 .data.__malloc_av_
                0x0000000020000434      0x408 /Users/karlboukhalil/Documents/NYU/Semester 2/Real Time Embedded Systems/sandbox/gcc-arm-none-eabi-5_4-2016q3/bin/../lib/gcc/arm-none-eabi/5.4.1/../../../../arm-none-eabi/lib/armv7e-m/fpu/libc.a(lib_a-mallocr.o)
                0x0000000020000434                __malloc_av_
 .data.__malloc_trim_threshold
                0x000000002000083c        0x4 /Users/karlboukhalil/Documents/NYU/Semester 2/Real Time Embedded Systems/sandbox/gcc-arm-none-eabi-5_4-2016q3/bin/../lib/gcc/arm-none-eabi/5.4.1/../../../../arm-none-eabi/lib/armv7e-m/fpu/libc.a(lib_a-mallocr.o)
                0x000000002000083c                __malloc_trim_threshold
 .data.__malloc_sbrk_base
                0x0000000020000840        0x4 /Users/karlboukhalil/Documents/NYU/Semester 2/Real Time Embedded Systems/sandbox/gcc-arm-none-eabi-5_4-2016q3/bin/../lib/gcc/arm-none-eabi/5.4.1/../../../../arm-none-eabi/lib/armv7e-m/fpu/libc.a(lib_a-mallocr.o)
                0x0000000020000840                __malloc_sbrk_base
 .data.__global_locale
                0x0000000020000844      0x16c /Users/karlboukhalil/Documents/NYU/Semester 2/Real Time Embedded Systems/sandbox/gcc-arm-none-eabi-5_4-2016q3/bin/../lib/gcc/arm-none-eabi/5.4.1/../../../../arm-none-eabi/lib/armv7e-m/fpu/libc.a(lib_a-locale.o)
                0x0000000020000844                __global_locale
                0x00000000200009b0                . = ALIGN (0x4)
                0x00000000200009b0                _edata = .
                0x000000000800d0c4                _siccmram = LOADADDR (.ccmram)

.jcr            0x00000000200009b0        0x0 load address 0x000000000800d0c4
 .jcr           0x00000000200009b0        0x0 /Users/karlboukhalil/Documents/NYU/Semester 2/Real Time Embedded Systems/sandbox/gcc-arm-none-eabi-5_4-2016q3/bin/../lib/gcc/arm-none-eabi/5.4.1/armv7e-m/fpu/crtbegin.o

.igot.plt       0x00000000200009b0        0x0 load address 0x000000000800d0c4
 .igot.plt      0x00000000200009b0        0x0 /Users/karlboukhalil/Documents/NYU/Semester 2/Real Time Embedded Systems/sandbox/gcc-arm-none-eabi-5_4-2016q3/bin/../lib/gcc/arm-none-eabi/5.4.1/armv7e-m/fpu/crtbegin.o

.ccmram         0x0000000010000000        0x0 load address 0x000000000800d0c4
                0x0000000010000000                . = ALIGN (0x4)
                0x0000000010000000                _sccmram = .
 *(.ccmram)
 *(.ccmram*)
                0x0000000010000000                . = ALIGN (0x4)
                0x0000000010000000                _eccmram = .
                0x0000000010000000                . = ALIGN (0x4)

.bss            0x00000000200009b0      0x338
                0x00000000200009b0                _sbss = .
                0x00000000200009b0                __bss_start__ = _sbss
 *(.bss)
 .bss           0x00000000200009b0       0x1c /Users/karlboukhalil/Documents/NYU/Semester 2/Real Time Embedded Systems/sandbox/gcc-arm-none-eabi-5_4-2016q3/bin/../lib/gcc/arm-none-eabi/5.4.1/armv7e-m/fpu/crtbegin.o
 .bss           0x00000000200009cc        0x8 user_source/hal_interface/newlib_stubs.o
                0x00000000200009d0                __env
 .bss           0x00000000200009d4        0xc user_source/hal_interface/queue.o
                0x00000000200009d4                front
                0x00000000200009d8                itemCount
                0x00000000200009dc                sum
 .bss           0x00000000200009e0       0x64 user_source/hal_interface/sensor_hal.o
 *(.bss*)
 .bss.__malloc_max_total_mem
                0x0000000020000a44        0x4 /Users/karlboukhalil/Documents/NYU/Semester 2/Real Time Embedded Systems/sandbox/gcc-arm-none-eabi-5_4-2016q3/bin/../lib/gcc/arm-none-eabi/5.4.1/../../../../arm-none-eabi/lib/armv7e-m/fpu/libc.a(lib_a-mallocr.o)
                0x0000000020000a44                __malloc_max_total_mem
 .bss.__malloc_max_sbrked_mem
                0x0000000020000a48        0x4 /Users/karlboukhalil/Documents/NYU/Semester 2/Real Time Embedded Systems/sandbox/gcc-arm-none-eabi-5_4-2016q3/bin/../lib/gcc/arm-none-eabi/5.4.1/../../../../arm-none-eabi/lib/armv7e-m/fpu/libc.a(lib_a-mallocr.o)
                0x0000000020000a48                __malloc_max_sbrked_mem
 .bss.__malloc_top_pad
                0x0000000020000a4c        0x4 /Users/karlboukhalil/Documents/NYU/Semester 2/Real Time Embedded Systems/sandbox/gcc-arm-none-eabi-5_4-2016q3/bin/../lib/gcc/arm-none-eabi/5.4.1/../../../../arm-none-eabi/lib/armv7e-m/fpu/libc.a(lib_a-mallocr.o)
                0x0000000020000a4c                __malloc_top_pad
 .bss.__malloc_current_mallinfo
                0x0000000020000a50       0x28 /Users/karlboukhalil/Documents/NYU/Semester 2/Real Time Embedded Systems/sandbox/gcc-arm-none-eabi-5_4-2016q3/bin/../lib/gcc/arm-none-eabi/5.4.1/../../../../arm-none-eabi/lib/armv7e-m/fpu/libc.a(lib_a-mallocr.o)
                0x0000000020000a50                __malloc_current_mallinfo
 *(COMMON)
 COMMON         0x0000000020000a78        0x4 ../../arctic_awesomeness/arch/stm32/f3/src/stm32f3xx_hal.o
                0x0000000020000a78                uwTick
 COMMON         0x0000000020000a7c       0x40 ../../arctic_awesomeness/arch/stm32/f3/src/stm32f3xx_hal_timebase_tim.o
                0x0000000020000a7c                TimHandle
 COMMON         0x0000000020000abc       0x40 demo6.o
                0x0000000020000abc                treshDist
                0x0000000020000ac4                firstSense
                0x0000000020000acc                right_triggered
                0x0000000020000ad0                state
                0x0000000020000ad4                echosPins
                0x0000000020000adc                left_triggered
                0x0000000020000ae0                front_triggered
                0x0000000020000ae4                distances
                0x0000000020000aec                motorState
                0x0000000020000af0                triggerPins
                0x0000000020000af8                queue_init
 COMMON         0x0000000020000afc       0x5c user_source/hal_interface/pwm_hal.o
                0x0000000020000afc                timWheels_init
                0x0000000020000b3c                timWheels_conf
 COMMON         0x0000000020000b58       0x14 user_source/hal_interface/queue.o
                0x0000000020000b58                intArray
 COMMON         0x0000000020000b6c      0x108 user_source/hal_interface/sensor_hal.o
                0x0000000020000b6c                tim_conf_vec
                0x0000000020000bb4                tim_init_vec
 COMMON         0x0000000020000c74       0x70 user_source/hal_interface/uart_hal.o
                0x0000000020000c74                UartHandle
 COMMON         0x0000000020000ce4        0x4 /Users/karlboukhalil/Documents/NYU/Semester 2/Real Time Embedded Systems/sandbox/gcc-arm-none-eabi-5_4-2016q3/bin/../lib/gcc/arm-none-eabi/5.4.1/../../../../arm-none-eabi/lib/armv7e-m/fpu/libc.a(lib_a-reent.o)
                0x0000000020000ce4                errno
                0x0000000020000ce8                . = ALIGN (0x4)
                0x0000000020000ce8                _ebss = .
                0x0000000020000ce8                __bss_end__ = _ebss

._user_heap_stack
                0x0000000020000ce8     0x1e00
                0x0000000020000ce8                . = ALIGN (0x4)
                [!provide]                        PROVIDE (end, .)
                [!provide]                        PROVIDE (_end, .)
                0x0000000020001be8                . = (. + _Min_Heap_Size)
 *fill*         0x0000000020000ce8      0xf00 
                0x0000000020002ae8                . = (. + _Min_Stack_Size)
 *fill*         0x0000000020001be8      0xf00 
                0x0000000020002ae8                . = ALIGN (0x4)

/DISCARD/
 libc.a(*)
 libm.a(*)
 libgcc.a(*)

.ARM.attributes
                0x0000000000000000       0x30
 *(.ARM.attributes)
 .ARM.attributes
                0x0000000000000000       0x22 /Users/karlboukhalil/Documents/NYU/Semester 2/Real Time Embedded Systems/sandbox/gcc-arm-none-eabi-5_4-2016q3/bin/../lib/gcc/arm-none-eabi/5.4.1/armv7e-m/fpu/crti.o
 .ARM.attributes
                0x0000000000000022       0x34 /Users/karlboukhalil/Documents/NYU/Semester 2/Real Time Embedded Systems/sandbox/gcc-arm-none-eabi-5_4-2016q3/bin/../lib/gcc/arm-none-eabi/5.4.1/armv7e-m/fpu/crtbegin.o
 .ARM.attributes
                0x0000000000000056       0x39 ../../arctic_awesomeness/arch/stm32/f3/src/stm32f3xx_hal.o
 .ARM.attributes
                0x000000000000008f       0x39 ../../arctic_awesomeness/arch/stm32/f3/src/stm32f3xx_hal_cortex.o
 .ARM.attributes
                0x00000000000000c8       0x39 ../../arctic_awesomeness/arch/stm32/f3/src/stm32f3xx_hal_dma.o
 .ARM.attributes
                0x0000000000000101       0x39 ../../arctic_awesomeness/arch/stm32/f3/src/stm32f3xx_hal_gpio.o
 .ARM.attributes
                0x000000000000013a       0x39 ../../arctic_awesomeness/arch/stm32/f3/src/stm32f3xx_hal_msp.o
 .ARM.attributes
                0x0000000000000173       0x39 ../../arctic_awesomeness/arch/stm32/f3/src/stm32f3xx_hal_rcc.o
 .ARM.attributes
                0x00000000000001ac       0x39 ../../arctic_awesomeness/arch/stm32/f3/src/stm32f3xx_hal_tim.o
 .ARM.attributes
                0x00000000000001e5       0x39 ../../arctic_awesomeness/arch/stm32/f3/src/stm32f3xx_hal_tim_ex.o
 .ARM.attributes
                0x000000000000021e       0x39 ../../arctic_awesomeness/arch/stm32/f3/src/stm32f3xx_hal_timebase_tim.o
 .ARM.attributes
                0x0000000000000257       0x39 ../../arctic_awesomeness/arch/stm32/f3/src/stm32f3xx_hal_uart.o
 .ARM.attributes
                0x0000000000000290       0x39 ../../arctic_awesomeness/arch/stm32/f3/src/stm32f3xx_hal_uart_ex.o
 .ARM.attributes
                0x00000000000002c9       0x39 ../../arctic_awesomeness/arch/stm32/f3/src/CMSIS/system_stm32f3xx.o
 .ARM.attributes
                0x0000000000000302       0x21 ../../arctic_awesomeness/arch/stm32/f3/src/CMSIS/startup_stm32f303xc.o
 .ARM.attributes
                0x0000000000000323       0x39 demo6.o
 .ARM.attributes
                0x000000000000035c       0x39 user_source/foo.o
 .ARM.attributes
                0x0000000000000395       0x39 user_source/uart.o
 .ARM.attributes
                0x00000000000003ce       0x39 user_source/hal_interface/cpu.o
 .ARM.attributes
                0x0000000000000407       0x39 user_source/hal_interface/cube_hal_msp.o
 .ARM.attributes
                0x0000000000000440       0x39 user_source/hal_interface/newlib_stubs.o
 .ARM.attributes
                0x0000000000000479       0x39 user_source/hal_interface/pwm_hal.o
 .ARM.attributes
                0x00000000000004b2       0x39 user_source/hal_interface/queue.o
 .ARM.attributes
                0x00000000000004eb       0x39 user_source/hal_interface/sensor_hal.o
 .ARM.attributes
                0x0000000000000524       0x39 user_source/hal_interface/uart_hal.o
 .ARM.attributes
                0x000000000000055d       0x34 /Users/karlboukhalil/Documents/NYU/Semester 2/Real Time Embedded Systems/sandbox/gcc-arm-none-eabi-5_4-2016q3/bin/../lib/gcc/arm-none-eabi/5.4.1/../../../../arm-none-eabi/lib/armv7e-m/fpu/libc.a(lib_a-printf.o)
 .ARM.attributes
                0x0000000000000591       0x34 /Users/karlboukhalil/Documents/NYU/Semester 2/Real Time Embedded Systems/sandbox/gcc-arm-none-eabi-5_4-2016q3/bin/../lib/gcc/arm-none-eabi/5.4.1/../../../../arm-none-eabi/lib/armv7e-m/fpu/libc.a(lib_a-puts.o)
 .ARM.attributes
                0x00000000000005c5       0x34 /Users/karlboukhalil/Documents/NYU/Semester 2/Real Time Embedded Systems/sandbox/gcc-arm-none-eabi-5_4-2016q3/bin/../lib/gcc/arm-none-eabi/5.4.1/../../../../arm-none-eabi/lib/armv7e-m/fpu/libc.a(lib_a-reent.o)
 .ARM.attributes
                0x00000000000005f9       0x34 /Users/karlboukhalil/Documents/NYU/Semester 2/Real Time Embedded Systems/sandbox/gcc-arm-none-eabi-5_4-2016q3/bin/../lib/gcc/arm-none-eabi/5.4.1/../../../../arm-none-eabi/lib/armv7e-m/fpu/libc.a(lib_a-setvbuf.o)
 .ARM.attributes
                0x000000000000062d       0x20 /Users/karlboukhalil/Documents/NYU/Semester 2/Real Time Embedded Systems/sandbox/gcc-arm-none-eabi-5_4-2016q3/bin/../lib/gcc/arm-none-eabi/5.4.1/../../../../arm-none-eabi/lib/armv7e-m/fpu/libc.a(lib_a-strlen.o)
 .ARM.attributes
                0x000000000000064d       0x34 /Users/karlboukhalil/Documents/NYU/Semester 2/Real Time Embedded Systems/sandbox/gcc-arm-none-eabi-5_4-2016q3/bin/../lib/gcc/arm-none-eabi/5.4.1/../../../../arm-none-eabi/lib/armv7e-m/fpu/libc.a(lib_a-vfprintf.o)
 .ARM.attributes
                0x0000000000000681       0x34 /Users/karlboukhalil/Documents/NYU/Semester 2/Real Time Embedded Systems/sandbox/gcc-arm-none-eabi-5_4-2016q3/bin/../lib/gcc/arm-none-eabi/5.4.1/../../../../arm-none-eabi/lib/armv7e-m/fpu/libc.a(lib_a-wsetup.o)
 .ARM.attributes
                0x00000000000006b5       0x34 /Users/karlboukhalil/Documents/NYU/Semester 2/Real Time Embedded Systems/sandbox/gcc-arm-none-eabi-5_4-2016q3/bin/../lib/gcc/arm-none-eabi/5.4.1/../../../../arm-none-eabi/lib/armv7e-m/fpu/libc.a(lib_a-dtoa.o)
 .ARM.attributes
                0x00000000000006e9       0x34 /Users/karlboukhalil/Documents/NYU/Semester 2/Real Time Embedded Systems/sandbox/gcc-arm-none-eabi-5_4-2016q3/bin/../lib/gcc/arm-none-eabi/5.4.1/../../../../arm-none-eabi/lib/armv7e-m/fpu/libc.a(lib_a-fflush.o)
 .ARM.attributes
                0x000000000000071d       0x34 /Users/karlboukhalil/Documents/NYU/Semester 2/Real Time Embedded Systems/sandbox/gcc-arm-none-eabi-5_4-2016q3/bin/../lib/gcc/arm-none-eabi/5.4.1/../../../../arm-none-eabi/lib/armv7e-m/fpu/libc.a(lib_a-findfp.o)
 .ARM.attributes
                0x0000000000000751       0x34 /Users/karlboukhalil/Documents/NYU/Semester 2/Real Time Embedded Systems/sandbox/gcc-arm-none-eabi-5_4-2016q3/bin/../lib/gcc/arm-none-eabi/5.4.1/../../../../arm-none-eabi/lib/armv7e-m/fpu/libc.a(lib_a-freer.o)
 .ARM.attributes
                0x0000000000000785       0x34 /Users/karlboukhalil/Documents/NYU/Semester 2/Real Time Embedded Systems/sandbox/gcc-arm-none-eabi-5_4-2016q3/bin/../lib/gcc/arm-none-eabi/5.4.1/../../../../arm-none-eabi/lib/armv7e-m/fpu/libc.a(lib_a-fvwrite.o)
 .ARM.attributes
                0x00000000000007b9       0x34 /Users/karlboukhalil/Documents/NYU/Semester 2/Real Time Embedded Systems/sandbox/gcc-arm-none-eabi-5_4-2016q3/bin/../lib/gcc/arm-none-eabi/5.4.1/../../../../arm-none-eabi/lib/armv7e-m/fpu/libc.a(lib_a-fwalk.o)
 .ARM.attributes
                0x00000000000007ed       0x34 /Users/karlboukhalil/Documents/NYU/Semester 2/Real Time Embedded Systems/sandbox/gcc-arm-none-eabi-5_4-2016q3/bin/../lib/gcc/arm-none-eabi/5.4.1/../../../../arm-none-eabi/lib/armv7e-m/fpu/libc.a(lib_a-localeconv.o)
 .ARM.attributes
                0x0000000000000821       0x34 /Users/karlboukhalil/Documents/NYU/Semester 2/Real Time Embedded Systems/sandbox/gcc-arm-none-eabi-5_4-2016q3/bin/../lib/gcc/arm-none-eabi/5.4.1/../../../../arm-none-eabi/lib/armv7e-m/fpu/libc.a(lib_a-makebuf.o)
 .ARM.attributes
                0x0000000000000855       0x34 /Users/karlboukhalil/Documents/NYU/Semester 2/Real Time Embedded Systems/sandbox/gcc-arm-none-eabi-5_4-2016q3/bin/../lib/gcc/arm-none-eabi/5.4.1/../../../../arm-none-eabi/lib/armv7e-m/fpu/libc.a(lib_a-malloc.o)
 .ARM.attributes
                0x0000000000000889       0x34 /Users/karlboukhalil/Documents/NYU/Semester 2/Real Time Embedded Systems/sandbox/gcc-arm-none-eabi-5_4-2016q3/bin/../lib/gcc/arm-none-eabi/5.4.1/../../../../arm-none-eabi/lib/armv7e-m/fpu/libc.a(lib_a-mallocr.o)
 .ARM.attributes
                0x00000000000008bd       0x20 /Users/karlboukhalil/Documents/NYU/Semester 2/Real Time Embedded Systems/sandbox/gcc-arm-none-eabi-5_4-2016q3/bin/../lib/gcc/arm-none-eabi/5.4.1/../../../../arm-none-eabi/lib/armv7e-m/fpu/libc.a(lib_a-memchr.o)
 .ARM.attributes
                0x00000000000008dd       0x20 /Users/karlboukhalil/Documents/NYU/Semester 2/Real Time Embedded Systems/sandbox/gcc-arm-none-eabi-5_4-2016q3/bin/../lib/gcc/arm-none-eabi/5.4.1/../../../../arm-none-eabi/lib/armv7e-m/fpu/libc.a(lib_a-memcpy.o)
 .ARM.attributes
                0x00000000000008fd       0x34 /Users/karlboukhalil/Documents/NYU/Semester 2/Real Time Embedded Systems/sandbox/gcc-arm-none-eabi-5_4-2016q3/bin/../lib/gcc/arm-none-eabi/5.4.1/../../../../arm-none-eabi/lib/armv7e-m/fpu/libc.a(lib_a-memmove.o)
 .ARM.attributes
                0x0000000000000931       0x34 /Users/karlboukhalil/Documents/NYU/Semester 2/Real Time Embedded Systems/sandbox/gcc-arm-none-eabi-5_4-2016q3/bin/../lib/gcc/arm-none-eabi/5.4.1/../../../../arm-none-eabi/lib/armv7e-m/fpu/libc.a(lib_a-mlock.o)
 .ARM.attributes
                0x0000000000000965       0x34 /Users/karlboukhalil/Documents/NYU/Semester 2/Real Time Embedded Systems/sandbox/gcc-arm-none-eabi-5_4-2016q3/bin/../lib/gcc/arm-none-eabi/5.4.1/../../../../arm-none-eabi/lib/armv7e-m/fpu/libc.a(lib_a-mprec.o)
 .ARM.attributes
                0x0000000000000999       0x34 /Users/karlboukhalil/Documents/NYU/Semester 2/Real Time Embedded Systems/sandbox/gcc-arm-none-eabi-5_4-2016q3/bin/../lib/gcc/arm-none-eabi/5.4.1/../../../../arm-none-eabi/lib/armv7e-m/fpu/libc.a(lib_a-reallocr.o)
 .ARM.attributes
                0x00000000000009cd       0x34 /Users/karlboukhalil/Documents/NYU/Semester 2/Real Time Embedded Systems/sandbox/gcc-arm-none-eabi-5_4-2016q3/bin/../lib/gcc/arm-none-eabi/5.4.1/../../../../arm-none-eabi/lib/armv7e-m/fpu/libc.a(lib_a-sbrkr.o)
 .ARM.attributes
                0x0000000000000a01       0x34 /Users/karlboukhalil/Documents/NYU/Semester 2/Real Time Embedded Systems/sandbox/gcc-arm-none-eabi-5_4-2016q3/bin/../lib/gcc/arm-none-eabi/5.4.1/../../../../arm-none-eabi/lib/armv7e-m/fpu/libc.a(lib_a-stdio.o)
 .ARM.attributes
                0x0000000000000a35       0x34 /Users/karlboukhalil/Documents/NYU/Semester 2/Real Time Embedded Systems/sandbox/gcc-arm-none-eabi-5_4-2016q3/bin/../lib/gcc/arm-none-eabi/5.4.1/../../../../arm-none-eabi/lib/armv7e-m/fpu/libc.a(lib_a-vfiprintf.o)
 .ARM.attributes
                0x0000000000000a69       0x34 /Users/karlboukhalil/Documents/NYU/Semester 2/Real Time Embedded Systems/sandbox/gcc-arm-none-eabi-5_4-2016q3/bin/../lib/gcc/arm-none-eabi/5.4.1/../../../../arm-none-eabi/lib/armv7e-m/fpu/libc.a(lib_a-writer.o)
 .ARM.attributes
                0x0000000000000a9d       0x34 /Users/karlboukhalil/Documents/NYU/Semester 2/Real Time Embedded Systems/sandbox/gcc-arm-none-eabi-5_4-2016q3/bin/../lib/gcc/arm-none-eabi/5.4.1/../../../../arm-none-eabi/lib/armv7e-m/fpu/libc.a(lib_a-callocr.o)
 .ARM.attributes
                0x0000000000000ad1       0x34 /Users/karlboukhalil/Documents/NYU/Semester 2/Real Time Embedded Systems/sandbox/gcc-arm-none-eabi-5_4-2016q3/bin/../lib/gcc/arm-none-eabi/5.4.1/../../../../arm-none-eabi/lib/armv7e-m/fpu/libc.a(lib_a-closer.o)
 .ARM.attributes
                0x0000000000000b05       0x34 /Users/karlboukhalil/Documents/NYU/Semester 2/Real Time Embedded Systems/sandbox/gcc-arm-none-eabi-5_4-2016q3/bin/../lib/gcc/arm-none-eabi/5.4.1/../../../../arm-none-eabi/lib/armv7e-m/fpu/libc.a(lib_a-fclose.o)
 .ARM.attributes
                0x0000000000000b39       0x34 /Users/karlboukhalil/Documents/NYU/Semester 2/Real Time Embedded Systems/sandbox/gcc-arm-none-eabi-5_4-2016q3/bin/../lib/gcc/arm-none-eabi/5.4.1/../../../../arm-none-eabi/lib/armv7e-m/fpu/libc.a(lib_a-fputwc.o)
 .ARM.attributes
                0x0000000000000b6d       0x34 /Users/karlboukhalil/Documents/NYU/Semester 2/Real Time Embedded Systems/sandbox/gcc-arm-none-eabi-5_4-2016q3/bin/../lib/gcc/arm-none-eabi/5.4.1/../../../../arm-none-eabi/lib/armv7e-m/fpu/libc.a(lib_a-fstatr.o)
 .ARM.attributes
                0x0000000000000ba1       0x34 /Users/karlboukhalil/Documents/NYU/Semester 2/Real Time Embedded Systems/sandbox/gcc-arm-none-eabi-5_4-2016q3/bin/../lib/gcc/arm-none-eabi/5.4.1/../../../../arm-none-eabi/lib/armv7e-m/fpu/libc.a(lib_a-isattyr.o)
 .ARM.attributes
                0x0000000000000bd5       0x34 /Users/karlboukhalil/Documents/NYU/Semester 2/Real Time Embedded Systems/sandbox/gcc-arm-none-eabi-5_4-2016q3/bin/../lib/gcc/arm-none-eabi/5.4.1/../../../../arm-none-eabi/lib/armv7e-m/fpu/libc.a(lib_a-locale.o)
 .ARM.attributes
                0x0000000000000c09       0x34 /Users/karlboukhalil/Documents/NYU/Semester 2/Real Time Embedded Systems/sandbox/gcc-arm-none-eabi-5_4-2016q3/bin/../lib/gcc/arm-none-eabi/5.4.1/../../../../arm-none-eabi/lib/armv7e-m/fpu/libc.a(lib_a-lseekr.o)
 .ARM.attributes
                0x0000000000000c3d       0x34 /Users/karlboukhalil/Documents/NYU/Semester 2/Real Time Embedded Systems/sandbox/gcc-arm-none-eabi-5_4-2016q3/bin/../lib/gcc/arm-none-eabi/5.4.1/../../../../arm-none-eabi/lib/armv7e-m/fpu/libc.a(lib_a-mbtowc_r.o)
 .ARM.attributes
                0x0000000000000c71       0x34 /Users/karlboukhalil/Documents/NYU/Semester 2/Real Time Embedded Systems/sandbox/gcc-arm-none-eabi-5_4-2016q3/bin/../lib/gcc/arm-none-eabi/5.4.1/../../../../arm-none-eabi/lib/armv7e-m/fpu/libc.a(lib_a-readr.o)
 .ARM.attributes
                0x0000000000000ca5       0x34 /Users/karlboukhalil/Documents/NYU/Semester 2/Real Time Embedded Systems/sandbox/gcc-arm-none-eabi-5_4-2016q3/bin/../lib/gcc/arm-none-eabi/5.4.1/../../../../arm-none-eabi/lib/armv7e-m/fpu/libc.a(lib_a-wbuf.o)
 .ARM.attributes
                0x0000000000000cd9       0x34 /Users/karlboukhalil/Documents/NYU/Semester 2/Real Time Embedded Systems/sandbox/gcc-arm-none-eabi-5_4-2016q3/bin/../lib/gcc/arm-none-eabi/5.4.1/../../../../arm-none-eabi/lib/armv7e-m/fpu/libc.a(lib_a-wcrtomb.o)
 .ARM.attributes
                0x0000000000000d0d       0x34 /Users/karlboukhalil/Documents/NYU/Semester 2/Real Time Embedded Systems/sandbox/gcc-arm-none-eabi-5_4-2016q3/bin/../lib/gcc/arm-none-eabi/5.4.1/../../../../arm-none-eabi/lib/armv7e-m/fpu/libc.a(lib_a-wctomb_r.o)
 .ARM.attributes
                0x0000000000000d41       0x34 /Users/karlboukhalil/Documents/NYU/Semester 2/Real Time Embedded Systems/sandbox/gcc-arm-none-eabi-5_4-2016q3/bin/../lib/gcc/arm-none-eabi/5.4.1/../../../../arm-none-eabi/lib/armv7e-m/fpu/libc.a(lib_a-ctype_.o)
 .ARM.attributes
                0x0000000000000d75       0x22 /Users/karlboukhalil/Documents/NYU/Semester 2/Real Time Embedded Systems/sandbox/gcc-arm-none-eabi-5_4-2016q3/bin/../lib/gcc/arm-none-eabi/5.4.1/armv7e-m/fpu/libgcc.a(_arm_addsubdf3.o)
 .ARM.attributes
                0x0000000000000d97       0x22 /Users/karlboukhalil/Documents/NYU/Semester 2/Real Time Embedded Systems/sandbox/gcc-arm-none-eabi-5_4-2016q3/bin/../lib/gcc/arm-none-eabi/5.4.1/armv7e-m/fpu/libgcc.a(_arm_muldivdf3.o)
 .ARM.attributes
                0x0000000000000db9       0x22 /Users/karlboukhalil/Documents/NYU/Semester 2/Real Time Embedded Systems/sandbox/gcc-arm-none-eabi-5_4-2016q3/bin/../lib/gcc/arm-none-eabi/5.4.1/armv7e-m/fpu/libgcc.a(_arm_cmpdf2.o)
 .ARM.attributes
                0x0000000000000ddb       0x22 /Users/karlboukhalil/Documents/NYU/Semester 2/Real Time Embedded Systems/sandbox/gcc-arm-none-eabi-5_4-2016q3/bin/../lib/gcc/arm-none-eabi/5.4.1/armv7e-m/fpu/libgcc.a(_arm_unorddf2.o)
 .ARM.attributes
                0x0000000000000dfd       0x22 /Users/karlboukhalil/Documents/NYU/Semester 2/Real Time Embedded Systems/sandbox/gcc-arm-none-eabi-5_4-2016q3/bin/../lib/gcc/arm-none-eabi/5.4.1/armv7e-m/fpu/libgcc.a(_arm_fixdfsi.o)
 .ARM.attributes
                0x0000000000000e1f       0x22 /Users/karlboukhalil/Documents/NYU/Semester 2/Real Time Embedded Systems/sandbox/gcc-arm-none-eabi-5_4-2016q3/bin/../lib/gcc/arm-none-eabi/5.4.1/armv7e-m/fpu/libgcc.a(_aeabi_uldivmod.o)
 .ARM.attributes
                0x0000000000000e41       0x34 /Users/karlboukhalil/Documents/NYU/Semester 2/Real Time Embedded Systems/sandbox/gcc-arm-none-eabi-5_4-2016q3/bin/../lib/gcc/arm-none-eabi/5.4.1/armv7e-m/fpu/libgcc.a(_udivmoddi4.o)
 .ARM.attributes
                0x0000000000000e75       0x22 /Users/karlboukhalil/Documents/NYU/Semester 2/Real Time Embedded Systems/sandbox/gcc-arm-none-eabi-5_4-2016q3/bin/../lib/gcc/arm-none-eabi/5.4.1/armv7e-m/fpu/libgcc.a(_dvmd_tls.o)
 .ARM.attributes
                0x0000000000000e97       0x22 /Users/karlboukhalil/Documents/NYU/Semester 2/Real Time Embedded Systems/sandbox/gcc-arm-none-eabi-5_4-2016q3/bin/../lib/gcc/arm-none-eabi/5.4.1/armv7e-m/fpu/crtn.o
LOAD ../../arctic_awesomeness/arch/stm32/f3/src/stm32f3xx_hal.o
LOAD ../../arctic_awesomeness/arch/stm32/f3/src/stm32f3xx_hal_adc.o
LOAD ../../arctic_awesomeness/arch/stm32/f3/src/stm32f3xx_hal_adc_ex.o
LOAD ../../arctic_awesomeness/arch/stm32/f3/src/stm32f3xx_hal_can.o
LOAD ../../arctic_awesomeness/arch/stm32/f3/src/stm32f3xx_hal_cec.o
LOAD ../../arctic_awesomeness/arch/stm32/f3/src/stm32f3xx_hal_comp.o
LOAD ../../arctic_awesomeness/arch/stm32/f3/src/stm32f3xx_hal_cortex.o
LOAD ../../arctic_awesomeness/arch/stm32/f3/src/stm32f3xx_hal_crc.o
LOAD ../../arctic_awesomeness/arch/stm32/f3/src/stm32f3xx_hal_crc_ex.o
LOAD ../../arctic_awesomeness/arch/stm32/f3/src/stm32f3xx_hal_dac.o