Archive member included to satisfy reference by file (symbol)

/Users/karlboukhalil/Documents/NYU/Semester 2/Real Time Embedded Systems/sandbox/gcc-arm-none-eabi-5_4-2016q3/bin/../lib/gcc/arm-none-eabi/5.4.1/../../../../arm-none-eabi/lib/armv7e-m/fpu/libc.a(lib_a-exit.o)
                              /Users/karlboukhalil/Documents/NYU/Semester 2/Real Time Embedded Systems/sandbox/gcc-arm-none-eabi-5_4-2016q3/bin/../lib/gcc/arm-none-eabi/5.4.1/../../../../arm-none-eabi/lib/armv7e-m/fpu/crt0.o (exit)
/Users/karlboukhalil/Documents/NYU/Semester 2/Real Time Embedded Systems/sandbox/gcc-arm-none-eabi-5_4-2016q3/bin/../lib/gcc/arm-none-eabi/5.4.1/../../../../arm-none-eabi/lib/armv7e-m/fpu/libc.a(lib_a-impure.o)
                              /Users/karlboukhalil/Documents/NYU/Semester 2/Real Time Embedded Systems/sandbox/gcc-arm-none-eabi-5_4-2016q3/bin/../lib/gcc/arm-none-eabi/5.4.1/../../../../arm-none-eabi/lib/armv7e-m/fpu/libc.a(lib_a-exit.o) (_global_impure_ptr)
/Users/karlboukhalil/Documents/NYU/Semester 2/Real Time Embedded Systems/sandbox/gcc-arm-none-eabi-5_4-2016q3/bin/../lib/gcc/arm-none-eabi/5.4.1/../../../../arm-none-eabi/lib/armv7e-m/fpu/libc.a(lib_a-init.o)
                              /Users/karlboukhalil/Documents/NYU/Semester 2/Real Time Embedded Systems/sandbox/gcc-arm-none-eabi-5_4-2016q3/bin/../lib/gcc/arm-none-eabi/5.4.1/../../../../arm-none-eabi/lib/armv7e-m/fpu/crt0.o (__libc_init_array)
/Users/karlboukhalil/Documents/NYU/Semester 2/Real Time Embedded Systems/sandbox/gcc-arm-none-eabi-5_4-2016q3/bin/../lib/gcc/arm-none-eabi/5.4.1/../../../../arm-none-eabi/lib/armv7e-m/fpu/libc.a(lib_a-memset.o)
                              /Users/karlboukhalil/Documents/NYU/Semester 2/Real Time Embedded Systems/sandbox/gcc-arm-none-eabi-5_4-2016q3/bin/../lib/gcc/arm-none-eabi/5.4.1/../../../../arm-none-eabi/lib/armv7e-m/fpu/crt0.o (memset)
/Users/karlboukhalil/Documents/NYU/Semester 2/Real Time Embedded Systems/sandbox/gcc-arm-none-eabi-5_4-2016q3/bin/../lib/gcc/arm-none-eabi/5.4.1/../../../../arm-none-eabi/lib/armv7e-m/fpu/libc.a(lib_a-__call_atexit.o)
                              /Users/karlboukhalil/Documents/NYU/Semester 2/Real Time Embedded Systems/sandbox/gcc-arm-none-eabi-5_4-2016q3/bin/../lib/gcc/arm-none-eabi/5.4.1/../../../../arm-none-eabi/lib/armv7e-m/fpu/libc.a(lib_a-exit.o) (__call_exitprocs)
/Users/karlboukhalil/Documents/NYU/Semester 2/Real Time Embedded Systems/sandbox/gcc-arm-none-eabi-5_4-2016q3/bin/../lib/gcc/arm-none-eabi/5.4.1/../../../../arm-none-eabi/lib/armv7e-m/fpu/libc.a(lib_a-atexit.o)
                              /Users/karlboukhalil/Documents/NYU/Semester 2/Real Time Embedded Systems/sandbox/gcc-arm-none-eabi-5_4-2016q3/bin/../lib/gcc/arm-none-eabi/5.4.1/../../../../arm-none-eabi/lib/armv7e-m/fpu/libc.a(lib_a-__call_atexit.o) (atexit)
/Users/karlboukhalil/Documents/NYU/Semester 2/Real Time Embedded Systems/sandbox/gcc-arm-none-eabi-5_4-2016q3/bin/../lib/gcc/arm-none-eabi/5.4.1/../../../../arm-none-eabi/lib/armv7e-m/fpu/libc.a(lib_a-fini.o)
                              /Users/karlboukhalil/Documents/NYU/Semester 2/Real Time Embedded Systems/sandbox/gcc-arm-none-eabi-5_4-2016q3/bin/../lib/gcc/arm-none-eabi/5.4.1/../../../../arm-none-eabi/lib/armv7e-m/fpu/libc.a(lib_a-__call_atexit.o) (__libc_fini_array)
/Users/karlboukhalil/Documents/NYU/Semester 2/Real Time Embedded Systems/sandbox/gcc-arm-none-eabi-5_4-2016q3/bin/../lib/gcc/arm-none-eabi/5.4.1/../../../../arm-none-eabi/lib/armv7e-m/fpu/libc.a(lib_a-__atexit.o)
                              /Users/karlboukhalil/Documents/NYU/Semester 2/Real Time Embedded Systems/sandbox/gcc-arm-none-eabi-5_4-2016q3/bin/../lib/gcc/arm-none-eabi/5.4.1/../../../../arm-none-eabi/lib/armv7e-m/fpu/libc.a(lib_a-atexit.o) (__register_exitproc)
/Users/karlboukhalil/Documents/NYU/Semester 2/Real Time Embedded Systems/sandbox/gcc-arm-none-eabi-5_4-2016q3/bin/../lib/gcc/arm-none-eabi/5.4.1/../../../../arm-none-eabi/lib/armv7e-m/fpu/libc.a(lib_a-puts.o)
                              demo6.o (puts)
/Users/karlboukhalil/Documents/NYU/Semester 2/Real Time Embedded Systems/sandbox/gcc-arm-none-eabi-5_4-2016q3/bin/../lib/gcc/arm-none-eabi/5.4.1/../../../../arm-none-eabi/lib/armv7e-m/fpu/libc.a(lib_a-reent.o)
                              user_source/hal_interface/newlib_stubs.o (errno)
/Users/karlboukhalil/Documents/NYU/Semester 2/Real Time Embedded Systems/sandbox/gcc-arm-none-eabi-5_4-2016q3/bin/../lib/gcc/arm-none-eabi/5.4.1/../../../../arm-none-eabi/lib/armv7e-m/fpu/libc.a(lib_a-setvbuf.o)
                              demo6.o (setvbuf)
/Users/karlboukhalil/Documents/NYU/Semester 2/Real Time Embedded Systems/sandbox/gcc-arm-none-eabi-5_4-2016q3/bin/../lib/gcc/arm-none-eabi/5.4.1/../../../../arm-none-eabi/lib/armv7e-m/fpu/libc.a(lib_a-strlen.o)
[...]
Memory Configuration

Name             Origin             Length             Attributes
FLASH            0x0000000008000000 0x0000000000040000 xr
RAM              0x0000000020000000 0x000000000000a000 xrw
CCMRAM           0x0000000010000000 0x0000000000002000 rw
*default*        0x0000000000000000 0xffffffffffffffff

Linker script and memory map

LOAD /Users/karlboukhalil/Documents/NYU/Semester 2/Real Time Embedded Systems/sandbox/gcc-arm-none-eabi-5_4-2016q3/bin/../lib/gcc/arm-none-eabi/5.4.1/armv7e-m/fpu/crti.o
LOAD /Users/karlboukhalil/Documents/NYU/Semester 2/Real Time Embedded Systems/sandbox/gcc-arm-none-eabi-5_4-2016q3/bin/../lib/gcc/arm-none-eabi/5.4.1/armv7e-m/fpu/crtbegin.o
LOAD /Users/karlboukhalil/Documents/NYU/Semester 2/Real Time Embedded Systems/sandbox/gcc-arm-none-eabi-5_4-2016q3/bin/../lib/gcc/arm-none-eabi/5.4.1/../../../../arm-none-eabi/lib/armv7e-m/fpu/crt0.o
                0x000000002000a000                _estack = 0x2000a000
                0x0000000000000f00                _Min_Heap_Size = 0xf00
                0x0000000000000f00                _Min_Stack_Size = 0xf00

.isr_vector     0x0000000008000000      0x188
                0x0000000008000000                . = ALIGN (0x4)
 *(.isr_vector)
 .isr_vector    0x0000000008000000      0x188 ../../arctic_awesomeness/arch/stm32/f3/src/CMSIS/startup_stm32f303xc.o
                0x0000000008000000                g_pfnVectors
                0x0000000008000188                . = ALIGN (0x4)

.text           0x00000000080001c0     0x8d1c
                0x00000000080001c0                . = ALIGN (0x4)
 *(.text)
 .text          0x00000000080001c0       0x5c /Users/karlboukhalil/Documents/NYU/Semester 2/Real Time Embedded Systems/sandbox/gcc-arm-none-eabi-5_4-2016q3/bin/../lib/gcc/arm-none-eabi/5.4.1/armv7e-m/fpu/crtbegin.o
 .text          0x000000000800021c      0x158 ../../arctic_awesomeness/arch/stm32/f3/src/stm32f3xx_hal.o
                0x0000000008000224                HAL_DeInit
                0x0000000008000274                HAL_Init
                0x0000000008000298                HAL_IncTick
                0x00000000080002a8                HAL_GetTick
                0x00000000080002b4                HAL_Delay
                0x00000000080002f0                HAL_GetHalVersion
                0x00000000080002f8                HAL_GetREVID
                0x0000000008000304                HAL_GetDEVID
                0x0000000008000314                HAL_DBGMCU_EnableDBGSleepMode
                0x0000000008000324                HAL_DBGMCU_DisableDBGSleepMode
                0x0000000008000334                HAL_DBGMCU_EnableDBGStopMode
                0x0000000008000344                HAL_DBGMCU_DisableDBGStopMode
                0x0000000008000354                HAL_DBGMCU_EnableDBGStandbyMode
                0x0000000008000364                HAL_DBGMCU_DisableDBGStandbyMode
 .text          0x0000000008000374      0x2b0 ../../arctic_awesomeness/arch/stm32/f3/src/stm32f3xx_hal_cortex.o
                0x0000000008000374                HAL_NVIC_SetPriorityGrouping
                0x0000000008000398                HAL_NVIC_SetPriority
                0x0000000008000408                HAL_NVIC_EnableIRQ
                0x0000000008000420                HAL_NVIC_DisableIRQ
                0x000000000800043c                HAL_NVIC_SystemReset
                0x0000000008000460                HAL_SYSTICK_Config
                0x0000000008000494                HAL_MPU_Disable
                0x00000000080004b0                HAL_MPU_Enable
                0x00000000080004cc                HAL_MPU_ConfigRegion
                0x0000000008000520                HAL_NVIC_GetPriorityGrouping
                0x0000000008000530                HAL_NVIC_GetPriority
                0x0000000008000590                HAL_NVIC_SetPendingIRQ
                0x00000000080005ac                HAL_NVIC_GetPendingIRQ
                0x00000000080005c8                HAL_NVIC_ClearPendingIRQ
                0x00000000080005e4                HAL_NVIC_GetActive
                0x0000000008000600                HAL_SYSTICK_CLKSourceConfig
                0x0000000008000618                HAL_SYSTICK_Callback
                0x000000000800061c                HAL_SYSTICK_IRQHandler
 .text          0x0000000008000624      0x490 ../../arctic_awesomeness/arch/stm32/f3/src/stm32f3xx_hal_dma.o
                0x0000000008000624                HAL_DMA_Init
                0x00000000080006b4                HAL_DMA_DeInit
                0x0000000008000728                HAL_DMA_Start
                0x000000000800078c                HAL_DMA_Start_IT
                0x0000000008000810                HAL_DMA_Abort
                0x0000000008000844                HAL_DMA_Abort_IT
                0x000000000800088c                HAL_DMA_PollForTransfer
                0x0000000008000960                HAL_DMA_IRQHandler
                0x00000000080009f8                HAL_DMA_RegisterCallback
                0x0000000008000a4c                HAL_DMA_UnRegisterCallback
                0x0000000008000aa8                HAL_DMA_GetState
                0x0000000008000ab0                HAL_DMA_GetError
 .text          0x0000000008000ab4      0x36c ../../arctic_awesomeness/arch/stm32/f3/src/stm32f3xx_hal_gpio.o
                0x0000000008000ab4                HAL_GPIO_Init
                0x0000000008000c8c                HAL_GPIO_DeInit
                0x0000000008000db8                HAL_GPIO_ReadPin
                0x0000000008000dc4                HAL_GPIO_WritePin
                0x0000000008000dd0                HAL_GPIO_TogglePin
                0x0000000008000dd8                HAL_GPIO_LockPin
                0x0000000008000e08                HAL_GPIO_EXTI_IRQHandler
 .text          0x0000000008000e20       0x10 ../../arctic_awesomeness/arch/stm32/f3/src/stm32f3xx_hal_msp.o
                0x0000000008000e20                HAL_MspInit
                0x0000000008000e24                HAL_MspDeInit
                0x0000000008000e28                HAL_PPP_MspInit
                0x0000000008000e2c                HAL_PPP_MspDeInit
 .text          0x0000000008000e30      0x9e8 ../../arctic_awesomeness/arch/stm32/f3/src/stm32f3xx_hal_rcc.o
                0x0000000008000e30                HAL_RCC_DeInit
                0x0000000008000e80                HAL_RCC_OscConfig
                0x000000000800142c                HAL_RCC_MCOConfig
                0x0000000008001478                HAL_RCC_EnableCSS
                0x0000000008001494                HAL_RCC_DisableCSS
                0x00000000080014b0                HAL_RCC_GetSysClockFreq
                0x000000000800151c                HAL_RCC_ClockConfig
                0x00000000080016a8                HAL_RCC_GetHCLKFreq
                0x00000000080016b4                HAL_RCC_GetPCLK1Freq
                0x00000000080016e4                HAL_RCC_GetPCLK2Freq
                0x0000000008001714                HAL_RCC_GetOscConfig
                0x00000000080017b0                HAL_RCC_GetClockConfig
                0x00000000080017f4                HAL_RCC_CSSCallback
                0x00000000080017f8                HAL_RCC_NMI_IRQHandler
 .text          0x0000000008001818     0x2160 ../../arctic_awesomeness/arch/stm32/f3/src/stm32f3xx_hal_tim.o
                0x00000000080018d0                HAL_TIM_Base_MspDeInit
                0x00000000080018d4                HAL_TIM_Base_DeInit
                0x0000000008001910                HAL_TIM_Base_Start
                0x0000000008001930                HAL_TIM_Base_Stop
                0x0000000008001960                HAL_TIM_Base_Start_IT
                0x0000000008001978                HAL_TIM_Base_Stop_IT
                0x00000000080019a4                HAL_TIM_Base_Start_DMA
                0x0000000008001a00                HAL_TIM_Base_Stop_DMA
                0x0000000008001a30                HAL_TIM_OC_MspInit
                0x0000000008001a34                HAL_TIM_OC_MspDeInit
                0x0000000008001a38                HAL_TIM_OC_DeInit
                0x0000000008001a74                HAL_TIM_OC_Stop
                0x0000000008001b00                HAL_TIM_PWM_MspDeInit
                0x0000000008001b04                HAL_TIM_PWM_DeInit
                0x0000000008001b40                HAL_TIM_PWM_Start
                0x0000000008001ba0                HAL_TIM_OC_Start
                0x0000000008001ba4                HAL_TIM_PWM_Stop
                0x0000000008001c30                HAL_TIM_PWM_Start_IT
                0x0000000008001cd8                HAL_TIM_OC_Start_IT
                0x0000000008001cdc                HAL_TIM_PWM_Stop_IT
                0x0000000008001dac                HAL_TIM_OC_Stop_IT
                0x0000000008001db0                HAL_TIM_PWM_Start_DMA
                0x0000000008001ee0                HAL_TIM_OC_Start_DMA
                0x0000000008001ee4                HAL_TIM_PWM_Stop_DMA
                0x0000000008001fb8                HAL_TIM_OC_Stop_DMA
                0x0000000008001fbc                HAL_TIM_IC_MspInit
                0x0000000008001fc0                HAL_TIM_IC_MspDeInit
                0x0000000008001fc4                HAL_TIM_IC_DeInit
                0x0000000008002000                HAL_TIM_IC_Start
                0x0000000008002024                HAL_TIM_IC_Stop
                0x0000000008002058                HAL_TIM_IC_Start_IT
                0x00000000080020c0                HAL_TIM_IC_Stop_IT
                0x000000000800213c                HAL_TIM_IC_Start_DMA
                0x0000000008002220                HAL_TIM_IC_Stop_DMA
                0x00000000080022a8                HAL_TIM_OnePulse_MspInit
                0x00000000080022ac                HAL_TIM_OnePulse_MspDeInit
                0x00000000080022b0                HAL_TIM_OnePulse_DeInit
                0x00000000080022ec                HAL_TIM_OnePulse_Start
                0x000000000800234c                HAL_TIM_OnePulse_Stop
                0x00000000080023d4                HAL_TIM_OnePulse_Start_IT
                0x0000000008002444                HAL_TIM_OnePulse_Stop_IT
                0x00000000080024dc                HAL_TIM_Encoder_MspInit
                0x00000000080024e0                HAL_TIM_Encoder_MspDeInit
                0x00000000080024e4                HAL_TIM_Encoder_DeInit
                0x0000000008002520                HAL_TIM_Encoder_Start
                0x000000000800256c                HAL_TIM_Encoder_Stop
                0x00000000080025c0                HAL_TIM_Encoder_Start_IT
                0x0000000008002640                HAL_TIM_Encoder_Stop_IT
                0x00000000080026c0                HAL_TIM_Encoder_Start_DMA
                0x0000000008002808                HAL_TIM_Encoder_Stop_DMA
                0x0000000008002888                HAL_TIM_DMABurst_WriteStart
                0x000000000800296c                HAL_TIM_DMABurst_ReadStart
                0x0000000008002a50                HAL_TIM_DMABurst_ReadStop
                0x0000000008002ac8                HAL_TIM_DMABurst_WriteStop
                0x0000000008002acc                HAL_TIM_GenerateEvent
                0x0000000008002bc4                HAL_TIM_ConfigClockSource
                0x0000000008002d54                HAL_TIM_ConfigTI1Input
                0x0000000008002d64                HAL_TIM_SlaveConfigSynchronization
                0x0000000008002da4                HAL_TIM_SlaveConfigSynchronization_IT
                0x0000000008002de4                HAL_TIM_ReadCapturedValue
                0x0000000008002e58                HAL_TIM_OC_DelayElapsedCallback
                0x0000000008002e5c                HAL_TIM_IC_CaptureCallback
                0x0000000008002e60                TIM_DMACaptureCplt
                0x0000000008002eac                HAL_TIM_PWM_PulseFinishedCallback
                0x0000000008002eb0                TIM_DMADelayPulseCplt
                0x0000000008002efc                HAL_TIM_TriggerCallback
                0x0000000008002f00                HAL_TIM_IRQHandler
                0x0000000008003064                HAL_TIM_ErrorCallback
                0x0000000008003068                TIM_DMAError
                0x0000000008003078                HAL_TIM_Base_GetState
                0x0000000008003080                HAL_TIM_OC_GetState
                0x0000000008003088                HAL_TIM_PWM_GetState
                0x0000000008003090                HAL_TIM_IC_GetState
                0x0000000008003098                HAL_TIM_OnePulse_GetState
                0x00000000080030a0                HAL_TIM_Encoder_GetState
                0x00000000080030a8                TIM_Base_SetConfig
                0x0000000008003180                HAL_TIM_Base_Init
                0x00000000080031b8                HAL_TIM_OC_Init
                0x00000000080031f0                HAL_TIM_PWM_Init
                0x0000000008003228                HAL_TIM_IC_Init
                0x0000000008003260                HAL_TIM_OnePulse_Init
                0x00000000080032a8                HAL_TIM_Encoder_Init
                0x0000000008003354                TIM_OC1_SetConfig
                0x00000000080033d4                TIM_OC2_SetConfig
                0x0000000008003458                TIM_OC3_SetConfig
                0x00000000080034d8                TIM_OC4_SetConfig
                0x000000000800367c                TIM_TI1_SetConfig
                0x00000000080036e4                HAL_TIM_IC_ConfigChannel
                0x000000000800381c                HAL_TIM_OnePulse_ConfigChannel
                0x0000000008003940                TIM_ETR_SetConfig
                0x0000000008003958                TIM_CCxChannelCmd
 .text          0x0000000008003978      0xc84 ../../arctic_awesomeness/arch/stm32/f3/src/stm32f3xx_hal_tim_ex.o
                0x0000000008003a58                HAL_TIMEx_HallSensor_MspInit
                0x0000000008003a5c                HAL_TIMEx_HallSensor_Init
                0x0000000008003b14                HAL_TIMEx_HallSensor_MspDeInit
                0x0000000008003b18                HAL_TIMEx_HallSensor_DeInit
                0x0000000008003b54                HAL_TIMEx_HallSensor_Start
                0x0000000008003b70                HAL_TIMEx_HallSensor_Stop
                0x0000000008003ba0                HAL_TIMEx_HallSensor_Start_IT
                0x0000000008003bc4                HAL_TIMEx_HallSensor_Stop_IT
                0x0000000008003bfc                HAL_TIMEx_HallSensor_Start_DMA
                0x0000000008003c68                HAL_TIMEx_HallSensor_Stop_DMA
                0x0000000008003ca0                HAL_TIMEx_PWMN_Start
                0x0000000008003ccc                HAL_TIMEx_OCN_Start
                0x0000000008003cd0                HAL_TIMEx_PWMN_Start_IT
                0x0000000008003d48                HAL_TIMEx_OCN_Start_IT
                0x0000000008003d4c                HAL_TIMEx_PWMN_Stop_IT
                0x0000000008003df4                HAL_TIMEx_OCN_Stop_IT
                0x0000000008003df8                HAL_TIMEx_PWMN_Start_DMA
                0x0000000008003ef8                HAL_TIMEx_OCN_Start_DMA
                0x0000000008003efc                HAL_TIMEx_PWMN_Stop_DMA
                0x0000000008003fa0                HAL_TIMEx_OCN_Stop_DMA
                0x0000000008003fa4                HAL_TIMEx_OnePulseN_Start
                0x0000000008003fc8                HAL_TIMEx_OnePulseN_Stop
                0x000000000800401c                HAL_TIMEx_PWMN_Stop
                0x0000000008004020                HAL_TIMEx_OCN_Stop
                0x0000000008004024                HAL_TIMEx_OnePulseN_Start_IT
                0x0000000008004058                HAL_TIMEx_OnePulseN_Stop_IT
                0x00000000080040bc                HAL_TIMEx_ConfigCommutationEvent
                0x000000000800410c                HAL_TIMEx_ConfigCommutationEvent_IT
                0x0000000008004164                HAL_TIMEx_ConfigCommutationEvent_DMA
                0x00000000080041cc                HAL_TIM_OC_ConfigChannel
                0x0000000008004244                HAL_TIM_PWM_ConfigChannel
                0x000000000800436c                HAL_TIMEx_MasterConfigSynchronization
                0x00000000080043c0                HAL_TIMEx_ConfigBreakDeadTime
                0x000000000800444c                HAL_TIMEx_RemapConfig
                0x0000000008004478                HAL_TIMEx_GroupChannel5
                0x00000000080044b0                HAL_TIM_ConfigOCrefClear
                0x00000000080045dc                HAL_TIMEx_CommutationCallback
                0x00000000080045e0                TIMEx_DMACommutationCplt
                0x00000000080045f0                HAL_TIMEx_BreakCallback
                0x00000000080045f4                HAL_TIMEx_HallSensor_GetState
 .text          0x00000000080045fc       0xc0 ../../arctic_awesomeness/arch/stm32/f3/src/stm32f3xx_hal_timebase_tim.o
                0x00000000080045fc                HAL_InitTick
                0x0000000008004684                HAL_SuspendTick
                0x0000000008004698                HAL_ResumeTick
                0x00000000080046ac                HAL_TIM_PeriodElapsedCallback
                0x00000000080046b0                TIM6_DAC_IRQHandler
 .text          0x00000000080046bc     0x12d8 ../../arctic_awesomeness/arch/stm32/f3/src/stm32f3xx_hal_uart.o
                0x00000000080046c0                HAL_UART_MspDeInit
                0x00000000080046c4                HAL_UART_DeInit
                0x00000000080046fc                HAL_UART_Transmit_IT
                0x0000000008004744                HAL_UART_Receive_IT
                0x00000000080047c4                HAL_UART_Transmit_DMA
                0x0000000008004840                HAL_UART_Receive_DMA
                0x00000000080048c4                HAL_UART_DMAPause
                0x0000000008004924                HAL_UART_DMAResume
                0x000000000800498c                HAL_UART_DMAStop
                0x0000000008004a04                HAL_UART_Abort
                0x0000000008004a70                HAL_UART_AbortTransmit
                0x0000000008004aa8                HAL_UART_AbortReceive
                0x0000000008004aec                HAL_UART_TxCpltCallback
                0x0000000008004b1c                HAL_UART_TxHalfCpltCallback
                0x0000000008004b2c                HAL_UART_RxCpltCallback
                0x0000000008004b68                HAL_UART_RxHalfCpltCallback
                0x0000000008004b78                HAL_UART_ErrorCallback
                0x0000000008004bfc                HAL_UART_AbortCpltCallback
                0x0000000008004c00                HAL_UART_Abort_IT
                0x0000000008004d28                HAL_UART_AbortTransmitCpltCallback
                0x0000000008004d2c                HAL_UART_AbortTransmit_IT
                0x0000000008004da8                HAL_UART_AbortReceiveCpltCallback
                0x0000000008004dac                HAL_UART_AbortReceive_IT
                0x0000000008004e40                HAL_MultiProcessor_EnterMuteMode
                0x0000000008004e4c                HAL_HalfDuplex_EnableTransmitter
                0x0000000008004e88                HAL_HalfDuplex_EnableReceiver
                0x0000000008004ec4                HAL_LIN_SendBreak
                0x0000000008004ef8                HAL_UART_GetState
                0x0000000008004f04                HAL_UART_GetError
                0x0000000008004f08                UART_SetConfig
                0x0000000008005178                UART_AdvFeatureConfig
                0x0000000008005228                UART_WaitOnFlagUntilTimeout
                0x0000000008005290                HAL_UART_Transmit
                0x0000000008005348                HAL_UART_Receive
                0x0000000008005430                UART_CheckIdleState
                0x00000000080054a0                HAL_UART_Init
                0x000000000800550c                HAL_HalfDuplex_Init
                0x0000000008005584                HAL_LIN_Init
                0x0000000008005614                HAL_MultiProcessor_Init
                0x00000000080056a4                HAL_MultiProcessor_EnableMuteMode
                0x00000000080056d4                HAL_MultiProcessor_DisableMuteMode
                0x0000000008005704                UART_Transmit_IT
                0x000000000800576c                UART_EndTransmit_IT
                0x0000000008005788                UART_Receive_IT
                0x0000000008005800                HAL_UART_IRQHandler
                0x0000000008005960                UART_Wakeup_AddressConfig
 .text          0x0000000008005994      0x1b0 ../../arctic_awesomeness/arch/stm32/f3/src/stm32f3xx_hal_uart_ex.o
                0x0000000008005994                HAL_RS485Ex_Init
                0x0000000008005a24                HAL_UARTEx_WakeupCallback
                0x0000000008005a28                HAL_UARTEx_StopModeWakeUpSourceConfig
                0x0000000008005aa8                HAL_UARTEx_EnableStopMode
                0x0000000008005adc                HAL_UARTEx_DisableStopMode
                0x0000000008005b10                HAL_MultiProcessorEx_AddressLength_Set
 .text          0x0000000008005b44       0xd0 ../../arctic_awesomeness/arch/stm32/f3/src/CMSIS/system_stm32f3xx.o
                0x0000000008005b44                SystemInit
                0x0000000008005bb4                SystemCoreClockUpdate
 .text          0x0000000008005c14       0x10 user_source/foo.o
                0x0000000008005c14                foo
                0x0000000008005c18                TEST_FOO
 .text          0x0000000008005c24       0x58 user_source/uart.o
                0x0000000008005c24                uart_debug_init
                0x0000000008005c2c                uart_init
                0x0000000008005c34                uart_get_byte_blocking
                0x0000000008005c38                uart_send_byte_blocking
                0x0000000008005c3c                uart_get_data_blocking
                0x0000000008005c5c                uart_send_data_blocking
 .text          0x0000000008005c7c      0x10c user_source/hal_interface/board_led.o
                0x0000000008005c7c                board_led_init
                0x0000000008005cc0                board_led_on
                0x0000000008005cf4                board_led_off
                0x0000000008005d28                board_led_all_off
                0x0000000008005d58                board_led_toggle
 .text          0x0000000008005d88       0x7c user_source/hal_interface/cpu.o
                0x0000000008005d88                cpu_init
                0x0000000008005dd8                cpu_sw_delay
                0x0000000008005df0                cpu_sw_delay_us
 .text          0x0000000008005e04      0x148 user_source/hal_interface/cube_hal_msp.o
                0x0000000008005e04                HAL_TIM_PWM_MspInit
                0x0000000008005e5c                HAL_TIM_Base_MspInit
                0x0000000008005ed0                HAL_UART_MspInit
 .text          0x0000000008005f4c       0xd8 user_source/hal_interface/encoder_hal.o
                0x0000000008005f4c                init_encoders
                0x0000000008005fbc                EXTI4_IRQHandler
                0x0000000008005fc8                EXTI3_IRQHandler
                0x0000000008005fd4                encoders_Callback
 .text          0x0000000008006024      0x190 user_source/hal_interface/newlib_stubs.o
                0x0000000008006024                _exit
                0x0000000008006040                _close
                0x0000000008006048                _execve
                0x0000000008006058                _fork
                0x0000000008006068                _fstat
                0x0000000008006074                _getpid
                0x0000000008006078                _isatty
                0x0000000008006090                _kill
                0x00000000080060a0                _link
                0x00000000080060b0                _lseek
                0x00000000080060b4                _read
                0x00000000080060e8                _stat
                0x00000000080060f4                _times
                0x00000000080060fc                _unlink
                0x000000000800610c                _wait
                0x000000000800611c                _write
                0x000000000800616c                _sbrk
 .text          0x00000000080061b4      0x230 user_source/hal_interface/pwm_hal.o
                0x00000000080061b4                init_pwm
                0x000000000800620c                set_pwm
                0x00000000080062c8                adjust
                0x00000000080063a4                motors_control
 .text          0x00000000080063e4      0x118 user_source/hal_interface/queue.o
                0x00000000080063e4                peek
                0x00000000080063fc                isEmpty
                0x000000000800640c                isFull
                0x0000000008006420                size
                0x000000000800642c                insert
                0x0000000008006470                removeData
                0x00000000080064a8                init_queue
                0x00000000080064e8                average
 *fill*         0x00000000080064fc        0x4 
 .text          0x0000000008006500      0x490 user_source/hal_interface/sensor_hal.o
                0x0000000008006500                init_echos
                0x00000000080065a0                init_triggers
                0x0000000008006644                init_timers
                0x00000000080066c8                EXTI15_10_IRQHandler
                0x00000000080066d4                EXTI9_5_IRQHandler
                0x00000000080066ec                sensorsCallbacks
                0x0000000008006810                HAL_GPIO_EXTI_Callback
                0x000000000800694c                trigger_sensor
                0x000000000800696c                init_tresh_dist
 .text          0x0000000008006990       0x74 user_source/hal_interface/uart_hal.o
                0x0000000008006990                uart_hal_init
                0x00000000080069d0                uart_hal_send_byte_blocking
                0x00000000080069e8                uart_hal_get_byte_blocking
 *fill*         0x0000000008006a04       0x3c 
 .text          0x0000000008006a40       0xdc /Users/karlboukhalil/Documents/NYU/Semester 2/Real Time Embedded Systems/sandbox/gcc-arm-none-eabi-5_4-2016q3/bin/../lib/gcc/arm-none-eabi/5.4.1/../../../../arm-none-eabi/lib/armv7e-m/fpu/libc.a(lib_a-strlen.o)
                0x0000000008006a40                strlen
 *fill*         0x0000000008006b1c        0x4 
 .text          0x0000000008006b20       0xa0 /Users/karlboukhalil/Documents/NYU/Semester 2/Real Time Embedded Systems/sandbox/gcc-arm-none-eabi-5_4-2016q3/bin/../lib/gcc/arm-none-eabi/5.4.1/../../../../arm-none-eabi/lib/armv7e-m/fpu/libc.a(lib_a-memchr.o)
                0x0000000008006b20                memchr
 .text          0x0000000008006bc0      0x134 /Users/karlboukhalil/Documents/NYU/Semester 2/Real Time Embedded Systems/sandbox/gcc-arm-none-eabi-5_4-2016q3/bin/../lib/gcc/arm-none-eabi/5.4.1/../../../../arm-none-eabi/lib/armv7e-m/fpu/libc.a(lib_a-memcpy.o)
                0x0000000008006bc0                memcpy
 .text          0x0000000008006cf4      0x370 /Users/karlboukhalil/Documents/NYU/Semester 2/Real Time Embedded Systems/sandbox/gcc-arm-none-eabi-5_4-2016q3/bin/../lib/gcc/arm-none-eabi/5.4.1/armv7e-m/fpu/libgcc.a(_arm_addsubdf3.o)
                0x0000000008006cf4                __aeabi_drsub
                0x0000000008006cfc                __subdf3
                0x0000000008006cfc                __aeabi_dsub
                0x0000000008006d00                __aeabi_dadd
                0x0000000008006d00                __adddf3
                0x0000000008006f78                __aeabi_ui2d
                0x0000000008006f78                __floatunsidf
                0x0000000008006f98                __floatsidf
                0x0000000008006f98                __aeabi_i2d
                0x0000000008006fbc                __extendsfdf2
                0x0000000008006fbc                __aeabi_f2d
                0x0000000008006ff8                __aeabi_ul2d
                0x0000000008006ff8                __floatundidf
                0x0000000008007008                __aeabi_l2d
                0x0000000008007008                __floatdidf
 .text          0x0000000008007064      0x110 /Users/karlboukhalil/Documents/NYU/Semester 2/Real Time Embedded Systems/sandbox/gcc-arm-none-eabi-5_4-2016q3/bin/../lib/gcc/arm-none-eabi/5.4.1/armv7e-m/fpu/libgcc.a(_arm_cmpdf2.o)
                0x0000000008007064                __gtdf2
                0x0000000008007064                __gedf2
                0x000000000800706c                __ltdf2
                0x000000000800706c                __ledf2
                0x0000000008007074                __eqdf2
                0x0000000008007074                __nedf2
                0x0000000008007074                __cmpdf2
                0x00000000080070f0                __aeabi_cdrcmple
                0x0000000008007100                __aeabi_cdcmple
                0x0000000008007100                __aeabi_cdcmpeq
                0x0000000008007110                __aeabi_dcmpeq
                0x0000000008007124                __aeabi_dcmplt
                0x0000000008007138                __aeabi_dcmple
                0x000000000800714c                __aeabi_dcmpge
                0x0000000008007160                __aeabi_dcmpgt
 *(.text*)
 .text.__libc_init_array
                0x0000000008007174       0x50 /Users/karlboukhalil/Documents/NYU/Semester 2/Real Time Embedded Systems/sandbox/gcc-arm-none-eabi-5_4-2016q3/bin/../lib/gcc/arm-none-eabi/5.4.1/../../../../arm-none-eabi/lib/armv7e-m/fpu/libc.a(lib_a-init.o)
                0x0000000008007174                __libc_init_array
 .text.memset   0x00000000080071c4       0x9c /Users/karlboukhalil/Documents/NYU/Semester 2/Real Time Embedded Systems/sandbox/gcc-arm-none-eabi-5_4-2016q3/bin/../lib/gcc/arm-none-eabi/5.4.1/../../../../arm-none-eabi/lib/armv7e-m/fpu/libc.a(lib_a-memset.o)
                0x00000000080071c4                memset
 .text.startup.register_fini
                0x0000000008007260       0x14 /Users/karlboukhalil/Documents/NYU/Semester 2/Real Time Embedded Systems/sandbox/gcc-arm-none-eabi-5_4-2016q3/bin/../lib/gcc/arm-none-eabi/5.4.1/../../../../arm-none-eabi/lib/armv7e-m/fpu/libc.a(lib_a-__call_atexit.o)
 .text.atexit   0x0000000008007274        0xc /Users/karlboukhalil/Documents/NYU/Semester 2/Real Time Embedded Systems/sandbox/gcc-arm-none-eabi-5_4-2016q3/bin/../lib/gcc/arm-none-eabi/5.4.1/../../../../arm-none-eabi/lib/armv7e-m/fpu/libc.a(lib_a-atexit.o)
                0x0000000008007274                atexit
 .text.__libc_fini_array
                0x0000000008007280       0x28 /Users/karlboukhalil/Documents/NYU/Semester 2/Real Time Embedded Systems/sandbox/gcc-arm-none-eabi-5_4-2016q3/bin/../lib/gcc/arm-none-eabi/5.4.1/../../../../arm-none-eabi/lib/armv7e-m/fpu/libc.a(lib_a-fini.o)
                0x0000000008007280                __libc_fini_array
 .text.__register_exitproc
                0x00000000080072a8       0xa4 /Users/karlboukhalil/Documents/NYU/Semester 2/Real Time Embedded Systems/sandbox/gcc-arm-none-eabi-5_4-2016q3/bin/../lib/gcc/arm-none-eabi/5.4.1/../../../../arm-none-eabi/lib/armv7e-m/fpu/libc.a(lib_a-__atexit.o)
                0x00000000080072a8                __register_exitproc
 .text.Reset_Handler
                0x000000000800734c       0x50 ../../arctic_awesomeness/arch/stm32/f3/src/CMSIS/startup_stm32f303xc.o
                0x000000000800734c                Reset_Handler
 .text.Default_Handler
                0x000000000800739c        0x2 ../../arctic_awesomeness/arch/stm32/f3/src/CMSIS/startup_stm32f303xc.o
                0x000000000800739c                TIM1_BRK_TIM15_IRQHandler
                0x000000000800739c                TIM8_TRG_COM_IRQHandler
                0x000000000800739c                TIM8_CC_IRQHandler
                0x000000000800739c                DebugMon_Handler
                0x000000000800739c                TIM1_CC_IRQHandler
                0x000000000800739c                HardFault_Handler
                0x000000000800739c                USB_HP_IRQHandler
                0x000000000800739c                SysTick_Handler
                0x000000000800739c                PVD_IRQHandler
                0x000000000800739c                TAMP_STAMP_IRQHandler
                0x000000000800739c                PendSV_Handler
                0x000000000800739c                NMI_Handler
                0x000000000800739c                USB_HP_CAN_TX_IRQHandler
                0x000000000800739c                EXTI0_IRQHandler
                0x000000000800739c                I2C2_EV_IRQHandler
                0x000000000800739c                FPU_IRQHandler
                0x000000000800739c                TIM1_UP_TIM16_IRQHandler
                0x000000000800739c                UsageFault_Handler
                0x000000000800739c                ADC1_2_IRQHandler
                0x000000000800739c                SPI1_IRQHandler
                0x000000000800739c                CAN_SCE_IRQHandler
                0x000000000800739c                TIM8_UP_IRQHandler
                0x000000000800739c                DMA2_Channel2_IRQHandler
                0x000000000800739c                DMA1_Channel4_IRQHandler
                0x000000000800739c                USART3_IRQHandler
                0x000000000800739c                DMA1_Channel7_IRQHandler
                0x000000000800739c                UART5_IRQHandler
                0x000000000800739c                ADC3_IRQHandler
                0x000000000800739c                TIM4_IRQHandler
                0x000000000800739c                CAN_RX1_IRQHandler
                0x000000000800739c                DMA2_Channel1_IRQHandler
                0x000000000800739c                I2C1_EV_IRQHandler
                0x000000000800739c                DMA1_Channel6_IRQHandler
                0x000000000800739c                UART4_IRQHandler
                0x000000000800739c                DMA2_Channel4_IRQHandler
                0x000000000800739c                TIM3_IRQHandler
                0x000000000800739c                RCC_IRQHandler
                0x000000000800739c                DMA1_Channel1_IRQHandler
                0x000000000800739c                Default_Handler
                0x000000000800739c                USBWakeUp_RMP_IRQHandler
                0x000000000800739c                TIM7_IRQHandler
                0x000000000800739c                RTC_WKUP_IRQHandler
                0x000000000800739c                SPI2_IRQHandler
                0x000000000800739c                USB_LP_CAN_RX0_IRQHandler
                0x000000000800739c                MemManage_Handler
                0x000000000800739c                SVC_Handler
                0x000000000800739c                DMA2_Channel5_IRQHandler
                0x000000000800739c                DMA1_Channel5_IRQHandler
                0x000000000800739c                USB_LP_IRQHandler
                0x000000000800739c                TIM1_TRG_COM_TIM17_IRQHandler
                0x000000000800739c                DMA1_Channel3_IRQHandler
                0x000000000800739c                ADC4_IRQHandler
                0x000000000800739c                WWDG_IRQHandler
                0x000000000800739c                TIM2_IRQHandler
                0x000000000800739c                COMP7_IRQHandler
                0x000000000800739c                COMP1_2_3_IRQHandler
                0x000000000800739c                EXTI1_IRQHandler
                0x000000000800739c                USART2_IRQHandler
                0x000000000800739c                COMP4_5_6_IRQHandler
                0x000000000800739c                I2C2_ER_IRQHandler
                0x000000000800739c                DMA1_Channel2_IRQHandler
                0x000000000800739c                TIM8_BRK_IRQHandler
                0x000000000800739c                FLASH_IRQHandler
                0x000000000800739c                BusFault_Handler
                0x000000000800739c                USART1_IRQHandler
                0x000000000800739c                SPI3_IRQHandler
                0x000000000800739c                I2C1_ER_IRQHandler
                0x000000000800739c                USBWakeUp_IRQHandler
                0x000000000800739c                DMA2_Channel3_IRQHandler
                0x000000000800739c                EXTI2_TSC_IRQHandler
                0x000000000800739c                RTC_Alarm_IRQHandler
 *fill*         0x000000000800739e        0x2 
 .text.startup  0x00000000080073a0      0x310 demo6.o
                0x00000000080073a0                main
 .text._puts_r  0x00000000080076b0       0x68 /Users/karlboukhalil/Documents/NYU/Semester 2/Real Time Embedded Systems/sandbox/gcc-arm-none-eabi-5_4-2016q3/bin/../lib/gcc/arm-none-eabi/5.4.1/../../../../arm-none-eabi/lib/armv7e-m/fpu/libc.a(lib_a-puts.o)
                0x00000000080076b0                _puts_r
 .text.puts     0x0000000008007718       0x10 /Users/karlboukhalil/Documents/NYU/Semester 2/Real Time Embedded Systems/sandbox/gcc-arm-none-eabi-5_4-2016q3/bin/../lib/gcc/arm-none-eabi/5.4.1/../../../../arm-none-eabi/lib/armv7e-m/fpu/libc.a(lib_a-puts.o)
                0x0000000008007718                puts
 .text.setvbuf  0x0000000008007728      0x150 /Users/karlboukhalil/Documents/NYU/Semester 2/Real Time Embedded Systems/sandbox/gcc-arm-none-eabi-5_4-2016q3/bin/../lib/gcc/arm-none-eabi/5.4.1/../../../../arm-none-eabi/lib/armv7e-m/fpu/libc.a(lib_a-setvbuf.o)
                0x0000000008007728                setvbuf
 .text.__sflush_r
                0x0000000008007878      0x148 /Users/karlboukhalil/Documents/NYU/Semester 2/Real Time Embedded Systems/sandbox/gcc-arm-none-eabi-5_4-2016q3/bin/../lib/gcc/arm-none-eabi/5.4.1/../../../../arm-none-eabi/lib/armv7e-m/fpu/libc.a(lib_a-fflush.o)
                0x0000000008007878                __sflush_r
 .text._fflush_r
                0x00000000080079c0       0x2c /Users/karlboukhalil/Documents/NYU/Semester 2/Real Time Embedded Systems/sandbox/gcc-arm-none-eabi-5_4-2016q3/bin/../lib/gcc/arm-none-eabi/5.4.1/../../../../arm-none-eabi/lib/armv7e-m/fpu/libc.a(lib_a-fflush.o)
                0x00000000080079c0                _fflush_r
 .text._cleanup_r
                0x00000000080079ec        0xc /Users/karlboukhalil/Documents/NYU/Semester 2/Real Time Embedded Systems/sandbox/gcc-arm-none-eabi-5_4-2016q3/bin/../lib/gcc/arm-none-eabi/5.4.1/../../../../arm-none-eabi/lib/armv7e-m/fpu/libc.a(lib_a-findfp.o)
                0x00000000080079ec                _cleanup_r
 .text.__sinit.part.1
                0x00000000080079f8       0xf0 /Users/karlboukhalil/Documents/NYU/Semester 2/Real Time Embedded Systems/sandbox/gcc-arm-none-eabi-5_4-2016q3/bin/../lib/gcc/arm-none-eabi/5.4.1/../../../../arm-none-eabi/lib/armv7e-m/fpu/libc.a(lib_a-findfp.o)
 .text.__sinit  0x0000000008007ae8        0xc /Users/karlboukhalil/Documents/NYU/Semester 2/Real Time Embedded Systems/sandbox/gcc-arm-none-eabi-5_4-2016q3/bin/../lib/gcc/arm-none-eabi/5.4.1/../../../../arm-none-eabi/lib/armv7e-m/fpu/libc.a(lib_a-findfp.o)
                0x0000000008007ae8                __sinit
 .text.__sfp_lock_acquire
                0x0000000008007af4        0x4 /Users/karlboukhalil/Documents/NYU/Semester 2/Real Time Embedded Systems/sandbox/gcc-arm-none-eabi-5_4-2016q3/bin/../lib/gcc/arm-none-eabi/5.4.1/../../../../arm-none-eabi/lib/armv7e-m/fpu/libc.a(lib_a-findfp.o)
                0x0000000008007af4                __sfp_lock_acquire
 .text.__sfp_lock_release
                0x0000000008007af8        0x4 /Users/karlboukhalil/Documents/NYU/Semester 2/Real Time Embedded Systems/sandbox/gcc-arm-none-eabi-5_4-2016q3/bin/../lib/gcc/arm-none-eabi/5.4.1/../../../../arm-none-eabi/lib/armv7e-m/fpu/libc.a(lib_a-findfp.o)
                0x0000000008007af8                __sfp_lock_release
 .text._malloc_trim_r
                0x0000000008007afc       0x9c /Users/karlboukhalil/Documents/NYU/Semester 2/Real Time Embedded Systems/sandbox/gcc-arm-none-eabi-5_4-2016q3/bin/../lib/gcc/arm-none-eabi/5.4.1/../../../../arm-none-eabi/lib/armv7e-m/fpu/libc.a(lib_a-freer.o)
                0x0000000008007afc                _malloc_trim_r
 .text._free_r  0x0000000008007b98      0x1d0 /Users/karlboukhalil/Documents/NYU/Semester 2/Real Time Embedded Systems/sandbox/gcc-arm-none-eabi-5_4-2016q3/bin/../lib/gcc/arm-none-eabi/5.4.1/../../../../arm-none-eabi/lib/armv7e-m/fpu/libc.a(lib_a-freer.o)
                0x0000000008007b98                _free_r
 .text.__sfvwrite_r
                0x0000000008007d68      0x304 /Users/karlboukhalil/Documents/NYU/Semester 2/Real Time Embedded Systems/sandbox/gcc-arm-none-eabi-5_4-2016q3/bin/../lib/gcc/arm-none-eabi/5.4.1/../../../../arm-none-eabi/lib/armv7e-m/fpu/libc.a(lib_a-fvwrite.o)
                0x0000000008007d68                __sfvwrite_r
 .text._fwalk_reent
                0x000000000800806c       0x54 /Users/karlboukhalil/Documents/NYU/Semester 2/Real Time Embedded Systems/sandbox/gcc-arm-none-eabi-5_4-2016q3/bin/../lib/gcc/arm-none-eabi/5.4.1/../../../../arm-none-eabi/lib/armv7e-m/fpu/libc.a(lib_a-fwalk.o)
                0x000000000800806c                _fwalk_reent
 .text.__swhatbuf_r
                0x00000000080080c0       0x60 /Users/karlboukhalil/Documents/NYU/Semester 2/Real Time Embedded Systems/sandbox/gcc-arm-none-eabi-5_4-2016q3/bin/../lib/gcc/arm-none-eabi/5.4.1/../../../../arm-none-eabi/lib/armv7e-m/fpu/libc.a(lib_a-makebuf.o)
                0x00000000080080c0                __swhatbuf_r
 .text.__smakebuf_r
                0x0000000008008120       0x88 /Users/karlboukhalil/Documents/NYU/Semester 2/Real Time Embedded Systems/sandbox/gcc-arm-none-eabi-5_4-2016q3/bin/../lib/gcc/arm-none-eabi/5.4.1/../../../../arm-none-eabi/lib/armv7e-m/fpu/libc.a(lib_a-makebuf.o)
                0x0000000008008120                __smakebuf_r
 .text.malloc   0x00000000080081a8       0x10 /Users/karlboukhalil/Documents/NYU/Semester 2/Real Time Embedded Systems/sandbox/gcc-arm-none-eabi-5_4-2016q3/bin/../lib/gcc/arm-none-eabi/5.4.1/../../../../arm-none-eabi/lib/armv7e-m/fpu/libc.a(lib_a-malloc.o)
                0x00000000080081a8                malloc
 .text._malloc_r
                0x00000000080081b8      0x570 /Users/karlboukhalil/Documents/NYU/Semester 2/Real Time Embedded Systems/sandbox/gcc-arm-none-eabi-5_4-2016q3/bin/../lib/gcc/arm-none-eabi/5.4.1/../../../../arm-none-eabi/lib/armv7e-m/fpu/libc.a(lib_a-mallocr.o)
                0x00000000080081b8                _malloc_r
 .text.memmove  0x0000000008008728       0xc8 /Users/karlboukhalil/Documents/NYU/Semester 2/Real Time Embedded Systems/sandbox/gcc-arm-none-eabi-5_4-2016q3/bin/../lib/gcc/arm-none-eabi/5.4.1/../../../../arm-none-eabi/lib/armv7e-m/fpu/libc.a(lib_a-memmove.o)
                0x0000000008008728                memmove
 .text.__malloc_lock
                0x00000000080087f0        0x4 /Users/karlboukhalil/Documents/NYU/Semester 2/Real Time Embedded Systems/sandbox/gcc-arm-none-eabi-5_4-2016q3/bin/../lib/gcc/arm-none-eabi/5.4.1/../../../../arm-none-eabi/lib/armv7e-m/fpu/libc.a(lib_a-mlock.o)
                0x00000000080087f0                __malloc_lock
 .text.__malloc_unlock
                0x00000000080087f4        0x4 /Users/karlboukhalil/Documents/NYU/Semester 2/Real Time Embedded Systems/sandbox/gcc-arm-none-eabi-5_4-2016q3/bin/../lib/gcc/arm-none-eabi/5.4.1/../../../../arm-none-eabi/lib/armv7e-m/fpu/libc.a(lib_a-mlock.o)
                0x00000000080087f4                __malloc_unlock
 .text._realloc_r
                0x00000000080087f8      0x3e0 /Users/karlboukhalil/Documents/NYU/Semester 2/Real Time Embedded Systems/sandbox/gcc-arm-none-eabi-5_4-2016q3/bin/../lib/gcc/arm-none-eabi/5.4.1/../../../../arm-none-eabi/lib/armv7e-m/fpu/libc.a(lib_a-reallocr.o)
                0x00000000080087f8                _realloc_r
 .text._sbrk_r  0x0000000008008bd8       0x24 /Users/karlboukhalil/Documents/NYU/Semester 2/Real Time Embedded Systems/sandbox/gcc-arm-none-eabi-5_4-2016q3/bin/../lib/gcc/arm-none-eabi/5.4.1/../../../../arm-none-eabi/lib/armv7e-m/fpu/libc.a(lib_a-sbrkr.o)
                0x0000000008008bd8                _sbrk_r
 .text.__sread  0x0000000008008bfc       0x24 /Users/karlboukhalil/Documents/NYU/Semester 2/Real Time Embedded Systems/sandbox/gcc-arm-none-eabi-5_4-2016q3/bin/../lib/gcc/arm-none-eabi/5.4.1/../../../../arm-none-eabi/lib/armv7e-m/fpu/libc.a(lib_a-stdio.o)
                0x0000000008008bfc                __sread
 .text.__swrite
                0x0000000008008c20       0x3c /Users/karlboukhalil/Documents/NYU/Semester 2/Real Time Embedded Systems/sandbox/gcc-arm-none-eabi-5_4-2016q3/bin/../lib/gcc/arm-none-eabi/5.4.1/../../../../arm-none-eabi/lib/armv7e-m/fpu/libc.a(lib_a-stdio.o)
                0x0000000008008c20                __swrite
 .text.__sseek  0x0000000008008c5c       0x20 /Users/karlboukhalil/Documents/NYU/Semester 2/Real Time Embedded Systems/sandbox/gcc-arm-none-eabi-5_4-2016q3/bin/../lib/gcc/arm-none-eabi/5.4.1/../../../../arm-none-eabi/lib/armv7e-m/fpu/libc.a(lib_a-stdio.o)
                0x0000000008008c5c                __sseek
 .text.__sclose
                0x0000000008008c7c        0x8 /Users/karlboukhalil/Documents/NYU/Semester 2/Real Time Embedded Systems/sandbox/gcc-arm-none-eabi-5_4-2016q3/bin/../lib/gcc/arm-none-eabi/5.4.1/../../../../arm-none-eabi/lib/armv7e-m/fpu/libc.a(lib_a-stdio.o)
                0x0000000008008c7c                __sclose
 .text._write_r
                0x0000000008008c84       0x2c /Users/karlboukhalil/Documents/NYU/Semester 2/Real Time Embedded Systems/sandbox/gcc-arm-none-eabi-5_4-2016q3/bin/../lib/gcc/arm-none-eabi/5.4.1/../../../../arm-none-eabi/lib/armv7e-m/fpu/libc.a(lib_a-writer.o)
                0x0000000008008c84                _write_r
 .text.__swsetup_r
                0x0000000008008cb0       0xc8 /Users/karlboukhalil/Documents/NYU/Semester 2/Real Time Embedded Systems/sandbox/gcc-arm-none-eabi-5_4-2016q3/bin/../lib/gcc/arm-none-eabi/5.4.1/../../../../arm-none-eabi/lib/armv7e-m/fpu/libc.a(lib_a-wsetup.o)
                0x0000000008008cb0                __swsetup_r
 .text._close_r
                0x0000000008008d78       0x24 /Users/karlboukhalil/Documents/NYU/Semester 2/Real Time Embedded Systems/sandbox/gcc-arm-none-eabi-5_4-2016q3/bin/../lib/gcc/arm-none-eabi/5.4.1/../../../../arm-none-eabi/lib/armv7e-m/fpu/libc.a(lib_a-closer.o)
                0x0000000008008d78                _close_r
 .text._fclose_r
                0x0000000008008d9c       0x84 /Users/karlboukhalil/Documents/NYU/Semester 2/Real Time Embedded Systems/sandbox/gcc-arm-none-eabi-5_4-2016q3/bin/../lib/gcc/arm-none-eabi/5.4.1/../../../../arm-none-eabi/lib/armv7e-m/fpu/libc.a(lib_a-fclose.o)
                0x0000000008008d9c                _fclose_r
 .text._fstat_r
                0x0000000008008e20       0x28 /Users/karlboukhalil/Documents/NYU/Semester 2/Real Time Embedded Systems/sandbox/gcc-arm-none-eabi-5_4-2016q3/bin/../lib/gcc/arm-none-eabi/5.4.1/../../../../arm-none-eabi/lib/armv7e-m/fpu/libc.a(lib_a-fstatr.o)
                0x0000000008008e20                _fstat_r
 .text._isatty_r
                0x0000000008008e48       0x24 /Users/karlboukhalil/Documents/NYU/Semester 2/Real Time Embedded Systems/sandbox/gcc-arm-none-eabi-5_4-2016q3/bin/../lib/gcc/arm-none-eabi/5.4.1/../../../../arm-none-eabi/lib/armv7e-m/fpu/libc.a(lib_a-isattyr.o)
                0x0000000008008e48                _isatty_r
 .text._lseek_r
                0x0000000008008e6c       0x2c /Users/karlboukhalil/Documents/NYU/Semester 2/Real Time Embedded Systems/sandbox/gcc-arm-none-eabi-5_4-2016q3/bin/../lib/gcc/arm-none-eabi/5.4.1/../../../../arm-none-eabi/lib/armv7e-m/fpu/libc.a(lib_a-lseekr.o)
                0x0000000008008e6c                _lseek_r
 .text._read_r  0x0000000008008e98       0x2c /Users/karlboukhalil/Documents/NYU/Semester 2/Real Time Embedded Systems/sandbox/gcc-arm-none-eabi-5_4-2016q3/bin/../lib/gcc/arm-none-eabi/5.4.1/../../../../arm-none-eabi/lib/armv7e-m/fpu/libc.a(lib_a-readr.o)
                0x0000000008008e98                _read_r
 *(.glue_7)
 .glue_7        0x0000000008008ec4        0x0 linker stubs
 *(.glue_7t)
 .glue_7t       0x0000000008008ec4        0x0 linker stubs
 *(.eh_frame)
 .eh_frame      0x0000000008008ec4        0x0 /Users/karlboukhalil/Documents/NYU/Semester 2/Real Time Embedded Systems/sandbox/gcc-arm-none-eabi-5_4-2016q3/bin/../lib/gcc/arm-none-eabi/5.4.1/armv7e-m/fpu/crtbegin.o
 *(.init)
 .init          0x0000000008008ec4        0x4 /Users/karlboukhalil/Documents/NYU/Semester 2/Real Time Embedded Systems/sandbox/gcc-arm-none-eabi-5_4-2016q3/bin/../lib/gcc/arm-none-eabi/5.4.1/armv7e-m/fpu/crti.o
                0x0000000008008ec4                _init
 .init          0x0000000008008ec8        0x8 /Users/karlboukhalil/Documents/NYU/Semester 2/Real Time Embedded Systems/sandbox/gcc-arm-none-eabi-5_4-2016q3/bin/../lib/gcc/arm-none-eabi/5.4.1/armv7e-m/fpu/crtn.o
 *(.fini)
 .fini          0x0000000008008ed0        0x4 /Users/karlboukhalil/Documents/NYU/Semester 2/Real Time Embedded Systems/sandbox/gcc-arm-none-eabi-5_4-2016q3/bin/../lib/gcc/arm-none-eabi/5.4.1/armv7e-m/fpu/crti.o
                0x0000000008008ed0                _fini
 .fini          0x0000000008008ed4        0x8 /Users/karlboukhalil/Documents/NYU/Semester 2/Real Time Embedded Systems/sandbox/gcc-arm-none-eabi-5_4-2016q3/bin/../lib/gcc/arm-none-eabi/5.4.1/armv7e-m/fpu/crtn.o
                0x0000000008008edc                . = ALIGN (0x4)
                0x0000000008008edc                _etext = .

.vfp11_veneer   0x0000000008008edc        0x0
 .vfp11_veneer  0x0000000008008edc        0x0 linker stubs

.v4_bx          0x0000000008008edc        0x0
 .v4_bx         0x0000000008008edc        0x0 linker stubs

.iplt           0x0000000008008edc        0x0
 .iplt          0x0000000008008edc        0x0 /Users/karlboukhalil/Documents/NYU/Semester 2/Real Time Embedded Systems/sandbox/gcc-arm-none-eabi-5_4-2016q3/bin/../lib/gcc/arm-none-eabi/5.4.1/armv7e-m/fpu/crtbegin.o

.rodata         0x0000000008008edc       0x98
                0x0000000008008edc                . = ALIGN (0x4)
 *(.rodata)
 .rodata        0x0000000008008edc       0x20 ../../arctic_awesomeness/arch/stm32/f3/src/stm32f3xx_hal_rcc.o
                0x0000000008008edc                aPLLMULFactorTable
                0x0000000008008eec                aPredivFactorTable
 .rodata        0x0000000008008efc        0x4 ../../arctic_awesomeness/arch/stm32/f3/src/stm32f3xx_hal_uart.o
 .rodata        0x0000000008008f00       0x18 ../../arctic_awesomeness/arch/stm32/f3/src/CMSIS/system_stm32f3xx.o
                0x0000000008008f00                AHBPrescTable
                0x0000000008008f10                APBPrescTable
 *(.rodata*)
 .rodata._global_impure_ptr
                0x0000000008008f18        0x4 /Users/karlboukhalil/Documents/NYU/Semester 2/Real Time Embedded Systems/sandbox/gcc-arm-none-eabi-5_4-2016q3/bin/../lib/gcc/arm-none-eabi/5.4.1/../../../../arm-none-eabi/lib/armv7e-m/fpu/libc.a(lib_a-impure.o)
                0x0000000008008f18                _global_impure_ptr
 .rodata.str1.4
                0x0000000008008f1c       0x32 demo6.o
 *fill*         0x0000000008008f4e        0x2 
 .rodata.str1.4
                0x0000000008008f50       0x22 user_source/hal_interface/newlib_stubs.o
 .rodata.str1.4
                0x0000000008008f72       0x24 /Users/karlboukhalil/Documents/NYU/Semester 2/Real Time Embedded Systems/sandbox/gcc-arm-none-eabi-5_4-2016q3/bin/../lib/gcc/arm-none-eabi/5.4.1/../../../../arm-none-eabi/lib/armv7e-m/fpu/libc.a(lib_a-puts.o)
                                          0x2 (size before relaxing)
                0x0000000008008f98                . = ALIGN (0x4)
 *fill*         0x0000000008008f72        0x2 

.rel.dyn        0x0000000008008f74        0x0
 .rel.iplt      0x0000000008008f74        0x0 /Users/karlboukhalil/Documents/NYU/Semester 2/Real Time Embedded Systems/sandbox/gcc-arm-none-eabi-5_4-2016q3/bin/../lib/gcc/arm-none-eabi/5.4.1/armv7e-m/fpu/crtbegin.o

.ARM.extab
 *(.ARM.extab* .gnu.linkonce.armextab.*)

.ARM            0x0000000008008f74        0x0
                0x0000000008008f74                __exidx_start = .
 *(.ARM.exidx*)
                0x0000000008008f74                __exidx_end = .

.preinit_array  0x0000000008008f74        0x0
                0x0000000008008f74                PROVIDE (__preinit_array_start, .)
 *(.preinit_array*)
                0x0000000008008f74                PROVIDE (__preinit_array_end, .)

.init_array     0x0000000008008f74        0x8
                0x0000000008008f74                PROVIDE (__init_array_start, .)
 *(SORT(.init_array.*))
 .init_array.00000
                0x0000000008008f74        0x4 /Users/karlboukhalil/Documents/NYU/Semester 2/Real Time Embedded Systems/sandbox/gcc-arm-none-eabi-5_4-2016q3/bin/../lib/gcc/arm-none-eabi/5.4.1/../../../../arm-none-eabi/lib/armv7e-m/fpu/libc.a(lib_a-__call_atexit.o)
 *(.init_array*)
 .init_array    0x0000000008008f78        0x4 /Users/karlboukhalil/Documents/NYU/Semester 2/Real Time Embedded Systems/sandbox/gcc-arm-none-eabi-5_4-2016q3/bin/../lib/gcc/arm-none-eabi/5.4.1/armv7e-m/fpu/crtbegin.o
                0x0000000008008f7c                PROVIDE (__init_array_end, .)

.fini_array     0x0000000008008f7c        0x4
                0x0000000008008f7c                PROVIDE (__fini_array_start, .)
 *(SORT(.fini_array.*))
 *(.fini_array*)
 .fini_array    0x0000000008008f7c        0x4 /Users/karlboukhalil/Documents/NYU/Semester 2/Real Time Embedded Systems/sandbox/gcc-arm-none-eabi-5_4-2016q3/bin/../lib/gcc/arm-none-eabi/5.4.1/armv7e-m/fpu/crtbegin.o
                0x0000000008008f80                PROVIDE (__fini_array_end, .)
                0x0000000008008f80                _sidata = LOADADDR (.data)

.data           0x0000000020000000      0x844 load address 0x0000000008008f80
                0x0000000020000000                . = ALIGN (0x4)
                0x0000000020000000                _sdata = .
 *(.data)
 .data          0x0000000020000000        0x4 ../../arctic_awesomeness/arch/stm32/f3/src/CMSIS/system_stm32f3xx.o
                0x0000000020000000                SystemCoreClock
 .data          0x0000000020000004        0x4 user_source/hal_interface/queue.o
                0x0000000020000004                rear
 *(.data*)
 .data.impure_data
                0x0000000020000008      0x428 /Users/karlboukhalil/Documents/NYU/Semester 2/Real Time Embedded Systems/sandbox/gcc-arm-none-eabi-5_4-2016q3/bin/../lib/gcc/arm-none-eabi/5.4.1/../../../../arm-none-eabi/lib/armv7e-m/fpu/libc.a(lib_a-impure.o)
 .data._impure_ptr
                0x0000000020000430        0x4 /Users/karlboukhalil/Documents/NYU/Semester 2/Real Time Embedded Systems/sandbox/gcc-arm-none-eabi-5_4-2016q3/bin/../lib/gcc/arm-none-eabi/5.4.1/../../../../arm-none-eabi/lib/armv7e-m/fpu/libc.a(lib_a-impure.o)
                0x0000000020000430                _impure_ptr
 .data.__malloc_av_
                0x0000000020000434      0x408 /Users/karlboukhalil/Documents/NYU/Semester 2/Real Time Embedded Systems/sandbox/gcc-arm-none-eabi-5_4-2016q3/bin/../lib/gcc/arm-none-eabi/5.4.1/../../../../arm-none-eabi/lib/armv7e-m/fpu/libc.a(lib_a-mallocr.o)
                0x0000000020000434                __malloc_av_
 .data.__malloc_trim_threshold
                0x000000002000083c        0x4 /Users/karlboukhalil/Documents/NYU/Semester 2/Real Time Embedded Systems/sandbox/gcc-arm-none-eabi-5_4-2016q3/bin/../lib/gcc/arm-none-eabi/5.4.1/../../../../arm-none-eabi/lib/armv7e-m/fpu/libc.a(lib_a-mallocr.o)
                0x000000002000083c                __malloc_trim_threshold
 .data.__malloc_sbrk_base
                0x0000000020000840        0x4 /Users/karlboukhalil/Documents/NYU/Semester 2/Real Time Embedded Systems/sandbox/gcc-arm-none-eabi-5_4-2016q3/bin/../lib/gcc/arm-none-eabi/5.4.1/../../../../arm-none-eabi/lib/armv7e-m/fpu/libc.a(lib_a-mallocr.o)
                0x0000000020000840                __malloc_sbrk_base
                0x0000000020000844                . = ALIGN (0x4)
                0x0000000020000844                _edata = .
                0x00000000080097c4                _siccmram = LOADADDR (.ccmram)

.jcr            0x0000000020000844        0x0 load address 0x00000000080097c4
 .jcr           0x0000000020000844        0x0 /Users/karlboukhalil/Documents/NYU/Semester 2/Real Time Embedded Systems/sandbox/gcc-arm-none-eabi-5_4-2016q3/bin/../lib/gcc/arm-none-eabi/5.4.1/armv7e-m/fpu/crtbegin.o

.igot.plt       0x0000000020000844        0x0 load address 0x00000000080097c4
 .igot.plt      0x0000000020000844        0x0 /Users/karlboukhalil/Documents/NYU/Semester 2/Real Time Embedded Systems/sandbox/gcc-arm-none-eabi-5_4-2016q3/bin/../lib/gcc/arm-none-eabi/5.4.1/armv7e-m/fpu/crtbegin.o

.ccmram         0x0000000010000000        0x0 load address 0x00000000080097c4
                0x0000000010000000                . = ALIGN (0x4)
                0x0000000010000000                _sccmram = .
 *(.ccmram)
 *(.ccmram*)
                0x0000000010000000                . = ALIGN (0x4)
                0x0000000010000000                _eccmram = .
                0x0000000010000000                . = ALIGN (0x4)

.bss            0x0000000020000844      0x37c
                0x0000000020000844                _sbss = .
                0x0000000020000844                __bss_start__ = _sbss
 *(.bss)
 .bss           0x0000000020000844       0x1c /Users/karlboukhalil/Documents/NYU/Semester 2/Real Time Embedded Systems/sandbox/gcc-arm-none-eabi-5_4-2016q3/bin/../lib/gcc/arm-none-eabi/5.4.1/armv7e-m/fpu/crtbegin.o
 .bss           0x0000000020000860       0x14 user_source/hal_interface/board_led.o
 .bss           0x0000000020000874       0x18 user_source/hal_interface/encoder_hal.o
                0x0000000020000888                count
 .bss           0x000000002000088c        0x8 user_source/hal_interface/newlib_stubs.o
                0x0000000020000890                __env
 .bss           0x0000000020000894        0xc user_source/hal_interface/queue.o
                0x0000000020000894                front
                0x0000000020000898                itemCount
                0x000000002000089c                sum
 .bss           0x00000000200008a0       0x64 user_source/hal_interface/sensor_hal.o
 *(.bss*)
 .bss.__malloc_max_total_mem
                0x0000000020000904        0x4 /Users/karlboukhalil/Documents/NYU/Semester 2/Real Time Embedded Systems/sandbox/gcc-arm-none-eabi-5_4-2016q3/bin/../lib/gcc/arm-none-eabi/5.4.1/../../../../arm-none-eabi/lib/armv7e-m/fpu/libc.a(lib_a-mallocr.o)
                0x0000000020000904                __malloc_max_total_mem
 .bss.__malloc_max_sbrked_mem
                0x0000000020000908        0x4 /Users/karlboukhalil/Documents/NYU/Semester 2/Real Time Embedded Systems/sandbox/gcc-arm-none-eabi-5_4-2016q3/bin/../lib/gcc/arm-none-eabi/5.4.1/../../../../arm-none-eabi/lib/armv7e-m/fpu/libc.a(lib_a-mallocr.o)
                0x0000000020000908                __malloc_max_sbrked_mem
 .bss.__malloc_top_pad
                0x000000002000090c        0x4 /Users/karlboukhalil/Documents/NYU/Semester 2/Real Time Embedded Systems/sandbox/gcc-arm-none-eabi-5_4-2016q3/bin/../lib/gcc/arm-none-eabi/5.4.1/../../../../arm-none-eabi/lib/armv7e-m/fpu/libc.a(lib_a-mallocr.o)
                0x000000002000090c                __malloc_top_pad
 .bss.__malloc_current_mallinfo
                0x0000000020000910       0x28 /Users/karlboukhalil/Documents/NYU/Semester 2/Real Time Embedded Systems/sandbox/gcc-arm-none-eabi-5_4-2016q3/bin/../lib/gcc/arm-none-eabi/5.4.1/../../../../arm-none-eabi/lib/armv7e-m/fpu/libc.a(lib_a-mallocr.o)
                0x0000000020000910                __malloc_current_mallinfo
 *(COMMON)
 COMMON         0x0000000020000938        0x4 ../../arctic_awesomeness/arch/stm32/f3/src/stm32f3xx_hal.o
                0x0000000020000938                uwTick
 COMMON         0x000000002000093c       0x40 ../../arctic_awesomeness/arch/stm32/f3/src/stm32f3xx_hal_timebase_tim.o
                0x000000002000093c                TimHandle
 COMMON         0x000000002000097c       0x58 demo6.o
                0x000000002000097c                treshDist
                0x0000000020000984                searching
                0x0000000020000988                encoders_distances
                0x0000000020000990                enc_counter
                0x0000000020000998                right_triggered
                0x000000002000099c                state
                0x00000000200009a0                echosPins
                0x00000000200009a8                left_triggered
                0x00000000200009ac                delay
                0x00000000200009b0                encodersPins
                0x00000000200009b4                front_triggered
                0x00000000200009b8                distances
                0x00000000200009c4                motorState
                0x00000000200009c8                triggerPins
                0x00000000200009d0                queue_init
 COMMON         0x00000000200009d4       0x5c user_source/hal_interface/pwm_hal.o
                0x00000000200009d4                timWheels_init
                0x0000000020000a14                timWheels_conf
 COMMON         0x0000000020000a30       0x14 user_source/hal_interface/queue.o
                0x0000000020000a30                intArray
 COMMON         0x0000000020000a44      0x108 user_source/hal_interface/sensor_hal.o
                0x0000000020000a44                tim_conf_vec
                0x0000000020000a8c                tim_init_vec
 COMMON         0x0000000020000b4c       0x70 user_source/hal_interface/uart_hal.o
                0x0000000020000b4c                UartHandle
 COMMON         0x0000000020000bbc        0x4 /Users/karlboukhalil/Documents/NYU/Semester 2/Real Time Embedded Systems/sandbox/gcc-arm-none-eabi-5_4-2016q3/bin/../lib/gcc/arm-none-eabi/5.4.1/../../../../arm-none-eabi/lib/armv7e-m/fpu/libc.a(lib_a-reent.o)
                0x0000000020000bbc                errno
                0x0000000020000bc0                . = ALIGN (0x4)
                0x0000000020000bc0                _ebss = .
                0x0000000020000bc0                __bss_end__ = _ebss

._user_heap_stack
                0x0000000020000bc0     0x1e00
                0x0000000020000bc0                . = ALIGN (0x4)
                [!provide]                        PROVIDE (end, .)
                [!provide]                        PROVIDE (_end, .)
                0x0000000020001ac0                . = (. + _Min_Heap_Size)
 *fill*         0x0000000020000bc0      0xf00 
                0x00000000200029c0                . = (. + _Min_Stack_Size)
 *fill*         0x0000000020001ac0      0xf00 
                0x00000000200029c0                . = ALIGN (0x4)

/DISCARD/
 libc.a(*)
 libm.a(*)
 libgcc.a(*)

.ARM.attributes
                0x0000000000000000       0x30
 *(.ARM.attributes)
 .ARM.attributes
                0x0000000000000000       0x22 /Users/karlboukhalil/Documents/NYU/Semester 2/Real Time Embedded Systems/sandbox/gcc-arm-none-eabi-5_4-2016q3/bin/../lib/gcc/arm-none-eabi/5.4.1/armv7e-m/fpu/crti.o
 .ARM.attributes
                0x0000000000000022       0x34 /Users/karlboukhalil/Documents/NYU/Semester 2/Real Time Embedded Systems/sandbox/gcc-arm-none-eabi-5_4-2016q3/bin/../lib/gcc/arm-none-eabi/5.4.1/armv7e-m/fpu/crtbegin.o
 .ARM.attributes
                0x0000000000000056       0x39 ../../arctic_awesomeness/arch/stm32/f3/src/stm32f3xx_hal.o
 .ARM.attributes
                0x000000000000008f       0x39 ../../arctic_awesomeness/arch/stm32/f3/src/stm32f3xx_hal_cortex.o
 .ARM.attributes
                0x00000000000000c8       0x39 ../../arctic_awesomeness/arch/stm32/f3/src/stm32f3xx_hal_dma.o
 .ARM.attributes
                0x0000000000000101       0x39 ../../arctic_awesomeness/arch/stm32/f3/src/stm32f3xx_hal_gpio.o
 .ARM.attributes
                0x000000000000013a       0x39 ../../arctic_awesomeness/arch/stm32/f3/src/stm32f3xx_hal_msp.o
 .ARM.attributes
                0x0000000000000173       0x39 ../../arctic_awesomeness/arch/stm32/f3/src/stm32f3xx_hal_rcc.o
 .ARM.attributes
                0x00000000000001ac       0x39 ../../arctic_awesomeness/arch/stm32/f3/src/stm32f3xx_hal_tim.o
 .ARM.attributes
                0x00000000000001e5       0x39 ../../arctic_awesomeness/arch/stm32/f3/src/stm32f3xx_hal_tim_ex.o
 .ARM.attributes
                0x000000000000021e       0x39 ../../arctic_awesomeness/arch/stm32/f3/src/stm32f3xx_hal_timebase_tim.o
 .ARM.attributes
                0x0000000000000257       0x39 ../../arctic_awesomeness/arch/stm32/f3/src/stm32f3xx_hal_uart.o
 .ARM.attributes
                0x0000000000000290       0x39 ../../arctic_awesomeness/arch/stm32/f3/src/stm32f3xx_hal_uart_ex.o
 .ARM.attributes
                0x00000000000002c9       0x39 ../../arctic_awesomeness/arch/stm32/f3/src/CMSIS/system_stm32f3xx.o
 .ARM.attributes
                0x0000000000000302       0x21 ../../arctic_awesomeness/arch/stm32/f3/src/CMSIS/startup_stm32f303xc.o
 .ARM.attributes
                0x0000000000000323       0x39 demo6.o
 .ARM.attributes
                0x000000000000035c       0x39 user_source/foo.o
 .ARM.attributes
                0x0000000000000395       0x39 user_source/uart.o
 .ARM.attributes
                0x00000000000003ce       0x39 user_source/hal_interface/board_led.o
 .ARM.attributes
                0x0000000000000407       0x39 user_source/hal_interface/cpu.o
 .ARM.attributes
                0x0000000000000440       0x39 user_source/hal_interface/cube_hal_msp.o
 .ARM.attributes
                0x0000000000000479       0x39 user_source/hal_interface/encoder_hal.o
 .ARM.attributes
                0x00000000000004b2       0x39 user_source/hal_interface/newlib_stubs.o
 .ARM.attributes
                0x00000000000004eb       0x39 user_source/hal_interface/pwm_hal.o
 .ARM.attributes
                0x0000000000000524       0x39 user_source/hal_interface/queue.o
 .ARM.attributes
                0x000000000000055d       0x39 user_source/hal_interface/sensor_hal.o
 .ARM.attributes
                0x0000000000000596       0x39 user_source/hal_interface/uart_hal.o
 .ARM.attributes
                0x00000000000005cf       0x34 /Users/karlboukhalil/Documents/NYU/Semester 2/Real Time Embedded Systems/sandbox/gcc-arm-none-eabi-5_4-2016q3/bin/../lib/gcc/arm-none-eabi/5.4.1/../../../../arm-none-eabi/lib/armv7e-m/fpu/libc.a(lib_a-puts.o)
 .ARM.attributes
                0x0000000000000603       0x34 /Users/karlboukhalil/Documents/NYU/Semester 2/Real Time Embedded Systems/sandbox/gcc-arm-none-eabi-5_4-2016q3/bin/../lib/gcc/arm-none-eabi/5.4.1/../../../../arm-none-eabi/lib/armv7e-m/fpu/libc.a(lib_a-reent.o)
 .ARM.attributes
                0x0000000000000637       0x34 /Users/karlboukhalil/Documents/NYU/Semester 2/Real Time Embedded Systems/sandbox/gcc-arm-none-eabi-5_4-2016q3/bin/../lib/gcc/arm-none-eabi/5.4.1/../../../../arm-none-eabi/lib/armv7e-m/fpu/libc.a(lib_a-setvbuf.o)
 .ARM.attributes
                0x000000000000066b       0x20 /Users/karlboukhalil/Documents/NYU/Semester 2/Real Time Embedded Systems/sandbox/gcc-arm-none-eabi-5_4-2016q3/bin/../lib/gcc/arm-none-eabi/5.4.1/../../../../arm-none-eabi/lib/armv7e-m/fpu/libc.a(lib_a-strlen.o)
 .ARM.attributes
                0x000000000000068b       0x34 /Users/karlboukhalil/Documents/NYU/Semester 2/Real Time Embedded Systems/sandbox/gcc-arm-none-eabi-5_4-2016q3/bin/../lib/gcc/arm-none-eabi/5.4.1/../../../../arm-none-eabi/lib/armv7e-m/fpu/libc.a(lib_a-fflush.o)
 .ARM.attributes
                0x00000000000006bf       0x34 /Users/karlboukhalil/Documents/NYU/Semester 2/Real Time Embedded Systems/sandbox/gcc-arm-none-eabi-5_4-2016q3/bin/../lib/gcc/arm-none-eabi/5.4.1/../../../../arm-none-eabi/lib/armv7e-m/fpu/libc.a(lib_a-findfp.o)
 .ARM.attributes
                0x00000000000006f3       0x34 /Users/karlboukhalil/Documents/NYU/Semester 2/Real Time Embedded Systems/sandbox/gcc-arm-none-eabi-5_4-2016q3/bin/../lib/gcc/arm-none-eabi/5.4.1/../../../../arm-none-eabi/lib/armv7e-m/fpu/libc.a(lib_a-freer.o)
 .ARM.attributes
                0x0000000000000727       0x34 /Users/karlboukhalil/Documents/NYU/Semester 2/Real Time Embedded Systems/sandbox/gcc-arm-none-eabi-5_4-2016q3/bin/../lib/gcc/arm-none-eabi/5.4.1/../../../../arm-none-eabi/lib/armv7e-m/fpu/libc.a(lib_a-fvwrite.o)
 .ARM.attributes
                0x000000000000075b       0x34 /Users/karlboukhalil/Documents/NYU/Semester 2/Real Time Embedded Systems/sandbox/gcc-arm-none-eabi-5_4-2016q3/bin/../lib/gcc/arm-none-eabi/5.4.1/../../../../arm-none-eabi/lib/armv7e-m/fpu/libc.a(lib_a-fwalk.o)
 .ARM.attributes
                0x000000000000078f       0x34 /Users/karlboukhalil/Documents/NYU/Semester 2/Real Time Embedded Systems/sandbox/gcc-arm-none-eabi-5_4-2016q3/bin/../lib/gcc/arm-none-eabi/5.4.1/../../../../arm-none-eabi/lib/armv7e-m/fpu/libc.a(lib_a-makebuf.o)
 .ARM.attributes
                0x00000000000007c3       0x34 /Users/karlboukhalil/Documents/NYU/Semester 2/Real Time Embedded Systems/sandbox/gcc-arm-none-eabi-5_4-2016q3/bin/../lib/gcc/arm-none-eabi/5.4.1/../../../../arm-none-eabi/lib/armv7e-m/fpu/libc.a(lib_a-malloc.o)
 .ARM.attributes
                0x00000000000007f7       0x34 /Users/karlboukhalil/Documents/NYU/Semester 2/Real Time Embedded Systems/sandbox/gcc-arm-none-eabi-5_4-2016q3/bin/../lib/gcc/arm-none-eabi/5.4.1/../../../../arm-none-eabi/lib/armv7e-m/fpu/libc.a(lib_a-mallocr.o)
 .ARM.attributes
                0x000000000000082b       0x20 /Users/karlboukhalil/Documents/NYU/Semester 2/Real Time Embedded Systems/sandbox/gcc-arm-none-eabi-5_4-2016q3/bin/../lib/gcc/arm-none-eabi/5.4.1/../../../../arm-none-eabi/lib/armv7e-m/fpu/libc.a(lib_a-memchr.o)
 .ARM.attributes
                0x000000000000084b       0x20 /Users/karlboukhalil/Documents/NYU/Semester 2/Real Time Embedded Systems/sandbox/gcc-arm-none-eabi-5_4-2016q3/bin/../lib/gcc/arm-none-eabi/5.4.1/../../../../arm-none-eabi/lib/armv7e-m/fpu/libc.a(lib_a-memcpy.o)
 .ARM.attributes
                0x000000000000086b       0x34 /Users/karlboukhalil/Documents/NYU/Semester 2/Real Time Embedded Systems/sandbox/gcc-arm-none-eabi-5_4-2016q3/bin/../lib/gcc/arm-none-eabi/5.4.1/../../../../arm-none-eabi/lib/armv7e-m/fpu/libc.a(lib_a-memmove.o)
 .ARM.attributes
                0x000000000000089f       0x34 /Users/karlboukhalil/Documents/NYU/Semester 2/Real Time Embedded Systems/sandbox/gcc-arm-none-eabi-5_4-2016q3/bin/../lib/gcc/arm-none-eabi/5.4.1/../../../../arm-none-eabi/lib/armv7e-m/fpu/libc.a(lib_a-mlock.o)
 .ARM.attributes
                0x00000000000008d3       0x34 /Users/karlboukhalil/Documents/NYU/Semester 2/Real Time Embedded Systems/sandbox/gcc-arm-none-eabi-5_4-2016q3/bin/../lib/gcc/arm-none-eabi/5.4.1/../../../../arm-none-eabi/lib/armv7e-m/fpu/libc.a(lib_a-reallocr.o)
 .ARM.attributes
                0x0000000000000907       0x34 /Users/karlboukhalil/Documents/NYU/Semester 2/Real Time Embedded Systems/sandbox/gcc-arm-none-eabi-5_4-2016q3/bin/../lib/gcc/arm-none-eabi/5.4.1/../../../../arm-none-eabi/lib/armv7e-m/fpu/libc.a(lib_a-sbrkr.o)
 .ARM.attributes
                0x000000000000093b       0x34 /Users/karlboukhalil/Documents/NYU/Semester 2/Real Time Embedded Systems/sandbox/gcc-arm-none-eabi-5_4-2016q3/bin/../lib/gcc/arm-none-eabi/5.4.1/../../../../arm-none-eabi/lib/armv7e-m/fpu/libc.a(lib_a-stdio.o)
 .ARM.attributes
                0x000000000000096f       0x34 /Users/karlboukhalil/Documents/NYU/Semester 2/Real Time Embedded Systems/sandbox/gcc-arm-none-eabi-5_4-2016q3/bin/../lib/gcc/arm-none-eabi/5.4.1/../../../../arm-none-eabi/lib/armv7e-m/fpu/libc.a(lib_a-writer.o)
 .ARM.attributes
                0x00000000000009a3       0x34 /Users/karlboukhalil/Documents/NYU/Semester 2/Real Time Embedded Systems/sandbox/gcc-arm-none-eabi-5_4-2016q3/bin/../lib/gcc/arm-none-eabi/5.4.1/../../../../arm-none-eabi/lib/armv7e-m/fpu/libc.a(lib_a-wsetup.o)
 .ARM.attributes
                0x00000000000009d7       0x34 /Users/karlboukhalil/Documents/NYU/Semester 2/Real Time Embedded Systems/sandbox/gcc-arm-none-eabi-5_4-2016q3/bin/../lib/gcc/arm-none-eabi/5.4.1/../../../../arm-none-eabi/lib/armv7e-m/fpu/libc.a(lib_a-closer.o)
 .ARM.attributes
                0x0000000000000a0b       0x34 /Users/karlboukhalil/Documents/NYU/Semester 2/Real Time Embedded Systems/sandbox/gcc-arm-none-eabi-5_4-2016q3/bin/../lib/gcc/arm-none-eabi/5.4.1/../../../../arm-none-eabi/lib/armv7e-m/fpu/libc.a(lib_a-fclose.o)
 .ARM.attributes
                0x0000000000000a3f       0x34 /Users/karlboukhalil/Documents/NYU/Semester 2/Real Time Embedded Systems/sandbox/gcc-arm-none-eabi-5_4-2016q3/bin/../lib/gcc/arm-none-eabi/5.4.1/../../../../arm-none-eabi/lib/armv7e-m/fpu/libc.a(lib_a-fstatr.o)
 .ARM.attributes
                0x0000000000000a73       0x34 /Users/karlboukhalil/Documents/NYU/Semester 2/Real Time Embedded Systems/sandbox/gcc-arm-none-eabi-5_4-2016q3/bin/../lib/gcc/arm-none-eabi/5.4.1/../../../../arm-none-eabi/lib/armv7e-m/fpu/libc.a(lib_a-isattyr.o)
 .ARM.attributes
                0x0000000000000aa7       0x34 /Users/karlboukhalil/Documents/NYU/Semester 2/Real Time Embedded Systems/sandbox/gcc-arm-none-eabi-5_4-2016q3/bin/../lib/gcc/arm-none-eabi/5.4.1/../../../../arm-none-eabi/lib/armv7e-m/fpu/libc.a(lib_a-lseekr.o)
 .ARM.attributes
                0x0000000000000adb       0x34 /Users/karlboukhalil/Documents/NYU/Semester 2/Real Time Embedded Systems/sandbox/gcc-arm-none-eabi-5_4-2016q3/bin/../lib/gcc/arm-none-eabi/5.4.1/../../../../arm-none-eabi/lib/armv7e-m/fpu/libc.a(lib_a-readr.o)
 .ARM.attributes
                0x0000000000000b0f       0x22 /Users/karlboukhalil/Documents/NYU/Semester 2/Real Time Embedded Systems/sandbox/gcc-arm-none-eabi-5_4-2016q3/bin/../lib/gcc/arm-none-eabi/5.4.1/armv7e-m/fpu/libgcc.a(_arm_addsubdf3.o)
 .ARM.attributes
                0x0000000000000b31       0x22 /Users/karlboukhalil/Documents/NYU/Semester 2/Real Time Embedded Systems/sandbox/gcc-arm-none-eabi-5_4-2016q3/bin/../lib/gcc/arm-none-eabi/5.4.1/armv7e-m/fpu/libgcc.a(_arm_cmpdf2.o)
 .ARM.attributes
                0x0000000000000b53       0x22 /Users/karlboukhalil/Documents/NYU/Semester 2/Real Time Embedded Systems/sandbox/gcc-arm-none-eabi-5_4-2016q3/bin/../lib/gcc/arm-none-eabi/5.4.1/armv7e-m/fpu/crtn.o
LOAD ../../arctic_awesomeness/arch/stm32/f3/src/stm32f3xx_hal.o
LOAD ../../arctic_awesomeness/arch/stm32/f3/src/stm32f3xx_hal_adc.o
LOAD ../../arctic_awesomeness/arch/stm32/f3/src/stm32f3xx_hal_adc_ex.o
LOAD ../../arctic_awesomeness/arch/stm32/f3/src/stm32f3xx_hal_can.o
LOAD ../../arctic_awesomeness/arch/stm32/f3/src/stm32f3xx_hal_cec.o
LOAD ../../arctic_awesomeness/arch/stm32/f3/src/stm32f3xx_hal_comp.o
LOAD ../../arctic_awesomeness/arch/stm32/f3/src/stm32f3xx_hal_cortex.o
LOAD ../../arctic_awesomeness/arch/stm32/f3/src/stm32f3xx_hal_crc.o
LOAD ../../arctic_awesomeness/arch/stm32/f3/src/stm32f3xx_hal_crc_ex.o
LOAD ../../arctic_awesomeness/arch/stm32/f3/src/stm32f3xx_hal_dac.o
LOAD ../../arctic_awesomeness/arch/stm32/f3/src/stm32f3xx_hal_dac_ex.o
LOAD ../../arctic_awesomeness/arch/stm32/f3/src/stm32f3xx_hal_dma.o
LOAD ../../arctic_awesomeness/arch/stm32/f3/src/stm32f3xx_hal_flash.o
LOAD ../../arctic_awesomeness/arch/stm32/f3/src/stm32f3xx_hal_flash_ex.o
LOAD ../../arctic_awesomeness/arch/stm32/f3/src/stm32f3xx_hal_gpio.o
LOAD ../../arctic_awesomeness/arch/stm32/f3/src/stm32f3xx_hal_hrtim.o
LOAD ../../arctic_awesomeness/arch/stm32/f3/src/stm32f3xx_hal_i2c.o
LOAD ../../arctic_awesomeness/arch/stm32/f3/src/stm32f3xx_hal_i2c_ex.o
LOAD ../../arctic_awesomeness/arch/stm32/f3/src/stm32f3xx_hal_i2s.o
LOAD ../../arctic_awesomeness/arch/stm32/f3/src/stm32f3xx_hal_i2s_ex.o
LOAD ../../arctic_awesomeness/arch/stm32/f3/src/stm32f3xx_hal_irda.o
LOAD ../../arctic_awesomeness/arch/stm32/f3/src/stm32f3xx_hal_iwdg.o
LOAD ../../arctic_awesomeness/arch/stm32/f3/src/stm32f3xx_hal_msp.o
LOAD ../../arctic_awesomeness/arch/stm32/f3/src/stm32f3xx_hal_nand.o
LOAD ../../arctic_awesomeness/arch/stm32/f3/src/stm32f3xx_hal_nor.o
LOAD ../../arctic_awesomeness/arch/stm32/f3/src/stm32f3xx_hal_opamp.o
LOAD ../../arctic_awesomeness/arch/stm32/f3/src/stm32f3xx_hal_opamp_ex.o
LOAD ../../arctic_awesomeness/arch/stm32/f3/src/stm32f3xx_hal_pccard.o
LOAD ../../arctic_awesomeness/arch/stm32/f3/src/stm32f3xx_hal_pcd.o
LOAD ../../arctic_awesomeness/arch/stm32/f3/src/stm32f3xx_hal_pcd_ex.o
LOAD ../../arctic_awesomeness/arch/stm32/f3/src/stm32f3xx_hal_pwr.o
LOAD ../../arctic_awesomeness/arch/stm32/f3/src/stm32f3xx_hal_pwr_ex.o
LOAD ../../arctic_awesomeness/arch/stm32/f3/src/stm32f3xx_hal_rcc.o
LOAD ../../arctic_awesomeness/arch/stm32/f3/src/stm32f3xx_hal_rcc_ex.o
LOAD ../../arctic_awesomeness/arch/stm32/f3/src/stm32f3xx_hal_rtc.o
LOAD ../../arctic_awesomeness/arch/stm32/f3/src/stm32f3xx_hal_rtc_ex.o
LOAD ../../arctic_awesomeness/arch/stm32/f3/src/stm32f3xx_hal_sdadc.o
LOAD ../../arctic_awesomeness/arch/stm32/f3/src/stm32f3xx_hal_smartcard.o
LOAD ../../arctic_awesomeness/arch/stm32/f3/src/stm32f3xx_hal_smartcard_ex.o
LOAD ../../arctic_awesomeness/arch/stm32/f3/src/stm32f3xx_hal_smbus.o
LOAD ../../arctic_awesomeness/arch/stm32/f3/src/stm32f3xx_hal_spi.o
LOAD ../../arctic_awesomeness/arch/stm32/f3/src/stm32f3xx_hal_spi_ex.o
LOAD ../../arctic_awesomeness/arch/stm32/f3/src/stm32f3xx_hal_sram.o
LOAD ../../arctic_awesomeness/arch/stm32/f3/src/stm32f3xx_hal_tim.o
LOAD ../../arctic_awesomeness/arch/stm32/f3/src/stm32f3xx_hal_tim_ex.o
LOAD ../../arctic_awesomeness/arch/stm32/f3/src/stm32f3xx_hal_timebase_tim.o
LOAD ../../arctic_awesomeness/arch/stm32/f3/src/stm32f3xx_hal_tsc.o
LOAD ../../arctic_awesomeness/arch/stm32/f3/src/stm32f3xx_hal_uart.o
LOAD ../../arctic_awesomeness/arch/stm32/f3/src/stm32f3xx_hal_uart_ex.o
LOAD ../../arctic_awesomeness/arch/stm32/f3/src/stm32f3xx_hal_usart.o
LOAD ../../arctic_awesomeness/arch/stm32/f3/src/stm32f3xx_hal_wwdg.o
LOAD ../../arctic_awesomeness/arch/stm32/f3/src/stm32f3xx_ll_adc.o
LOAD ../../arctic_awesomeness/arch/stm32/f3/src/stm32f3xx_ll_comp.o
LOAD ../../arctic_awesomeness/arch/stm32/f3/src/stm32f3xx_ll_crc.o
LOAD ../../arctic_awesomeness/arch/stm32/f3/src/stm32f3xx_ll_dac.o
LOAD ../../arctic_awesomeness/arch/stm32/f3/src/stm32f3xx_ll_dma.o
LOAD ../../arctic_awesomeness/arch/stm32/f3/src/stm32f3xx_ll_exti.o
LOAD ../../arctic_awesomeness/arch/stm32/f3/src/stm32f3xx_ll_fmc.o
LOAD ../../arctic_awesomeness/arch/stm32/f3/src/stm32f3xx_ll_gpio.o
LOAD ../../arctic_awesomeness/arch/stm32/f3/src/stm32f3xx_ll_hrtim.o
LOAD ../../arctic_awesomeness/arch/stm32/f3/src/stm32f3xx_ll_i2c.o
LOAD ../../arctic_awesomeness/arch/stm32/f3/src/stm32f3xx_ll_opamp.o
LOAD ../../arctic_awesomeness/arch/stm32/f3/src/stm32f3xx_ll_pwr.o
LOAD ../../arctic_awesomeness/arch/stm32/f3/src/stm32f3xx_ll_rcc.o
LOAD ../../arctic_awesomeness/arch/stm32/f3/src/stm32f3xx_ll_rtc.o
LOAD ../../arctic_awesomeness/arch/stm32/f3/src/stm32f3xx_ll_spi.o
LOAD ../../arctic_awesomeness/arch/stm32/f3/src/stm32f3xx_ll_tim.o
LOAD ../../arctic_awesomeness/arch/stm32/f3/src/stm32f3xx_ll_usart.o
LOAD ../../arctic_awesomeness/arch/stm32/f3/src/stm32f3xx_ll_utils.o
LOAD ../../arctic_awesomeness/arch/stm32/f3/src/CMSIS/system_stm32f3xx.o
LOAD ../../arctic_awesomeness/arch/stm32/f3/src/CMSIS/startup_stm32f303xc.o
LOAD demo6.o
LOAD user_source/foo.o
LOAD user_source/uart.o
LOAD user_source/hal_interface/board_led.o
LOAD user_source/hal_interface/cpu.o
LOAD user_source/hal_interface/cube_hal_msp.o
LOAD user_source/hal_interface/encoder_hal.o
LOAD user_source/hal_interface/newlib_stubs.o
LOAD user_source/hal_interface/pwm_hal.o
LOAD user_source/hal_interface/queue.o
LOAD user_source/hal_interface/sensor_hal.o
LOAD user_source/hal_interface/uart_hal.o
LOAD /Users/karlboukhalil/Documents/NYU/Semester 2/Real Time Embedded Systems/sandbox/gcc-arm-none-eabi-5_4-2016q3/bin/../lib/gcc/arm-none-eabi/5.4.1/../../../../arm-none-eabi/lib/armv7e-m/fpu/libm.a
LOAD /Users/karlboukhalil/Documents/NYU/Semester 2/Real Time Embedded Systems/sandbox/gcc-arm-none-eabi-5_4-2016q3/bin/../lib/gcc/arm-none-eabi/5.4.1/../../../../arm-none-eabi/lib/armv7e-m/fpu/libc.a
START GROUP
LOAD /Users/karlboukhalil/Documents/NYU/Semester 2/Real Time Embedded Systems/sandbox/gcc-arm-none-eabi-5_4-2016q3/bin/../lib/gcc/arm-none-eabi/5.4.1/armv7e-m/fpu/libgcc.a
LOAD /Users/karlboukhalil/Documents/NYU/Semester 2/Real Time Embedded Systems/sandbox/gcc-arm-none-eabi-5_4-2016q3/bin/../lib/gcc/arm-none-eabi/5.4.1/../../../../arm-none-eabi/lib/armv7e-m/fpu/libc.a
END GROUP
START GROUP
LOAD /Users/karlboukhalil/Documents/NYU/Semester 2/Real Time Embedded Systems/sandbox/gcc-arm-none-eabi-5_4-2016q3/bin/../lib/gcc/arm-none-eabi/5.4.1/armv7e-m/fpu/libgcc.a
LOAD /Users/karlboukhalil/Documents/NYU/Semester 2/Real Time Embedded Systems/sandbox/gcc-arm-none-eabi-5_4-2016q3/bin/../lib/gcc/arm-none-eabi/5.4.1/../../../../arm-none-eabi/lib/armv7e-m/fpu/libc.a
LOAD /Users/karlboukhalil/Documents/NYU/Semester 2/Real Time Embedded Systems/sandbox/gcc-arm-none-eabi-5_4-2016q3/bin/../lib/gcc/arm-none-eabi/5.4.1/../../../../arm-none-eabi/lib/armv7e-m/fpu/libnosys.a
END GROUP
LOAD /Users/karlboukhalil/Documents/NYU/Semester 2/Real Time Embedded Systems/sandbox/gcc-arm-none-eabi-5_4-2016q3/bin/../lib/gcc/arm-none-eabi/5.4.1/armv7e-m/fpu/crtend.o
LOAD /Users/karlboukhalil/Documents/NYU/Semester 2/Real Time Embedded Systems/sandbox/gcc-arm-none-eabi-5_4-2016q3/bin/../lib/gcc/arm-none-eabi/5.4.1/armv7e-m/fpu/crtn.o
OUTPUT(demo6.elf elf32-littlearm)

.debug_info     0x0000000000000000    0x11115
 .debug_info    0x0000000000000000      0x6ed ../../arctic_awesomeness/arch/stm32/f3/src/stm32f3xx_hal.o
 .debug_info    0x00000000000006ed      0xe6d ../../arctic_awesomeness/arch/stm32/f3/src/stm32f3xx_hal_cortex.o
 .debug_info    0x000000000000155a      0x7d5 ../../arctic_awesomeness/arch/stm32/f3/src/stm32f3xx_hal_dma.o
 .debug_info    0x0000000000001d2f      0x673 ../../arctic_awesomeness/arch/stm32/f3/src/stm32f3xx_hal_gpio.o
 .debug_info    0x00000000000023a2       0xbf ../../arctic_awesomeness/arch/stm32/f3/src/stm32f3xx_hal_msp.o
 .debug_info    0x0000000000002461     0x1341 ../../arctic_awesomeness/arch/stm32/f3/src/stm32f3xx_hal_rcc.o
 .debug_info    0x00000000000037a2     0x3163 ../../arctic_awesomeness/arch/stm32/f3/src/stm32f3xx_hal_tim.o
 .debug_info    0x0000000000006905     0x14d4 ../../arctic_awesomeness/arch/stm32/f3/src/stm32f3xx_hal_tim_ex.o
 .debug_info    0x0000000000007dd9      0xa75 ../../arctic_awesomeness/arch/stm32/f3/src/stm32f3xx_hal_timebase_tim.o
 .debug_info    0x000000000000884e     0x18ee ../../arctic_awesomeness/arch/stm32/f3/src/stm32f3xx_hal_uart.o
 .debug_info    0x000000000000a13c      0x8db ../../arctic_awesomeness/arch/stm32/f3/src/stm32f3xx_hal_uart_ex.o
 .debug_info    0x000000000000aa17      0x3f2 ../../arctic_awesomeness/arch/stm32/f3/src/CMSIS/system_stm32f3xx.o
 .debug_info    0x000000000000ae09       0xf3 ../../arctic_awesomeness/arch/stm32/f3/src/CMSIS/startup_stm32f303xc.o
 .debug_info    0x000000000000aefc     0x10cf demo6.o
 .debug_info    0x000000000000bfcb       0x96 user_source/foo.o
 .debug_info    0x000000000000c061      0x2b1 user_source/uart.o
 .debug_info    0x000000000000c312      0x555 user_source/hal_interface/board_led.o
 .debug_info    0x000000000000c867      0x335 user_source/hal_interface/cpu.o
 .debug_info    0x000000000000cb9c      0xbe2 user_source/hal_interface/cube_hal_msp.o
 .debug_info    0x000000000000d77e      0x663 user_source/hal_interface/encoder_hal.o
 .debug_info    0x000000000000dde1      0x880 user_source/hal_interface/newlib_stubs.o
 .debug_info    0x000000000000e661      0xc20 user_source/hal_interface/pwm_hal.o
 .debug_info    0x000000000000f281      0x587 user_source/hal_interface/queue.o
 .debug_info    0x000000000000f808     0x11dc user_source/hal_interface/sensor_hal.o
 .debug_info    0x00000000000109e4      0x731 user_source/hal_interface/uart_hal.o

.debug_abbrev   0x0000000000000000     0x2f15
 .debug_abbrev  0x0000000000000000      0x1d0 ../../arctic_awesomeness/arch/stm32/f3/src/stm32f3xx_hal.o
 .debug_abbrev  0x00000000000001d0      0x304 ../../arctic_awesomeness/arch/stm32/f3/src/stm32f3xx_hal_cortex.o
 .debug_abbrev  0x00000000000004d4      0x219 ../../arctic_awesomeness/arch/stm32/f3/src/stm32f3xx_hal_dma.o
 .debug_abbrev  0x00000000000006ed      0x1d7 ../../arctic_awesomeness/arch/stm32/f3/src/stm32f3xx_hal_gpio.o
 .debug_abbrev  0x00000000000008c4       0x70 ../../arctic_awesomeness/arch/stm32/f3/src/stm32f3xx_hal_msp.o
 .debug_abbrev  0x0000000000000934      0x2cc ../../arctic_awesomeness/arch/stm32/f3/src/stm32f3xx_hal_rcc.o
 .debug_abbrev  0x0000000000000c00      0x333 ../../arctic_awesomeness/arch/stm32/f3/src/stm32f3xx_hal_tim.o
 .debug_abbrev  0x0000000000000f33      0x2b6 ../../arctic_awesomeness/arch/stm32/f3/src/stm32f3xx_hal_tim_ex.o
 .debug_abbrev  0x00000000000011e9      0x205 ../../arctic_awesomeness/arch/stm32/f3/src/stm32f3xx_hal_timebase_tim.o
 .debug_abbrev  0x00000000000013ee      0x314 ../../arctic_awesomeness/arch/stm32/f3/src/stm32f3xx_hal_uart.o
 .debug_abbrev  0x0000000000001702      0x1ee ../../arctic_awesomeness/arch/stm32/f3/src/stm32f3xx_hal_uart_ex.o
 .debug_abbrev  0x00000000000018f0      0x101 ../../arctic_awesomeness/arch/stm32/f3/src/CMSIS/system_stm32f3xx.o
 .debug_abbrev  0x00000000000019f1       0x12 ../../arctic_awesomeness/arch/stm32/f3/src/CMSIS/startup_stm32f303xc.o
 .debug_abbrev  0x0000000000001a03      0x29f demo6.o
 .debug_abbrev  0x0000000000001ca2       0x94 user_source/foo.o
 .debug_abbrev  0x0000000000001d36      0x16a user_source/uart.o
 .debug_abbrev  0x0000000000001ea0      0x195 user_source/hal_interface/board_led.o
 .debug_abbrev  0x0000000000002035      0x16a user_source/hal_interface/cpu.o
 .debug_abbrev  0x000000000000219f      0x1b3 user_source/hal_interface/cube_hal_msp.o
 .debug_abbrev  0x0000000000002352      0x189 user_source/hal_interface/encoder_hal.o
 .debug_abbrev  0x00000000000024db      0x28e user_source/hal_interface/newlib_stubs.o
 .debug_abbrev  0x0000000000002769      0x1c3 user_source/hal_interface/pwm_hal.o
 .debug_abbrev  0x000000000000292c      0x1da user_source/hal_interface/queue.o
 .debug_abbrev  0x0000000000002b06      0x264 user_source/hal_interface/sensor_hal.o
 .debug_abbrev  0x0000000000002d6a      0x1ab user_source/hal_interface/uart_hal.o

.debug_loc      0x0000000000000000     0x9d62
 .debug_loc     0x0000000000000000       0x4b ../../arctic_awesomeness/arch/stm32/f3/src/stm32f3xx_hal.o
 .debug_loc     0x000000000000004b      0x658 ../../arctic_awesomeness/arch/stm32/f3/src/stm32f3xx_hal_cortex.o
 .debug_loc     0x00000000000006a3      0x6f1 ../../arctic_awesomeness/arch/stm32/f3/src/stm32f3xx_hal_dma.o
 .debug_loc     0x0000000000000d94      0x3cc ../../arctic_awesomeness/arch/stm32/f3/src/stm32f3xx_hal_gpio.o
 .debug_loc     0x0000000000001160      0x905 ../../arctic_awesomeness/arch/stm32/f3/src/stm32f3xx_hal_rcc.o
 .debug_loc     0x0000000000001a65     0x4284 ../../arctic_awesomeness/arch/stm32/f3/src/stm32f3xx_hal_tim.o
 .debug_loc     0x0000000000005ce9     0x1642 ../../arctic_awesomeness/arch/stm32/f3/src/stm32f3xx_hal_tim_ex.o
 .debug_loc     0x000000000000732b       0xd1 ../../arctic_awesomeness/arch/stm32/f3/src/stm32f3xx_hal_timebase_tim.o
 .debug_loc     0x00000000000073fc     0x1748 ../../arctic_awesomeness/arch/stm32/f3/src/stm32f3xx_hal_uart.o
 .debug_loc     0x0000000000008b44      0x32b ../../arctic_awesomeness/arch/stm32/f3/src/stm32f3xx_hal_uart_ex.o
 .debug_loc     0x0000000000008e6f      0x11a ../../arctic_awesomeness/arch/stm32/f3/src/CMSIS/system_stm32f3xx.o
 .debug_loc     0x0000000000008f89       0x4e user_source/foo.o
 .debug_loc     0x0000000000008fd7      0x205 user_source/uart.o
 .debug_loc     0x00000000000091dc       0xf9 user_source/hal_interface/board_led.o
 .debug_loc     0x00000000000092d5       0xcf user_source/hal_interface/cpu.o
 .debug_loc     0x00000000000093a4       0x42 user_source/hal_interface/cube_hal_msp.o
 .debug_loc     0x00000000000093e6       0x3a user_source/hal_interface/encoder_hal.o
 .debug_loc     0x0000000000009420      0x4e7 user_source/hal_interface/newlib_stubs.o
 .debug_loc     0x0000000000009907      0x1ab user_source/hal_interface/pwm_hal.o
 .debug_loc     0x0000000000009ab2       0x2c user_source/hal_interface/queue.o
 .debug_loc     0x0000000000009ade      0x208 user_source/hal_interface/sensor_hal.o
 .debug_loc     0x0000000000009ce6       0x7c user_source/hal_interface/uart_hal.o

.debug_aranges  0x0000000000000000      0x330
 .debug_aranges
                0x0000000000000000       0x20 ../../arctic_awesomeness/arch/stm32/f3/src/stm32f3xx_hal.o
 .debug_aranges
                0x0000000000000020       0x20 ../../arctic_awesomeness/arch/stm32/f3/src/stm32f3xx_hal_cortex.o
 .debug_aranges
                0x0000000000000040       0x20 ../../arctic_awesomeness/arch/stm32/f3/src/stm32f3xx_hal_dma.o
 .debug_aranges
                0x0000000000000060       0x20 ../../arctic_awesomeness/arch/stm32/f3/src/stm32f3xx_hal_gpio.o
 .debug_aranges
                0x0000000000000080       0x20 ../../arctic_awesomeness/arch/stm32/f3/src/stm32f3xx_hal_msp.o
 .debug_aranges
                0x00000000000000a0       0x20 ../../arctic_awesomeness/arch/stm32/f3/src/stm32f3xx_hal_rcc.o
 .debug_aranges
                0x00000000000000c0       0x20 ../../arctic_awesomeness/arch/stm32/f3/src/stm32f3xx_hal_tim.o
 .debug_aranges
                0x00000000000000e0       0x20 ../../arctic_awesomeness/arch/stm32/f3/src/stm32f3xx_hal_tim_ex.o
 .debug_aranges
                0x0000000000000100       0x20 ../../arctic_awesomeness/arch/stm32/f3/src/stm32f3xx_hal_timebase_tim.o
 .debug_aranges
                0x0000000000000120       0x20 ../../arctic_awesomeness/arch/stm32/f3/src/stm32f3xx_hal_uart.o
 .debug_aranges
                0x0000000000000140       0x20 ../../arctic_awesomeness/arch/stm32/f3/src/stm32f3xx_hal_uart_ex.o
 .debug_aranges
                0x0000000000000160       0x20 ../../arctic_awesomeness/arch/stm32/f3/src/CMSIS/system_stm32f3xx.o
 .debug_aranges
                0x0000000000000180       0x28 ../../arctic_awesomeness/arch/stm32/f3/src/CMSIS/startup_stm32f303xc.o
 .debug_aranges
                0x00000000000001a8       0x28 demo6.o
 .debug_aranges
                0x00000000000001d0       0x20 user_source/foo.o
 .debug_aranges
                0x00000000000001f0       0x20 user_source/uart.o
 .debug_aranges
                0x0000000000000210       0x20 user_source/hal_interface/board_led.o
 .debug_aranges
                0x0000000000000230       0x20 user_source/hal_interface/cpu.o
 .debug_aranges
                0x0000000000000250       0x20 user_source/hal_interface/cube_hal_msp.o
 .debug_aranges
                0x0000000000000270       0x20 user_source/hal_interface/encoder_hal.o
 .debug_aranges
                0x0000000000000290       0x20 user_source/hal_interface/newlib_stubs.o
 .debug_aranges
                0x00000000000002b0       0x20 user_source/hal_interface/pwm_hal.o
 .debug_aranges
                0x00000000000002d0       0x20 user_source/hal_interface/queue.o
 .debug_aranges
                0x00000000000002f0       0x20 user_source/hal_interface/sensor_hal.o
 .debug_aranges
                0x0000000000000310       0x20 user_source/hal_interface/uart_hal.o

.debug_line     0x0000000000000000     0x6c41
 .debug_line    0x0000000000000000      0x2b8 ../../arctic_awesomeness/arch/stm32/f3/src/stm32f3xx_hal.o
 .debug_line    0x00000000000002b8      0x3ca ../../arctic_awesomeness/arch/stm32/f3/src/stm32f3xx_hal_cortex.o
 .debug_line    0x0000000000000682      0x547 ../../arctic_awesomeness/arch/stm32/f3/src/stm32f3xx_hal_dma.o
 .debug_line    0x0000000000000bc9      0x3b9 ../../arctic_awesomeness/arch/stm32/f3/src/stm32f3xx_hal_gpio.o
 .debug_line    0x0000000000000f82      0x1e3 ../../arctic_awesomeness/arch/stm32/f3/src/stm32f3xx_hal_msp.o
 .debug_line    0x0000000000001165      0x7ed ../../arctic_awesomeness/arch/stm32/f3/src/stm32f3xx_hal_rcc.o
 .debug_line    0x0000000000001952     0x1278 ../../arctic_awesomeness/arch/stm32/f3/src/stm32f3xx_hal_tim.o
 .debug_line    0x0000000000002bca      0x874 ../../arctic_awesomeness/arch/stm32/f3/src/stm32f3xx_hal_tim_ex.o
 .debug_line    0x000000000000343e      0x2ec ../../arctic_awesomeness/arch/stm32/f3/src/stm32f3xx_hal_timebase_tim.o
 .debug_line    0x000000000000372a      0xcd6 ../../arctic_awesomeness/arch/stm32/f3/src/stm32f3xx_hal_uart.o
 .debug_line    0x0000000000004400      0x39d ../../arctic_awesomeness/arch/stm32/f3/src/stm32f3xx_hal_uart_ex.o
 .debug_line    0x000000000000479d      0x22e ../../arctic_awesomeness/arch/stm32/f3/src/CMSIS/system_stm32f3xx.o
 .debug_line    0x00000000000049cb       0xa5 ../../arctic_awesomeness/arch/stm32/f3/src/CMSIS/startup_stm32f303xc.o
 .debug_line    0x0000000000004a70      0x51d demo6.o
 .debug_line    0x0000000000004f8d       0x44 user_source/foo.o
 .debug_line    0x0000000000004fd1      0x200 user_source/uart.o
 .debug_line    0x00000000000051d1      0x284 user_source/hal_interface/board_led.o
 .debug_line    0x0000000000005455      0x27f user_source/hal_interface/cpu.o
 .debug_line    0x00000000000056d4      0x2cb user_source/hal_interface/cube_hal_msp.o
 .debug_line    0x000000000000599f      0x29a user_source/hal_interface/encoder_hal.o
 .debug_line    0x0000000000005c39      0x2f1 user_source/hal_interface/newlib_stubs.o
 .debug_line    0x0000000000005f2a      0x360 user_source/hal_interface/pwm_hal.o
 .debug_line    0x000000000000628a      0x2b0 user_source/hal_interface/queue.o
 .debug_line    0x000000000000653a      0x458 user_source/hal_interface/sensor_hal.o
 .debug_line    0x0000000000006992      0x2af user_source/hal_interface/uart_hal.o

.debug_str      0x0000000000000000     0x3ed8