Archive member included to satisfy reference by file (symbol)

/Users/karlboukhalil/Documents/NYU/Semester 2/Real Time Embedded Systems/sandbox/gcc-arm-none-eabi-5_4-2016q3/bin/../lib/gcc/arm-none-eabi/5.4.1/../../../../arm-none-eabi/lib/armv7e-m/fpu/libc.a(lib_a-exit.o)
                              /Users/karlboukhalil/Documents/NYU/Semester 2/Real Time Embedded Systems/sandbox/gcc-arm-none-eabi-5_4-2016q3/bin/../lib/gcc/arm-none-eabi/5.4.1/../../../../arm-none-eabi/lib/armv7e-m/fpu/crt0.o (exit)
/Users/karlboukhalil/Documents/NYU/Semester 2/Real Time Embedded Systems/sandbox/gcc-arm-none-eabi-5_4-2016q3/bin/../lib/gcc/arm-none-eabi/5.4.1/../../../../arm-none-eabi/lib/armv7e-m/fpu/libc.a(lib_a-impure.o)
                              /Users/karlboukhalil/Documents/NYU/Semester 2/Real Time Embedded Systems/sandbox/gcc-arm-none-eabi-5_4-2016q3/bin/../lib/gcc/arm-none-eabi/5.4.1/../../../../arm-none-eabi/lib/armv7e-m/fpu/libc.a(lib_a-exit.o) (_global_impure_ptr)
/Users/karlboukhalil/Documents/NYU/Semester 2/Real Time Embedded Systems/sandbox/gcc-arm-none-eabi-5_4-2016q3/bin/../lib/gcc/arm-none-eabi/5.4.1/../../../../arm-none-eabi/lib/armv7e-m/fpu/libc.a(lib_a-init.o)
                              /Users/karlboukhalil/Documents/NYU/Semester 2/Real Time Embedded Systems/sandbox/gcc-arm-none-eabi-5_4-2016q3/bin/../lib/gcc/arm-none-eabi/5.4.1/../../../../arm-none-eabi/lib/armv7e-m/fpu/crt0.o (__libc_init_array)
/Users/karlboukhalil/Documents/NYU/Semester 2/Real Time Embedded Systems/sandbox/gcc-arm-none-eabi-5_4-2016q3/bin/../lib/gcc/arm-none-eabi/5.4.1/../../../../arm-none-eabi/lib/armv7e-m/fpu/libc.a(lib_a-memset.o)
                              /Users/karlboukhalil/Documents/NYU/Semester 2/Real Time Embedded Systems/sandbox/gcc-arm-none-eabi-5_4-2016q3/bin/../lib/gcc/arm-none-eabi/5.4.1/../../../../arm-none-eabi/lib/armv7e-m/fpu/crt0.o (memset)
/Users/karlboukhalil/Documents/NYU/Semester 2/Real Time Embedded Systems/sandbox/gcc-arm-none-eabi-5_4-2016q3/bin/../lib/gcc/arm-none-eabi/5.4.1/../../../../arm-none-eabi/lib/armv7e-m/fpu/libc.a(lib_a-__call_atexit.o)
                              /Users/karlboukhalil/Documents/NYU/Semester 2/Real Time Embedded Systems/sandbox/gcc-arm-none-eabi-5_4-2016q3/bin/../lib/gcc/arm-none-eabi/5.4.1/../../../../arm-none-eabi/lib/armv7e-m/fpu/libc.a(lib_a-exit.o) (__call_exitprocs)
/Users/karlboukhalil/Documents/NYU/Semester 2/Real Time Embedded Systems/sandbox/gcc-arm-none-eabi-5_4-2016q3/bin/../lib/gcc/arm-none-eabi/5.4.1/../../../../arm-none-eabi/lib/armv7e-m/fpu/libc.a(lib_a-atexit.o)
                              /Users/karlboukhalil/Documents/NYU/Semester 2/Real Time Embedded Systems/sandbox/gcc-arm-none-eabi-5_4-2016q3/bin/../lib/gcc/arm-none-eabi/5.4.1/../../../../arm-none-eabi/lib/armv7e-m/fpu/libc.a(lib_a-__call_atexit.o) (atexit)
/Users/karlboukhalil/Documents/NYU/Semester 2/Real Time Embedded Systems/sandbox/gcc-arm-none-eabi-5_4-2016q3/bin/../lib/gcc/arm-none-eabi/5.4.1/../../../../arm-none-eabi/lib/armv7e-m/fpu/libc.a(lib_a-fini.o)
                              /Users/karlboukhalil/Documents/NYU/Semester 2/Real Time Embedded Systems/sandbox/gcc-arm-none-eabi-5_4-2016q3/bin/../lib/gcc/arm-none-eabi/5.4.1/../../../../arm-none-eabi/lib/armv7e-m/fpu/libc.a(lib_a-__call_atexit.o) (__libc_fini_array)
/Users/karlboukhalil/Documents/NYU/Semester 2/Real Time Embedded Systems/sandbox/gcc-arm-none-eabi-5_4-2016q3/bin/../lib/gcc/arm-none-eabi/5.4.1/../../../../arm-none-eabi/lib/armv7e-m/fpu/libc.a(lib_a-__atexit.o)
                              /Users/karlboukhalil/Documents/NYU/Semester 2/Real Time Embedded Systems/sandbox/gcc-arm-none-eabi-5_4-2016q3/bin/../lib/gcc/arm-none-eabi/5.4.1/../../../../arm-none-eabi/lib/armv7e-m/fpu/libc.a(lib_a-atexit.o) (__register_exitproc)
/Users/karlboukhalil/Documents/NYU/Semester 2/Real Time Embedded Systems/sandbox/gcc-arm-none-eabi-5_4-2016q3/bin/../lib/gcc/arm-none-eabi/5.4.1/armv7e-m/fpu/libgcc.a(_arm_addsubdf3.o)
                              user_source/hal_interface/sensor_hal.o (__aeabi_ui2d)
/Users/karlboukhalil/Documents/NYU/Semester 2/Real Time Embedded Systems/sandbox/gcc-arm-none-eabi-5_4-2016q3/bin/../lib/gcc/arm-none-eabi/5.4.1/armv7e-m/fpu/libgcc.a(_arm_muldivdf3.o)
                              user_source/hal_interface/sensor_hal.o (__aeabi_dmul)
/Users/karlboukhalil/Documents/NYU/Semester 2/Real Time Embedded Systems/sandbox/gcc-arm-none-eabi-5_4-2016q3/bin/../lib/gcc/arm-none-eabi/5.4.1/armv7e-m/fpu/libgcc.a(_arm_cmpdf2.o)
                              user_source/hal_interface/sensor_hal.o (__aeabi_dcmplt)
/Users/karlboukhalil/Documents/NYU/Semester 2/Real Time Embedded Systems/sandbox/gcc-arm-none-eabi-5_4-2016q3/bin/../lib/gcc/arm-none-eabi/5.4.1/../../../../arm-none-eabi/lib/armv7e-m/fpu/libnosys.a(_exit.o)
[...]
Memory Configuration

Name             Origin             Length             Attributes
FLASH            0x0000000008000000 0x0000000000040000 xr
RAM              0x0000000020000000 0x000000000000a000 xrw
CCMRAM           0x0000000010000000 0x0000000000002000 rw
*default*        0x0000000000000000 0xffffffffffffffff

Linker script and memory map

LOAD /Users/karlboukhalil/Documents/NYU/Semester 2/Real Time Embedded Systems/sandbox/gcc-arm-none-eabi-5_4-2016q3/bin/../lib/gcc/arm-none-eabi/5.4.1/armv7e-m/fpu/crti.o
LOAD /Users/karlboukhalil/Documents/NYU/Semester 2/Real Time Embedded Systems/sandbox/gcc-arm-none-eabi-5_4-2016q3/bin/../lib/gcc/arm-none-eabi/5.4.1/armv7e-m/fpu/crtbegin.o
LOAD /Users/karlboukhalil/Documents/NYU/Semester 2/Real Time Embedded Systems/sandbox/gcc-arm-none-eabi-5_4-2016q3/bin/../lib/gcc/arm-none-eabi/5.4.1/../../../../arm-none-eabi/lib/armv7e-m/fpu/crt0.o
                0x000000002000a000                _estack = 0x2000a000
                0x0000000000000f00                _Min_Heap_Size = 0xf00
                0x0000000000000f00                _Min_Stack_Size = 0xf00

.isr_vector     0x0000000008000000      0x188
                0x0000000008000000                . = ALIGN (0x4)
 *(.isr_vector)
 .isr_vector    0x0000000008000000      0x188 ../../arctic_awesomeness/arch/stm32/f3/src/CMSIS/startup_stm32f303xc.o
                0x0000000008000000                g_pfnVectors
                0x0000000008000188                . = ALIGN (0x4)

.text           0x0000000008000188     0x58b8
                0x0000000008000188                . = ALIGN (0x4)
 *(.text)
 .text          0x0000000008000188       0x5c /Users/karlboukhalil/Documents/NYU/Semester 2/Real Time Embedded Systems/sandbox/gcc-arm-none-eabi-5_4-2016q3/bin/../lib/gcc/arm-none-eabi/5.4.1/armv7e-m/fpu/crtbegin.o
 .text          0x00000000080001e4      0x158 ../../arctic_awesomeness/arch/stm32/f3/src/stm32f3xx_hal.o
                0x00000000080001ec                HAL_DeInit
                0x000000000800023c                HAL_Init
                0x0000000008000260                HAL_IncTick
                0x0000000008000270                HAL_GetTick
                0x000000000800027c                HAL_Delay
                0x00000000080002b8                HAL_GetHalVersion
                0x00000000080002c0                HAL_GetREVID
                0x00000000080002cc                HAL_GetDEVID
                0x00000000080002dc                HAL_DBGMCU_EnableDBGSleepMode
                0x00000000080002ec                HAL_DBGMCU_DisableDBGSleepMode
                0x00000000080002fc                HAL_DBGMCU_EnableDBGStopMode
                0x000000000800030c                HAL_DBGMCU_DisableDBGStopMode
                0x000000000800031c                HAL_DBGMCU_EnableDBGStandbyMode
                0x000000000800032c                HAL_DBGMCU_DisableDBGStandbyMode
 .text          0x000000000800033c      0x2b0 ../../arctic_awesomeness/arch/stm32/f3/src/stm32f3xx_hal_cortex.o
                0x000000000800033c                HAL_NVIC_SetPriorityGrouping
                0x0000000008000360                HAL_NVIC_SetPriority
                0x00000000080003d0                HAL_NVIC_EnableIRQ
                0x00000000080003e8                HAL_NVIC_DisableIRQ
                0x0000000008000404                HAL_NVIC_SystemReset
                0x0000000008000428                HAL_SYSTICK_Config
                0x000000000800045c                HAL_MPU_Disable
                0x0000000008000478                HAL_MPU_Enable
                0x0000000008000494                HAL_MPU_ConfigRegion
                0x00000000080004e8                HAL_NVIC_GetPriorityGrouping
                0x00000000080004f8                HAL_NVIC_GetPriority
                0x0000000008000558                HAL_NVIC_SetPendingIRQ
                0x0000000008000574                HAL_NVIC_GetPendingIRQ
                0x0000000008000590                HAL_NVIC_ClearPendingIRQ
                0x00000000080005ac                HAL_NVIC_GetActive
                0x00000000080005c8                HAL_SYSTICK_CLKSourceConfig
                0x00000000080005e0                HAL_SYSTICK_Callback
                0x00000000080005e4                HAL_SYSTICK_IRQHandler
 .text          0x00000000080005ec      0x490 ../../arctic_awesomeness/arch/stm32/f3/src/stm32f3xx_hal_dma.o
                0x00000000080005ec                HAL_DMA_Init
                0x000000000800067c                HAL_DMA_DeInit
                0x00000000080006f0                HAL_DMA_Start
                0x0000000008000754                HAL_DMA_Start_IT
                0x00000000080007d8                HAL_DMA_Abort
                0x000000000800080c                HAL_DMA_Abort_IT
                0x0000000008000854                HAL_DMA_PollForTransfer
                0x0000000008000928                HAL_DMA_IRQHandler
                0x00000000080009c0                HAL_DMA_RegisterCallback
                0x0000000008000a14                HAL_DMA_UnRegisterCallback
                0x0000000008000a70                HAL_DMA_GetState
                0x0000000008000a78                HAL_DMA_GetError
 .text          0x0000000008000a7c      0x36c ../../arctic_awesomeness/arch/stm32/f3/src/stm32f3xx_hal_gpio.o
                0x0000000008000a7c                HAL_GPIO_Init
                0x0000000008000c54                HAL_GPIO_DeInit
                0x0000000008000d80                HAL_GPIO_ReadPin
                0x0000000008000d8c                HAL_GPIO_WritePin
                0x0000000008000d98                HAL_GPIO_TogglePin
                0x0000000008000da0                HAL_GPIO_LockPin
                0x0000000008000dd0                HAL_GPIO_EXTI_IRQHandler
 .text          0x0000000008000de8       0x10 ../../arctic_awesomeness/arch/stm32/f3/src/stm32f3xx_hal_msp.o
                0x0000000008000de8                HAL_MspInit
                0x0000000008000dec                HAL_MspDeInit
                0x0000000008000df0                HAL_PPP_MspInit
                0x0000000008000df4                HAL_PPP_MspDeInit
 .text          0x0000000008000df8      0x9e8 ../../arctic_awesomeness/arch/stm32/f3/src/stm32f3xx_hal_rcc.o
                0x0000000008000df8                HAL_RCC_DeInit
                0x0000000008000e48                HAL_RCC_OscConfig
                0x00000000080013f4                HAL_RCC_MCOConfig
                0x0000000008001440                HAL_RCC_EnableCSS
                0x000000000800145c                HAL_RCC_DisableCSS
                0x0000000008001478                HAL_RCC_GetSysClockFreq
                0x00000000080014e4                HAL_RCC_ClockConfig
                0x0000000008001670                HAL_RCC_GetHCLKFreq
                0x000000000800167c                HAL_RCC_GetPCLK1Freq
                0x00000000080016ac                HAL_RCC_GetPCLK2Freq
                0x00000000080016dc                HAL_RCC_GetOscConfig
                0x0000000008001778                HAL_RCC_GetClockConfig
                0x00000000080017bc                HAL_RCC_CSSCallback
                0x00000000080017c0                HAL_RCC_NMI_IRQHandler
 .text          0x00000000080017e0     0x2160 ../../arctic_awesomeness/arch/stm32/f3/src/stm32f3xx_hal_tim.o
                0x0000000008001898                HAL_TIM_Base_MspDeInit
                0x000000000800189c                HAL_TIM_Base_DeInit
                0x00000000080018d8                HAL_TIM_Base_Start
                0x00000000080018f8                HAL_TIM_Base_Stop
                0x0000000008001928                HAL_TIM_Base_Start_IT
                0x0000000008001940                HAL_TIM_Base_Stop_IT
                0x000000000800196c                HAL_TIM_Base_Start_DMA
                0x00000000080019c8                HAL_TIM_Base_Stop_DMA
                0x00000000080019f8                HAL_TIM_OC_MspInit
                0x00000000080019fc                HAL_TIM_OC_MspDeInit
                0x0000000008001a00                HAL_TIM_OC_DeInit
                0x0000000008001a3c                HAL_TIM_OC_Stop
                0x0000000008001ac8                HAL_TIM_PWM_MspDeInit
                0x0000000008001acc                HAL_TIM_PWM_DeInit
                0x0000000008001b08                HAL_TIM_PWM_Start
                0x0000000008001b68                HAL_TIM_OC_Start
                0x0000000008001b6c                HAL_TIM_PWM_Stop
                0x0000000008001bf8                HAL_TIM_PWM_Start_IT
                0x0000000008001ca0                HAL_TIM_OC_Start_IT
                0x0000000008001ca4                HAL_TIM_PWM_Stop_IT
                0x0000000008001d74                HAL_TIM_OC_Stop_IT
                0x0000000008001d78                HAL_TIM_PWM_Start_DMA
                0x0000000008001ea8                HAL_TIM_OC_Start_DMA
                0x0000000008001eac                HAL_TIM_PWM_Stop_DMA
                0x0000000008001f80                HAL_TIM_OC_Stop_DMA
                0x0000000008001f84                HAL_TIM_IC_MspInit
                0x0000000008001f88                HAL_TIM_IC_MspDeInit
                0x0000000008001f8c                HAL_TIM_IC_DeInit
                0x0000000008001fc8                HAL_TIM_IC_Start
                0x0000000008001fec                HAL_TIM_IC_Stop
                0x0000000008002020                HAL_TIM_IC_Start_IT
                0x0000000008002088                HAL_TIM_IC_Stop_IT
                0x0000000008002104                HAL_TIM_IC_Start_DMA
                0x00000000080021e8                HAL_TIM_IC_Stop_DMA
                0x0000000008002270                HAL_TIM_OnePulse_MspInit
                0x0000000008002274                HAL_TIM_OnePulse_MspDeInit
                0x0000000008002278                HAL_TIM_OnePulse_DeInit
                0x00000000080022b4                HAL_TIM_OnePulse_Start
                0x0000000008002314                HAL_TIM_OnePulse_Stop
                0x000000000800239c                HAL_TIM_OnePulse_Start_IT
                0x000000000800240c                HAL_TIM_OnePulse_Stop_IT
                0x00000000080024a4                HAL_TIM_Encoder_MspInit
                0x00000000080024a8                HAL_TIM_Encoder_MspDeInit
                0x00000000080024ac                HAL_TIM_Encoder_DeInit
                0x00000000080024e8                HAL_TIM_Encoder_Start
                0x0000000008002534                HAL_TIM_Encoder_Stop
                0x0000000008002588                HAL_TIM_Encoder_Start_IT
                0x0000000008002608                HAL_TIM_Encoder_Stop_IT
                0x0000000008002688                HAL_TIM_Encoder_Start_DMA
                0x00000000080027d0                HAL_TIM_Encoder_Stop_DMA
                0x0000000008002850                HAL_TIM_DMABurst_WriteStart
                0x0000000008002934                HAL_TIM_DMABurst_ReadStart
                0x0000000008002a18                HAL_TIM_DMABurst_ReadStop
                0x0000000008002a90                HAL_TIM_DMABurst_WriteStop
                0x0000000008002a94                HAL_TIM_GenerateEvent
                0x0000000008002b8c                HAL_TIM_ConfigClockSource
                0x0000000008002d1c                HAL_TIM_ConfigTI1Input
                0x0000000008002d2c                HAL_TIM_SlaveConfigSynchronization
                0x0000000008002d6c                HAL_TIM_SlaveConfigSynchronization_IT
                0x0000000008002dac                HAL_TIM_ReadCapturedValue
                0x0000000008002e20                HAL_TIM_OC_DelayElapsedCallback
                0x0000000008002e24                HAL_TIM_IC_CaptureCallback
                0x0000000008002e28                TIM_DMACaptureCplt
                0x0000000008002e74                HAL_TIM_PWM_PulseFinishedCallback
                0x0000000008002e78                TIM_DMADelayPulseCplt
                0x0000000008002ec4                HAL_TIM_TriggerCallback
                0x0000000008002ec8                HAL_TIM_IRQHandler
                0x000000000800302c                HAL_TIM_ErrorCallback
                0x0000000008003030                TIM_DMAError
                0x0000000008003040                HAL_TIM_Base_GetState
                0x0000000008003048                HAL_TIM_OC_GetState
                0x0000000008003050                HAL_TIM_PWM_GetState
                0x0000000008003058                HAL_TIM_IC_GetState
                0x0000000008003060                HAL_TIM_OnePulse_GetState
                0x0000000008003068                HAL_TIM_Encoder_GetState
                0x0000000008003070                TIM_Base_SetConfig
                0x0000000008003148                HAL_TIM_Base_Init
                0x0000000008003180                HAL_TIM_OC_Init
                0x00000000080031b8                HAL_TIM_PWM_Init
                0x00000000080031f0                HAL_TIM_IC_Init
                0x0000000008003228                HAL_TIM_OnePulse_Init
                0x0000000008003270                HAL_TIM_Encoder_Init
                0x000000000800331c                TIM_OC1_SetConfig
                0x000000000800339c                TIM_OC2_SetConfig
                0x0000000008003420                TIM_OC3_SetConfig
                0x00000000080034a0                TIM_OC4_SetConfig
                0x0000000008003644                TIM_TI1_SetConfig
                0x00000000080036ac                HAL_TIM_IC_ConfigChannel
                0x00000000080037e4                HAL_TIM_OnePulse_ConfigChannel
                0x0000000008003908                TIM_ETR_SetConfig
                0x0000000008003920                TIM_CCxChannelCmd
 .text          0x0000000008003940      0xc84 ../../arctic_awesomeness/arch/stm32/f3/src/stm32f3xx_hal_tim_ex.o
                0x0000000008003a20                HAL_TIMEx_HallSensor_MspInit
                0x0000000008003a24                HAL_TIMEx_HallSensor_Init
                0x0000000008003adc                HAL_TIMEx_HallSensor_MspDeInit
                0x0000000008003ae0                HAL_TIMEx_HallSensor_DeInit
                0x0000000008003b1c                HAL_TIMEx_HallSensor_Start
                0x0000000008003b38                HAL_TIMEx_HallSensor_Stop
                0x0000000008003b68                HAL_TIMEx_HallSensor_Start_IT
                0x0000000008003b8c                HAL_TIMEx_HallSensor_Stop_IT
                0x0000000008003bc4                HAL_TIMEx_HallSensor_Start_DMA
                0x0000000008003c30                HAL_TIMEx_HallSensor_Stop_DMA
                0x0000000008003c68                HAL_TIMEx_PWMN_Start
                0x0000000008003c94                HAL_TIMEx_OCN_Start
                0x0000000008003c98                HAL_TIMEx_PWMN_Start_IT
                0x0000000008003d10                HAL_TIMEx_OCN_Start_IT
                0x0000000008003d14                HAL_TIMEx_PWMN_Stop_IT
                0x0000000008003dbc                HAL_TIMEx_OCN_Stop_IT
                0x0000000008003dc0                HAL_TIMEx_PWMN_Start_DMA
                0x0000000008003ec0                HAL_TIMEx_OCN_Start_DMA
                0x0000000008003ec4                HAL_TIMEx_PWMN_Stop_DMA
                0x0000000008003f68                HAL_TIMEx_OCN_Stop_DMA
                0x0000000008003f6c                HAL_TIMEx_OnePulseN_Start
                0x0000000008003f90                HAL_TIMEx_OnePulseN_Stop
                0x0000000008003fe4                HAL_TIMEx_PWMN_Stop
                0x0000000008003fe8                HAL_TIMEx_OCN_Stop
                0x0000000008003fec                HAL_TIMEx_OnePulseN_Start_IT
                0x0000000008004020                HAL_TIMEx_OnePulseN_Stop_IT
                0x0000000008004084                HAL_TIMEx_ConfigCommutationEvent
                0x00000000080040d4                HAL_TIMEx_ConfigCommutationEvent_IT
                0x000000000800412c                HAL_TIMEx_ConfigCommutationEvent_DMA
                0x0000000008004194                HAL_TIM_OC_ConfigChannel
                0x000000000800420c                HAL_TIM_PWM_ConfigChannel
                0x0000000008004334                HAL_TIMEx_MasterConfigSynchronization
                0x0000000008004388                HAL_TIMEx_ConfigBreakDeadTime
                0x0000000008004414                HAL_TIMEx_RemapConfig
                0x0000000008004440                HAL_TIMEx_GroupChannel5
                0x0000000008004478                HAL_TIM_ConfigOCrefClear
                0x00000000080045a4                HAL_TIMEx_CommutationCallback
                0x00000000080045a8                TIMEx_DMACommutationCplt
                0x00000000080045b8                HAL_TIMEx_BreakCallback
                0x00000000080045bc                HAL_TIMEx_HallSensor_GetState
 .text          0x00000000080045c4       0xc0 ../../arctic_awesomeness/arch/stm32/f3/src/stm32f3xx_hal_timebase_tim.o
                0x00000000080045c4                HAL_InitTick
                0x000000000800464c                HAL_SuspendTick
                0x0000000008004660                HAL_ResumeTick
                0x0000000008004674                HAL_TIM_PeriodElapsedCallback
                0x0000000008004678                TIM6_DAC_IRQHandler
 .text          0x0000000008004684       0xd0 ../../arctic_awesomeness/arch/stm32/f3/src/CMSIS/system_stm32f3xx.o
                0x0000000008004684                SystemInit
                0x00000000080046f4                SystemCoreClockUpdate
 .text          0x0000000008004754       0x10 user_source/foo.o
                0x0000000008004754                foo
                0x0000000008004758                TEST_FOO
 .text          0x0000000008004764       0x7c user_source/hal_interface/cpu.o
                0x0000000008004764                cpu_init
                0x00000000080047b4                cpu_sw_delay
                0x00000000080047cc                cpu_sw_delay_us
 .text          0x00000000080047e0       0xcc user_source/hal_interface/cube_hal_msp.o
                0x00000000080047e0                HAL_TIM_PWM_MspInit
                0x0000000008004838                HAL_TIM_Base_MspInit
 .text          0x00000000080048ac      0x114 user_source/hal_interface/pwm_hal.o
                0x00000000080048ac                init_pwm
                0x0000000008004904                set_pwm
 .text          0x00000000080049c0      0x46c user_source/hal_interface/sensor_hal.o
                0x00000000080049c0                init_echos
                0x0000000008004a60                init_triggers
                0x0000000008004b00                init_timers
                0x0000000008004b8c                EXTI15_10_IRQHandler
                0x0000000008004b98                EXTI9_5_IRQHandler
                0x0000000008004bb0                sensorsCallbacks
                0x0000000008004cf8                HAL_GPIO_EXTI_Callback
 .text          0x0000000008004e2c      0x370 /Users/karlboukhalil/Documents/NYU/Semester 2/Real Time Embedded Systems/sandbox/gcc-arm-none-eabi-5_4-2016q3/bin/../lib/gcc/arm-none-eabi/5.4.1/armv7e-m/fpu/libgcc.a(_arm_addsubdf3.o)
                0x0000000008004e2c                __aeabi_drsub
                0x0000000008004e34                __subdf3
                0x0000000008004e34                __aeabi_dsub
                0x0000000008004e38                __aeabi_dadd
                0x0000000008004e38                __adddf3
                0x00000000080050b0                __aeabi_ui2d
                0x00000000080050b0                __floatunsidf
                0x00000000080050d0                __floatsidf
                0x00000000080050d0                __aeabi_i2d
                0x00000000080050f4                __extendsfdf2
                0x00000000080050f4                __aeabi_f2d
                0x0000000008005130                __aeabi_ul2d
                0x0000000008005130                __floatundidf
                0x0000000008005140                __aeabi_l2d
                0x0000000008005140                __floatdidf
 .text          0x000000000800519c      0x424 /Users/karlboukhalil/Documents/NYU/Semester 2/Real Time Embedded Systems/sandbox/gcc-arm-none-eabi-5_4-2016q3/bin/../lib/gcc/arm-none-eabi/5.4.1/armv7e-m/fpu/libgcc.a(_arm_muldivdf3.o)
                0x000000000800519c                __aeabi_dmul
                0x000000000800519c                __muldf3
                0x00000000080053f0                __aeabi_ddiv
                0x00000000080053f0                __divdf3
 .text          0x00000000080055c0      0x110 /Users/karlboukhalil/Documents/NYU/Semester 2/Real Time Embedded Systems/sandbox/gcc-arm-none-eabi-5_4-2016q3/bin/../lib/gcc/arm-none-eabi/5.4.1/armv7e-m/fpu/libgcc.a(_arm_cmpdf2.o)
                0x00000000080055c0                __gtdf2
                0x00000000080055c0                __gedf2
                0x00000000080055c8                __ltdf2
                0x00000000080055c8                __ledf2
                0x00000000080055d0                __eqdf2
                0x00000000080055d0                __nedf2
                0x00000000080055d0                __cmpdf2
                0x000000000800564c                __aeabi_cdrcmple
                0x000000000800565c                __aeabi_cdcmple
                0x000000000800565c                __aeabi_cdcmpeq
                0x000000000800566c                __aeabi_dcmpeq
                0x0000000008005680                __aeabi_dcmplt
                0x0000000008005694                __aeabi_dcmple
                0x00000000080056a8                __aeabi_dcmpge
                0x00000000080056bc                __aeabi_dcmpgt
 *(.text*)
 .text.__libc_init_array
                0x00000000080056d0       0x50 /Users/karlboukhalil/Documents/NYU/Semester 2/Real Time Embedded Systems/sandbox/gcc-arm-none-eabi-5_4-2016q3/bin/../lib/gcc/arm-none-eabi/5.4.1/../../../../arm-none-eabi/lib/armv7e-m/fpu/libc.a(lib_a-init.o)
                0x00000000080056d0                __libc_init_array
 .text.startup.register_fini
                0x0000000008005720       0x14 /Users/karlboukhalil/Documents/NYU/Semester 2/Real Time Embedded Systems/sandbox/gcc-arm-none-eabi-5_4-2016q3/bin/../lib/gcc/arm-none-eabi/5.4.1/../../../../arm-none-eabi/lib/armv7e-m/fpu/libc.a(lib_a-__call_atexit.o)
 .text.atexit   0x0000000008005734        0xc /Users/karlboukhalil/Documents/NYU/Semester 2/Real Time Embedded Systems/sandbox/gcc-arm-none-eabi-5_4-2016q3/bin/../lib/gcc/arm-none-eabi/5.4.1/../../../../arm-none-eabi/lib/armv7e-m/fpu/libc.a(lib_a-atexit.o)
                0x0000000008005734                atexit
 .text.__libc_fini_array
                0x0000000008005740       0x28 /Users/karlboukhalil/Documents/NYU/Semester 2/Real Time Embedded Systems/sandbox/gcc-arm-none-eabi-5_4-2016q3/bin/../lib/gcc/arm-none-eabi/5.4.1/../../../../arm-none-eabi/lib/armv7e-m/fpu/libc.a(lib_a-fini.o)
                0x0000000008005740                __libc_fini_array
 .text.__register_exitproc
                0x0000000008005768       0xa4 /Users/karlboukhalil/Documents/NYU/Semester 2/Real Time Embedded Systems/sandbox/gcc-arm-none-eabi-5_4-2016q3/bin/../lib/gcc/arm-none-eabi/5.4.1/../../../../arm-none-eabi/lib/armv7e-m/fpu/libc.a(lib_a-__atexit.o)
                0x0000000008005768                __register_exitproc
 .text.Reset_Handler
                0x000000000800580c       0x50 ../../arctic_awesomeness/arch/stm32/f3/src/CMSIS/startup_stm32f303xc.o
                0x000000000800580c                Reset_Handler
 .text.Default_Handler
                0x000000000800585c        0x2 ../../arctic_awesomeness/arch/stm32/f3/src/CMSIS/startup_stm32f303xc.o
                0x000000000800585c                TIM1_BRK_TIM15_IRQHandler
                0x000000000800585c                TIM8_TRG_COM_IRQHandler
                0x000000000800585c                TIM8_CC_IRQHandler
                0x000000000800585c                DebugMon_Handler
                0x000000000800585c                TIM1_CC_IRQHandler
                0x000000000800585c                HardFault_Handler
                0x000000000800585c                USB_HP_IRQHandler
                0x000000000800585c                SysTick_Handler
                0x000000000800585c                PVD_IRQHandler
                0x000000000800585c                TAMP_STAMP_IRQHandler
                0x000000000800585c                PendSV_Handler
                0x000000000800585c                NMI_Handler
                0x000000000800585c                EXTI3_IRQHandler
                0x000000000800585c                USB_HP_CAN_TX_IRQHandler
                0x000000000800585c                EXTI0_IRQHandler
                0x000000000800585c                I2C2_EV_IRQHandler
                0x000000000800585c                FPU_IRQHandler
                0x000000000800585c                TIM1_UP_TIM16_IRQHandler
                0x000000000800585c                UsageFault_Handler
                0x000000000800585c                ADC1_2_IRQHandler
                0x000000000800585c                SPI1_IRQHandler
                0x000000000800585c                CAN_SCE_IRQHandler
                0x000000000800585c                TIM8_UP_IRQHandler
                0x000000000800585c                DMA2_Channel2_IRQHandler
                0x000000000800585c                DMA1_Channel4_IRQHandler
                0x000000000800585c                USART3_IRQHandler
                0x000000000800585c                DMA1_Channel7_IRQHandler
                0x000000000800585c                UART5_IRQHandler
                0x000000000800585c                ADC3_IRQHandler
                0x000000000800585c                TIM4_IRQHandler
                0x000000000800585c                CAN_RX1_IRQHandler
                0x000000000800585c                DMA2_Channel1_IRQHandler
                0x000000000800585c                I2C1_EV_IRQHandler
                0x000000000800585c                DMA1_Channel6_IRQHandler
                0x000000000800585c                UART4_IRQHandler
                0x000000000800585c                DMA2_Channel4_IRQHandler
                0x000000000800585c                TIM3_IRQHandler
                0x000000000800585c                RCC_IRQHandler
                0x000000000800585c                DMA1_Channel1_IRQHandler
                0x000000000800585c                Default_Handler
                0x000000000800585c                USBWakeUp_RMP_IRQHandler
                0x000000000800585c                TIM7_IRQHandler
                0x000000000800585c                RTC_WKUP_IRQHandler
                0x000000000800585c                SPI2_IRQHandler
                0x000000000800585c                USB_LP_CAN_RX0_IRQHandler
                0x000000000800585c                MemManage_Handler
                0x000000000800585c                SVC_Handler
                0x000000000800585c                DMA2_Channel5_IRQHandler
                0x000000000800585c                DMA1_Channel5_IRQHandler
                0x000000000800585c                USB_LP_IRQHandler
                0x000000000800585c                EXTI4_IRQHandler
                0x000000000800585c                TIM1_TRG_COM_TIM17_IRQHandler
                0x000000000800585c                DMA1_Channel3_IRQHandler
                0x000000000800585c                ADC4_IRQHandler
                0x000000000800585c                WWDG_IRQHandler
                0x000000000800585c                TIM2_IRQHandler
                0x000000000800585c                COMP7_IRQHandler
                0x000000000800585c                COMP1_2_3_IRQHandler
                0x000000000800585c                EXTI1_IRQHandler
                0x000000000800585c                USART2_IRQHandler
                0x000000000800585c                COMP4_5_6_IRQHandler
                0x000000000800585c                I2C2_ER_IRQHandler
                0x000000000800585c                DMA1_Channel2_IRQHandler
                0x000000000800585c                TIM8_BRK_IRQHandler
                0x000000000800585c                FLASH_IRQHandler
                0x000000000800585c                BusFault_Handler
                0x000000000800585c                USART1_IRQHandler
                0x000000000800585c                SPI3_IRQHandler
                0x000000000800585c                I2C1_ER_IRQHandler
                0x000000000800585c                USBWakeUp_IRQHandler
                0x000000000800585c                DMA2_Channel3_IRQHandler
                0x000000000800585c                EXTI2_TSC_IRQHandler
                0x000000000800585c                RTC_Alarm_IRQHandler
 *fill*         0x000000000800585e        0x2 
 .text.startup  0x0000000008005860      0x1c8 demo6.o
                0x0000000008005860                main
 *(.glue_7)
 .glue_7        0x0000000008005a28        0x0 linker stubs
 *(.glue_7t)
 .glue_7t       0x0000000008005a28        0x0 linker stubs
 *(.eh_frame)
 .eh_frame      0x0000000008005a28        0x0 /Users/karlboukhalil/Documents/NYU/Semester 2/Real Time Embedded Systems/sandbox/gcc-arm-none-eabi-5_4-2016q3/bin/../lib/gcc/arm-none-eabi/5.4.1/armv7e-m/fpu/crtbegin.o
 *(.init)
 .init          0x0000000008005a28        0x4 /Users/karlboukhalil/Documents/NYU/Semester 2/Real Time Embedded Systems/sandbox/gcc-arm-none-eabi-5_4-2016q3/bin/../lib/gcc/arm-none-eabi/5.4.1/armv7e-m/fpu/crti.o
                0x0000000008005a28                _init
 .init          0x0000000008005a2c        0x8 /Users/karlboukhalil/Documents/NYU/Semester 2/Real Time Embedded Systems/sandbox/gcc-arm-none-eabi-5_4-2016q3/bin/../lib/gcc/arm-none-eabi/5.4.1/armv7e-m/fpu/crtn.o
 *(.fini)
 .fini          0x0000000008005a34        0x4 /Users/karlboukhalil/Documents/NYU/Semester 2/Real Time Embedded Systems/sandbox/gcc-arm-none-eabi-5_4-2016q3/bin/../lib/gcc/arm-none-eabi/5.4.1/armv7e-m/fpu/crti.o
                0x0000000008005a34                _fini
 .fini          0x0000000008005a38        0x8 /Users/karlboukhalil/Documents/NYU/Semester 2/Real Time Embedded Systems/sandbox/gcc-arm-none-eabi-5_4-2016q3/bin/../lib/gcc/arm-none-eabi/5.4.1/armv7e-m/fpu/crtn.o
                0x0000000008005a40                . = ALIGN (0x4)
                0x0000000008005a40                _etext = .

.vfp11_veneer   0x0000000008005a40        0x0
 .vfp11_veneer  0x0000000008005a40        0x0 linker stubs

.v4_bx          0x0000000008005a40        0x0
 .v4_bx         0x0000000008005a40        0x0 linker stubs

.iplt           0x0000000008005a40        0x0
 .iplt          0x0000000008005a40        0x0 /Users/karlboukhalil/Documents/NYU/Semester 2/Real Time Embedded Systems/sandbox/gcc-arm-none-eabi-5_4-2016q3/bin/../lib/gcc/arm-none-eabi/5.4.1/armv7e-m/fpu/crtbegin.o

.rodata         0x0000000008005a40       0x3c
                0x0000000008005a40                . = ALIGN (0x4)
 *(.rodata)
 .rodata        0x0000000008005a40       0x20 ../../arctic_awesomeness/arch/stm32/f3/src/stm32f3xx_hal_rcc.o
                0x0000000008005a40                aPLLMULFactorTable
                0x0000000008005a50                aPredivFactorTable
 .rodata        0x0000000008005a60       0x18 ../../arctic_awesomeness/arch/stm32/f3/src/CMSIS/system_stm32f3xx.o
                0x0000000008005a60                AHBPrescTable
                0x0000000008005a70                APBPrescTable
 *(.rodata*)
 .rodata._global_impure_ptr
                0x0000000008005a78        0x4 /Users/karlboukhalil/Documents/NYU/Semester 2/Real Time Embedded Systems/sandbox/gcc-arm-none-eabi-5_4-2016q3/bin/../lib/gcc/arm-none-eabi/5.4.1/../../../../arm-none-eabi/lib/armv7e-m/fpu/libc.a(lib_a-impure.o)
                0x0000000008005a78                _global_impure_ptr
                0x0000000008005a7c                . = ALIGN (0x4)

.rel.dyn        0x0000000008005a7c        0x0
 .rel.iplt      0x0000000008005a7c        0x0 /Users/karlboukhalil/Documents/NYU/Semester 2/Real Time Embedded Systems/sandbox/gcc-arm-none-eabi-5_4-2016q3/bin/../lib/gcc/arm-none-eabi/5.4.1/armv7e-m/fpu/crtbegin.o

.ARM.extab
 *(.ARM.extab* .gnu.linkonce.armextab.*)

.ARM            0x0000000008005a7c        0x0
                0x0000000008005a7c                __exidx_start = .
 *(.ARM.exidx*)
                0x0000000008005a7c                __exidx_end = .

.preinit_array  0x0000000008005a7c        0x0
                0x0000000008005a7c                PROVIDE (__preinit_array_start, .)
 *(.preinit_array*)
                0x0000000008005a7c                PROVIDE (__preinit_array_end, .)

.init_array     0x0000000008005a7c        0x8
                0x0000000008005a7c                PROVIDE (__init_array_start, .)
 *(SORT(.init_array.*))
 .init_array.00000
                0x0000000008005a7c        0x4 /Users/karlboukhalil/Documents/NYU/Semester 2/Real Time Embedded Systems/sandbox/gcc-arm-none-eabi-5_4-2016q3/bin/../lib/gcc/arm-none-eabi/5.4.1/../../../../arm-none-eabi/lib/armv7e-m/fpu/libc.a(lib_a-__call_atexit.o)
 *(.init_array*)
 .init_array    0x0000000008005a80        0x4 /Users/karlboukhalil/Documents/NYU/Semester 2/Real Time Embedded Systems/sandbox/gcc-arm-none-eabi-5_4-2016q3/bin/../lib/gcc/arm-none-eabi/5.4.1/armv7e-m/fpu/crtbegin.o
                0x0000000008005a84                PROVIDE (__init_array_end, .)

.fini_array     0x0000000008005a84        0x4
                0x0000000008005a84                PROVIDE (__fini_array_start, .)
 *(SORT(.fini_array.*))
 *(.fini_array*)
 .fini_array    0x0000000008005a84        0x4 /Users/karlboukhalil/Documents/NYU/Semester 2/Real Time Embedded Systems/sandbox/gcc-arm-none-eabi-5_4-2016q3/bin/../lib/gcc/arm-none-eabi/5.4.1/armv7e-m/fpu/crtbegin.o
                0x0000000008005a88                PROVIDE (__fini_array_end, .)
                0x0000000008005a88                _sidata = LOADADDR (.data)

.data           0x0000000020000000      0x430 load address 0x0000000008005a88
                0x0000000020000000                . = ALIGN (0x4)
                0x0000000020000000                _sdata = .
 *(.data)
 .data          0x0000000020000000        0x4 ../../arctic_awesomeness/arch/stm32/f3/src/CMSIS/system_stm32f3xx.o
                0x0000000020000000                SystemCoreClock
 *(.data*)
 *fill*         0x0000000020000004        0x4 
 .data.impure_data
                0x0000000020000008      0x428 /Users/karlboukhalil/Documents/NYU/Semester 2/Real Time Embedded Systems/sandbox/gcc-arm-none-eabi-5_4-2016q3/bin/../lib/gcc/arm-none-eabi/5.4.1/../../../../arm-none-eabi/lib/armv7e-m/fpu/libc.a(lib_a-impure.o)
                0x0000000020000430                . = ALIGN (0x4)
                0x0000000020000430                _edata = .
                0x0000000008005eb8                _siccmram = LOADADDR (.ccmram)

.jcr            0x0000000020000430        0x0 load address 0x0000000008005eb8
 .jcr           0x0000000020000430        0x0 /Users/karlboukhalil/Documents/NYU/Semester 2/Real Time Embedded Systems/sandbox/gcc-arm-none-eabi-5_4-2016q3/bin/../lib/gcc/arm-none-eabi/5.4.1/armv7e-m/fpu/crtbegin.o

.igot.plt       0x0000000020000430        0x0 load address 0x0000000008005eb8
 .igot.plt      0x0000000020000430        0x0 /Users/karlboukhalil/Documents/NYU/Semester 2/Real Time Embedded Systems/sandbox/gcc-arm-none-eabi-5_4-2016q3/bin/../lib/gcc/arm-none-eabi/5.4.1/armv7e-m/fpu/crtbegin.o

.ccmram         0x0000000010000000        0x0 load address 0x0000000008005eb8
                0x0000000010000000                . = ALIGN (0x4)
                0x0000000010000000                _sccmram = .
 *(.ccmram)
 *(.ccmram*)
                0x0000000010000000                . = ALIGN (0x4)
                0x0000000010000000                _eccmram = .
                0x0000000010000000                . = ALIGN (0x4)

.bss            0x0000000020000430      0x268
                0x0000000020000430                _sbss = .
                0x0000000020000430                __bss_start__ = _sbss
 *(.bss)
 .bss           0x0000000020000430       0x1c /Users/karlboukhalil/Documents/NYU/Semester 2/Real Time Embedded Systems/sandbox/gcc-arm-none-eabi-5_4-2016q3/bin/../lib/gcc/arm-none-eabi/5.4.1/armv7e-m/fpu/crtbegin.o
 .bss           0x000000002000044c       0x64 user_source/hal_interface/sensor_hal.o
 *(.bss*)
 *(COMMON)
 COMMON         0x00000000200004b0        0x4 ../../arctic_awesomeness/arch/stm32/f3/src/stm32f3xx_hal.o
                0x00000000200004b0                uwTick
 COMMON         0x00000000200004b4       0x40 ../../arctic_awesomeness/arch/stm32/f3/src/stm32f3xx_hal_timebase_tim.o
                0x00000000200004b4                TimHandle
 *fill*         0x00000000200004f4        0x4 
 COMMON         0x00000000200004f8       0x3a demo6.o
                0x00000000200004f8                right_triggered
                0x00000000200004fc                state
                0x0000000020000500                echosPins
                0x0000000020000508                left_triggered
                0x000000002000050c                extiRet
                0x0000000020000510                front_triggered
                0x0000000020000518                distances
                0x0000000020000528                motorState
                0x000000002000052c                triggerPins
 *fill*         0x0000000020000532        0x2 
 COMMON         0x0000000020000534       0x5c user_source/hal_interface/pwm_hal.o
                0x0000000020000534                timWheels_init
                0x0000000020000574                timWheels_conf
 COMMON         0x0000000020000590      0x108 user_source/hal_interface/sensor_hal.o
                0x0000000020000590                tim_conf_vec
                0x00000000200005d8                tim_init_vec
                0x0000000020000698                . = ALIGN (0x4)
                0x0000000020000698                _ebss = .
                0x0000000020000698                __bss_end__ = _ebss

._user_heap_stack
                0x0000000020000698     0x1e00
                0x0000000020000698                . = ALIGN (0x4)
                [!provide]                        PROVIDE (end, .)
                [!provide]                        PROVIDE (_end, .)
                0x0000000020001598                . = (. + _Min_Heap_Size)
 *fill*         0x0000000020000698      0xf00 
                0x0000000020002498                . = (. + _Min_Stack_Size)
 *fill*         0x0000000020001598      0xf00 
                0x0000000020002498                . = ALIGN (0x4)

/DISCARD/
 libc.a(*)
 libm.a(*)
 libgcc.a(*)

.ARM.attributes
                0x0000000000000000       0x30
 *(.ARM.attributes)
 .ARM.attributes
                0x0000000000000000       0x22 /Users/karlboukhalil/Documents/NYU/Semester 2/Real Time Embedded Systems/sandbox/gcc-arm-none-eabi-5_4-2016q3/bin/../lib/gcc/arm-none-eabi/5.4.1/armv7e-m/fpu/crti.o
 .ARM.attributes
                0x0000000000000022       0x34 /Users/karlboukhalil/Documents/NYU/Semester 2/Real Time Embedded Systems/sandbox/gcc-arm-none-eabi-5_4-2016q3/bin/../lib/gcc/arm-none-eabi/5.4.1/armv7e-m/fpu/crtbegin.o
 .ARM.attributes
                0x0000000000000056       0x39 ../../arctic_awesomeness/arch/stm32/f3/src/stm32f3xx_hal.o
 .ARM.attributes
                0x000000000000008f       0x39 ../../arctic_awesomeness/arch/stm32/f3/src/stm32f3xx_hal_cortex.o
 .ARM.attributes
                0x00000000000000c8       0x39 ../../arctic_awesomeness/arch/stm32/f3/src/stm32f3xx_hal_dma.o
 .ARM.attributes
                0x0000000000000101       0x39 ../../arctic_awesomeness/arch/stm32/f3/src/stm32f3xx_hal_gpio.o
 .ARM.attributes
                0x000000000000013a       0x39 ../../arctic_awesomeness/arch/stm32/f3/src/stm32f3xx_hal_msp.o
 .ARM.attributes
                0x0000000000000173       0x39 ../../arctic_awesomeness/arch/stm32/f3/src/stm32f3xx_hal_rcc.o
 .ARM.attributes
                0x00000000000001ac       0x39 ../../arctic_awesomeness/arch/stm32/f3/src/stm32f3xx_hal_tim.o
 .ARM.attributes
                0x00000000000001e5       0x39 ../../arctic_awesomeness/arch/stm32/f3/src/stm32f3xx_hal_tim_ex.o
 .ARM.attributes
                0x000000000000021e       0x39 ../../arctic_awesomeness/arch/stm32/f3/src/stm32f3xx_hal_timebase_tim.o
 .ARM.attributes
                0x0000000000000257       0x39 ../../arctic_awesomeness/arch/stm32/f3/src/CMSIS/system_stm32f3xx.o
 .ARM.attributes
                0x0000000000000290       0x21 ../../arctic_awesomeness/arch/stm32/f3/src/CMSIS/startup_stm32f303xc.o
 .ARM.attributes
                0x00000000000002b1       0x39 demo6.o
 .ARM.attributes
                0x00000000000002ea       0x39 user_source/foo.o
 .ARM.attributes
                0x0000000000000323       0x39 user_source/hal_interface/cpu.o
 .ARM.attributes
                0x000000000000035c       0x39 user_source/hal_interface/cube_hal_msp.o
 .ARM.attributes
                0x0000000000000395       0x39 user_source/hal_interface/pwm_hal.o
 .ARM.attributes
                0x00000000000003ce       0x39 user_source/hal_interface/sensor_hal.o
 .ARM.attributes
                0x0000000000000407       0x22 /Users/karlboukhalil/Documents/NYU/Semester 2/Real Time Embedded Systems/sandbox/gcc-arm-none-eabi-5_4-2016q3/bin/../lib/gcc/arm-none-eabi/5.4.1/armv7e-m/fpu/libgcc.a(_arm_addsubdf3.o)
 .ARM.attributes
                0x0000000000000429       0x22 /Users/karlboukhalil/Documents/NYU/Semester 2/Real Time Embedded Systems/sandbox/gcc-arm-none-eabi-5_4-2016q3/bin/../lib/gcc/arm-none-eabi/5.4.1/armv7e-m/fpu/libgcc.a(_arm_muldivdf3.o)
 .ARM.attributes
                0x000000000000044b       0x22 /Users/karlboukhalil/Documents/NYU/Semester 2/Real Time Embedded Systems/sandbox/gcc-arm-none-eabi-5_4-2016q3/bin/../lib/gcc/arm-none-eabi/5.4.1/armv7e-m/fpu/libgcc.a(_arm_cmpdf2.o)
 .ARM.attributes
                0x000000000000046d       0x22 /Users/karlboukhalil/Documents/NYU/Semester 2/Real Time Embedded Systems/sandbox/gcc-arm-none-eabi-5_4-2016q3/bin/../lib/gcc/arm-none-eabi/5.4.1/armv7e-m/fpu/crtn.o
LOAD ../../arctic_awesomeness/arch/stm32/f3/src/stm32f3xx_hal.o
LOAD ../../arctic_awesomeness/arch/stm32/f3/src/stm32f3xx_hal_adc.o
LOAD ../../arctic_awesomeness/arch/stm32/f3/src/stm32f3xx_hal_adc_ex.o
LOAD ../../arctic_awesomeness/arch/stm32/f3/src/stm32f3xx_hal_can.o
LOAD ../../arctic_awesomeness/arch/stm32/f3/src/stm32f3xx_hal_cec.o
LOAD ../../arctic_awesomeness/arch/stm32/f3/src/stm32f3xx_hal_comp.o
LOAD ../../arctic_awesomeness/arch/stm32/f3/src/stm32f3xx_hal_cortex.o
LOAD ../../arctic_awesomeness/arch/stm32/f3/src/stm32f3xx_hal_crc.o
LOAD ../../arctic_awesomeness/arch/stm32/f3/src/stm32f3xx_hal_crc_ex.o
LOAD ../../arctic_awesomeness/arch/stm32/f3/src/stm32f3xx_hal_dac.o
LOAD ../../arctic_awesomeness/arch/stm32/f3/src/stm32f3xx_hal_dac_ex.o
LOAD ../../arctic_awesomeness/arch/stm32/f3/src/stm32f3xx_hal_dma.o
LOAD ../../arctic_awesomeness/arch/stm32/f3/src/stm32f3xx_hal_flash.o
LOAD ../../arctic_awesomeness/arch/stm32/f3/src/stm32f3xx_hal_flash_ex.o
LOAD ../../arctic_awesomeness/arch/stm32/f3/src/stm32f3xx_hal_gpio.o
LOAD ../../arctic_awesomeness/arch/stm32/f3/src/stm32f3xx_hal_hrtim.o
LOAD ../../arctic_awesomeness/arch/stm32/f3/src/stm32f3xx_hal_i2c.o
LOAD ../../arctic_awesomeness/arch/stm32/f3/src/stm32f3xx_hal_i2c_ex.o
LOAD ../../arctic_awesomeness/arch/stm32/f3/src/stm32f3xx_hal_i2s.o
LOAD ../../arctic_awesomeness/arch/stm32/f3/src/stm32f3xx_hal_i2s_ex.o
LOAD ../../arctic_awesomeness/arch/stm32/f3/src/stm32f3xx_hal_irda.o
LOAD ../../arctic_awesomeness/arch/stm32/f3/src/stm32f3xx_hal_iwdg.o
LOAD ../../arctic_awesomeness/arch/stm32/f3/src/stm32f3xx_hal_msp.o
LOAD ../../arctic_awesomeness/arch/stm32/f3/src/stm32f3xx_hal_nand.o
LOAD ../../arctic_awesomeness/arch/stm32/f3/src/stm32f3xx_hal_nor.o
LOAD ../../arctic_awesomeness/arch/stm32/f3/src/stm32f3xx_hal_opamp.o
LOAD ../../arctic_awesomeness/arch/stm32/f3/src/stm32f3xx_hal_opamp_ex.o
LOAD ../../arctic_awesomeness/arch/stm32/f3/src/stm32f3xx_hal_pccard.o
LOAD ../../arctic_awesomeness/arch/stm32/f3/src/stm32f3xx_hal_pcd.o
LOAD ../../arctic_awesomeness/arch/stm32/f3/src/stm32f3xx_hal_pcd_ex.o
LOAD ../../arctic_awesomeness/arch/stm32/f3/src/stm32f3xx_hal_pwr.o
LOAD ../../arctic_awesomeness/arch/stm32/f3/src/stm32f3xx_hal_pwr_ex.o
LOAD ../../arctic_awesomeness/arch/stm32/f3/src/stm32f3xx_hal_rcc.o
LOAD ../../arctic_awesomeness/arch/stm32/f3/src/stm32f3xx_hal_rcc_ex.o
LOAD ../../arctic_awesomeness/arch/stm32/f3/src/stm32f3xx_hal_rtc.o
LOAD ../../arctic_awesomeness/arch/stm32/f3/src/stm32f3xx_hal_rtc_ex.o
LOAD ../../arctic_awesomeness/arch/stm32/f3/src/stm32f3xx_hal_sdadc.o
LOAD ../../arctic_awesomeness/arch/stm32/f3/src/stm32f3xx_hal_smartcard.o
LOAD ../../arctic_awesomeness/arch/stm32/f3/src/stm32f3xx_hal_smartcard_ex.o
LOAD ../../arctic_awesomeness/arch/stm32/f3/src/stm32f3xx_hal_smbus.o
LOAD ../../arctic_awesomeness/arch/stm32/f3/src/stm32f3xx_hal_spi.o
LOAD ../../arctic_awesomeness/arch/stm32/f3/src/stm32f3xx_hal_spi_ex.o
LOAD ../../arctic_awesomeness/arch/stm32/f3/src/stm32f3xx_hal_sram.o
LOAD ../../arctic_awesomeness/arch/stm32/f3/src/stm32f3xx_hal_tim.o
LOAD ../../arctic_awesomeness/arch/stm32/f3/src/stm32f3xx_hal_tim_ex.o
LOAD ../../arctic_awesomeness/arch/stm32/f3/src/stm32f3xx_hal_timebase_tim.o
LOAD ../../arctic_awesomeness/arch/stm32/f3/src/stm32f3xx_hal_tsc.o
LOAD ../../arctic_awesomeness/arch/stm32/f3/src/stm32f3xx_hal_uart.o
LOAD ../../arctic_awesomeness/arch/stm32/f3/src/stm32f3xx_hal_uart_ex.o
LOAD ../../arctic_awesomeness/arch/stm32/f3/src/stm32f3xx_hal_usart.o
LOAD ../../arctic_awesomeness/arch/stm32/f3/src/stm32f3xx_hal_wwdg.o
LOAD ../../arctic_awesomeness/arch/stm32/f3/src/stm32f3xx_ll_adc.o
LOAD ../../arctic_awesomeness/arch/stm32/f3/src/stm32f3xx_ll_comp.o
LOAD ../../arctic_awesomeness/arch/stm32/f3/src/stm32f3xx_ll_crc.o
LOAD ../../arctic_awesomeness/arch/stm32/f3/src/stm32f3xx_ll_dac.o
LOAD ../../arctic_awesomeness/arch/stm32/f3/src/stm32f3xx_ll_dma.o
LOAD ../../arctic_awesomeness/arch/stm32/f3/src/stm32f3xx_ll_exti.o
LOAD ../../arctic_awesomeness/arch/stm32/f3/src/stm32f3xx_ll_fmc.o
LOAD ../../arctic_awesomeness/arch/stm32/f3/src/stm32f3xx_ll_gpio.o
LOAD ../../arctic_awesomeness/arch/stm32/f3/src/stm32f3xx_ll_hrtim.o
LOAD ../../arctic_awesomeness/arch/stm32/f3/src/stm32f3xx_ll_i2c.o
LOAD ../../arctic_awesomeness/arch/stm32/f3/src/stm32f3xx_ll_opamp.o
LOAD ../../arctic_awesomeness/arch/stm32/f3/src/stm32f3xx_ll_pwr.o
LOAD ../../arctic_awesomeness/arch/stm32/f3/src/stm32f3xx_ll_rcc.o
LOAD ../../arctic_awesomeness/arch/stm32/f3/src/stm32f3xx_ll_rtc.o
LOAD ../../arctic_awesomeness/arch/stm32/f3/src/stm32f3xx_ll_spi.o
LOAD ../../arctic_awesomeness/arch/stm32/f3/src/stm32f3xx_ll_tim.o
LOAD ../../arctic_awesomeness/arch/stm32/f3/src/stm32f3xx_ll_usart.o
LOAD ../../arctic_awesomeness/arch/stm32/f3/src/stm32f3xx_ll_utils.o
LOAD ../../arctic_awesomeness/arch/stm32/f3/src/CMSIS/system_stm32f3xx.o
LOAD ../../arctic_awesomeness/arch/stm32/f3/src/CMSIS/startup_stm32f303xc.o
LOAD demo6.o
LOAD user_source/foo.o
LOAD user_source/uart.o
LOAD user_source/hal_interface/cpu.o
LOAD user_source/hal_interface/cube_hal_msp.o
LOAD user_source/hal_interface/pwm_hal.o
LOAD user_source/hal_interface/sensor_hal.o
LOAD user_source/hal_interface/uart_hal.o
LOAD /Users/karlboukhalil/Documents/NYU/Semester 2/Real Time Embedded Systems/sandbox/gcc-arm-none-eabi-5_4-2016q3/bin/../lib/gcc/arm-none-eabi/5.4.1/../../../../arm-none-eabi/lib/armv7e-m/fpu/libm.a
LOAD /Users/karlboukhalil/Documents/NYU/Semester 2/Real Time Embedded Systems/sandbox/gcc-arm-none-eabi-5_4-2016q3/bin/../lib/gcc/arm-none-eabi/5.4.1/../../../../arm-none-eabi/lib/armv7e-m/fpu/libc.a
START GROUP
LOAD /Users/karlboukhalil/Documents/NYU/Semester 2/Real Time Embedded Systems/sandbox/gcc-arm-none-eabi-5_4-2016q3/bin/../lib/gcc/arm-none-eabi/5.4.1/armv7e-m/fpu/libgcc.a
LOAD /Users/karlboukhalil/Documents/NYU/Semester 2/Real Time Embedded Systems/sandbox/gcc-arm-none-eabi-5_4-2016q3/bin/../lib/gcc/arm-none-eabi/5.4.1/../../../../arm-none-eabi/lib/armv7e-m/fpu/libc.a
END GROUP
START GROUP
LOAD /Users/karlboukhalil/Documents/NYU/Semester 2/Real Time Embedded Systems/sandbox/gcc-arm-none-eabi-5_4-2016q3/bin/../lib/gcc/arm-none-eabi/5.4.1/armv7e-m/fpu/libgcc.a
LOAD /Users/karlboukhalil/Documents/NYU/Semester 2/Real Time Embedded Systems/sandbox/gcc-arm-none-eabi-5_4-2016q3/bin/../lib/gcc/arm-none-eabi/5.4.1/../../../../arm-none-eabi/lib/armv7e-m/fpu/libc.a
LOAD /Users/karlboukhalil/Documents/NYU/Semester 2/Real Time Embedded Systems/sandbox/gcc-arm-none-eabi-5_4-2016q3/bin/../lib/gcc/arm-none-eabi/5.4.1/../../../../arm-none-eabi/lib/armv7e-m/fpu/libnosys.a
END GROUP
LOAD /Users/karlboukhalil/Documents/NYU/Semester 2/Real Time Embedded Systems/sandbox/gcc-arm-none-eabi-5_4-2016q3/bin/../lib/gcc/arm-none-eabi/5.4.1/armv7e-m/fpu/crtend.o
LOAD /Users/karlboukhalil/Documents/NYU/Semester 2/Real Time Embedded Systems/sandbox/gcc-arm-none-eabi-5_4-2016q3/bin/../lib/gcc/arm-none-eabi/5.4.1/armv7e-m/fpu/crtn.o
OUTPUT(demo6.elf elf32-littlearm)

.debug_info     0x0000000000000000     0xb7e1
 .debug_info    0x0000000000000000      0x6ed ../../arctic_awesomeness/arch/stm32/f3/src/stm32f3xx_hal.o
 .debug_info    0x00000000000006ed      0xe6d ../../arctic_awesomeness/arch/stm32/f3/src/stm32f3xx_hal_cortex.o
 .debug_info    0x000000000000155a      0x7d5 ../../arctic_awesomeness/arch/stm32/f3/src/stm32f3xx_hal_dma.o
 .debug_info    0x0000000000001d2f      0x673 ../../arctic_awesomeness/arch/stm32/f3/src/stm32f3xx_hal_gpio.o
 .debug_info    0x00000000000023a2       0xbf ../../arctic_awesomeness/arch/stm32/f3/src/stm32f3xx_hal_msp.o
 .debug_info    0x0000000000002461     0x1341 ../../arctic_awesomeness/arch/stm32/f3/src/stm32f3xx_hal_rcc.o
 .debug_info    0x00000000000037a2     0x3163 ../../arctic_awesomeness/arch/stm32/f3/src/stm32f3xx_hal_tim.o
 .debug_info    0x0000000000006905     0x14d4 ../../arctic_awesomeness/arch/stm32/f3/src/stm32f3xx_hal_tim_ex.o
 .debug_info    0x0000000000007dd9      0xa75 ../../arctic_awesomeness/arch/stm32/f3/src/stm32f3xx_hal_timebase_tim.o
 .debug_info    0x000000000000884e      0x3f2 ../../arctic_awesomeness/arch/stm32/f3/src/CMSIS/system_stm32f3xx.o
 .debug_info    0x0000000000008c40       0xf3 ../../arctic_awesomeness/arch/stm32/f3/src/CMSIS/startup_stm32f303xc.o
 .debug_info    0x0000000000008d33      0x69e demo6.o
 .debug_info    0x00000000000093d1       0x96 user_source/foo.o
 .debug_info    0x0000000000009467      0x335 user_source/hal_interface/cpu.o
 .debug_info    0x000000000000979c      0x84b user_source/hal_interface/cube_hal_msp.o
 .debug_info    0x0000000000009fe7      0x83d user_source/hal_interface/pwm_hal.o
 .debug_info    0x000000000000a824      0xfbd user_source/hal_interface/sensor_hal.o

.debug_abbrev   0x0000000000000000     0x1e01
 .debug_abbrev  0x0000000000000000      0x1d0 ../../arctic_awesomeness/arch/stm32/f3/src/stm32f3xx_hal.o
 .debug_abbrev  0x00000000000001d0      0x304 ../../arctic_awesomeness/arch/stm32/f3/src/stm32f3xx_hal_cortex.o
 .debug_abbrev  0x00000000000004d4      0x219 ../../arctic_awesomeness/arch/stm32/f3/src/stm32f3xx_hal_dma.o
 .debug_abbrev  0x00000000000006ed      0x1d7 ../../arctic_awesomeness/arch/stm32/f3/src/stm32f3xx_hal_gpio.o
 .debug_abbrev  0x00000000000008c4       0x70 ../../arctic_awesomeness/arch/stm32/f3/src/stm32f3xx_hal_msp.o
 .debug_abbrev  0x0000000000000934      0x2cc ../../arctic_awesomeness/arch/stm32/f3/src/stm32f3xx_hal_rcc.o
 .debug_abbrev  0x0000000000000c00      0x333 ../../arctic_awesomeness/arch/stm32/f3/src/stm32f3xx_hal_tim.o
 .debug_abbrev  0x0000000000000f33      0x2b6 ../../arctic_awesomeness/arch/stm32/f3/src/stm32f3xx_hal_tim_ex.o
 .debug_abbrev  0x00000000000011e9      0x205 ../../arctic_awesomeness/arch/stm32/f3/src/stm32f3xx_hal_timebase_tim.o
 .debug_abbrev  0x00000000000013ee      0x101 ../../arctic_awesomeness/arch/stm32/f3/src/CMSIS/system_stm32f3xx.o
 .debug_abbrev  0x00000000000014ef       0x12 ../../arctic_awesomeness/arch/stm32/f3/src/CMSIS/startup_stm32f303xc.o
 .debug_abbrev  0x0000000000001501      0x15d demo6.o
 .debug_abbrev  0x000000000000165e       0x94 user_source/foo.o
 .debug_abbrev  0x00000000000016f2      0x16a user_source/hal_interface/cpu.o
 .debug_abbrev  0x000000000000185c      0x1a6 user_source/hal_interface/cube_hal_msp.o
 .debug_abbrev  0x0000000000001a02      0x1ab user_source/hal_interface/pwm_hal.o
 .debug_abbrev  0x0000000000001bad      0x254 user_source/hal_interface/sensor_hal.o

.debug_loc      0x0000000000000000     0x78e3
 .debug_loc     0x0000000000000000       0x4b ../../arctic_awesomeness/arch/stm32/f3/src/stm32f3xx_hal.o
 .debug_loc     0x000000000000004b      0x658 ../../arctic_awesomeness/arch/stm32/f3/src/stm32f3xx_hal_cortex.o
 .debug_loc     0x00000000000006a3      0x6f1 ../../arctic_awesomeness/arch/stm32/f3/src/stm32f3xx_hal_dma.o
 .debug_loc     0x0000000000000d94      0x3cc ../../arctic_awesomeness/arch/stm32/f3/src/stm32f3xx_hal_gpio.o
 .debug_loc     0x0000000000001160      0x905 ../../arctic_awesomeness/arch/stm32/f3/src/stm32f3xx_hal_rcc.o
 .debug_loc     0x0000000000001a65     0x4284 ../../arctic_awesomeness/arch/stm32/f3/src/stm32f3xx_hal_tim.o
 .debug_loc     0x0000000000005ce9     0x1642 ../../arctic_awesomeness/arch/stm32/f3/src/stm32f3xx_hal_tim_ex.o
 .debug_loc     0x000000000000732b       0xd1 ../../arctic_awesomeness/arch/stm32/f3/src/stm32f3xx_hal_timebase_tim.o
 .debug_loc     0x00000000000073fc      0x11a ../../arctic_awesomeness/arch/stm32/f3/src/CMSIS/system_stm32f3xx.o
 .debug_loc     0x0000000000007516       0x4e user_source/foo.o
 .debug_loc     0x0000000000007564       0xcf user_source/hal_interface/cpu.o
 .debug_loc     0x0000000000007633       0x21 user_source/hal_interface/cube_hal_msp.o
 .debug_loc     0x0000000000007654       0xfb user_source/hal_interface/pwm_hal.o
 .debug_loc     0x000000000000774f      0x194 user_source/hal_interface/sensor_hal.o

.debug_aranges  0x0000000000000000      0x228
 .debug_aranges
                0x0000000000000000       0x20 ../../arctic_awesomeness/arch/stm32/f3/src/stm32f3xx_hal.o
 .debug_aranges
                0x0000000000000020       0x20 ../../arctic_awesomeness/arch/stm32/f3/src/stm32f3xx_hal_cortex.o
 .debug_aranges
                0x0000000000000040       0x20 ../../arctic_awesomeness/arch/stm32/f3/src/stm32f3xx_hal_dma.o
 .debug_aranges
                0x0000000000000060       0x20 ../../arctic_awesomeness/arch/stm32/f3/src/stm32f3xx_hal_gpio.o
 .debug_aranges
                0x0000000000000080       0x20 ../../arctic_awesomeness/arch/stm32/f3/src/stm32f3xx_hal_msp.o
 .debug_aranges
                0x00000000000000a0       0x20 ../../arctic_awesomeness/arch/stm32/f3/src/stm32f3xx_hal_rcc.o
 .debug_aranges
                0x00000000000000c0       0x20 ../../arctic_awesomeness/arch/stm32/f3/src/stm32f3xx_hal_tim.o
 .debug_aranges
                0x00000000000000e0       0x20 ../../arctic_awesomeness/arch/stm32/f3/src/stm32f3xx_hal_tim_ex.o
 .debug_aranges
                0x0000000000000100       0x20 ../../arctic_awesomeness/arch/stm32/f3/src/stm32f3xx_hal_timebase_tim.o
 .debug_aranges
                0x0000000000000120       0x20 ../../arctic_awesomeness/arch/stm32/f3/src/CMSIS/system_stm32f3xx.o
 .debug_aranges
                0x0000000000000140       0x28 ../../arctic_awesomeness/arch/stm32/f3/src/CMSIS/startup_stm32f303xc.o
 .debug_aranges
                0x0000000000000168       0x20 demo6.o
 .debug_aranges
                0x0000000000000188       0x20 user_source/foo.o
 .debug_aranges
                0x00000000000001a8       0x20 user_source/hal_interface/cpu.o
 .debug_aranges
                0x00000000000001c8       0x20 user_source/hal_interface/cube_hal_msp.o
 .debug_aranges
                0x00000000000001e8       0x20 user_source/hal_interface/pwm_hal.o
 .debug_aranges
                0x0000000000000208       0x20 user_source/hal_interface/sensor_hal.o

.debug_line     0x0000000000000000     0x4891
 .debug_line    0x0000000000000000      0x2b8 ../../arctic_awesomeness/arch/stm32/f3/src/stm32f3xx_hal.o
 .debug_line    0x00000000000002b8      0x3ca ../../arctic_awesomeness/arch/stm32/f3/src/stm32f3xx_hal_cortex.o
 .debug_line    0x0000000000000682      0x547 ../../arctic_awesomeness/arch/stm32/f3/src/stm32f3xx_hal_dma.o
 .debug_line    0x0000000000000bc9      0x3b9 ../../arctic_awesomeness/arch/stm32/f3/src/stm32f3xx_hal_gpio.o
 .debug_line    0x0000000000000f82      0x1e3 ../../arctic_awesomeness/arch/stm32/f3/src/stm32f3xx_hal_msp.o
 .debug_line    0x0000000000001165      0x7ed ../../arctic_awesomeness/arch/stm32/f3/src/stm32f3xx_hal_rcc.o
 .debug_line    0x0000000000001952     0x1278 ../../arctic_awesomeness/arch/stm32/f3/src/stm32f3xx_hal_tim.o
 .debug_line    0x0000000000002bca      0x874 ../../arctic_awesomeness/arch/stm32/f3/src/stm32f3xx_hal_tim_ex.o
 .debug_line    0x000000000000343e      0x2ec ../../arctic_awesomeness/arch/stm32/f3/src/stm32f3xx_hal_timebase_tim.o
 .debug_line    0x000000000000372a      0x22e ../../arctic_awesomeness/arch/stm32/f3/src/CMSIS/system_stm32f3xx.o
 .debug_line    0x0000000000003958       0xa5 ../../arctic_awesomeness/arch/stm32/f3/src/CMSIS/startup_stm32f303xc.o
 .debug_line    0x00000000000039fd      0x2d2 demo6.o
 .debug_line    0x0000000000003ccf       0x44 user_source/foo.o
 .debug_line    0x0000000000003d13      0x27f user_source/hal_interface/cpu.o
 .debug_line    0x0000000000003f92      0x28e user_source/hal_interface/cube_hal_msp.o
 .debug_line    0x0000000000004220      0x24b user_source/hal_interface/pwm_hal.o
 .debug_line    0x000000000000446b      0x426 user_source/hal_interface/sensor_hal.o

.debug_str      0x0000000000000000     0x2cf6
 .debug_str     0x0000000000000000      0x8db ../../arctic_awesomeness/arch/stm32/f3/src/stm32f3xx_hal.o
                                        0x930 (size before relaxing)
 .debug_str     0x00000000000008db      0x406 ../../arctic_awesomeness/arch/stm32/f3/src/stm32f3xx_hal_cortex.o
                                        0xbbd (size before relaxing)
 .debug_str     0x0000000000000ce1      0x417 ../../arctic_awesomeness/arch/stm32/f3/src/stm32f3xx_hal_dma.o
                                        0x69d (size before relaxing)
 .debug_str     0x00000000000010f8      0x1f5 ../../arctic_awesomeness/arch/stm32/f3/src/stm32f3xx_hal_gpio.o
                                        0x4b6 (size before relaxing)
 .debug_str     0x00000000000012ed       0x51 ../../arctic_awesomeness/arch/stm32/f3/src/stm32f3xx_hal_msp.o
                                        0x23d (size before relaxing)
 .debug_str     0x000000000000133e      0x33f ../../arctic_awesomeness/arch/stm32/f3/src/stm32f3xx_hal_rcc.o
                                        0x6d3 (size before relaxing)
 .debug_str     0x000000000000167d      0xca2 ../../arctic_awesomeness/arch/stm32/f3/src/stm32f3xx_hal_tim.o
                                       0x1145 (size before relaxing)
 .debug_str     0x000000000000231f      0x4d7 ../../arctic_awesomeness/arch/stm32/f3/src/stm32f3xx_hal_tim_ex.o
                                        0xd63 (size before relaxing)
 .debug_str     0x00000000000027f6       0xba ../../arctic_awesomeness/arch/stm32/f3/src/stm32f3xx_hal_timebase_tim.o
                                        0xc79 (size before relaxing)
 .debug_str     0x00000000000028b0       0x84 ../../arctic_awesomeness/arch/stm32/f3/src/CMSIS/system_stm32f3xx.o
                                        0x362 (size before relaxing)
 .debug_str     0x0000000000002934      0x162 demo6.o
                                        0x3f1 (size before relaxing)
 .debug_str     0x0000000000002a96       0x2d user_source/foo.o
                                        0x165 (size before relaxing)
 .debug_str     0x0000000000002ac3       0x4e user_source/hal_interface/cpu.o
                                        0x3cc (size before relaxing)
 .debug_str     0x0000000000002b11       0x6b user_source/hal_interface/cube_hal_msp.o
                                        0x713 (size before relaxing)
 .debug_str     0x0000000000002b7c       0xa9 user_source/hal_interface/pwm_hal.o
                                        0x710 (size before relaxing)
 .debug_str     0x0000000000002c25       0xd1 user_source/hal_interface/sensor_hal.o
                                        0xdc6 (size before relaxing)

.comment        0x0000000000000000       0x6e
 .comment       0x0000000000000000       0x6e ../../arctic_awesomeness/arch/stm32/f3/src/stm32f3xx_hal.o
                                         0x6f (size before relaxing)
 .comment       0x000000000000006e       0x6f ../../arctic_awesomeness/arch/stm32/f3/src/stm32f3xx_hal_cortex.o
 .comment       0x000000000000006e       0x6f ../../arctic_awesomeness/arch/stm32/f3/src/stm32f3xx_hal_dma.o
 .comment       0x000000000000006e       0x6f ../../arctic_awesomeness/arch/stm32/f3/src/stm32f3xx_hal_gpio.o
 .comment       0x000000000000006e       0x6f ../../arctic_awesomeness/arch/stm32/f3/src/stm32f3xx_hal_msp.o
 .comment       0x000000000000006e       0x6f ../../arctic_awesomeness/arch/stm32/f3/src/stm32f3xx_hal_rcc.o
 .comment       0x000000000000006e       0x6f ../../arctic_awesomeness/arch/stm32/f3/src/stm32f3xx_hal_tim.o
 .comment       0x000000000000006e       0x6f ../../arctic_awesomeness/arch/stm32/f3/src/stm32f3xx_hal_tim_ex.o
 .comment       0x000000000000006e       0x6f ../../arctic_awesomeness/arch/stm32/f3/src/stm32f3xx_hal_timebase_tim.o
 .comment       0x000000000000006e       0x6f ../../arctic_awesomeness/arch/stm32/f3/src/CMSIS/system_stm32f3xx.o
 .comment       0x000000000000006e       0x6f demo6.o
 .comment       0x000000000000006e       0x6f user_source/foo.o
 .comment       0x000000000000006e       0x6f user_source/hal_interface/cpu.o
 .comment       0x000000000000006e       0x6f user_source/hal_interface/cube_hal_msp.o
 .comment       0x000000000000006e       0x6f user_source/hal_interface/pwm_hal.o
 .comment       0x000000000000006e       0x6f user_source/hal_interface/sensor_hal.o

.debug_frame    0x0000000000000000     0x1800
 .debug_frame   0x0000000000000000      0x168 ../../arctic_awesomeness/arch/stm32/f3/src/stm32f3xx_hal.o
 .debug_frame   0x0000000000000168      0x188 ../../arctic_awesomeness/arch/stm32/f3/src/stm32f3xx_hal_cortex.o
 .debug_frame   0x00000000000002f0      0x18c ../../arctic_awesomeness/arch/stm32/f3/src/stm32f3xx_hal_dma.o
 .debug_frame   0x000000000000047c       0xf8 ../../arctic_awesomeness/arch/stm32/f3/src/stm32f3xx_hal_gpio.o
 .debug_frame   0x0000000000000574       0x50 ../../arctic_awesomeness/arch/stm32/f3/src/stm32f3xx_hal_msp.o
 .debug_frame   0x00000000000005c4      0x168 ../../arctic_awesomeness/arch/stm32/f3/src/stm32f3xx_hal_rcc.o
 .debug_frame   0x000000000000072c      0x964 ../../arctic_awesomeness/arch/stm32/f3/src/stm32f3xx_hal_tim.o
 .debug_frame   0x0000000000001090      0x410 ../../arctic_awesomeness/arch/stm32/f3/src/stm32f3xx_hal_tim_ex.o
 .debug_frame   0x00000000000014a0       0x74 ../../arctic_awesomeness/arch/stm32/f3/src/stm32f3xx_hal_timebase_tim.o
 .debug_frame   0x0000000000001514       0x3c ../../arctic_awesomeness/arch/stm32/f3/src/CMSIS/system_stm32f3xx.o
 .debug_frame   0x0000000000001550       0x38 demo6.o
 .debug_frame   0x0000000000001588       0x30 user_source/foo.o
 .debug_frame   0x00000000000015b8       0x50 user_source/hal_interface/cpu.o
 .debug_frame   0x0000000000001608       0x5c user_source/hal_interface/cube_hal_msp.o
 .debug_frame   0x0000000000001664       0x6c user_source/hal_interface/pwm_hal.o
 .debug_frame   0x00000000000016d0      0x130 user_source/hal_interface/sensor_hal.o

.debug_ranges   0x0000000000000000      0x758
 .debug_ranges  0x0000000000000000       0xe0 ../../arctic_awesomeness/arch/stm32/f3/src/stm32f3xx_hal_cortex.o
 .debug_ranges  0x00000000000000e0       0xb0 ../../arctic_awesomeness/arch/stm32/f3/src/stm32f3xx_hal_dma.o
 .debug_ranges  0x0000000000000190       0x18 ../../arctic_awesomeness/arch/stm32/f3/src/stm32f3xx_hal_gpio.o
 .debug_ranges  0x00000000000001a8      0x1f0 ../../arctic_awesomeness/arch/stm32/f3/src/stm32f3xx_hal_rcc.o
 .debug_ranges  0x0000000000000398      0x230 ../../arctic_awesomeness/arch/stm32/f3/src/stm32f3xx_hal_tim.o
 .debug_ranges  0x00000000000005c8       0x18 ../../arctic_awesomeness/arch/stm32/f3/src/stm32f3xx_hal_timebase_tim.o
 .debug_ranges  0x00000000000005e0       0x20 ../../arctic_awesomeness/arch/stm32/f3/src/CMSIS/startup_stm32f303xc.o
 .debug_ranges  0x0000000000000600       0x10 demo6.o
 .debug_ranges  0x0000000000000610       0x50 user_source/hal_interface/cube_hal_msp.o
 .debug_ranges  0x0000000000000660       0xf8 user_source/hal_interface/sensor_hal.o
